
> tucsenberg-web-frontier@0.1.0 test /Users/Data/Warehouse/Focus/tucsenberg-web-frontier
> vitest run

 Vitest  "deps.inline" is deprecated. If you rely on vite-node directly, use "server.deps.inline" instead. Otherwise, consider using "deps.optimizer.web.include"
 DEPRECATED  "cache.dir" is deprecated, use Vite's "cacheDir" instead if you want to change the cache director. Note caches will be written to "cacheDir/vitest"

 RUN  v3.2.4 /Users/Data/Warehouse/Focus/tucsenberg-web-frontier
      UI started at http://localhost:51204/__vitest__/

 ✓ src/components/i18n/__tests__/enhanced-locale-switcher.test.tsx > EnhancedLocaleSwitcher > Basic Rendering > renders enhanced locale switcher with default props 24ms 60 MB heap used
 ✓ src/components/i18n/__tests__/enhanced-locale-switcher.test.tsx > EnhancedLocaleSwitcher > Basic Rendering > renders with custom className 36ms 64 MB heap used
 ✓ src/components/i18n/__tests__/enhanced-locale-switcher.test.tsx > EnhancedLocaleSwitcher > Basic Rendering > shows current language in non-compact mode 4ms 66 MB heap used
 ✓ src/components/i18n/__tests__/enhanced-locale-switcher.test.tsx > EnhancedLocaleSwitcher > Compact Mode > renders in compact mode correctly 7ms 68 MB heap used
 ✓ src/components/i18n/__tests__/enhanced-locale-switcher.test.tsx > EnhancedLocaleSwitcher > Compact Mode > shows flag and code in compact mode 6ms 46 MB heap used
 ✓ src/components/i18n/__tests__/enhanced-locale-switcher.test.tsx > EnhancedLocaleSwitcher > Language Options > renders all available language options 4ms 48 MB heap used
 ✓ src/components/i18n/__tests__/enhanced-locale-switcher.test.tsx > EnhancedLocaleSwitcher > Language Options > shows language codes for all options 3ms 49 MB heap used
 ✓ src/components/i18n/__tests__/enhanced-locale-switcher.test.tsx > EnhancedLocaleSwitcher > Language Options > shows region information in non-compact mode 3ms 50 MB heap used
 ✓ src/components/i18n/__tests__/enhanced-locale-switcher.test.tsx > EnhancedLocaleSwitcher > Language Options > hides region information in compact mode 3ms 53 MB heap used
 ✓ src/components/i18n/__tests__/enhanced-locale-switcher.test.tsx > EnhancedLocaleSwitcher > Active Language Indication > shows check icon for current language 4ms 53 MB heap used
 ✓ src/components/i18n/__tests__/enhanced-locale-switcher.test.tsx > EnhancedLocaleSwitcher > Active Language Indication > shows check icon for correct language when locale changes 2ms 54 MB heap used
 ✓ src/components/i18n/__tests__/enhanced-locale-switcher.test.tsx > EnhancedLocaleSwitcher > Detection Info > does not show detection info by default 2ms 55 MB heap used
 ✓ src/components/layout/__tests__/mobile-navigation-responsive-basic.test.tsx > Mobile Navigation Responsive - Basic Tests > 基本响应式行为 > is hidden on desktop screens 95ms 49 MB heap used
 × src/components/i18n/__tests__/enhanced-locale-switcher.test.tsx > EnhancedLocaleSwitcher > Detection Info > shows detection info when enabled 7ms 57 MB heap used
   → Unable to find an element with the text: Detection Info. This could be because the text is broken up by multiple elements. In this case, you can provide a function for your text matcher to make your matcher more flexible.

Ignored nodes: comments, script, style
[36m<body>[39m
  [36m<div[39m
    [33mid[39m=[32m"test-container"[39m
  [36m/>[39m
  [36m<div>[39m
    [36m<div[39m
      [33mdata-testid[39m=[32m"dropdown-menu"[39m
    [36m>[39m
      [36m<div[39m
        [33mdata-testid[39m=[32m"dropdown-trigger"[39m
      [36m>[39m
        [36m<button[39m
          [33mclass[39m=[32m"button ghost sm relative "[39m
        [36m>[39m
          [36m<div[39m
            [33mclass[39m=[32m"flex items-center space-x-2"[39m
          [36m>[39m
            [36m<div[39m
              [33mclass[39m=[32m"h-4 w-4"[39m
              [33mdata-testid[39m=[32m"languages-icon"[39m
            [36m/>[39m
            [36m<span[39m
              [33mclass[39m=[32m"hidden sm:inline"[39m
            [36m>[39m
              [0mEnglish[0m
            [36m</span>[39m
            [36m<span[39m
              [33mclass[39m=[32m"font-mono text-xs sm:hidden"[39m
            [36m>[39m
              [0mEN[0m
            [36m</span>[39m
          [36m</div>[39m
          [36m<span[39m
            [33mclass[39m=[32m"sr-only"[39m
          [36m>[39m
            [0mToggle language[0m
          [36m</span>[39m
        [36m</button>[39m
      [36m</div>[39m
      [36m<div[39m
        [33mclass[39m=[32m"w-56"[39m
        [33mdata-testid[39m=[32m"dropdown-content"[39m
      [36m>[39m
        [36m<div[39m
          [33mclass[39m=[32m"flex items-center space-x-2"[39m
          [33mdata-testid[39m=[32m"dropdown-label"[39m
        [36m>[39m
          [36m<div[39m
            [33mclass[39m=[32m"h-4 w-4"[39m
            [33mdata-testid[39m=[32m"languages-icon"[39m
          [36m/>[39m
          [36m<span>[39m
            [0mSelect Language[0m
          [36m</span>[39m
        [36m</div>[39m
        [36m<hr[39m
          [33mdata-testid[39m=[32m"dropdown-separator"[39m
        [36m/>[39m
        [36m<div[39m
          [33mdata-testid[39m=[32m"dropdown-item"[39m
        [36m>[39m
          [36m<a[39m
            [33mclass[39m=[32m"flex w-full items-center justify-between"[39m
            [33mhref[39m=[32m"/"[39m
            [33mlocale[39m=[32m"en"[39m
          [36m>[39m
            [36m<div[39m
              [33mclass[39m=[32m"flex items-center space-x-3"[39m
            [36m>[39m
              [36m<span[39m
                [33mclass[39m=[32m"text-lg"[39m
              [36m>[39m
                [0m🇺🇸[0m
              [36m</span>[39m
              [36m<div[39m
                [33mclass[39m=[32m"flex flex-col"[39m
              [36m>[39m
                [36m<div[39m
                  [33mclass[39m=[32m"flex items-center space-x-2"[39m
                [36m>[39m
                  [36m<span[39m
                    [33mclass[39m=[32m"bg-muted rounded px-1.5 py-0.5 font-mono text-xs"[39m
                  [36m>[39m
                    [0mEN[0m
                  [36m</span>[39m
                  [36m<span[39m
                    [33mclass[39m=[32m"font-medium"[39m
                  [36m>[39m
                    [0mEnglish[0m
                  [36m</span>[39m
                [36m</div>[39m
                [36m<span[39m
                  [33mclass[39m=[32m"text-muted-foreground text-xs"[39m
                [36m>[39m
                  [0mEnglish[0m
                  [0m • [0m
                  [0mGlobal[0m
                [36m</span>[39m
              [36m</div>[39m
            [36m</div>[39m
            [36m<div[39m
              [33mclass[39m=[32m"flex items-center space-x-2"[39m
            [36m>[39m
              [36m<div[39m
                [33mclass[39m=[32m"h-4 w-4 text-green-500"[39m
                [33mdata-testid[39m=[32m"check-icon"[39m
              [36m/>[39m
            [36m</div>[39m
          [36m</a>[39m
        [36m</div>[39m
        [36m<div[39m
          [33mdata-testid[39m=[32m"dropdown-item"[39m
        [36m>[39m
          [36m<a[39m
            [33mclass[39m=[32m"flex w-full items-center justify-between"[39m
            [33mhref[39m=[32m"/"[39m
            [33mlocale[39m=[32m"zh"[39m
          [36m>[39m
            [36m<div[39m
              [33mclass[39m=[32m"flex items-center space-x-3"[39m
            [36m>[39m
              [36m<span[39m
                [33mclass[39m=[32m"text-lg"[39m
              [36m>[39m
                [0m🇨🇳[0m
              [36m</span>[39m
              [36m<div[39m
                [33mclass[39m=[32m"flex flex-col"[39m
              [36m>[39m
                [36m<div[39m
                  [33mclass[39m=[32m"flex items-center space-x-2"[39m
                [36m>[39m
                  [36m<span[39m
                    [33mclass[39m=[32m"bg-muted rounded px-1.5 py-0.5 font-mono text-xs"[39m
                  [36m>[39m
                    [0mZH[0m
                  [36m</span>[39m
                  [36m<span[39m
                    [33mclass[39m=[32m"font-medium"[39m
                  [36m>[39m
                    [0m中文[0m
                  [36m</span>[39m
                [36m</div>[39m
                [36m<span[39m
                  [33mclass[39m=[32m"text-muted-foreground text-xs"[39m
                [36m>[39m
                  [0mChinese[0m
                  [0m • [0m
                  [0mChina[0m
                [36m</span>[39m
              [36m</div>[39m
            [36m</div>[39m
            [36m<div[39m
              [33mclass[39m=[32m"flex items-center space-x-2"[39m
            [36m/>[39m
          [36m</a>[39m
        [36m</div>[39m
        [36m<hr[39m
          [33mdata-testid[39m=[32m"dropdown-separator"[39m
        [36m/>[39m
        [36m<div[39m
          [33mclass[39m=[32m"text-muted-foreground text-xs"[39m
          [33mdata-testid[39m=[32m"dropdown-label"[39m
        [36m>[39m
          [0mtitle[0m
        [36m</div>[39m
        [36m<div[39m
          [33mclass[39m=[32m"px-2 py-1 text-xs"[39m
        [36m>[39m
          [36m<div[39m
            [33mclass[39m=[32m"mb-1 flex items-center justify-between"[39m
          [36m>[39m
            [36m<div[39m
              [33mclass[39m=[32m"flex items-center space-x-1"[39m
            [36m>[39m
              [36m<div[39m
                [33mclass[39m=[32m"h-3 w-3"[39m
                [33mdata-testid[39m=[32m"globe-icon"[39m
              [36m/>[39m
              [36m<span>[39m
                [0msource[0m
                [0m: [0m
                [0msources.browser[0m
              [36m</span>[39m
            [36m</div>[39m
            [36m<span[39m
              [33mclass[39m=[32m"badge outline text-xs border-green-500 text-green-700"[39m
            [36m>[39m
              [0m90[0m
              [0m%[0m
            [36m</span>[39m
          [36m</div>[39m
        [36m</div>[39m
      [36m</div>[39m
    [36m</div>[39m
  [36m</div>[39m
[36m</body>[39m
 ✓ src/components/i18n/__tests__/enhanced-locale-switcher.test.tsx > EnhancedLocaleSwitcher > Detection Info > shows correct confidence color for high confidence 4ms 58 MB heap used
 ✓ src/components/i18n/__tests__/enhanced-locale-switcher.test.tsx > EnhancedLocaleSwitcher > Detection Info > shows correct confidence color for medium confidence 5ms 60 MB heap used
 ✓ src/components/i18n/__tests__/enhanced-locale-switcher.test.tsx > EnhancedLocaleSwitcher > Detection Info > shows correct confidence color for low confidence 41ms 61 MB heap used
 × src/components/i18n/__tests__/enhanced-locale-switcher.test.tsx > EnhancedLocaleSwitcher > Detection Info > shows user preference indicator when override exists 6ms 62 MB heap used
   → Unable to find an element with the text: ✓ User preference saved. This could be because the text is broken up by multiple elements. In this case, you can provide a function for your text matcher to make your matcher more flexible.

Ignored nodes: comments, script, style
[36m<body>[39m
  [36m<div[39m
    [33mid[39m=[32m"test-container"[39m
  [36m/>[39m
  [36m<div>[39m
    [36m<div[39m
      [33mdata-testid[39m=[32m"dropdown-menu"[39m
    [36m>[39m
      [36m<div[39m
        [33mdata-testid[39m=[32m"dropdown-trigger"[39m
      [36m>[39m
        [36m<button[39m
          [33mclass[39m=[32m"button ghost sm relative "[39m
        [36m>[39m
          [36m<div[39m
            [33mclass[39m=[32m"flex items-center space-x-2"[39m
          [36m>[39m
            [36m<div[39m
              [33mclass[39m=[32m"h-4 w-4"[39m
              [33mdata-testid[39m=[32m"languages-icon"[39m
            [36m/>[39m
            [36m<span[39m
              [33mclass[39m=[32m"hidden sm:inline"[39m
            [36m>[39m
              [0mEnglish[0m
            [36m</span>[39m
            [36m<span[39m
              [33mclass[39m=[32m"font-mono text-xs sm:hidden"[39m
            [36m>[39m
              [0mEN[0m
            [36m</span>[39m
          [36m</div>[39m
          [36m<span[39m
            [33mclass[39m=[32m"sr-only"[39m
          [36m>[39m
            [0mToggle language[0m
          [36m</span>[39m
        [36m</button>[39m
      [36m</div>[39m
      [36m<div[39m
        [33mclass[39m=[32m"w-56"[39m
        [33mdata-testid[39m=[32m"dropdown-content"[39m
      [36m>[39m
        [36m<div[39m
          [33mclass[39m=[32m"flex items-center space-x-2"[39m
          [33mdata-testid[39m=[32m"dropdown-label"[39m
        [36m>[39m
          [36m<div[39m
            [33mclass[39m=[32m"h-4 w-4"[39m
            [33mdata-testid[39m=[32m"languages-icon"[39m
          [36m/>[39m
          [36m<span>[39m
            [0mSelect Language[0m
          [36m</span>[39m
        [36m</div>[39m
        [36m<hr[39m
          [33mdata-testid[39m=[32m"dropdown-separator"[39m
        [36m/>[39m
        [36m<div[39m
          [33mdata-testid[39m=[32m"dropdown-item"[39m
        [36m>[39m
          [36m<a[39m
            [33mclass[39m=[32m"flex w-full items-center justify-between"[39m
            [33mhref[39m=[32m"/"[39m
            [33mlocale[39m=[32m"en"[39m
          [36m>[39m
            [36m<div[39m
              [33mclass[39m=[32m"flex items-center space-x-3"[39m
            [36m>[39m
              [36m<span[39m
                [33mclass[39m=[32m"text-lg"[39m
              [36m>[39m
                [0m🇺🇸[0m
              [36m</span>[39m
              [36m<div[39m
                [33mclass[39m=[32m"flex flex-col"[39m
              [36m>[39m
                [36m<div[39m
                  [33mclass[39m=[32m"flex items-center space-x-2"[39m
                [36m>[39m
                  [36m<span[39m
                    [33mclass[39m=[32m"bg-muted rounded px-1.5 py-0.5 font-mono text-xs"[39m
                  [36m>[39m
                    [0mEN[0m
                  [36m</span>[39m
                  [36m<span[39m
                    [33mclass[39m=[32m"font-medium"[39m
                  [36m>[39m
                    [0mEnglish[0m
                  [36m</span>[39m
                [36m</div>[39m
                [36m<span[39m
                  [33mclass[39m=[32m"text-muted-foreground text-xs"[39m
                [36m>[39m
                  [0mEnglish[0m
                  [0m • [0m
                  [0mGlobal[0m
                [36m</span>[39m
              [36m</div>[39m
            [36m</div>[39m
            [36m<div[39m
              [33mclass[39m=[32m"flex items-center space-x-2"[39m
            [36m>[39m
              [36m<div[39m
                [33mclass[39m=[32m"h-4 w-4 text-green-500"[39m
                [33mdata-testid[39m=[32m"check-icon"[39m
              [36m/>[39m
            [36m</div>[39m
          [36m</a>[39m
        [36m</div>[39m
        [36m<div[39m
          [33mdata-testid[39m=[32m"dropdown-item"[39m
        [36m>[39m
          [36m<a[39m
            [33mclass[39m=[32m"flex w-full items-center justify-between"[39m
            [33mhref[39m=[32m"/"[39m
            [33mlocale[39m=[32m"zh"[39m
          [36m>[39m
            [36m<div[39m
              [33mclass[39m=[32m"flex items-center space-x-3"[39m
            [36m>[39m
              [36m<span[39m
                [33mclass[39m=[32m"text-lg"[39m
              [36m>[39m
                [0m🇨🇳[0m
              [36m</span>[39m
              [36m<div[39m
                [33mclass[39m=[32m"flex flex-col"[39m
              [36m>[39m
                [36m<div[39m
                  [33mclass[39m=[32m"flex items-center space-x-2"[39m
                [36m>[39m
                  [36m<span[39m
                    [33mclass[39m=[32m"bg-muted rounded px-1.5 py-0.5 font-mono text-xs"[39m
                  [36m>[39m
                    [0mZH[0m
                  [36m</span>[39m
                  [36m<span[39m
                    [33mclass[39m=[32m"font-medium"[39m
                  [36m>[39m
                    [0m中文[0m
                  [36m</span>[39m
                [36m</div>[39m
                [36m<span[39m
                  [33mclass[39m=[32m"text-muted-foreground text-xs"[39m
                [36m>[39m
                  [0mChinese[0m
                  [0m • [0m
                  [0mChina[0m
                [36m</span>[39m
              [36m</div>[39m
            [36m</div>[39m
            [36m<div[39m
              [33mclass[39m=[32m"flex items-center space-x-2"[39m
            [36m/>[39m
          [36m</a>[39m
        [36m</div>[39m
        [36m<hr[39m
          [33mdata-testid[39m=[32m"dropdown-separator"[39m
        [36m/>[39m
        [36m<div[39m
          [33mclass[39m=[32m"text-muted-foreground text-xs"[39m
          [33mdata-testid[39m=[32m"dropdown-label"[39m
        [36m>[39m
          [0mtitle[0m
        [36m</div>[39m
        [36m<div[39m
          [33mclass[39m=[32m"px-2 py-1 text-xs"[39m
        [36m>[39m
          [36m<div[39m
            [33mclass[39m=[32m"mb-1 flex items-center justify-between"[39m
          [36m>[39m
            [36m<div[39m
              [33mclass[39m=[32m"flex items-center space-x-1"[39m
            [36m>[39m
              [36m<div[39m
                [33mclass[39m=[32m"h-3 w-3"[39m
                [33mdata-testid[39m=[32m"monitor-icon"[39m
              [36m/>[39m
              [36m<span>[39m
                [0msource[0m
                [0m: [0m
                [0msources.user[0m
              [36m</span>[39m
            [36m</div>[39m
            [36m<span[39m
              [33mclass[39m=[32m"badge outline text-xs border-green-500 text-green-700"[39m
            [36m>[39m
              [0m90[0m
              [0m%[0m
            [36m</span>[39m
          [36m</div>[39m
          [36m<div[39m
            [33mclass[39m=[32m"text-xs text-blue-600"[39m
          [36m>[39m
            [0muserSaved[0m
          [36m</div>[39m
        [36m</div>[39m
      [36m</div>[39m
    [36m</div>[39m
  [36m</div>[39m
[36m</body>[39m
 × src/components/i18n/__tests__/enhanced-locale-switcher.test.tsx > EnhancedLocaleSwitcher > Detection Info > uses fallback icon for unknown detection source 10ms 64 MB heap used
   → Unable to find an element with the text: Detection Info. This could be because the text is broken up by multiple elements. In this case, you can provide a function for your text matcher to make your matcher more flexible.

Ignored nodes: comments, script, style
[36m<body>[39m
  [36m<div[39m
    [33mid[39m=[32m"test-container"[39m
  [36m/>[39m
  [36m<div>[39m
    [36m<div[39m
      [33mdata-testid[39m=[32m"dropdown-menu"[39m
    [36m>[39m
      [36m<div[39m
        [33mdata-testid[39m=[32m"dropdown-trigger"[39m
      [36m>[39m
        [36m<button[39m
          [33mclass[39m=[32m"button ghost sm relative "[39m
        [36m>[39m
          [36m<div[39m
            [33mclass[39m=[32m"flex items-center space-x-2"[39m
          [36m>[39m
            [36m<div[39m
              [33mclass[39m=[32m"h-4 w-4"[39m
              [33mdata-testid[39m=[32m"languages-icon"[39m
            [36m/>[39m
            [36m<span[39m
              [33mclass[39m=[32m"hidden sm:inline"[39m
            [36m>[39m
              [0mEnglish[0m
            [36m</span>[39m
            [36m<span[39m
              [33mclass[39m=[32m"font-mono text-xs sm:hidden"[39m
            [36m>[39m
              [0mEN[0m
            [36m</span>[39m
          [36m</div>[39m
          [36m<span[39m
            [33mclass[39m=[32m"sr-only"[39m
          [36m>[39m
            [0mToggle language[0m
          [36m</span>[39m
        [36m</button>[39m
      [36m</div>[39m
      [36m<div[39m
        [33mclass[39m=[32m"w-56"[39m
        [33mdata-testid[39m=[32m"dropdown-content"[39m
      [36m>[39m
        [36m<div[39m
          [33mclass[39m=[32m"flex items-center space-x-2"[39m
          [33mdata-testid[39m=[32m"dropdown-label"[39m
        [36m>[39m
          [36m<div[39m
            [33mclass[39m=[32m"h-4 w-4"[39m
            [33mdata-testid[39m=[32m"languages-icon"[39m
          [36m/>[39m
          [36m<span>[39m
            [0mSelect Language[0m
          [36m</span>[39m
        [36m</div>[39m
        [36m<hr[39m
          [33mdata-testid[39m=[32m"dropdown-separator"[39m
        [36m/>[39m
        [36m<div[39m
          [33mdata-testid[39m=[32m"dropdown-item"[39m
        [36m>[39m
          [36m<a[39m
            [33mclass[39m=[32m"flex w-full items-center justify-between"[39m
            [33mhref[39m=[32m"/"[39m
            [33mlocale[39m=[32m"en"[39m
          [36m>[39m
            [36m<div[39m
              [33mclass[39m=[32m"flex items-center space-x-3"[39m
            [36m>[39m
              [36m<span[39m
                [33mclass[39m=[32m"text-lg"[39m
              [36m>[39m
                [0m🇺🇸[0m
              [36m</span>[39m
              [36m<div[39m
                [33mclass[39m=[32m"flex flex-col"[39m
              [36m>[39m
                [36m<div[39m
                  [33mclass[39m=[32m"flex items-center space-x-2"[39m
                [36m>[39m
                  [36m<span[39m
                    [33mclass[39m=[32m"bg-muted rounded px-1.5 py-0.5 font-mono text-xs"[39m
                  [36m>[39m
                    [0mEN[0m
                  [36m</span>[39m
                  [36m<span[39m
                    [33mclass[39m=[32m"font-medium"[39m
                  [36m>[39m
                    [0mEnglish[0m
                  [36m</span>[39m
                [36m</div>[39m
                [36m<span[39m
                  [33mclass[39m=[32m"text-muted-foreground text-xs"[39m
                [36m>[39m
                  [0mEnglish[0m
                  [0m • [0m
                  [0mGlobal[0m
                [36m</span>[39m
              [36m</div>[39m
            [36m</div>[39m
            [36m<div[39m
              [33mclass[39m=[32m"flex items-center space-x-2"[39m
            [36m>[39m
              [36m<div[39m
                [33mclass[39m=[32m"h-4 w-4 text-green-500"[39m
                [33mdata-testid[39m=[32m"check-icon"[39m
              [36m/>[39m
            [36m</div>[39m
          [36m</a>[39m
        [36m</div>[39m
        [36m<div[39m
          [33mdata-testid[39m=[32m"dropdown-item"[39m
        [36m>[39m
          [36m<a[39m
            [33mclass[39m=[32m"flex w-full items-center justify-between"[39m
            [33mhref[39m=[32m"/"[39m
            [33mlocale[39m=[32m"zh"[39m
          [36m>[39m
            [36m<div[39m
              [33mclass[39m=[32m"flex items-center space-x-3"[39m
            [36m>[39m
              [36m<span[39m
                [33mclass[39m=[32m"text-lg"[39m
              [36m>[39m
                [0m🇨🇳[0m
              [36m</span>[39m
              [36m<div[39m
                [33mclass[39m=[32m"flex flex-col"[39m
              [36m>[39m
                [36m<div[39m
                  [33mclass[39m=[32m"flex items-center space-x-2"[39m
                [36m>[39m
                  [36m<span[39m
                    [33mclass[39m=[32m"bg-muted rounded px-1.5 py-0.5 font-mono text-xs"[39m
                  [36m>[39m
                    [0mZH[0m
                  [36m</span>[39m
                  [36m<span[39m
                    [33mclass[39m=[32m"font-medium"[39m
                  [36m>[39m
                    [0m中文[0m
                  [36m</span>[39m
                [36m</div>[39m
                [36m<span[39m
                  [33mclass[39m=[32m"text-muted-foreground text-xs"[39m
                [36m>[39m
                  [0mChinese[0m
                  [0m • [0m
                  [0mChina[0m
                [36m</span>[39m
              [36m</div>[39m
            [36m</div>[39m
            [36m<div[39m
              [33mclass[39m=[32m"flex items-center space-x-2"[39m
            [36m/>[39m
          [36m</a>[39m
        [36m</div>[39m
        [36m<hr[39m
          [33mdata-testid[39m=[32m"dropdown-separator"[39m
        [36m/>[39m
        [36m<div[39m
          [33mclass[39m=[32m"text-muted-foreground text-xs"[39m
          [33mdata-testid[39m=[32m"dropdown-label"[39m
        [36m>[39m
          [0mtitle[0m
        [36m</div>[39m
        [36m<div[39m
          [33mclass[39m=[32m"px-2 py-1 text-xs"[39m
        [36m>[39m
          [36m<div[39m
            [33mclass[39m=[32m"mb-1 flex items-center justify-between"[39m
          [36m>[39m
            [36m<div[39m
              [33mclass[39m=[32m"flex items-center space-x-1"[39m
            [36m>[39m
              [36m<div[39m
                [33mclass[39m=[32m"h-3 w-3"[39m
                [33mdata-testid[39m=[32m"languages-icon"[39m
              [36m/>[39m
              [36m<span>[39m
                [0msource[0m
                [0m: [0m
                [0msources.unknown-source[0m
              [36m</span>[39m
            [36m</div>[39m
            [36m<span[39m
              [33mclass[39m=[32m"badge outline text-xs border-yellow-500 text-yellow-700"[39m
            [36m>[39m
              [0m80[0m
              [0m%[0m
            [36m</span>[39m
          [36m</div>[39m
        [36m</div>[39m
      [36m</div>[39m
    [36m</div>[39m
  [36m</div>[39m
[36m</body>[39m
 ✓ src/components/i18n/__tests__/enhanced-locale-switcher.test.tsx > EnhancedLocaleSwitcher > Language Switching > calls setUserOverride when language is switched 11ms 66 MB heap used
 ✓ src/components/i18n/__tests__/enhanced-locale-switcher.test.tsx > EnhancedLocaleSwitcher > Language Switching > shows loading state during language switch 5ms 67 MB heap used
 ✓ src/components/layout/__tests__/mobile-navigation-responsive-basic.test.tsx > Mobile Navigation Responsive - Basic Tests > 基本响应式行为 > adapts to different screen sizes 16ms 50 MB heap used
 ✓ src/components/layout/__tests__/mobile-navigation-responsive-basic.test.tsx > Mobile Navigation Responsive - Basic Tests > 基本响应式行为 > handles viewport changes gracefully 5ms 52 MB heap used
 ✓ src/components/layout/__tests__/mobile-navigation-responsive-basic.test.tsx > Mobile Navigation Responsive - Basic Tests > 基本响应式行为 > supports responsive padding and spacing 5ms 53 MB heap used
 ✓ src/components/layout/__tests__/mobile-navigation-responsive-basic.test.tsx > Mobile Navigation Responsive - Basic Tests > 基本响应式行为 > handles orientation changes 5ms 54 MB heap used
 ✓ src/components/layout/__tests__/mobile-navigation-responsive-basic.test.tsx > Mobile Navigation Responsive - Basic Tests > 基本响应式行为 > maintains functionality across breakpoints 35ms 58 MB heap used
 ✓ src/components/layout/__tests__/mobile-navigation-responsive-basic.test.tsx > Mobile Navigation Responsive - Basic Tests > 基本响应式行为 > supports responsive text sizing 4ms 59 MB heap used
 ✓ src/components/layout/__tests__/mobile-navigation-responsive-basic.test.tsx > Mobile Navigation Responsive - Basic Tests > 基本响应式行为 > handles responsive menu positioning 24ms 63 MB heap used
 ✓ src/components/layout/__tests__/mobile-navigation-responsive-basic.test.tsx > Mobile Navigation Responsive - Basic Tests > 动画和过渡效果 > handles state transitions smoothly 18ms 67 MB heap used
 ✓ src/components/layout/__tests__/mobile-navigation-responsive-basic.test.tsx > Mobile Navigation Responsive - Basic Tests > 动画和过渡效果 > supports custom transition classes 4ms 68 MB heap used
 ✓ src/components/layout/__tests__/mobile-navigation-items-accessibility.test.tsx > Mobile Navigation - Advanced Integration Tests > Complex Accessibility Scenarios > should handle complex keyboard navigation patterns 167ms 58 MB heap used
 ✓ src/components/layout/__tests__/mobile-navigation-items-accessibility.test.tsx > Mobile Navigation - Advanced Integration Tests > Complex Accessibility Scenarios > should handle advanced screen reader scenarios 20ms 62 MB heap used
 ✓ src/components/layout/__tests__/mobile-navigation-items-accessibility.test.tsx > Mobile Navigation - Advanced Integration Tests > Complex Accessibility Scenarios > should handle performance optimization in complex scenarios 40ms 71 MB heap used
 ✓ src/components/layout/__tests__/mobile-navigation-items-accessibility.test.tsx > Mobile Navigation - Advanced Integration Tests > Navigation Interaction > closes menu when navigation link is clicked 31ms 56 MB heap used
 ✓ src/components/layout/__tests__/mobile-navigation-items-accessibility.test.tsx > Mobile Navigation - Advanced Integration Tests > Navigation Interaction > supports keyboard navigation between items 22ms 60 MB heap used
 ✓ src/components/layout/__tests__/mobile-navigation-items-accessibility.test.tsx > Mobile Navigation - Advanced Integration Tests > Navigation Interaction > handles missing translations gracefully 9ms 63 MB heap used
 × src/components/layout/__tests__/mobile-navigation-items-accessibility.test.tsx > Mobile Navigation - Advanced Integration Tests > Navigation Interaction > renders navigation items in correct order 12ms 67 MB heap used
   → expected [ 'Home', 'About', 'Products', 'Blog' ] to deeply equal [ 'Home', 'About', 'Products', …(2) ]
 ✓ src/components/layout/__tests__/mobile-navigation-items-accessibility.test.tsx > Mobile Navigation - Advanced Integration Tests > Navigation Interaction > applies consistent styling to navigation items 9ms 71 MB heap used
 ✓ src/components/layout/__tests__/mobile-navigation-items-accessibility.test.tsx > Mobile Navigation - Advanced Integration Tests > Navigation Interaction > supports custom navigation item styling 16ms 75 MB heap used
 ✓ src/components/layout/__tests__/mobile-navigation-responsive-basic.test.tsx > Mobile Navigation Responsive - Basic Tests > 动画和过渡效果 > handles reduced motion preferences 3ms 69 MB heap used
 × src/components/layout/__tests__/mobile-navigation-responsive-basic.test.tsx > Mobile Navigation Responsive - Basic Tests > 路由变化行为 > closes menu when pathname changes 27ms 54 MB heap used
   → [2mexpect([22m[31melement[39m[2m).toHaveAttribute([22m[32m[32m"aria-expanded"[32m[39m[2m, [22m[32m[32m"false"[32m[39m[2m) // element.getAttribute("aria-expanded") === "false"[22m

Expected the element to have attribute:
[32m  aria-expanded="false"[39m
Received:
[31m  null[39m
 × src/components/layout/__tests__/mobile-navigation-responsive-basic.test.tsx > Mobile Navigation Responsive - Basic Tests > 路由变化行为 > updates active navigation item on route change 37ms 62 MB heap used
   → Unable to find an accessible element with the role "link" and name "About"

Here are the accessible roles:

  button:

  Name "Toggle mobile menu":
  [36m<button[39m
    [33maria-controls[39m=[32m"mobile-navigation"[39m
    [33maria-expanded[39m=[32m"false"[39m
    [33maria-haspopup[39m=[32m"dialog"[39m
    [33maria-label[39m=[32m"Toggle mobile menu"[39m
    [33mclass[39m=[32m"focus-visible:border-ring focus-visible:ring-ring/50 aria-invalid:ring-destructive/20 dark:aria-invalid:ring-destructive/40 aria-invalid:border-destructive inline-flex shrink-0 items-center justify-center gap-2 rounded-md text-sm font-medium whitespace-nowrap transition-all outline-none focus-visible:ring-[3px] disabled:pointer-events-none disabled:opacity-50 [&_svg]:pointer-events-none [&_svg]:shrink-0 [&_svg:not([class*='size-'])]:size-4 hover:bg-accent hover:text-accent-foreground dark:hover:bg-accent/50 size-9 relative"[39m
    [33mdata-slot[39m=[32m"sheet-trigger"[39m
    [33mdata-state[39m=[32m"closed"[39m
    [33mtype[39m=[32m"button"[39m
  [36m/>[39m

  --------------------------------------------------

Ignored nodes: comments, script, style
[36m<body[39m
  [33mstyle[39m=[32m""[39m
[36m>[39m
  [36m<div[39m
    [33mid[39m=[32m"test-container"[39m
  [36m/>[39m
  [36m<div>[39m
    [36m<div[39m
      [33mclass[39m=[32m"md:hidden"[39m
    [36m>[39m
      [36m<button[39m
        [33maria-controls[39m=[32m"mobile-navigation"[39m
        [33maria-expanded[39m=[32m"false"[39m
        [33maria-haspopup[39m=[32m"dialog"[39m
        [33maria-label[39m=[32m"Toggle mobile menu"[39m
        [33mclass[39m=[32m"focus-visible:border-ring focus-visible:ring-ring/50 aria-invalid:ring-destructive/20 dark:aria-invalid:ring-destructive/40 aria-invalid:border-destructive inline-flex shrink-0 items-center justify-center gap-2 rounded-md text-sm font-medium whitespace-nowrap transition-all outline-none focus-visible:ring-[3px] disabled:pointer-events-none disabled:opacity-50 [&_svg]:pointer-events-none [&_svg]:shrink-0 [&_svg:not([class*='size-'])]:size-4 hover:bg-accent hover:text-accent-foreground dark:hover:bg-accent/50 size-9 relative"[39m
        [33mdata-slot[39m=[32m"sheet-trigger"[39m
        [33mdata-state[39m=[32m"closed"[39m
        [33mtype[39m=[32m"button"[39m
      [36m>[39m
        [36m<span[39m
          [33mdata-testid[39m=[32m"menu-icon"[39m
        [36m>[39m
          [0m☰[0m
        [36m</span>[39m
        [36m<span[39m
          [33mclass[39m=[32m"sr-only"[39m
        [36m>[39m
          [0mOpen menu[0m
        [36m</span>[39m
      [36m</button>[39m
    [36m</div>[39m
  [36m</div>[39m
[36m</body>[39m
 × src/components/layout/__tests__/mobile-navigation-responsive-basic.test.tsx > Mobile Navigation Responsive - Basic Tests > 路由变化行为 > handles route changes during open state 21ms 66 MB heap used
   → [2mexpect([22m[31melement[39m[2m).toHaveAttribute([22m[32m[32m"aria-expanded"[32m[39m[2m, [22m[32m[32m"false"[32m[39m[2m) // element.getAttribute("aria-expanded") === "false"[22m

Expected the element to have attribute:
[32m  aria-expanded="false"[39m
Received:
[31m  null[39m
 ✓ src/components/layout/__tests__/mobile-navigation-responsive-basic.test.tsx > Mobile Navigation Responsive - Basic Tests > 路由变化行为 > maintains navigation state across route changes 6ms 69 MB heap used
 ✓ src/components/layout/__tests__/mobile-navigation-responsive-basic.test.tsx > Mobile Navigation Responsive - Basic Tests > 性能优化 > handles rapid interactions efficiently 46ms 81 MB heap used
 ✓ src/components/layout/__tests__/mobile-navigation-responsive-basic.test.tsx > Mobile Navigation Responsive - Basic Tests > 性能优化 > optimizes re-renders 7ms 54 MB heap used
 ✓ src/components/layout/__tests__/mobile-navigation-responsive-basic.test.tsx > Mobile Navigation Responsive - Basic Tests > 性能优化 > handles memory efficiently 2ms 54 MB heap used
 ✓ src/components/layout/__tests__/mobile-navigation-responsive-basic.test.tsx > Mobile Navigation Responsive - Basic Tests > 浏览器兼容性 > works without modern CSS features 2ms 55 MB heap used
 ✓ src/components/layout/__tests__/mobile-navigation-responsive-basic.test.tsx > Mobile Navigation Responsive - Basic Tests > 浏览器兼容性 > handles missing viewport meta tag 3ms 56 MB heap used
 ✓ src/components/layout/__tests__/mobile-navigation-responsive-basic.test.tsx > Mobile Navigation Responsive - Basic Tests > 浏览器兼容性 > works with touch devices 14ms 60 MB heap used
 ✓ src/components/layout/__tests__/mobile-navigation-items-accessibility.test.tsx > Mobile Navigation - Advanced Integration Tests > Navigation Interaction > handles long navigation item text 14ms 56 MB heap used
 ✓ src/components/layout/__tests__/mobile-navigation-items-accessibility.test.tsx > Mobile Navigation - Advanced Integration Tests > Accessibility > has proper button attributes 2ms 57 MB heap used
 ✓ src/components/layout/__tests__/mobile-navigation-items-accessibility.test.tsx > Mobile Navigation - Advanced Integration Tests > Accessibility > updates ARIA attributes when menu opens 7ms 59 MB heap used
 ✓ src/components/layout/__tests__/mobile-navigation-items-accessibility.test.tsx > Mobile Navigation - Advanced Integration Tests > Accessibility > provides proper navigation landmark 8ms 62 MB heap used
 ✓ src/components/layout/__tests__/mobile-navigation-items-accessibility.test.tsx > Mobile Navigation - Advanced Integration Tests > Accessibility > supports screen reader navigation 9ms 66 MB heap used
 ✓ src/components/layout/__tests__/mobile-navigation-items-accessibility.test.tsx > Mobile Navigation - Advanced Integration Tests > Accessibility > handles focus management correctly 9ms 69 MB heap used
 ✓ src/components/layout/__tests__/mobile-navigation-items-accessibility.test.tsx > Mobile Navigation - Advanced Integration Tests > Accessibility > supports keyboard navigation 23ms 73 MB heap used
 ✓ src/components/layout/__tests__/mobile-navigation-items-accessibility.test.tsx > Mobile Navigation - Advanced Integration Tests > Accessibility > provides proper focus indicators 2ms 74 MB heap used
 ✓ src/components/layout/__tests__/mobile-navigation-items-accessibility.test.tsx > Mobile Navigation - Advanced Integration Tests > Accessibility > supports high contrast mode 2ms 76 MB heap used
 ✓ src/components/layout/__tests__/mobile-navigation-items-accessibility.test.tsx > Mobile Navigation - Advanced Integration Tests > Accessibility > handles reduced motion preferences 2ms 76 MB heap used
 ✓ src/components/layout/__tests__/mobile-navigation-items-accessibility.test.tsx > Mobile Navigation - Advanced Integration Tests > Accessibility > provides adequate touch targets 2ms 77 MB heap used
 ✓ src/components/layout/__tests__/mobile-navigation-items-accessibility.test.tsx > Mobile Navigation - Advanced Integration Tests > Accessibility > supports voice control 2ms 78 MB heap used
 × src/components/layout/__tests__/mobile-navigation-items-accessibility.test.tsx > Mobile Navigation - Advanced Integration Tests > Accessibility > handles aria-current for navigation items 10ms 82 MB heap used
   → [2mexpect([22m[31melement[39m[2m).toHaveAttribute([22m[32m[32m"aria-current"[32m[39m[2m, [22m[32m[32m"page"[32m[39m[2m) // element.getAttribute("aria-current") === "page"[22m

Expected the element to have attribute:
[32m  aria-current="page"[39m
Received:
[31m  null[39m
 ✓ src/components/layout/__tests__/mobile-navigation-items-accessibility.test.tsx > Mobile Navigation - Advanced Integration Tests > Accessibility > provides proper link semantics 8ms 85 MB heap used
 ✓ src/components/layout/__tests__/mobile-navigation-items-accessibility.test.tsx > Mobile Navigation - Advanced Integration Tests > Accessibility > supports internationalization 8ms 58 MB heap used
 ✓ src/components/layout/__tests__/mobile-navigation-items-accessibility.test.tsx > Mobile Navigation - Advanced Integration Tests > Accessibility > handles complex accessibility scenarios 12ms 62 MB heap used
 ✓ src/components/layout/__tests__/mobile-navigation-items-accessibility.test.tsx > Mobile Navigation - Advanced Integration Tests > Accessibility > maintains accessibility during state changes 24ms 70 MB heap used
 ✓ src/components/layout/__tests__/mobile-navigation-items-accessibility-core.test.tsx > Mobile Navigation - Core Tests > Basic Rendering > should render mobile navigation toggle button 53ms 50 MB heap used
 ✓ src/components/layout/__tests__/mobile-navigation-items-accessibility-core.test.tsx > Mobile Navigation - Core Tests > Basic Rendering > should render menu icon initially 3ms 50 MB heap used
 ✓ src/components/layout/__tests__/mobile-navigation-items-accessibility-core.test.tsx > Mobile Navigation - Core Tests > Basic Rendering > should not show navigation items initially 3ms 51 MB heap used
 ✓ src/components/layout/__tests__/mobile-navigation-items-accessibility-core.test.tsx > Mobile Navigation - Core Tests > Menu Toggle Functionality > should open menu when toggle button is clicked 28ms 56 MB heap used
 ✓ src/components/layout/__tests__/mobile-navigation-responsive.test.tsx > Mobile Navigation Responsive - Main Tests > 核心响应式功能验证 > is hidden on desktop screens 50ms 75 MB heap used
 ✓ src/components/layout/__tests__/mobile-navigation-responsive.test.tsx > Mobile Navigation Responsive - Main Tests > 核心响应式功能验证 > adapts to different screen sizes 5ms 76 MB heap used
 ✓ src/components/layout/__tests__/mobile-navigation-responsive.test.tsx > Mobile Navigation Responsive - Main Tests > 核心响应式功能验证 > handles viewport changes gracefully 4ms 77 MB heap used
 ✓ src/components/layout/__tests__/mobile-navigation-responsive.test.tsx > Mobile Navigation Responsive - Main Tests > 核心响应式功能验证 > supports responsive padding and spacing 3ms 78 MB heap used
 ✓ src/components/layout/__tests__/mobile-navigation-responsive.test.tsx > Mobile Navigation Responsive - Main Tests > 核心响应式功能验证 > handles orientation changes 4ms 79 MB heap used
 ✓ src/components/layout/__tests__/mobile-navigation-responsive.test.tsx > Mobile Navigation Responsive - Main Tests > 核心响应式功能验证 > maintains functionality across breakpoints 35ms 46 MB heap used
 ✓ src/components/layout/__tests__/mobile-navigation-items-accessibility-core.test.tsx > Mobile Navigation - Core Tests > Menu Toggle Functionality > should show close icon when menu is open 14ms 59 MB heap used
 ✓ src/components/layout/__tests__/mobile-navigation-items-accessibility-core.test.tsx > Mobile Navigation - Core Tests > Menu Toggle Functionality > should close menu when close button is clicked 20ms 63 MB heap used
 × src/components/layout/__tests__/mobile-navigation-items-accessibility-core.test.tsx > Mobile Navigation - Core Tests > Navigation Items > should render all navigation links when menu is open 34ms 52 MB heap used
   → Unable to find an accessible element with the role "link" and name `/diagnostics/i`

Here are the accessible roles:

  dialog:

  Name "Site Name":
  [36m<div[39m
    [33maria-labelledby[39m=[32m"radix-«rj»"[39m
    [33mclass[39m=[32m"bg-background data-[state=open]:animate-in data-[state=closed]:animate-out fixed z-50 flex flex-col gap-4 p-6 shadow-lg transition ease-in-out data-[state=closed]:duration-300 data-[state=open]:duration-500 data-[state=closed]:slide-out-to-left data-[state=open]:slide-in-from-left inset-y-0 left-0 h-full border-r sm:max-w-sm w-[300px] sm:w-[350px]"[39m
    [33mdata-side[39m=[32m"left"[39m
    [33mdata-slot[39m=[32m"sheet-content"[39m
    [33mdata-state[39m=[32m"open"[39m
    [33mid[39m=[32m"mobile-navigation"[39m
    [33mrole[39m=[32m"dialog"[39m
    [33mstyle[39m=[32m"pointer-events: auto;"[39m
    [33mtabindex[39m=[32m"-1"[39m
  [36m/>[39m

  --------------------------------------------------
  heading:

  Name "Site Name":
  [36m<h2[39m
    [33mclass[39m=[32m"text-foreground text-lg font-semibold"[39m
    [33mdata-slot[39m=[32m"sheet-title"[39m
    [33mid[39m=[32m"radix-«rj»"[39m
  [36m/>[39m

  --------------------------------------------------
  paragraph:

  Name "":
  [36m<p[39m
    [33mclass[39m=[32m"text-muted-foreground text-sm"[39m
    [33mdata-slot[39m=[32m"sheet-description"[39m
    [33mid[39m=[32m"radix-«rk»"[39m
  [36m/>[39m

  --------------------------------------------------
  navigation:

  Name "Mobile navigation menu":
  [36m<nav[39m
    [33maria-label[39m=[32m"Mobile navigation menu"[39m
    [33mclass[39m=[32m"flex flex-col space-y-1"[39m
  [36m/>[39m

  --------------------------------------------------
  link:

  Name "Home":
  [36m<a[39m
    [33maria-current[39m=[32m"page"[39m
    [33mclass[39m=[32m"flex items-center rounded-md px-3 py-2 text-sm font-medium transition-colors duration-200 bg-accent text-accent-foreground"[39m
    [33mhref[39m=[32m"/"[39m
  [36m/>[39m

  Name "About":
  [36m<a[39m
    [33mclass[39m=[32m"flex items-center rounded-md px-3 py-2 text-sm font-medium transition-colors duration-200 text-muted-foreground hover:text-foreground hover:bg-accent/50"[39m
    [33mhref[39m=[32m"/about"[39m
  [36m/>[39m

  Name "Products":
  [36m<a[39m
    [33mclass[39m=[32m"flex items-center rounded-md px-3 py-2 text-sm font-medium transition-colors duration-200 text-muted-foreground hover:text-foreground hover:bg-accent/50"[39m
    [33mhref[39m=[32m"/products"[39m
  [36m/>[39m

  Name "Blog":
  [36m<a[39m
    [33mclass[39m=[32m"flex items-center rounded-md px-3 py-2 text-sm font-medium transition-colors duration-200 text-muted-foreground hover:text-foreground hover:bg-accent/50"[39m
    [33mhref[39m=[32m"/blog"[39m
  [36m/>[39m

  --------------------------------------------------
  button:

  Name "✕ Close":
  [36m<button[39m
    [33mclass[39m=[32m"ring-offset-background focus:ring-ring data-[state=open]:bg-secondary absolute top-4 right-4 rounded-xs opacity-70 transition-opacity hover:opacity-100 focus:ring-2 focus:ring-offset-2 focus:outline-hidden disabled:pointer-events-none"[39m
    [33mtype[39m=[32m"button"[39m
  [36m/>[39m

  --------------------------------------------------

Ignored nodes: comments, script, style
[36m<body[39m
  [33mdata-scroll-locked[39m=[32m"1"[39m
  [33mstyle[39m=[32m"pointer-events: none;"[39m
[36m>[39m
  [36m<span[39m
    [33maria-hidden[39m=[32m"true"[39m
    [33mdata-aria-hidden[39m=[32m"true"[39m
    [33mdata-radix-focus-guard[39m=[32m""[39m
    [33mstyle[39m=[32m"outline: none; opacity: 0; position: fixed; pointer-events: none;"[39m
    [33mtabindex[39m=[32m"0"[39m
  [36m/>[39m
  [36m<div[39m
    [33maria-hidden[39m=[32m"true"[39m
    [33mdata-aria-hidden[39m=[32m"true"[39m
    [33mid[39m=[32m"test-container"[39m
  [36m/>[39m
  [36m<div[39m
    [33maria-hidden[39m=[32m"true"[39m
    [33mdata-aria-hidden[39m=[32m"true"[39m
  [36m>[39m
    [36m<div[39m
      [33mclass[39m=[32m"md:hidden"[39m
    [36m>[39m
      [36m<button[39m
        [33maria-controls[39m=[32m"mobile-navigation"[39m
        [33maria-expanded[39m=[32m"true"[39m
        [33maria-haspopup[39m=[32m"dialog"[39m
        [33maria-label[39m=[32m"Toggle mobile menu"[39m
        [33mclass[39m=[32m"focus-visible:border-ring focus-visible:ring-ring/50 aria-invalid:ring-destructive/20 dark:aria-invalid:ring-destructive/40 aria-invalid:border-destructive inline-flex shrink-0 items-center justify-center gap-2 rounded-md text-sm font-medium whitespace-nowrap transition-all outline-none focus-visible:ring-[3px] disabled:pointer-events-none disabled:opacity-50 [&_svg]:pointer-events-none [&_svg]:shrink-0 [&_svg:not([class*='size-'])]:size-4 hover:bg-accent hover:text-accent-foreground dark:hover:bg-accent/50 size-9 relative"[39m
        [33mdata-slot[39m=[32m"sheet-trigger"[39m
        [33mdata-state[39m=[32m"open"[39m
        [33mtype[39m=[32m"button"[39m
      [36m>[39m
        [36m<span[39m
          [33mdata-testid[39m=[32m"menu-icon"[39m
        [36m>[39m
          [0m☰[0m
        [36m</span>[39m
        [36m<span[39m
          [33mclass[39m=[32m"sr-only"[39m
        [36m>[39m
          [0mClose menu[0m
        [36m</span>[39m
      [36m</button>[39m
    [36m</div>[39m
  [36m</div>[39m
  [36m<div[39m
    [33maria-hidden[39m=[32m"true"[39m
    [33mclass[39m=[32m"data-[state=open]:animate-in data-[state=closed]:animate-out data-[state=closed]:fade-out-0 data-[state=open]:fade-in-0 fixed inset-0 z-50 bg-black/50"[39m
    [33mdata-aria-hidden[39m=[32m"true"[39m
    [33mdata-slot[39m=[32m"sheet-overlay"[39m
    [33mdata-state[39m=[32m"open"[39m
    [33mstyle[39m=[32m"pointer-events: auto;"[39m
  [36m/>[39m
  [36m<div[39m
    [33maria-labelledby[39m=[32m"radix-«rj»"[39m
    [33mclass[39m=[32m"bg-background data-[state=open]:animate-in data-[state=closed]:animate-out fixed z-50 flex flex-col gap-4 p-6 shadow-lg transition ease-in-out data-[state=closed]:duration-300 data-[state=open]:duration-500 data-[state=closed]:slide-out-to-left data-[state=open]:slide-in-from-left inset-y-0 left-0 h-full border-r sm:max-w-sm w-[300px] sm:w-[350px]"[39m
    [33mdata-side[39m=[32m"left"[39m
    [33mdata-slot[39m=[32m"sheet-content"[39m
    [33mdata-state[39m=[32m"open"[39m
    [33mid[39m=[32m"mobile-navigation"[39m
    [33mrole[39m=[32m"dialog"[39m
    [33mstyle[39m=[32m"pointer-events: auto;"[39m
    [33mtabindex[39m=[32m"-1"[39m
  [36m>[39m
    [36m<div[39m
      [33mclass[39m=[32m"flex flex-col gap-1.5 p-4 text-left"[39m
      [33mdata-slot[39m=[32m"sheet-header"[39m
    [36m>[39m
      [36m<h2[39m
        [33mclass[39m=[32m"text-foreground text-lg font-semibold"[39m
        [33mdata-slot[39m=[32m"sheet-title"[39m
        [33mid[39m=[32m"radix-«rj»"[39m
      [36m>[39m
        [0mSite Name[0m
      [36m</h2>[39m
      [36m<p[39m
        [33mclass[39m=[32m"text-muted-foreground text-sm"[39m
        [33mdata-slot[39m=[32m"sheet-description"[39m
        [33mid[39m=[32m"radix-«rk»"[39m
      [36m>[39m
        [0mSite Description[0m
      [36m</p>[39m
    [36m</div>[39m
    [36m<div[39m
      [33mclass[39m=[32m"bg-border shrink-0 h-[1px] w-full my-4"[39m
    [36m/>[39m
    [36m<nav[39m
      [33maria-label[39m=[32m"Mobile navigation menu"[39m
      [33mclass[39m=[32m"flex flex-col space-y-1"[39m
    [36m>[39m
      [36m<a[39m
        [33maria-current[39m=[32m"page"[39m
        [33mclass[39m=[32m"flex items-center rounded-md px-3 py-2 text-sm font-medium transition-colors duration-200 bg-accent text-accent-foreground"[39m
        [33mhref[39m=[32m"/"[39m
      [36m>[39m
        [0mHome[0m
      [36m</a>[39m
      [36m<a[39m
        [33mclass[39m=[32m"flex items-center rounded-md px-3 py-2 text-sm font-medium transition-colors duration-200 text-muted-foreground hover:text-foreground hover:bg-accent/50"[39m
        [33mhref[39m=[32m"/about"[39m
      [36m>[39m
        [0mAbout[0m
      [36m</a>[39m
      [36m<a[39m
        [33mclass[39m=[32m"flex items-center rounded-md px-3 py-2 text-sm font-medium transition-colors duration-200 text-muted-foreground hover:text-foreground hover:bg-accent/50"[39m
        [33mhref[39m=[32m"/products"[39m
      [36m>[39m
        [0mProducts[0m
      [36m</a>[39m
      [36m<a[39m
        [33mclass[39m=[32m"flex items-center rounded-md px-3 py-2 text-sm font-medium transition-colors duration-200 text-muted-foreground hover:text-foreground hover:bg-accent/50"[39m
        [33mhref[39m=[32m"/blog"[39m
      [36m>[39m
        [0mBlog[0m
      [36m</a>[39m
    [36m</nav>[39m
    [36m<button[39m
      [33mclass[39m=[32m"ring-offset-background focus:ring-ring data-[state=open]:bg-secondary absolute top-4 right-4 rounded-xs opacity-70 transition-opacity hover:opacity-100 focus:ring-2 focus:ring-offset-2 focus:outline-hidden disabled:pointer-events-none"[39m
      [33mtype[39m=[32m"button"[39m
    [36m>[39m
      [36m<span[39m
        [33mdata-testid[39m=[32m"x-icon"[39m
      [36m>[39m
        [0m✕[0m
      [36m</span>[39m
      [36m<span[39m
        [33mclass[39m=[32m"sr-only"[39m
      [36m>[39m
        [0mClose[0m
      [36m</span>[39m
    [36m</button>[39m
  [36m</div>[39m
  [36m<span[39m
    [33maria-hidden[39m=[32m"true"[39m
    [33mdata-aria-hidden[39m=[32m"true"[39m
    [33mdata-radix-focus-guard[39m=[32m""[39m
    [33mstyle[39m=[32m"outline: none; opacity: 0; position: fixed; pointer-events: none;"[39m
    [33mtabindex[39m=[32m"0"[39m
  [36m/>[39m
[36m</body>[39m
 × src/components/layout/__tests__/mobile-navigation-items-accessibility-core.test.tsx > Mobile Navigation - Core Tests > Navigation Items > should highlight active navigation item 15ms 56 MB heap used
   → [2mexpect([22m[31melement[39m[2m).toHaveAttribute([22m[32m[32m"aria-current"[32m[39m[2m, [22m[32m[32m"page"[32m[39m[2m) // element.getAttribute("aria-current") === "page"[22m

Expected the element to have attribute:
[32m  aria-current="page"[39m
Received:
[31m  null[39m
 ✓ src/components/layout/__tests__/mobile-navigation-items-accessibility-core.test.tsx > Mobile Navigation - Core Tests > Navigation Items > should close menu when navigation link is clicked 16ms 61 MB heap used
 ✓ src/components/layout/__tests__/mobile-navigation-items-accessibility-core.test.tsx > Mobile Navigation - Core Tests > Accessibility Features > should have proper ARIA attributes on toggle button 3ms 61 MB heap used
 ✓ src/components/layout/__tests__/mobile-navigation-responsive.test.tsx > Mobile Navigation Responsive - Main Tests > 核心响应式功能验证 > supports responsive text sizing 4ms 47 MB heap used
 ✓ src/components/layout/__tests__/mobile-navigation-responsive.test.tsx > Mobile Navigation Responsive - Main Tests > 核心响应式功能验证 > handles responsive menu positioning 13ms 51 MB heap used
 ✓ src/components/layout/__tests__/mobile-navigation-responsive.test.tsx > Mobile Navigation Responsive - Main Tests > 核心响应式功能验证 > handles extreme viewport sizes 3ms 52 MB heap used
 ✓ src/components/layout/__tests__/mobile-navigation-responsive.test.tsx > Mobile Navigation Responsive - Main Tests > 基本响应式测试 > handles state transitions smoothly 47ms 55 MB heap used
 ✓ src/components/layout/__tests__/mobile-navigation-responsive.test.tsx > Mobile Navigation Responsive - Main Tests > 基本响应式测试 > supports custom transition classes 26ms 57 MB heap used
 ✓ src/components/layout/__tests__/mobile-navigation-items-accessibility-core.test.tsx > Mobile Navigation - Core Tests > Accessibility Features > should update ARIA attributes when menu is opened 63ms 64 MB heap used
 ✓ src/components/layout/__tests__/mobile-navigation-responsive.test.tsx > Mobile Navigation Responsive - Main Tests > 基本响应式测试 > handles reduced motion preferences 10ms 57 MB heap used
 ✓ src/components/layout/__tests__/mobile-navigation-items-accessibility-core.test.tsx > Mobile Navigation - Core Tests > Accessibility Features > should have proper navigation landmark 114ms 67 MB heap used
 ✓ src/components/layout/__tests__/mobile-navigation-items-accessibility-core.test.tsx > Mobile Navigation - Core Tests > Accessibility Features > should support keyboard navigation 73ms 71 MB heap used
 ✓ src/components/layout/__tests__/mobile-navigation-items-accessibility-core.test.tsx > Mobile Navigation - Core Tests > Responsive Behavior > should be hidden on desktop screens 4ms 72 MB heap used
 ✓ src/components/i18n/__tests__/enhanced-locale-switcher.test.tsx > EnhancedLocaleSwitcher > Language Switching > shows success indicator after successful switch 1142ms 56 MB heap used
 ✓ src/components/i18n/__tests__/enhanced-locale-switcher.test.tsx > EnhancedLocaleSwitcher > Language Switching > disables button during pending transition 12ms 57 MB heap used
 ✓ src/components/i18n/__tests__/enhanced-locale-switcher.test.tsx > EnhancedLocaleSwitcher > Accessibility > provides screen reader text for toggle button 3ms 59 MB heap used
 ✓ src/components/i18n/__tests__/enhanced-locale-switcher.test.tsx > EnhancedLocaleSwitcher > Accessibility > has proper dropdown structure 3ms 60 MB heap used
 ✓ src/components/i18n/__tests__/enhanced-locale-switcher.test.tsx > EnhancedLocaleSwitcher > Accessibility > has proper menu labels 3ms 61 MB heap used
 ✓ src/components/i18n/__tests__/enhanced-locale-switcher.test.tsx > EnhancedLocaleSwitcher > Responsive Behavior > shows full language name on larger screens 3ms 62 MB heap used
 ✓ src/components/i18n/__tests__/enhanced-locale-switcher.test.tsx > EnhancedLocaleSwitcher > Responsive Behavior > shows language code on smaller screens 3ms 63 MB heap used
 ✓ src/components/i18n/__tests__/enhanced-locale-switcher.test.tsx > EnhancedLocaleSwitcher > Component Variants > renders SimpleLocaleSwitcher correctly 3ms 64 MB heap used
 × src/components/i18n/__tests__/enhanced-locale-switcher.test.tsx > EnhancedLocaleSwitcher > Component Variants > renders LocaleSwitcherWithInfo correctly 4ms 66 MB heap used
   → Unable to find an element with the text: Detection Info. This could be because the text is broken up by multiple elements. In this case, you can provide a function for your text matcher to make your matcher more flexible.

Ignored nodes: comments, script, style
[36m<body>[39m
  [36m<div[39m
    [33mid[39m=[32m"test-container"[39m
  [36m/>[39m
  [36m<div>[39m
    [36m<div[39m
      [33mdata-testid[39m=[32m"dropdown-menu"[39m
    [36m>[39m
      [36m<div[39m
        [33mdata-testid[39m=[32m"dropdown-trigger"[39m
      [36m>[39m
        [36m<button[39m
          [33mclass[39m=[32m"button ghost sm relative "[39m
        [36m>[39m
          [36m<div[39m
            [33mclass[39m=[32m"flex items-center space-x-2"[39m
          [36m>[39m
            [36m<div[39m
              [33mclass[39m=[32m"h-4 w-4"[39m
              [33mdata-testid[39m=[32m"languages-icon"[39m
            [36m/>[39m
            [36m<span[39m
              [33mclass[39m=[32m"hidden sm:inline"[39m
            [36m>[39m
              [0mEnglish[0m
            [36m</span>[39m
            [36m<span[39m
              [33mclass[39m=[32m"font-mono text-xs sm:hidden"[39m
            [36m>[39m
              [0mEN[0m
            [36m</span>[39m
          [36m</div>[39m
          [36m<span[39m
            [33mclass[39m=[32m"sr-only"[39m
          [36m>[39m
            [0mToggle language[0m
          [36m</span>[39m
        [36m</button>[39m
      [36m</div>[39m
      [36m<div[39m
        [33mclass[39m=[32m"w-56"[39m
        [33mdata-testid[39m=[32m"dropdown-content"[39m
      [36m>[39m
        [36m<div[39m
          [33mclass[39m=[32m"flex items-center space-x-2"[39m
          [33mdata-testid[39m=[32m"dropdown-label"[39m
        [36m>[39m
          [36m<div[39m
            [33mclass[39m=[32m"h-4 w-4"[39m
            [33mdata-testid[39m=[32m"languages-icon"[39m
          [36m/>[39m
          [36m<span>[39m
            [0mSelect Language[0m
          [36m</span>[39m
        [36m</div>[39m
        [36m<hr[39m
          [33mdata-testid[39m=[32m"dropdown-separator"[39m
        [36m/>[39m
        [36m<div[39m
          [33mdata-testid[39m=[32m"dropdown-item"[39m
        [36m>[39m
          [36m<a[39m
            [33mclass[39m=[32m"flex w-full items-center justify-between"[39m
            [33mhref[39m=[32m"/"[39m
            [33mlocale[39m=[32m"en"[39m
          [36m>[39m
            [36m<div[39m
              [33mclass[39m=[32m"flex items-center space-x-3"[39m
            [36m>[39m
              [36m<span[39m
                [33mclass[39m=[32m"text-lg"[39m
              [36m>[39m
                [0m🇺🇸[0m
              [36m</span>[39m
              [36m<div[39m
                [33mclass[39m=[32m"flex flex-col"[39m
              [36m>[39m
                [36m<div[39m
                  [33mclass[39m=[32m"flex items-center space-x-2"[39m
                [36m>[39m
                  [36m<span[39m
                    [33mclass[39m=[32m"bg-muted rounded px-1.5 py-0.5 font-mono text-xs"[39m
                  [36m>[39m
                    [0mEN[0m
                  [36m</span>[39m
                  [36m<span[39m
                    [33mclass[39m=[32m"font-medium"[39m
                  [36m>[39m
                    [0mEnglish[0m
                  [36m</span>[39m
                [36m</div>[39m
                [36m<span[39m
                  [33mclass[39m=[32m"text-muted-foreground text-xs"[39m
                [36m>[39m
                  [0mEnglish[0m
                  [0m • [0m
                  [0mGlobal[0m
                [36m</span>[39m
              [36m</div>[39m
            [36m</div>[39m
            [36m<div[39m
              [33mclass[39m=[32m"flex items-center space-x-2"[39m
            [36m>[39m
              [36m<div[39m
                [33mclass[39m=[32m"h-4 w-4 text-green-500"[39m
                [33mdata-testid[39m=[32m"check-icon"[39m
              [36m/>[39m
            [36m</div>[39m
          [36m</a>[39m
        [36m</div>[39m
        [36m<div[39m
          [33mdata-testid[39m=[32m"dropdown-item"[39m
        [36m>[39m
          [36m<a[39m
            [33mclass[39m=[32m"flex w-full items-center justify-between"[39m
            [33mhref[39m=[32m"/"[39m
            [33mlocale[39m=[32m"zh"[39m
          [36m>[39m
            [36m<div[39m
              [33mclass[39m=[32m"flex items-center space-x-3"[39m
            [36m>[39m
              [36m<span[39m
                [33mclass[39m=[32m"text-lg"[39m
              [36m>[39m
                [0m🇨🇳[0m
              [36m</span>[39m
              [36m<div[39m
                [33mclass[39m=[32m"flex flex-col"[39m
              [36m>[39m
                [36m<div[39m
                  [33mclass[39m=[32m"flex items-center space-x-2"[39m
                [36m>[39m
                  [36m<span[39m
                    [33mclass[39m=[32m"bg-muted rounded px-1.5 py-0.5 font-mono text-xs"[39m
                  [36m>[39m
                    [0mZH[0m
                  [36m</span>[39m
                  [36m<span[39m
                    [33mclass[39m=[32m"font-medium"[39m
                  [36m>[39m
                    [0m中文[0m
                  [36m</span>[39m
                [36m</div>[39m
                [36m<span[39m
                  [33mclass[39m=[32m"text-muted-foreground text-xs"[39m
                [36m>[39m
                  [0mChinese[0m
                  [0m • [0m
                  [0mChina[0m
                [36m</span>[39m
              [36m</div>[39m
            [36m</div>[39m
            [36m<div[39m
              [33mclass[39m=[32m"flex items-center space-x-2"[39m
            [36m/>[39m
          [36m</a>[39m
        [36m</div>[39m
        [36m<hr[39m
          [33mdata-testid[39m=[32m"dropdown-separator"[39m
        [36m/>[39m
        [36m<div[39m
          [33mclass[39m=[32m"text-muted-foreground text-xs"[39m
          [33mdata-testid[39m=[32m"dropdown-label"[39m
        [36m>[39m
          [0mtitle[0m
        [36m</div>[39m
        [36m<div[39m
          [33mclass[39m=[32m"px-2 py-1 text-xs"[39m
        [36m>[39m
          [36m<div[39m
            [33mclass[39m=[32m"mb-1 flex items-center justify-between"[39m
          [36m>[39m
            [36m<div[39m
              [33mclass[39m=[32m"flex items-center space-x-1"[39m
            [36m>[39m
              [36m<div[39m
                [33mclass[39m=[32m"h-3 w-3"[39m
                [33mdata-testid[39m=[32m"globe-icon"[39m
              [36m/>[39m
              [36m<span>[39m
                [0msource[0m
                [0m: [0m
                [0msources.browser[0m
              [36m</span>[39m
            [36m</div>[39m
            [36m<span[39m
              [33mclass[39m=[32m"badge outline text-xs border-green-500 text-green-700"[39m
            [36m>[39m
              [0m90[0m
              [0m%[0m
            [36m</span>[39m
          [36m</div>[39m
        [36m</div>[39m
      [36m</div>[39m
    [36m</div>[39m
  [36m</div>[39m
[36m</body>[39m
 ✓ src/components/i18n/__tests__/enhanced-locale-switcher.test.tsx > EnhancedLocaleSwitcher > Memoization > has correct display names for all components 1ms 66 MB heap used
 ✓ src/components/i18n/__tests__/enhanced-locale-switcher.test.tsx > EnhancedLocaleSwitcher > Edge Cases > handles missing translations gracefully 18ms 67 MB heap used
 ✓ src/components/i18n/__tests__/enhanced-locale-switcher.test.tsx > EnhancedLocaleSwitcher > Edge Cases > handles undefined locale gracefully 15ms 68 MB heap used
 ✓ src/components/i18n/__tests__/enhanced-locale-switcher.test.tsx > EnhancedLocaleSwitcher > Edge Cases > handles missing detection info gracefully 2ms 69 MB heap used
 ✓ src/components/layout/__tests__/mobile-navigation-items-accessibility-core.test.tsx > Mobile Navigation - Core Tests > Responsive Behavior > should handle viewport changes 35ms 75 MB heap used
 × src/components/layout/__tests__/mobile-navigation-items-accessibility-core.test.tsx > Mobile Navigation - Core Tests > Translation Integration > should use translated navigation labels 26ms 57 MB heap used
   → Unable to find an accessible element with the role "link" and name "Diagnostics"

Here are the accessible roles:

  dialog:

  Name "Site Name":
  [36m<div[39m
    [33maria-labelledby[39m=[32m"radix-«r1e»"[39m
    [33mclass[39m=[32m"bg-background data-[state=open]:animate-in data-[state=closed]:animate-out fixed z-50 flex flex-col gap-4 p-6 shadow-lg transition ease-in-out data-[state=closed]:duration-300 data-[state=open]:duration-500 data-[state=closed]:slide-out-to-left data-[state=open]:slide-in-from-left inset-y-0 left-0 h-full border-r sm:max-w-sm w-[300px] sm:w-[350px]"[39m
    [33mdata-side[39m=[32m"left"[39m
    [33mdata-slot[39m=[32m"sheet-content"[39m
    [33mdata-state[39m=[32m"open"[39m
    [33mid[39m=[32m"mobile-navigation"[39m
    [33mrole[39m=[32m"dialog"[39m
    [33mstyle[39m=[32m"pointer-events: auto;"[39m
    [33mtabindex[39m=[32m"-1"[39m
  [36m/>[39m

  --------------------------------------------------
  heading:

  Name "Site Name":
  [36m<h2[39m
    [33mclass[39m=[32m"text-foreground text-lg font-semibold"[39m
    [33mdata-slot[39m=[32m"sheet-title"[39m
    [33mid[39m=[32m"radix-«r1e»"[39m
  [36m/>[39m

  --------------------------------------------------
  paragraph:

  Name "":
  [36m<p[39m
    [33mclass[39m=[32m"text-muted-foreground text-sm"[39m
    [33mdata-slot[39m=[32m"sheet-description"[39m
    [33mid[39m=[32m"radix-«r1f»"[39m
  [36m/>[39m

  --------------------------------------------------
  navigation:

  Name "Mobile navigation menu":
  [36m<nav[39m
    [33maria-label[39m=[32m"Mobile navigation menu"[39m
    [33mclass[39m=[32m"flex flex-col space-y-1"[39m
  [36m/>[39m

  --------------------------------------------------
  link:

  Name "Home":
  [36m<a[39m
    [33maria-current[39m=[32m"page"[39m
    [33mclass[39m=[32m"flex items-center rounded-md px-3 py-2 text-sm font-medium transition-colors duration-200 bg-accent text-accent-foreground"[39m
    [33mhref[39m=[32m"/"[39m
  [36m/>[39m

  Name "About":
  [36m<a[39m
    [33mclass[39m=[32m"flex items-center rounded-md px-3 py-2 text-sm font-medium transition-colors duration-200 text-muted-foreground hover:text-foreground hover:bg-accent/50"[39m
    [33mhref[39m=[32m"/about"[39m
  [36m/>[39m

  Name "Products":
  [36m<a[39m
    [33mclass[39m=[32m"flex items-center rounded-md px-3 py-2 text-sm font-medium transition-colors duration-200 text-muted-foreground hover:text-foreground hover:bg-accent/50"[39m
    [33mhref[39m=[32m"/products"[39m
  [36m/>[39m

  Name "Blog":
  [36m<a[39m
    [33mclass[39m=[32m"flex items-center rounded-md px-3 py-2 text-sm font-medium transition-colors duration-200 text-muted-foreground hover:text-foreground hover:bg-accent/50"[39m
    [33mhref[39m=[32m"/blog"[39m
  [36m/>[39m

  --------------------------------------------------
  button:

  Name "✕ Close":
  [36m<button[39m
    [33mclass[39m=[32m"ring-offset-background focus:ring-ring data-[state=open]:bg-secondary absolute top-4 right-4 rounded-xs opacity-70 transition-opacity hover:opacity-100 focus:ring-2 focus:ring-offset-2 focus:outline-hidden disabled:pointer-events-none"[39m
    [33mtype[39m=[32m"button"[39m
  [36m/>[39m

  --------------------------------------------------

Ignored nodes: comments, script, style
[36m<body[39m
  [33mdata-scroll-locked[39m=[32m"1"[39m
  [33mstyle[39m=[32m"pointer-events: none;"[39m
[36m>[39m
  [36m<span[39m
    [33maria-hidden[39m=[32m"true"[39m
    [33mdata-aria-hidden[39m=[32m"true"[39m
    [33mdata-radix-focus-guard[39m=[32m""[39m
    [33mstyle[39m=[32m"outline: none; opacity: 0; position: fixed; pointer-events: none;"[39m
    [33mtabindex[39m=[32m"0"[39m
  [36m/>[39m
  [36m<div[39m
    [33maria-hidden[39m=[32m"true"[39m
    [33mdata-aria-hidden[39m=[32m"true"[39m
    [33mid[39m=[32m"test-container"[39m
  [36m/>[39m
  [36m<div[39m
    [33maria-hidden[39m=[32m"true"[39m
    [33mdata-aria-hidden[39m=[32m"true"[39m
  [36m>[39m
    [36m<div[39m
      [33mclass[39m=[32m"md:hidden"[39m
    [36m>[39m
      [36m<button[39m
        [33maria-controls[39m=[32m"mobile-navigation"[39m
        [33maria-expanded[39m=[32m"true"[39m
        [33maria-haspopup[39m=[32m"dialog"[39m
        [33maria-label[39m=[32m"Toggle mobile menu"[39m
        [33mclass[39m=[32m"focus-visible:border-ring focus-visible:ring-ring/50 aria-invalid:ring-destructive/20 dark:aria-invalid:ring-destructive/40 aria-invalid:border-destructive inline-flex shrink-0 items-center justify-center gap-2 rounded-md text-sm font-medium whitespace-nowrap transition-all outline-none focus-visible:ring-[3px] disabled:pointer-events-none disabled:opacity-50 [&_svg]:pointer-events-none [&_svg]:shrink-0 [&_svg:not([class*='size-'])]:size-4 hover:bg-accent hover:text-accent-foreground dark:hover:bg-accent/50 size-9 relative"[39m
        [33mdata-slot[39m=[32m"sheet-trigger"[39m
        [33mdata-state[39m=[32m"open"[39m
        [33mtype[39m=[32m"button"[39m
      [36m>[39m
        [36m<span[39m
          [33mdata-testid[39m=[32m"menu-icon"[39m
        [36m>[39m
          [0m☰[0m
        [36m</span>[39m
        [36m<span[39m
          [33mclass[39m=[32m"sr-only"[39m
        [36m>[39m
          [0mClose menu[0m
        [36m</span>[39m
      [36m</button>[39m
    [36m</div>[39m
  [36m</div>[39m
  [36m<div[39m
    [33maria-hidden[39m=[32m"true"[39m
    [33mclass[39m=[32m"data-[state=open]:animate-in data-[state=closed]:animate-out data-[state=closed]:fade-out-0 data-[state=open]:fade-in-0 fixed inset-0 z-50 bg-black/50"[39m
    [33mdata-aria-hidden[39m=[32m"true"[39m
    [33mdata-slot[39m=[32m"sheet-overlay"[39m
    [33mdata-state[39m=[32m"open"[39m
    [33mstyle[39m=[32m"pointer-events: auto;"[39m
  [36m/>[39m
  [36m<div[39m
    [33maria-labelledby[39m=[32m"radix-«r1e»"[39m
    [33mclass[39m=[32m"bg-background data-[state=open]:animate-in data-[state=closed]:animate-out fixed z-50 flex flex-col gap-4 p-6 shadow-lg transition ease-in-out data-[state=closed]:duration-300 data-[state=open]:duration-500 data-[state=closed]:slide-out-to-left data-[state=open]:slide-in-from-left inset-y-0 left-0 h-full border-r sm:max-w-sm w-[300px] sm:w-[350px]"[39m
    [33mdata-side[39m=[32m"left"[39m
    [33mdata-slot[39m=[32m"sheet-content"[39m
    [33mdata-state[39m=[32m"open"[39m
    [33mid[39m=[32m"mobile-navigation"[39m
    [33mrole[39m=[32m"dialog"[39m
    [33mstyle[39m=[32m"pointer-events: auto;"[39m
    [33mtabindex[39m=[32m"-1"[39m
  [36m>[39m
    [36m<div[39m
      [33mclass[39m=[32m"flex flex-col gap-1.5 p-4 text-left"[39m
      [33mdata-slot[39m=[32m"sheet-header"[39m
    [36m>[39m
      [36m<h2[39m
        [33mclass[39m=[32m"text-foreground text-lg font-semibold"[39m
        [33mdata-slot[39m=[32m"sheet-title"[39m
        [33mid[39m=[32m"radix-«r1e»"[39m
      [36m>[39m
        [0mSite Name[0m
      [36m</h2>[39m
      [36m<p[39m
        [33mclass[39m=[32m"text-muted-foreground text-sm"[39m
        [33mdata-slot[39m=[32m"sheet-description"[39m
        [33mid[39m=[32m"radix-«r1f»"[39m
      [36m>[39m
        [0mSite Description[0m
      [36m</p>[39m
    [36m</div>[39m
    [36m<div[39m
      [33mclass[39m=[32m"bg-border shrink-0 h-[1px] w-full my-4"[39m
    [36m/>[39m
    [36m<nav[39m
      [33maria-label[39m=[32m"Mobile navigation menu"[39m
      [33mclass[39m=[32m"flex flex-col space-y-1"[39m
    [36m>[39m
      [36m<a[39m
        [33maria-current[39m=[32m"page"[39m
        [33mclass[39m=[32m"flex items-center rounded-md px-3 py-2 text-sm font-medium transition-colors duration-200 bg-accent text-accent-foreground"[39m
        [33mhref[39m=[32m"/"[39m
      [36m>[39m
        [0mHome[0m
      [36m</a>[39m
      [36m<a[39m
        [33mclass[39m=[32m"flex items-center rounded-md px-3 py-2 text-sm font-medium transition-colors duration-200 text-muted-foreground hover:text-foreground hover:bg-accent/50"[39m
        [33mhref[39m=[32m"/about"[39m
      [36m>[39m
        [0mAbout[0m
      [36m</a>[39m
      [36m<a[39m
        [33mclass[39m=[32m"flex items-center rounded-md px-3 py-2 text-sm font-medium transition-colors duration-200 text-muted-foreground hover:text-foreground hover:bg-accent/50"[39m
        [33mhref[39m=[32m"/products"[39m
      [36m>[39m
        [0mProducts[0m
      [36m</a>[39m
      [36m<a[39m
        [33mclass[39m=[32m"flex items-center rounded-md px-3 py-2 text-sm font-medium transition-colors duration-200 text-muted-foreground hover:text-foreground hover:bg-accent/50"[39m
        [33mhref[39m=[32m"/blog"[39m
      [36m>[39m
        [0mBlog[0m
      [36m</a>[39m
    [36m</nav>[39m
    [36m<button[39m
      [33mclass[39m=[32m"ring-offset-background focus:ring-ring data-[state=open]:bg-secondary absolute top-4 right-4 rounded-xs opacity-70 transition-opacity hover:opacity-100 focus:ring-2 focus:ring-offset-2 focus:outline-hidden disabled:pointer-events-none"[39m
      [33mtype[39m=[32m"button"[39m
    [36m>[39m
      [36m<span[39m
        [33mdata-testid[39m=[32m"x-icon"[39m
      [36m>[39m
        [0m✕[0m
      [36m</span>[39m
      [36m<span[39m
        [33mclass[39m=[32m"sr-only"[39m
      [36m>[39m
        [0mClose[0m
      [36m</span>[39m
    [36m</button>[39m
  [36m</div>[39m
  [36m<span[39m
    [33maria-hidden[39m=[32m"true"[39m
    [33mdata-aria-hidden[39m=[32m"true"[39m
    [33mdata-radix-focus-guard[39m=[32m""[39m
    [33mstyle[39m=[32m"outline: none; opacity: 0; position: fixed; pointer-events: none;"[39m
    [33mtabindex[39m=[32m"0"[39m
  [36m/>[39m
[36m</body>[39m
 ✓ src/components/layout/__tests__/mobile-navigation-items-accessibility-core.test.tsx > Mobile Navigation - Core Tests > Translation Integration > should handle missing translations gracefully 10ms 60 MB heap used
 × src/components/layout/__tests__/mobile-navigation-items-accessibility-core.test.tsx > Mobile Navigation - Core Tests > Error Handling > should handle missing pathname gracefully 12ms 63 MB heap used
   → expected [ <a href="/" …(2)></a>, …(3) ] to have a length of 5 but got 4
 ✓ src/components/layout/__tests__/mobile-navigation-items-accessibility-core.test.tsx > Mobile Navigation - Core Tests > Error Handling > should handle translation function errors 4ms 64 MB heap used
 ✓ src/components/layout/__tests__/mobile-navigation-responsive.test.tsx > Mobile Navigation Responsive - Main Tests > 基本响应式测试 > maintains performance during animations 172ms 65 MB heap used
 × src/components/layout/__tests__/mobile-navigation-responsive.test.tsx > Mobile Navigation Responsive - Main Tests > 基本响应式测试 > closes menu when pathname changes 47ms 69 MB heap used
   → [2mexpect([22m[31melement[39m[2m).toHaveAttribute([22m[32m[32m"aria-expanded"[32m[39m[2m, [22m[32m[32m"false"[32m[39m[2m) // element.getAttribute("aria-expanded") === "false"[22m

Expected the element to have attribute:
[32m  aria-expanded="false"[39m
Received:
[31m  null[39m
 × src/components/layout/__tests__/mobile-navigation-responsive.test.tsx > Mobile Navigation Responsive - Main Tests > 基本响应式测试 > updates active navigation item on route change 20ms 75 MB heap used
   → Unable to find an accessible element with the role "link" and name "About"

Here are the accessible roles:

  button:

  Name "Toggle mobile menu":
  [36m<button[39m
    [33maria-controls[39m=[32m"mobile-navigation"[39m
    [33maria-expanded[39m=[32m"false"[39m
    [33maria-haspopup[39m=[32m"dialog"[39m
    [33maria-label[39m=[32m"Toggle mobile menu"[39m
    [33mclass[39m=[32m"focus-visible:border-ring focus-visible:ring-ring/50 aria-invalid:ring-destructive/20 dark:aria-invalid:ring-destructive/40 aria-invalid:border-destructive inline-flex shrink-0 items-center justify-center gap-2 rounded-md text-sm font-medium whitespace-nowrap transition-all outline-none focus-visible:ring-[3px] disabled:pointer-events-none disabled:opacity-50 [&_svg]:pointer-events-none [&_svg]:shrink-0 [&_svg:not([class*='size-'])]:size-4 hover:bg-accent hover:text-accent-foreground dark:hover:bg-accent/50 size-9 relative"[39m
    [33mdata-slot[39m=[32m"sheet-trigger"[39m
    [33mdata-state[39m=[32m"closed"[39m
    [33mtype[39m=[32m"button"[39m
  [36m/>[39m

  --------------------------------------------------

Ignored nodes: comments, script, style
[36m<body[39m
  [33mstyle[39m=[32m""[39m
[36m>[39m
  [36m<div[39m
    [33mid[39m=[32m"test-container"[39m
  [36m/>[39m
  [36m<div>[39m
    [36m<div[39m
      [33mclass[39m=[32m"md:hidden"[39m
    [36m>[39m
      [36m<button[39m
        [33maria-controls[39m=[32m"mobile-navigation"[39m
        [33maria-expanded[39m=[32m"false"[39m
        [33maria-haspopup[39m=[32m"dialog"[39m
        [33maria-label[39m=[32m"Toggle mobile menu"[39m
        [33mclass[39m=[32m"focus-visible:border-ring focus-visible:ring-ring/50 aria-invalid:ring-destructive/20 dark:aria-invalid:ring-destructive/40 aria-invalid:border-destructive inline-flex shrink-0 items-center justify-center gap-2 rounded-md text-sm font-medium whitespace-nowrap transition-all outline-none focus-visible:ring-[3px] disabled:pointer-events-none disabled:opacity-50 [&_svg]:pointer-events-none [&_svg]:shrink-0 [&_svg:not([class*='size-'])]:size-4 hover:bg-accent hover:text-accent-foreground dark:hover:bg-accent/50 size-9 relative"[39m
        [33mdata-slot[39m=[32m"sheet-trigger"[39m
        [33mdata-state[39m=[32m"closed"[39m
        [33mtype[39m=[32m"button"[39m
      [36m>[39m
        [36m<span[39m
          [33mdata-testid[39m=[32m"menu-icon"[39m
        [36m>[39m
          [0m☰[0m
        [36m</span>[39m
        [36m<span[39m
          [33mclass[39m=[32m"sr-only"[39m
        [36m>[39m
          [0mOpen menu[0m
        [36m</span>[39m
      [36m</button>[39m
    [36m</div>[39m
  [36m</div>[39m
[36m</body>[39m
 ✓ src/components/layout/__tests__/mobile-navigation-responsive.test.tsx > Mobile Navigation Responsive - Main Tests > 基本响应式测试 > handles complex route patterns 8ms 78 MB heap used
 × src/components/layout/__tests__/mobile-navigation-responsive.test.tsx > Mobile Navigation Responsive - Main Tests > 基本响应式测试 > handles route changes during open state 12ms 52 MB heap used
   → [2mexpect([22m[31melement[39m[2m).toHaveAttribute([22m[32m[32m"aria-expanded"[32m[39m[2m, [22m[32m[32m"false"[32m[39m[2m) // element.getAttribute("aria-expanded") === "false"[22m

Expected the element to have attribute:
[32m  aria-expanded="false"[39m
Received:
[31m  null[39m
 ✓ src/components/layout/__tests__/mobile-navigation-responsive.test.tsx > Mobile Navigation Responsive - Main Tests > 基本响应式测试 > maintains navigation state across route changes 5ms 54 MB heap used
 ✓ src/components/layout/__tests__/mobile-navigation-responsive.test.tsx > Mobile Navigation Responsive - Main Tests > 错误处理验证 > handles rapid interactions efficiently 38ms 66 MB heap used
 ✓ src/components/layout/__tests__/mobile-navigation-responsive.test.tsx > Mobile Navigation Responsive - Main Tests > 错误处理验证 > optimizes re-renders 4ms 68 MB heap used
 ✓ src/components/layout/__tests__/mobile-navigation-responsive.test.tsx > Mobile Navigation Responsive - Main Tests > 错误处理验证 > handles memory efficiently 2ms 68 MB heap used
 ✓ src/components/layout/__tests__/mobile-navigation-responsive.test.tsx > Mobile Navigation Responsive - Main Tests > 错误处理验证 > works without modern CSS features 2ms 69 MB heap used
 ✓ src/components/layout/__tests__/mobile-navigation-responsive.test.tsx > Mobile Navigation Responsive - Main Tests > 错误处理验证 > handles missing viewport meta tag 2ms 70 MB heap used
 ✓ src/components/layout/__tests__/mobile-navigation-basic-core.test.tsx > Mobile Navigation - Basic Core Tests > 基本渲染功能 > renders mobile navigation trigger 50ms 74 MB heap used
 ✓ src/components/layout/__tests__/mobile-navigation-basic-core.test.tsx > Mobile Navigation - Basic Core Tests > 基本渲染功能 > renders with menu icon initially 3ms 75 MB heap used
 ✓ src/components/layout/__tests__/mobile-navigation-basic-core.test.tsx > Mobile Navigation - Basic Core Tests > 基本渲染功能 > has proper accessibility attributes 4ms 76 MB heap used
 ✓ src/components/layout/__tests__/mobile-navigation-basic-core.test.tsx > Mobile Navigation - Basic Core Tests > 基本渲染功能 > applies default styling classes 5ms 77 MB heap used
 ✓ src/components/layout/__tests__/mobile-navigation-basic-core.test.tsx > Mobile Navigation - Basic Core Tests > 基本渲染功能 > supports custom className 3ms 79 MB heap used
 ✓ src/components/layout/__tests__/mobile-navigation-basic-core.test.tsx > Mobile Navigation - Basic Core Tests > 基本渲染功能 > renders without navigation items initially 2ms 79 MB heap used
 ✓ src/components/layout/__tests__/mobile-navigation-basic-core.test.tsx > Mobile Navigation - Basic Core Tests > 基本渲染功能 > has correct button type 3ms 80 MB heap used
 ✓ src/components/layout/__tests__/mobile-navigation-basic-core.test.tsx > Mobile Navigation - Basic Core Tests > 基本渲染功能 > renders with proper semantic structure 3ms 81 MB heap used
 ✓ src/components/layout/__tests__/mobile-navigation-basic-core.test.tsx > Mobile Navigation - Basic Core Tests > 基本渲染功能 > handles component mounting correctly 2ms 82 MB heap used
 ✓ src/components/layout/__tests__/mobile-navigation-basic-core.test.tsx > Mobile Navigation - Basic Core Tests > 基本渲染功能 > maintains consistent initial state 5ms 84 MB heap used
 ✓ src/components/layout/__tests__/mobile-navigation-basic.test.tsx > Mobile Navigation - Main Tests > 核心功能验证 > renders mobile navigation trigger 56ms 74 MB heap used
 ✓ src/components/layout/__tests__/mobile-navigation-basic.test.tsx > Mobile Navigation - Main Tests > 核心功能验证 > renders with menu icon initially 5ms 75 MB heap used
 ✓ src/components/layout/__tests__/mobile-navigation-basic.test.tsx > Mobile Navigation - Main Tests > 核心功能验证 > has proper accessibility attributes 7ms 76 MB heap used
 ✓ src/components/layout/__tests__/mobile-navigation-basic.test.tsx > Mobile Navigation - Main Tests > 核心功能验证 > applies default styling classes 5ms 78 MB heap used
 ✓ src/components/layout/__tests__/mobile-navigation-basic.test.tsx > Mobile Navigation - Main Tests > 核心功能验证 > supports custom className 5ms 79 MB heap used
 ✓ src/components/layout/__tests__/mobile-navigation-basic.test.tsx > Mobile Navigation - Main Tests > 核心功能验证 > renders without navigation items initially 3ms 79 MB heap used
 ✓ src/components/layout/__tests__/mobile-navigation-basic.test.tsx > Mobile Navigation - Main Tests > 核心功能验证 > has correct button type 4ms 80 MB heap used
 ✓ src/components/layout/__tests__/mobile-navigation-basic.test.tsx > Mobile Navigation - Main Tests > 核心功能验证 > renders with proper semantic structure 3ms 81 MB heap used
 ✓ src/components/layout/__tests__/mobile-navigation-basic.test.tsx > Mobile Navigation - Main Tests > 核心功能验证 > handles component mounting correctly 3ms 83 MB heap used
 ✓ src/components/layout/__tests__/mobile-navigation-basic.test.tsx > Mobile Navigation - Main Tests > 核心功能验证 > maintains consistent initial state 6ms 84 MB heap used
 ✓ src/components/layout/__tests__/mobile-navigation-edge-cases-core.test.tsx > Mobile Navigation - 核心边界情况测试 > 基础错误处理 > 优雅处理缺失的翻译 26ms 46 MB heap used
 ✓ src/components/layout/__tests__/mobile-navigation-edge-cases-core.test.tsx > Mobile Navigation - 核心边界情况测试 > 基础错误处理 > 优雅处理未定义的路径名 3ms 47 MB heap used
 ✓ src/components/layout/__tests__/mobile-navigation-edge-cases-core.test.tsx > Mobile Navigation - 核心边界情况测试 > 基础错误处理 > 处理翻译函数错误 3ms 47 MB heap used
 ✓ src/components/layout/__tests__/mobile-navigation-edge-cases-core.test.tsx > Mobile Navigation - 核心边界情况测试 > 基础错误处理 > 处理空翻译值 3ms 48 MB heap used
 ✓ src/components/layout/__tests__/mobile-navigation-edge-cases-core.test.tsx > Mobile Navigation - 核心边界情况测试 > 基础错误处理 > 处理空翻译字符串 2ms 49 MB heap used
 ✓ src/components/layout/__tests__/mobile-navigation-basic-core.test.tsx > Mobile Navigation - Basic Core Tests > 菜单切换功能 > opens menu when trigger is clicked 41ms 47 MB heap used
 ✓ src/components/layout/__tests__/mobile-navigation-basic-core.test.tsx > Mobile Navigation - Basic Core Tests > 菜单切换功能 > shows close icon when menu is open 19ms 50 MB heap used
 ✓ src/components/layout/__tests__/mobile-navigation-basic-core.test.tsx > Mobile Navigation - Basic Core Tests > 菜单切换功能 > updates aria-label when menu opens 16ms 54 MB heap used
 ✓ src/components/layout/__tests__/mobile-navigation-basic-core.test.tsx > Mobile Navigation - Basic Core Tests > 菜单切换功能 > closes menu when trigger is clicked again 18ms 57 MB heap used
 ✓ src/components/layout/__tests__/mobile-navigation-basic-core.test.tsx > Mobile Navigation - Basic Core Tests > 菜单切换功能 > shows menu icon when menu is closed 3ms 58 MB heap used
 × src/components/layout/__tests__/mobile-navigation-basic-core.test.tsx > Mobile Navigation - Basic Core Tests > 菜单切换功能 > displays navigation items when menu is open 21ms 63 MB heap used
   → Unable to find an element with the text: Diagnostics. This could be because the text is broken up by multiple elements. In this case, you can provide a function for your text matcher to make your matcher more flexible.

Ignored nodes: comments, script, style
[36m<body[39m
  [33mdata-scroll-locked[39m=[32m"1"[39m
  [33mstyle[39m=[32m"pointer-events: none;"[39m
[36m>[39m
  [36m<span[39m
    [33maria-hidden[39m=[32m"true"[39m
    [33mdata-aria-hidden[39m=[32m"true"[39m
    [33mdata-radix-focus-guard[39m=[32m""[39m
    [33mstyle[39m=[32m"outline: none; opacity: 0; position: fixed; pointer-events: none;"[39m
    [33mtabindex[39m=[32m"0"[39m
  [36m/>[39m
  [36m<div[39m
    [33maria-hidden[39m=[32m"true"[39m
    [33mdata-aria-hidden[39m=[32m"true"[39m
    [33mid[39m=[32m"test-container"[39m
  [36m/>[39m
  [36m<div[39m
    [33maria-hidden[39m=[32m"true"[39m
    [33mdata-aria-hidden[39m=[32m"true"[39m
  [36m>[39m
    [36m<div[39m
      [33mclass[39m=[32m"md:hidden"[39m
    [36m>[39m
      [36m<button[39m
        [33maria-controls[39m=[32m"mobile-navigation"[39m
        [33maria-expanded[39m=[32m"true"[39m
        [33maria-haspopup[39m=[32m"dialog"[39m
        [33maria-label[39m=[32m"Toggle mobile menu"[39m
        [33mclass[39m=[32m"focus-visible:border-ring focus-visible:ring-ring/50 aria-invalid:ring-destructive/20 dark:aria-invalid:ring-destructive/40 aria-invalid:border-destructive inline-flex shrink-0 items-center justify-center gap-2 rounded-md text-sm font-medium whitespace-nowrap transition-all outline-none focus-visible:ring-[3px] disabled:pointer-events-none disabled:opacity-50 [&_svg]:pointer-events-none [&_svg]:shrink-0 [&_svg:not([class*='size-'])]:size-4 hover:bg-accent hover:text-accent-foreground dark:hover:bg-accent/50 size-9 relative"[39m
        [33mdata-slot[39m=[32m"sheet-trigger"[39m
        [33mdata-state[39m=[32m"open"[39m
        [33mtype[39m=[32m"button"[39m
      [36m>[39m
        [36m<span[39m
          [33mdata-testid[39m=[32m"menu-icon"[39m
        [36m>[39m
          [0m☰[0m
        [36m</span>[39m
        [36m<span[39m
          [33mclass[39m=[32m"sr-only"[39m
        [36m>[39m
          [0mClose menu[0m
        [36m</span>[39m
      [36m</button>[39m
    [36m</div>[39m
  [36m</div>[39m
  [36m<div[39m
    [33maria-hidden[39m=[32m"true"[39m
    [33mclass[39m=[32m"data-[state=open]:animate-in data-[state=closed]:animate-out data-[state=closed]:fade-out-0 data-[state=open]:fade-in-0 fixed inset-0 z-50 bg-black/50"[39m
    [33mdata-aria-hidden[39m=[32m"true"[39m
    [33mdata-slot[39m=[32m"sheet-overlay"[39m
    [33mdata-state[39m=[32m"open"[39m
    [33mstyle[39m=[32m"pointer-events: auto;"[39m
  [36m/>[39m
  [36m<div[39m
    [33maria-labelledby[39m=[32m"radix-«r1e»"[39m
    [33mclass[39m=[32m"bg-background data-[state=open]:animate-in data-[state=closed]:animate-out fixed z-50 flex flex-col gap-4 p-6 shadow-lg transition ease-in-out data-[state=closed]:duration-300 data-[state=open]:duration-500 data-[state=closed]:slide-out-to-left data-[state=open]:slide-in-from-left inset-y-0 left-0 h-full border-r sm:max-w-sm w-[300px] sm:w-[350px]"[39m
    [33mdata-side[39m=[32m"left"[39m
    [33mdata-slot[39m=[32m"sheet-content"[39m
    [33mdata-state[39m=[32m"open"[39m
    [33mid[39m=[32m"mobile-navigation"[39m
    [33mrole[39m=[32m"dialog"[39m
    [33mstyle[39m=[32m"pointer-events: auto;"[39m
    [33mtabindex[39m=[32m"-1"[39m
  [36m>[39m
    [36m<div[39m
      [33mclass[39m=[32m"flex flex-col gap-1.5 p-4 text-left"[39m
      [33mdata-slot[39m=[32m"sheet-header"[39m
    [36m>[39m
      [36m<h2[39m
        [33mclass[39m=[32m"text-foreground text-lg font-semibold"[39m
        [33mdata-slot[39m=[32m"sheet-title"[39m
        [33mid[39m=[32m"radix-«r1e»"[39m
      [36m>[39m
        [0mSite Name[0m
      [36m</h2>[39m
      [36m<p[39m
        [33mclass[39m=[32m"text-muted-foreground text-sm"[39m
        [33mdata-slot[39m=[32m"sheet-description"[39m
        [33mid[39m=[32m"radix-«r1f»"[39m
      [36m>[39m
        [0mSite Description[0m
      [36m</p>[39m
    [36m</div>[39m
    [36m<div[39m
      [33mclass[39m=[32m"bg-border shrink-0 h-[1px] w-full my-4"[39m
    [36m/>[39m
    [36m<nav[39m
      [33maria-label[39m=[32m"Mobile navigation menu"[39m
      [33mclass[39m=[32m"flex flex-col space-y-1"[39m
    [36m>[39m
      [36m<a[39m
        [33maria-current[39m=[32m"page"[39m
        [33mclass[39m=[32m"flex items-center rounded-md px-3 py-2 text-sm font-medium transition-colors duration-200 bg-accent text-accent-foreground"[39m
        [33mhref[39m=[32m"/"[39m
      [36m>[39m
        [0mHome[0m
      [36m</a>[39m
      [36m<a[39m
        [33mclass[39m=[32m"flex items-center rounded-md px-3 py-2 text-sm font-medium transition-colors duration-200 text-muted-foreground hover:text-foreground hover:bg-accent/50"[39m
        [33mhref[39m=[32m"/about"[39m
      [36m>[39m
        [0mAbout[0m
      [36m</a>[39m
      [36m<a[39m
        [33mclass[39m=[32m"flex items-center rounded-md px-3 py-2 text-sm font-medium transition-colors duration-200 text-muted-foreground hover:text-foreground hover:bg-accent/50"[39m
        [33mhref[39m=[32m"/products"[39m
      [36m>[39m
        [0mProducts[0m
      [36m</a>[39m
      [36m<a[39m
        [33mclass[39m=[32m"flex items-center rounded-md px-3 py-2 text-sm font-medium transition-colors duration-200 text-muted-foreground hover:text-foreground hover:bg-accent/50"[39m
        [33mhref[39m=[32m"/blog"[39m
      [36m>[39m
        [0mBlog[0m
      [36m</a>[39m
    [36m</nav>[39m
    [36m<button[39m
      [33mclass[39m=[32m"ring-offset-background focus:ring-ring data-[state=open]:bg-secondary absolute top-4 right-4 rounded-xs opacity-70 transition-opacity hover:opacity-100 focus:ring-2 focus:ring-offset-2 focus:outline-hidden disabled:pointer-events-none"[39m
      [33mtype[39m=[32m"button"[39m
    [36m>[39m
      [36m<span[39m
        [33mdata-testid[39m=[32m"x-icon"[39m
      [36m>[39m
        [0m✕[0m
      [36m</span>[39m
      [36m<span[39m
        [33mclass[39m=[32m"sr-only"[39m
      [36m>[39m
        [0mClose[0m
      [36m</span>[39m
    [36m</button>[39m
  [36m</div>[39m
  [36m<span[39m
    [33maria-hidden[39m=[32m"true"[39m
    [33mdata-aria-hidden[39m=[32m"true"[39m
    [33mdata-radix-focus-guard[39m=[32m""[39m
    [33mstyle[39m=[32m"outline: none; opacity: 0; position: fixed; pointer-events: none;"[39m
    [33mtabindex[39m=[32m"0"[39m
  [36m/>[39m
[36m</body>[39m
 ✓ src/components/layout/__tests__/mobile-navigation-basic-core.test.tsx > Mobile Navigation - Basic Core Tests > 菜单切换功能 > hides navigation items when menu is closed 2ms 63 MB heap used
 ✓ src/components/layout/__tests__/mobile-navigation-basic-core.test.tsx > Mobile Navigation - Basic Core Tests > 菜单切换功能 > handles keyboard activation 14ms 66 MB heap used
 ✓ src/components/layout/__tests__/mobile-navigation-edge-cases-core.test.tsx > Mobile Navigation - 核心边界情况测试 > 基础边界情况 > 处理快速开关交互 67ms 58 MB heap used
 ✓ src/components/layout/__tests__/mobile-navigation-edge-cases-core.test.tsx > Mobile Navigation - 核心边界情况测试 > 基础边界情况 > 处理组件重新挂载 7ms 60 MB heap used
 ✓ src/components/layout/__tests__/mobile-navigation-edge-cases-core.test.tsx > Mobile Navigation - 核心边界情况测试 > 基础边界情况 > 处理打开状态下的属性变化 25ms 64 MB heap used
 ✓ src/components/layout/__tests__/mobile-navigation-edge-cases-core.test.tsx > Mobile Navigation - 核心边界情况测试 > 基础边界情况 > 防止内存泄漏 2ms 65 MB heap used
 ✓ src/components/layout/__tests__/mobile-navigation-edge-cases-core.test.tsx > Mobile Navigation - 核心边界情况测试 > 基础边界情况 > 处理并发状态更新 30ms 55 MB heap used
 ✓ src/components/layout/__tests__/mobile-navigation-edge-cases-core.test.tsx > Mobile Navigation - 核心边界情况测试 > 基础边界情况 > 处理多个实例 5ms 57 MB heap used
 ✓ src/components/layout/__tests__/mobile-navigation-edge-cases-core.test.tsx > Mobile Navigation - 核心边界情况测试 > 异常状态处理 > 处理无效的路径名格式 6ms 59 MB heap used
 ✓ src/components/layout/__tests__/mobile-navigation-edge-cases-core.test.tsx > Mobile Navigation - 核心边界情况测试 > 异常状态处理 > 处理翻译钩子失败 1ms 59 MB heap used
 × src/components/layout/__tests__/mobile-navigation-edge-cases-core.test.tsx > Mobile Navigation - 核心边界情况测试 > 异常状态处理 > 处理路径名钩子失败 4ms 60 MB heap used
   → expected [Function] to throw an error
 ✓ src/components/layout/__tests__/mobile-navigation-edge-cases-core.test.tsx > Mobile Navigation - 核心边界情况测试 > 异常状态处理 > 处理渲染中断 1ms 61 MB heap used
 ✓ src/components/layout/__tests__/mobile-navigation-edge-cases-core.test.tsx > Mobile Navigation - 核心边界情况测试 > 异常状态处理 > 处理无效的属性组合 2ms 62 MB heap used
 ✓ src/components/layout/__tests__/mobile-navigation-edge-cases-core.test.tsx > Mobile Navigation - 核心边界情况测试 > 状态恢复 > 从状态不一致中恢复 11ms 65 MB heap used
 ✓ src/components/layout/__tests__/mobile-navigation-edge-cases-core.test.tsx > Mobile Navigation - 核心边界情况测试 > 状态恢复 > 优雅处理缺失的DOM API 2ms 66 MB heap used
 ✓ src/components/layout/__tests__/mobile-navigation-basic-core.test.tsx > Mobile Navigation - Basic Core Tests > 菜单切换功能 > handles rapid toggle interactions 16ms 70 MB heap used
 ✓ src/components/layout/__tests__/mobile-navigation-basic-core.test.tsx > Mobile Navigation - Basic Core Tests > 菜单切换功能 > closes menu when clicking outside 14ms 73 MB heap used
 ✓ src/components/layout/__tests__/mobile-navigation-basic-core.test.tsx > Mobile Navigation - Basic Core Tests > 菜单切换功能 > handles component re-renders during open state 17ms 54 MB heap used
 ✓ src/components/layout/__tests__/mobile-navigation-basic-core.test.tsx > Mobile Navigation - Basic Core Tests > 组件生命周期 > handles mounting and unmounting correctly 2ms 55 MB heap used
 ✓ src/components/layout/__tests__/mobile-navigation-basic-core.test.tsx > Mobile Navigation - Basic Core Tests > 组件生命周期 > cleans up event listeners on unmount 1ms 56 MB heap used
 ✓ src/components/layout/__tests__/mobile-navigation-basic-core.test.tsx > Mobile Navigation - Basic Core Tests > 组件生命周期 > handles prop changes gracefully 4ms 57 MB heap used
 ✓ src/components/layout/__tests__/mobile-navigation-basic-core.test.tsx > Mobile Navigation - Basic Core Tests > 组件生命周期 > maintains performance with frequent re-renders 7ms 60 MB heap used
 ✓ src/components/layout/__tests__/mobile-navigation-basic.test.tsx > Mobile Navigation - Main Tests > 核心功能验证 > opens menu when trigger is clicked 28ms 67 MB heap used
 ✓ src/components/layout/__tests__/mobile-navigation-basic.test.tsx > Mobile Navigation - Main Tests > 核心功能验证 > shows close icon when menu is open 13ms 70 MB heap used
 ✓ src/components/layout/__tests__/mobile-navigation-basic.test.tsx > Mobile Navigation - Main Tests > 核心功能验证 > updates aria-label when menu opens 12ms 73 MB heap used
 ✓ src/components/layout/__tests__/mobile-navigation-basic.test.tsx > Mobile Navigation - Main Tests > 核心功能验证 > closes menu when trigger is clicked again 14ms 76 MB heap used
 ✓ src/components/layout/__tests__/mobile-navigation-basic.test.tsx > Mobile Navigation - Main Tests > 核心功能验证 > shows menu icon when menu is closed 16ms 80 MB heap used
 × src/components/layout/__tests__/mobile-navigation-basic.test.tsx > Mobile Navigation - Main Tests > 核心功能验证 > displays navigation items when menu is open 15ms 83 MB heap used
   → Unable to find an element with the text: Diagnostics. This could be because the text is broken up by multiple elements. In this case, you can provide a function for your text matcher to make your matcher more flexible.

Ignored nodes: comments, script, style
[36m<body[39m
  [33mdata-scroll-locked[39m=[32m"1"[39m
  [33mstyle[39m=[32m"pointer-events: none;"[39m
[36m>[39m
  [36m<span[39m
    [33maria-hidden[39m=[32m"true"[39m
    [33mdata-aria-hidden[39m=[32m"true"[39m
    [33mdata-radix-focus-guard[39m=[32m""[39m
    [33mstyle[39m=[32m"outline: none; opacity: 0; position: fixed; pointer-events: none;"[39m
    [33mtabindex[39m=[32m"0"[39m
  [36m/>[39m
  [36m<div[39m
    [33maria-hidden[39m=[32m"true"[39m
    [33mdata-aria-hidden[39m=[32m"true"[39m
    [33mid[39m=[32m"test-container"[39m
  [36m/>[39m
  [36m<div[39m
    [33maria-hidden[39m=[32m"true"[39m
    [33mdata-aria-hidden[39m=[32m"true"[39m
  [36m>[39m
    [36m<div[39m
      [33mclass[39m=[32m"md:hidden"[39m
    [36m>[39m
      [36m<button[39m
        [33maria-controls[39m=[32m"mobile-navigation"[39m
        [33maria-expanded[39m=[32m"true"[39m
        [33maria-haspopup[39m=[32m"dialog"[39m
        [33maria-label[39m=[32m"Toggle mobile menu"[39m
        [33mclass[39m=[32m"focus-visible:border-ring focus-visible:ring-ring/50 aria-invalid:ring-destructive/20 dark:aria-invalid:ring-destructive/40 aria-invalid:border-destructive inline-flex shrink-0 items-center justify-center gap-2 rounded-md text-sm font-medium whitespace-nowrap transition-all outline-none focus-visible:ring-[3px] disabled:pointer-events-none disabled:opacity-50 [&_svg]:pointer-events-none [&_svg]:shrink-0 [&_svg:not([class*='size-'])]:size-4 hover:bg-accent hover:text-accent-foreground dark:hover:bg-accent/50 size-9 relative"[39m
        [33mdata-slot[39m=[32m"sheet-trigger"[39m
        [33mdata-state[39m=[32m"open"[39m
        [33mtype[39m=[32m"button"[39m
      [36m>[39m
        [36m<span[39m
          [33mdata-testid[39m=[32m"menu-icon"[39m
        [36m>[39m
          [0m☰[0m
        [36m</span>[39m
        [36m<span[39m
          [33mclass[39m=[32m"sr-only"[39m
        [36m>[39m
          [0mClose menu[0m
        [36m</span>[39m
      [36m</button>[39m
    [36m</div>[39m
  [36m</div>[39m
  [36m<div[39m
    [33maria-hidden[39m=[32m"true"[39m
    [33mclass[39m=[32m"data-[state=open]:animate-in data-[state=closed]:animate-out data-[state=closed]:fade-out-0 data-[state=open]:fade-in-0 fixed inset-0 z-50 bg-black/50"[39m
    [33mdata-aria-hidden[39m=[32m"true"[39m
    [33mdata-slot[39m=[32m"sheet-overlay"[39m
    [33mdata-state[39m=[32m"open"[39m
    [33mstyle[39m=[32m"pointer-events: auto;"[39m
  [36m/>[39m
  [36m<div[39m
    [33maria-labelledby[39m=[32m"radix-«r1e»"[39m
    [33mclass[39m=[32m"bg-background data-[state=open]:animate-in data-[state=closed]:animate-out fixed z-50 flex flex-col gap-4 p-6 shadow-lg transition ease-in-out data-[state=closed]:duration-300 data-[state=open]:duration-500 data-[state=closed]:slide-out-to-left data-[state=open]:slide-in-from-left inset-y-0 left-0 h-full border-r sm:max-w-sm w-[300px] sm:w-[350px]"[39m
    [33mdata-side[39m=[32m"left"[39m
    [33mdata-slot[39m=[32m"sheet-content"[39m
    [33mdata-state[39m=[32m"open"[39m
    [33mid[39m=[32m"mobile-navigation"[39m
    [33mrole[39m=[32m"dialog"[39m
    [33mstyle[39m=[32m"pointer-events: auto;"[39m
    [33mtabindex[39m=[32m"-1"[39m
  [36m>[39m
    [36m<div[39m
      [33mclass[39m=[32m"flex flex-col gap-1.5 p-4 text-left"[39m
      [33mdata-slot[39m=[32m"sheet-header"[39m
    [36m>[39m
      [36m<h2[39m
        [33mclass[39m=[32m"text-foreground text-lg font-semibold"[39m
        [33mdata-slot[39m=[32m"sheet-title"[39m
        [33mid[39m=[32m"radix-«r1e»"[39m
      [36m>[39m
        [0mSite Name[0m
      [36m</h2>[39m
      [36m<p[39m
        [33mclass[39m=[32m"text-muted-foreground text-sm"[39m
        [33mdata-slot[39m=[32m"sheet-description"[39m
        [33mid[39m=[32m"radix-«r1f»"[39m
      [36m>[39m
        [0mSite Description[0m
      [36m</p>[39m
    [36m</div>[39m
    [36m<div[39m
      [33mclass[39m=[32m"bg-border shrink-0 h-[1px] w-full my-4"[39m
    [36m/>[39m
    [36m<nav[39m
      [33maria-label[39m=[32m"Mobile navigation menu"[39m
      [33mclass[39m=[32m"flex flex-col space-y-1"[39m
    [36m>[39m
      [36m<a[39m
        [33maria-current[39m=[32m"page"[39m
        [33mclass[39m=[32m"flex items-center rounded-md px-3 py-2 text-sm font-medium transition-colors duration-200 bg-accent text-accent-foreground"[39m
        [33mhref[39m=[32m"/"[39m
      [36m>[39m
        [0mHome[0m
      [36m</a>[39m
      [36m<a[39m
        [33mclass[39m=[32m"flex items-center rounded-md px-3 py-2 text-sm font-medium transition-colors duration-200 text-muted-foreground hover:text-foreground hover:bg-accent/50"[39m
        [33mhref[39m=[32m"/about"[39m
      [36m>[39m
        [0mAbout[0m
      [36m</a>[39m
      [36m<a[39m
        [33mclass[39m=[32m"flex items-center rounded-md px-3 py-2 text-sm font-medium transition-colors duration-200 text-muted-foreground hover:text-foreground hover:bg-accent/50"[39m
        [33mhref[39m=[32m"/products"[39m
      [36m>[39m
        [0mProducts[0m
      [36m</a>[39m
      [36m<a[39m
        [33mclass[39m=[32m"flex items-center rounded-md px-3 py-2 text-sm font-medium transition-colors duration-200 text-muted-foreground hover:text-foreground hover:bg-accent/50"[39m
        [33mhref[39m=[32m"/blog"[39m
      [36m>[39m
        [0mBlog[0m
      [36m</a>[39m
    [36m</nav>[39m
    [36m<button[39m
      [33mclass[39m=[32m"ring-offset-background focus:ring-ring data-[state=open]:bg-secondary absolute top-4 right-4 rounded-xs opacity-70 transition-opacity hover:opacity-100 focus:ring-2 focus:ring-offset-2 focus:outline-hidden disabled:pointer-events-none"[39m
      [33mtype[39m=[32m"button"[39m
    [36m>[39m
      [36m<span[39m
        [33mdata-testid[39m=[32m"x-icon"[39m
      [36m>[39m
        [0m✕[0m
      [36m</span>[39m
      [36m<span[39m
        [33mclass[39m=[32m"sr-only"[39m
      [36m>[39m
        [0mClose[0m
      [36m</span>[39m
    [36m</button>[39m
  [36m</div>[39m
  [36m<span[39m
    [33maria-hidden[39m=[32m"true"[39m
    [33mdata-aria-hidden[39m=[32m"true"[39m
    [33mdata-radix-focus-guard[39m=[32m""[39m
    [33mstyle[39m=[32m"outline: none; opacity: 0; position: fixed; pointer-events: none;"[39m
    [33mtabindex[39m=[32m"0"[39m
  [36m/>[39m
[36m</body>[39m
 ✓ src/components/layout/__tests__/mobile-navigation-basic.test.tsx > Mobile Navigation - Main Tests > 核心功能验证 > hides navigation items when menu is closed 12ms 87 MB heap used
 ✓ src/components/layout/__tests__/mobile-navigation-basic.test.tsx > Mobile Navigation - Main Tests > 核心功能验证 > handles keyboard activation 24ms 47 MB heap used
 ✓ src/components/layout/__tests__/mobile-navigation-basic.test.tsx > Mobile Navigation - Main Tests > 核心功能验证 > handles rapid toggle interactions 17ms 52 MB heap used
 ✓ src/components/layout/__tests__/mobile-navigation-basic.test.tsx > Mobile Navigation - Main Tests > 核心功能验证 > closes menu when clicking outside 9ms 55 MB heap used
 ✓ src/components/layout/__tests__/mobile-navigation-basic.test.tsx > Mobile Navigation - Main Tests > 核心功能验证 > closes menu with Escape key 25ms 59 MB heap used
 ✓ src/components/layout/__tests__/mobile-navigation-basic.test.tsx > Mobile Navigation - Main Tests > 错误处理验证 > handles mounting and unmounting correctly 3ms 60 MB heap used
 ✓ src/components/layout/__tests__/mobile-navigation-basic.test.tsx > Mobile Navigation - Main Tests > 错误处理验证 > cleans up event listeners on unmount 2ms 60 MB heap used
 ✓ src/components/layout/__tests__/mobile-navigation-basic.test.tsx > Mobile Navigation - Main Tests > 错误处理验证 > handles prop changes gracefully 4ms 62 MB heap used
 ✓ src/components/layout/__tests__/mobile-navigation-basic.test.tsx > Mobile Navigation - Main Tests > 错误处理验证 > maintains performance with frequent re-renders 8ms 64 MB heap used
 × tests/integration/components/language-toggle.test.tsx > LanguageToggle Integration Tests > Complete Language Switching Workflow > should complete full language switch from English to Chinese 14ms 58 MB heap used
   → [vitest] No "Globe" export is defined on the "lucide-react" mock. Did you forget to return it from "vi.mock"?
If you need to partially mock a module, you can use "importOriginal" helper inside:

 × tests/integration/components/language-toggle.test.tsx > LanguageToggle Integration Tests > Complete Language Switching Workflow > should handle language switch from Chinese to English 2ms 59 MB heap used
   → [vitest] No "Globe" export is defined on the "lucide-react" mock. Did you forget to return it from "vi.mock"?
If you need to partially mock a module, you can use "importOriginal" helper inside:

 ✓ tests/integration/components/language-toggle.test.tsx > LanguageToggle Integration Tests > Loading States Integration > should show loading state during transition 9ms 60 MB heap used
 ✓ tests/integration/components/language-toggle.test.tsx > LanguageToggle Integration Tests > Loading States Integration > should show individual language loading indicators 3ms 61 MB heap used
 × tests/integration/components/language-toggle.test.tsx > LanguageToggle Integration Tests > Internationalization Integration > should use correct translations for interface elements 1ms 62 MB heap used
   → [vitest] No "Globe" export is defined on the "lucide-react" mock. Did you forget to return it from "vi.mock"?
If you need to partially mock a module, you can use "importOriginal" helper inside:

 × tests/integration/components/language-toggle.test.tsx > LanguageToggle Integration Tests > Internationalization Integration > should handle missing translations gracefully 3ms 63 MB heap used
   → expected [Function] to not throw an error but 'Error: [vitest] No "Globe" export is …' was thrown
 × tests/integration/components/language-toggle.test.tsx > LanguageToggle Integration Tests > Navigation Integration > should preserve current pathname during language switch 1ms 64 MB heap used
   → [vitest] No "Globe" export is defined on the "lucide-react" mock. Did you forget to return it from "vi.mock"?
If you need to partially mock a module, you can use "importOriginal" helper inside:

 × tests/integration/components/language-toggle.test.tsx > LanguageToggle Integration Tests > Navigation Integration > should handle complex pathnames with parameters 1ms 64 MB heap used
   → [vitest] No "Globe" export is defined on the "lucide-react" mock. Did you forget to return it from "vi.mock"?
If you need to partially mock a module, you can use "importOriginal" helper inside:

 × tests/integration/components/language-toggle.test.tsx > LanguageToggle Integration Tests > Accessibility Integration > should provide proper ARIA labels and roles 1ms 65 MB heap used
   → [vitest] No "Globe" export is defined on the "lucide-react" mock. Did you forget to return it from "vi.mock"?
If you need to partially mock a module, you can use "importOriginal" helper inside:

 × tests/integration/components/language-toggle.test.tsx > LanguageToggle Integration Tests > Accessibility Integration > should support keyboard navigation 1ms 65 MB heap used
   → [vitest] No "Globe" export is defined on the "lucide-react" mock. Did you forget to return it from "vi.mock"?
If you need to partially mock a module, you can use "importOriginal" helper inside:

 × tests/integration/components/language-toggle.test.tsx > LanguageToggle Integration Tests > Error Recovery Integration > should handle locale detection errors gracefully 1ms 66 MB heap used
   → expected [Function] to not throw an error but 'Error: [vitest] No "Globe" export is …' was thrown
 × tests/integration/components/language-toggle.test.tsx > LanguageToggle Integration Tests > Error Recovery Integration > should handle pathname errors gracefully 1ms 67 MB heap used
   → expected [Function] to not throw an error but 'Error: [vitest] No "Globe" export is …' was thrown
 × tests/integration/components/language-toggle.test.tsx > LanguageToggle Integration Tests > Error Recovery Integration > should handle transition errors gracefully 1ms 67 MB heap used
   → [vitest] No "Globe" export is defined on the "lucide-react" mock. Did you forget to return it from "vi.mock"?
If you need to partially mock a module, you can use "importOriginal" helper inside:

 × src/components/layout/__tests__/header.test.tsx > Header Component > Default Header > renders all navigation components 29ms 49 MB heap used
   → Unable to find an element by: [data-testid="language-switcher"]

Ignored nodes: comments, script, style
[36m<body>[39m
  [36m<div[39m
    [33mid[39m=[32m"test-container"[39m
  [36m/>[39m
  [36m<div>[39m
    [36m<header[39m
      [33mclass[39m=[32m"bg-background/95 supports-[backdrop-filter]:bg-background/60 w-full border-b backdrop-blur sticky top-0 z-50"[39m
    [36m>[39m
      [36m<div[39m
        [33mclass[39m=[32m"container mx-auto px-4"[39m
      [36m>[39m
        [36m<div[39m
          [33mclass[39m=[32m"flex h-16 items-center justify-between"[39m
        [36m>[39m
          [36m<div[39m
            [33mclass[39m=[32m"flex items-center gap-4"[39m
          [36m>[39m
            [36m<nav[39m
              [33mdata-testid[39m=[32m"mobile-navigation"[39m
            [36m>[39m
              [0mMobile Navigation[0m
            [36m</nav>[39m
            [36m<div[39m
              [33mdata-testid[39m=[32m"logo"[39m
            [36m>[39m
              [0mLogo[0m
            [36m</div>[39m
          [36m</div>[39m
          [36m<nav[39m
            [33mdata-testid[39m=[32m"main-navigation"[39m
          [36m>[39m
            [0mMain Navigation[0m
          [36m</nav>[39m
          [36m<div[39m
            [33mclass[39m=[32m"flex items-center gap-2"[39m
          [36m>[39m
            [36m<button[39m
              [33maria-expanded[39m=[32m"false"[39m
              [33maria-haspopup[39m=[32m"menu"[39m
              [33mclass[39m=[32m"focus-visible:border-ring focus-visible:ring-ring/50 aria-invalid:ring-destructive/20 dark:aria-invalid:ring-destructive/40 aria-invalid:border-destructive inline-flex shrink-0 items-center justify-center gap-2 rounded-md text-sm font-medium whitespace-nowrap transition-all outline-none focus-visible:ring-[3px] disabled:pointer-events-none disabled:opacity-50 [&_svg]:pointer-events-none [&_svg]:shrink-0 [&_svg:not([class*='size-'])]:size-4 bg-background hover:bg-accent hover:text-accent-foreground dark:bg-input/30 dark:border-input dark:hover:bg-input/50 border shadow-xs size-9"[39m
              [33mdata-slot[39m=[32m"dropdown-menu-trigger"[39m
              [33mdata-state[39m=[32m"closed"[39m
              [33mdata-testid[39m=[32m"language-toggle-button"[39m
              [33mid[39m=[32m"radix-«r0»"[39m
              [33mtype[39m=[32m"button"[39m
            [36m>[39m
              [36m<svg[39m
                [33mclass[39m=[32m"h-[1.2rem] w-[1.2rem]"[39m
                [33mdata-testid[39m=[32m"globe-icon"[39m
                [33mfill[39m=[32m"none"[39m
                [33mheight[39m=[32m"24"[39m
                [33mstroke[39m=[32m"currentColor"[39m
                [33mstroke-linecap[39m=[32m"round"[39m
                [33mstroke-linejoin[39m=[32m"round"[39m
                [33mstroke-width[39m=[32m"2"[39m
                [33mviewBox[39m=[32m"0 0 24 24"[39m
                [33mwidth[39m=[32m"24"[39m
              [36m/>[39m
              [36m<span[39m
                [33mclass[39m=[32m"sr-only"[39m
              [36m>[39m
                [0mtoggle[0m
              [36m</span>[39m
            [36m</button>[39m
          [36m</div>[39m
        [36m</div>[39m
      [36m</div>[39m
    [36m</header>[39m
  [36m</div>[39m
[36m</body>[39m
 ✓ src/components/layout/__tests__/header.test.tsx > Header Component > Default Header > applies default sticky positioning 28ms 53 MB heap used
 ✓ src/components/layout/__tests__/header.test.tsx > Header Component > Default Header > applies custom className when provided 4ms 55 MB heap used
 ✓ src/components/layout/__tests__/header.test.tsx > Header Component > Default Header > can disable sticky positioning 4ms 56 MB heap used
 ✓ src/components/layout/__tests__/header.test.tsx > Header Component > Header Variants > renders minimal variant correctly 4ms 57 MB heap used
 ✓ src/components/layout/__tests__/header.test.tsx > Header Component > Header Variants > renders transparent variant correctly 4ms 58 MB heap used
 ✓ src/components/layout/__tests__/header.test.tsx > Header Component > Header Variants > transparent variant ignores sticky prop 3ms 60 MB heap used
 ✓ src/components/layout/__tests__/header.test.tsx > Header Component > Convenience Components > HeaderMinimal renders with minimal variant 3ms 60 MB heap used
 ✓ src/components/layout/__tests__/header.test.tsx > Header Component > Convenience Components > HeaderTransparent renders with transparent variant 3ms 61 MB heap used
 ✓ src/components/layout/__tests__/header.test.tsx > Header Component > Convenience Components > convenience components accept className prop 3ms 62 MB heap used
 ✓ src/components/layout/__tests__/header.test.tsx > Header Component > Accessibility > has proper banner role 3ms 63 MB heap used
 ✓ src/components/layout/__tests__/header.test.tsx > Header Component > Accessibility > maintains focus management 3ms 64 MB heap used
 ✓ src/components/layout/__tests__/header.test.tsx > Header Component > Responsive Behavior > contains both desktop and mobile navigation 2ms 66 MB heap used
 × src/hooks/__tests__/use-theme-toggle.test.ts > useThemeToggle > initialization > should initialize with correct default values 16ms 53 MB heap used
   → [vitest] No "accessibilityManager" export is defined on the "@/lib/accessibility" mock. Did you forget to return it from "vi.mock"?
If you need to partially mock a module, you can use "importOriginal" helper inside:

 × src/hooks/__tests__/use-theme-toggle.test.ts > useThemeToggle > initialization > should provide all required functions 2ms 53 MB heap used
   → [vitest] No "accessibilityManager" export is defined on the "@/lib/accessibility" mock. Did you forget to return it from "vi.mock"?
If you need to partially mock a module, you can use "importOriginal" helper inside:

 × src/hooks/__tests__/use-theme-toggle.test.ts > useThemeToggle > initialization > should provide ARIA attributes 2ms 54 MB heap used
   → [vitest] No "accessibilityManager" export is defined on the "@/lib/accessibility" mock. Did you forget to return it from "vi.mock"?
If you need to partially mock a module, you can use "importOriginal" helper inside:

 × src/hooks/__tests__/use-theme-toggle.test.ts > useThemeToggle > mounted state handling > should use system theme when not mounted 2ms 55 MB heap used
   → [vitest] No "accessibilityManager" export is defined on the "@/lib/accessibility" mock. Did you forget to return it from "vi.mock"?
If you need to partially mock a module, you can use "importOriginal" helper inside:

 × src/hooks/__tests__/use-theme-toggle.test.ts > useThemeToggle > mounted state handling > should use actual theme when mounted 1ms 55 MB heap used
   → [vitest] No "accessibilityManager" export is defined on the "@/lib/accessibility" mock. Did you forget to return it from "vi.mock"?
If you need to partially mock a module, you can use "importOriginal" helper inside:

 × src/hooks/__tests__/use-theme-toggle.test.ts > useThemeToggle > mounted state handling > should handle undefined theme when mounted 1ms 56 MB heap used
   → [vitest] No "accessibilityManager" export is defined on the "@/lib/accessibility" mock. Did you forget to return it from "vi.mock"?
If you need to partially mock a module, you can use "importOriginal" helper inside:

 × src/hooks/__tests__/use-theme-toggle.test.ts > useThemeToggle > theme change handling > should handle theme change without event 1ms 57 MB heap used
   → [vitest] No "accessibilityManager" export is defined on the "@/lib/accessibility" mock. Did you forget to return it from "vi.mock"?
If you need to partially mock a module, you can use "importOriginal" helper inside:

 × src/hooks/__tests__/use-theme-toggle.test.ts > useThemeToggle > theme change handling > should handle theme change with click event 1ms 57 MB heap used
   → [vitest] No "accessibilityManager" export is defined on the "@/lib/accessibility" mock. Did you forget to return it from "vi.mock"?
If you need to partially mock a module, you can use "importOriginal" helper inside:

 × src/hooks/__tests__/use-theme-toggle.test.ts > useThemeToggle > theme change handling > should close dropdown after theme change 1ms 58 MB heap used
   → [vitest] No "accessibilityManager" export is defined on the "@/lib/accessibility" mock. Did you forget to return it from "vi.mock"?
If you need to partially mock a module, you can use "importOriginal" helper inside:

 × src/hooks/__tests__/use-theme-toggle.test.ts > useThemeToggle > theme change handling > should announce theme change after delay (normal motion) 2ms 58 MB heap used
   → [vitest] No "accessibilityManager" export is defined on the "@/lib/accessibility" mock. Did you forget to return it from "vi.mock"?
If you need to partially mock a module, you can use "importOriginal" helper inside:

 × src/hooks/__tests__/use-theme-toggle.test.ts > useThemeToggle > theme change handling > should announce theme change after reduced delay (reduced motion) 1ms 59 MB heap used
   → [vitest] No "accessibilityManager" export is defined on the "@/lib/accessibility" mock. Did you forget to return it from "vi.mock"?
If you need to partially mock a module, you can use "importOriginal" helper inside:

 × src/hooks/__tests__/use-theme-toggle.test.ts > useThemeToggle > keyboard navigation > should handle keyboard navigation 1ms 59 MB heap used
   → [vitest] No "accessibilityManager" export is defined on the "@/lib/accessibility" mock. Did you forget to return it from "vi.mock"?
If you need to partially mock a module, you can use "importOriginal" helper inside:

 × src/hooks/__tests__/use-theme-toggle.test.ts > useThemeToggle > keyboard navigation > should close dropdown on keyboard navigation 1ms 60 MB heap used
   → [vitest] No "accessibilityManager" export is defined on the "@/lib/accessibility" mock. Did you forget to return it from "vi.mock"?
If you need to partially mock a module, you can use "importOriginal" helper inside:

 × src/hooks/__tests__/use-theme-toggle.test.ts > useThemeToggle > state management > should toggle dropdown state 1ms 60 MB heap used
   → [vitest] No "accessibilityManager" export is defined on the "@/lib/accessibility" mock. Did you forget to return it from "vi.mock"?
If you need to partially mock a module, you can use "importOriginal" helper inside:

 × src/hooks/__tests__/use-theme-toggle.test.ts > useThemeToggle > state management > should update ARIA attributes when dropdown state changes 1ms 61 MB heap used
   → [vitest] No "accessibilityManager" export is defined on the "@/lib/accessibility" mock. Did you forget to return it from "vi.mock"?
If you need to partially mock a module, you can use "importOriginal" helper inside:

 × src/hooks/__tests__/use-theme-toggle.test.ts > useThemeToggle > accessibility preferences > should reflect reduced motion preference 1ms 61 MB heap used
   → [vitest] No "accessibilityManager" export is defined on the "@/lib/accessibility" mock. Did you forget to return it from "vi.mock"?
If you need to partially mock a module, you can use "importOriginal" helper inside:

 × src/hooks/__tests__/use-theme-toggle.test.ts > useThemeToggle > accessibility preferences > should reflect high contrast preference 1ms 62 MB heap used
   → [vitest] No "accessibilityManager" export is defined on the "@/lib/accessibility" mock. Did you forget to return it from "vi.mock"?
If you need to partially mock a module, you can use "importOriginal" helper inside:

 × src/hooks/__tests__/use-theme-toggle.test.ts > useThemeToggle > View Transitions support > should reflect View Transitions support 1ms 62 MB heap used
   → [vitest] No "accessibilityManager" export is defined on the "@/lib/accessibility" mock. Did you forget to return it from "vi.mock"?
If you need to partially mock a module, you can use "importOriginal" helper inside:

 × src/hooks/__tests__/use-theme-toggle.test.ts > useThemeToggle > edge cases > should handle multiple rapid theme changes 1ms 63 MB heap used
   → [vitest] No "accessibilityManager" export is defined on the "@/lib/accessibility" mock. Did you forget to return it from "vi.mock"?
If you need to partially mock a module, you can use "importOriginal" helper inside:

 × src/hooks/__tests__/use-theme-toggle.test.ts > useThemeToggle > edge cases > should handle theme change when accessibility functions fail 1ms 63 MB heap used
   → [vitest] No "accessibilityManager" export is defined on the "@/lib/accessibility" mock. Did you forget to return it from "vi.mock"?
If you need to partially mock a module, you can use "importOriginal" helper inside:

 × src/hooks/__tests__/use-theme-toggle.test.ts > useThemeToggle > edge cases > should handle keyboard navigation when handler fails 1ms 64 MB heap used
   → [vitest] No "accessibilityManager" export is defined on the "@/lib/accessibility" mock. Did you forget to return it from "vi.mock"?
If you need to partially mock a module, you can use "importOriginal" helper inside:

 ✓ src/config/__tests__/paths.test.ts > paths configuration > type definitions > should have valid Locale type 4ms 57 MB heap used
 ✓ src/config/__tests__/paths.test.ts > paths configuration > type definitions > should have valid PageType 1ms 57 MB heap used
 ✓ src/config/__tests__/paths.test.ts > paths configuration > type definitions > should have valid LocalizedPath structure 0ms 57 MB heap used
 ✓ src/config/__tests__/paths.test.ts > paths configuration > PATHS_CONFIG > should have all required page types 1ms 57 MB heap used
 ✓ src/config/__tests__/paths.test.ts > paths configuration > PATHS_CONFIG > should have both locales for each page type 1ms 57 MB heap used
 ✓ src/config/__tests__/paths.test.ts > paths configuration > PATHS_CONFIG > should have consistent path format 1ms 58 MB heap used
 ✓ src/config/__tests__/paths.test.ts > paths configuration > PATHS_CONFIG > should use standard paths for all languages 0ms 58 MB heap used
 ✓ src/config/__tests__/paths.test.ts > paths configuration > PATHS_CONFIG > should be readonly 1ms 58 MB heap used
 ✓ src/config/__tests__/paths.test.ts > paths configuration > LOCALES_CONFIG > should have correct locale configuration 1ms 59 MB heap used
 ✓ src/config/__tests__/paths.test.ts > paths configuration > LOCALES_CONFIG > should have valid prefixes 0ms 58 MB heap used
 ✓ src/config/__tests__/paths.test.ts > paths configuration > LOCALES_CONFIG > should have display names 0ms 58 MB heap used
 ✓ src/config/__tests__/paths.test.ts > paths configuration > LOCALES_CONFIG > should have time zones 0ms 59 MB heap used
 ✓ src/config/__tests__/paths.test.ts > paths configuration > LOCALES_CONFIG > should be readonly 0ms 59 MB heap used
 ✓ src/config/__tests__/paths.test.ts > paths configuration > SITE_CONFIG > should have basic site information 0ms 59 MB heap used
 ✓ src/config/__tests__/paths.test.ts > paths configuration > SITE_CONFIG > should use environment variable for baseUrl 1ms 59 MB heap used
 ✓ src/config/__tests__/paths.test.ts > paths configuration > SITE_CONFIG > should have SEO configuration 0ms 59 MB heap used
 ✓ src/config/__tests__/paths.test.ts > paths configuration > SITE_CONFIG > should have social media links 0ms 59 MB heap used
 ✓ src/config/__tests__/paths.test.ts > paths configuration > SITE_CONFIG > should have contact information 0ms 59 MB heap used
 ✓ src/config/__tests__/paths.test.ts > paths configuration > getLocalizedPath > should return correct path for valid page type and locale 0ms 59 MB heap used
 ✓ src/config/__tests__/paths.test.ts > paths configuration > getLocalizedPath > should throw error for invalid page type 0ms 59 MB heap used
 ✓ src/config/__tests__/paths.test.ts > paths configuration > getLocalizedPath > should throw error for invalid locale 0ms 59 MB heap used
 ✓ src/config/__tests__/paths.test.ts > paths configuration > getPathnames > should return all pathnames 0ms 60 MB heap used
 ✓ src/config/__tests__/paths.test.ts > paths configuration > getPathnames > should have consistent paths 0ms 60 MB heap used
 ✓ src/config/__tests__/paths.test.ts > paths configuration > getPageTypeFromPath > should return correct page type for valid paths 0ms 60 MB heap used
 ✓ src/config/__tests__/paths.test.ts > paths configuration > getPageTypeFromPath > should return null for invalid paths 0ms 60 MB heap used
 ✓ src/config/__tests__/paths.test.ts > paths configuration > getPageTypeFromPath > should work with both locales 0ms 60 MB heap used
 ✓ src/config/__tests__/paths.test.ts > paths configuration > validatePathsConfig > should validate current configuration as valid 0ms 60 MB heap used
 ✓ src/config/__tests__/paths.test.ts > paths configuration > validatePathsConfig > should detect missing locale paths 0ms 60 MB heap used
 ✓ src/config/__tests__/paths.test.ts > paths configuration > getSitemapConfig > should return valid sitemap configuration 0ms 60 MB heap used
 ✓ src/config/__tests__/paths.test.ts > paths configuration > getSitemapConfig > should exclude home page from localized paths 0ms 61 MB heap used
 ✓ src/config/__tests__/paths.test.ts > paths configuration > getSitemapConfig > should include other pages in localized paths 0ms 61 MB heap used
 ✓ src/config/__tests__/paths.test.ts > paths configuration > getRoutingConfig > should return valid routing configuration 0ms 61 MB heap used
 ✓ src/config/__tests__/paths.test.ts > paths configuration > getRoutingConfig > should have pathnames matching getPathnames 0ms 61 MB heap used
 ✓ src/config/__tests__/paths.test.ts > paths configuration > integration tests > should have consistent configuration across all functions 0ms 61 MB heap used
 ✓ src/config/__tests__/paths.test.ts > paths configuration > integration tests > should work with all page types and locales 0ms 61 MB heap used
 ✓ src/config/__tests__/paths.test.ts > paths configuration > 边缘情况和错误处理 > should handle empty string paths 0ms 61 MB heap used
 ✓ src/config/__tests__/paths.test.ts > paths configuration > 边缘情况和错误处理 > should handle paths with trailing slashes 0ms 61 MB heap used
 ✓ src/config/__tests__/paths.test.ts > paths configuration > 边缘情况和错误处理 > should handle paths with query parameters 0ms 61 MB heap used
 ✓ src/config/__tests__/paths.test.ts > paths configuration > 边缘情况和错误处理 > should handle case sensitivity 0ms 62 MB heap used
 ✓ src/config/__tests__/paths.test.ts > paths configuration > 边缘情况和错误处理 > should handle null and undefined inputs gracefully 0ms 62 MB heap used
 ✓ src/config/__tests__/paths.test.ts > paths configuration > 边缘情况和错误处理 > should handle extremely long paths 0ms 62 MB heap used
 ✓ src/config/__tests__/paths.test.ts > paths configuration > 边缘情况和错误处理 > should handle special characters in paths 0ms 62 MB heap used
 ✓ src/config/__tests__/paths.test.ts > paths configuration > 配置完整性验证 > should have all required properties in SITE_CONFIG 0ms 62 MB heap used
 ✓ src/config/__tests__/paths.test.ts > paths configuration > 配置完整性验证 > should have valid URL formats in social links 0ms 62 MB heap used
 ✓ src/config/__tests__/paths.test.ts > paths configuration > 配置完整性验证 > should have consistent locale configuration 0ms 62 MB heap used
 ✓ src/config/__tests__/paths.test.ts > paths configuration > 配置完整性验证 > should have valid email format in contact 0ms 63 MB heap used
 ✓ src/config/__tests__/paths.test.ts > paths configuration > 配置完整性验证 > should have valid phone format in contact 0ms 62 MB heap used
 ✓ src/config/__tests__/paths.test.ts > paths configuration > 性能和内存测试 > should handle repeated function calls efficiently 1ms 64 MB heap used
 ✓ src/config/__tests__/paths.test.ts > paths configuration > 性能和内存测试 > should not create memory leaks with repeated calls 6ms 76 MB heap used
 ✓ src/config/__tests__/paths.test.ts > paths configuration > 错误处理强化测试 > should throw specific error messages for invalid inputs 0ms 77 MB heap used
 ✓ src/config/__tests__/paths.test.ts > paths configuration > 错误处理强化测试 > should handle prototype pollution attempts 0ms 77 MB heap used
 ✓ src/config/__tests__/paths.test.ts > paths configuration > 错误处理强化测试 > should handle object property access edge cases 0ms 77 MB heap used
 ✓ src/config/__tests__/paths.test.ts > paths configuration > 配置验证深度测试 > should validate path uniqueness within locales 0ms 77 MB heap used
 ✓ src/config/__tests__/paths.test.ts > paths configuration > 配置验证深度测试 > should validate complete locale coverage 0ms 77 MB heap used
 ✓ src/config/__tests__/paths.test.ts > paths configuration > 配置验证深度测试 > should handle validation with edge case configurations 0ms 77 MB heap used
 × src/config/__tests__/paths.test.ts > paths configuration > 类型系统完整性测试 > should ensure all PageType values are covered in PATHS_CONFIG 3ms 78 MB heap used
   → expected [ 'home', 'about', 'contact', …(7) ] to include 'diagnostics'
 ✓ src/config/__tests__/paths.test.ts > paths configuration > 类型系统完整性测试 > should ensure all Locale values are supported 0ms 78 MB heap used
 ✓ src/i18n/__tests__/routing.test.ts > i18n Routing Configuration > 路由配置 > 应该定义正确的语言配置 4ms 42 MB heap used
 ✓ src/i18n/__tests__/routing.test.ts > i18n Routing Configuration > 路由配置 > 应该包含所有必要的路径名 1ms 42 MB heap used
 ✓ src/i18n/__tests__/routing.test.ts > i18n Routing Configuration > 路由配置 > 应该使用always模式的locale前缀 0ms 42 MB heap used
 ✓ src/i18n/__tests__/routing.test.ts > i18n Routing Configuration > 路由配置 > 应该启用alternateLinks 0ms 42 MB heap used
 ✓ src/i18n/__tests__/routing.test.ts > i18n Routing Configuration > 路由配置 > 应该启用localeDetection 0ms 43 MB heap used
 ✓ src/i18n/__tests__/routing.test.ts > i18n Routing Configuration > 导航函数创建 > 应该使用routing配置创建导航函数 1ms 43 MB heap used
 ✓ src/i18n/__tests__/routing.test.ts > i18n Routing Configuration > 导航函数创建 > 应该导出所有必要的导航函数 2ms 43 MB heap used
 ✓ src/i18n/__tests__/routing.test.ts > i18n Routing Configuration > 类型定义 > 应该正确定义Locale类型 1ms 43 MB heap used
 × src/i18n/__tests__/routing.test.ts > i18n Routing Configuration > 配置验证 > 应该导出路径配置验证函数 2ms 44 MB heap used
   → [vitest] No "validatePathsConfig" export is defined on the "@/i18n/routing" mock. Did you forget to return it from "vi.mock"?
If you need to partially mock a module, you can use "importOriginal" helper inside:

 ✓ src/i18n/__tests__/routing.test.ts > i18n Routing Configuration > 路径名配置 > 应该为所有路径使用相同的值（Shared Pathnames） 1ms 44 MB heap used
 ✓ src/i18n/__tests__/routing.test.ts > i18n Routing Configuration > 路径名配置 > 应该包含主要页面路径 0ms 44 MB heap used
 ✓ src/i18n/__tests__/routing.test.ts > i18n Routing Configuration > 路径名配置 > 应该包含功能页面路径 0ms 45 MB heap used
 ✓ src/i18n/__tests__/routing.test.ts > i18n Routing Configuration > 路径名配置 > 应该包含法律页面路径 0ms 45 MB heap used
 ✓ src/i18n/__tests__/routing.test.ts > i18n Routing Configuration > 语言配置 > 应该支持英文和中文 0ms 45 MB heap used
 ✓ src/i18n/__tests__/routing.test.ts > i18n Routing Configuration > 语言配置 > 应该将英文设为默认语言 0ms 45 MB heap used
 ✓ src/i18n/__tests__/routing.test.ts > i18n Routing Configuration > 语言配置 > 应该验证语言代码格式 0ms 45 MB heap used
 ✓ src/i18n/__tests__/routing.test.ts > i18n Routing Configuration > SEO配置 > 应该启用hreflang链接生成 0ms 46 MB heap used
 ✓ src/i18n/__tests__/routing.test.ts > i18n Routing Configuration > SEO配置 > 应该启用智能语言检测 0ms 46 MB heap used
 ✓ src/i18n/__tests__/routing.test.ts > i18n Routing Configuration > 边缘情况处理 > 应该处理空路径 0ms 46 MB heap used
 ✓ src/i18n/__tests__/routing.test.ts > i18n Routing Configuration > 边缘情况处理 > 应该处理所有路径都有前导斜杠 0ms 46 MB heap used
 ✓ src/i18n/__tests__/routing.test.ts > i18n Routing Configuration > 边缘情况处理 > 应该确保路径名一致性 0ms 46 MB heap used
 ✓ src/i18n/__tests__/routing.test.ts > i18n Routing Configuration > 配置完整性 > 应该包含所有必需的配置项 0ms 47 MB heap used
 ✓ src/i18n/__tests__/routing.test.ts > i18n Routing Configuration > 配置完整性 > 应该有合理的配置值 0ms 47 MB heap used
 ✓ src/lib/__tests__/navigation.test.ts > navigation > NavigationItem interface > should have valid NavigationItem structure 3ms 69 MB heap used
 × src/lib/__tests__/navigation.test.ts > navigation > mainNavigation > should have all required navigation items 3ms 70 MB heap used
   → expected [ 'home', 'about', 'products', 'blog' ] to include 'diagnostics'
 ✓ src/lib/__tests__/navigation.test.ts > navigation > mainNavigation > should have valid structure for all items 1ms 70 MB heap used
 ✓ src/lib/__tests__/navigation.test.ts > navigation > mainNavigation > should have home item pointing to root 0ms 70 MB heap used
 ✓ src/lib/__tests__/navigation.test.ts > navigation > mainNavigation > should have unique keys 0ms 70 MB heap used
 ✓ src/lib/__tests__/navigation.test.ts > navigation > mainNavigation > should have unique hrefs 0ms 70 MB heap used
 ✓ src/lib/__tests__/navigation.test.ts > navigation > mobileNavigation > should be the same as mainNavigation 0ms 70 MB heap used
 ✓ src/lib/__tests__/navigation.test.ts > navigation > isActivePath > should return true for exact root path match 0ms 70 MB heap used
 ✓ src/lib/__tests__/navigation.test.ts > navigation > isActivePath > should return false for root path when current path is not root 1ms 71 MB heap used
 ✓ src/lib/__tests__/navigation.test.ts > navigation > isActivePath > should return true for matching paths 0ms 71 MB heap used
 ✓ src/lib/__tests__/navigation.test.ts > navigation > isActivePath > should return true for sub-paths 0ms 71 MB heap used
 ✓ src/lib/__tests__/navigation.test.ts > navigation > isActivePath > should return false for non-matching paths 0ms 71 MB heap used
 ✓ src/lib/__tests__/navigation.test.ts > navigation > isActivePath > should handle paths with trailing slashes 0ms 71 MB heap used
 ✓ src/lib/__tests__/navigation.test.ts > navigation > isActivePath > should handle edge cases 1ms 71 MB heap used
 ✓ src/lib/__tests__/navigation.test.ts > navigation > isActivePath > should not match partial path segments 0ms 71 MB heap used
 ✓ src/lib/__tests__/navigation.test.ts > navigation > isActivePath > should handle item paths that already end with slash 1ms 71 MB heap used
 ✓ src/lib/__tests__/navigation.test.ts > navigation > getLocalizedHref > should return external URLs unchanged 0ms 71 MB heap used
 ✓ src/lib/__tests__/navigation.test.ts > navigation > getLocalizedHref > should return mailto links unchanged 0ms 71 MB heap used
 ✓ src/lib/__tests__/navigation.test.ts > navigation > getLocalizedHref > should return tel links unchanged 0ms 71 MB heap used
 ✓ src/lib/__tests__/navigation.test.ts > navigation > getLocalizedHref > should localize root path 1ms 72 MB heap used
 ✓ src/lib/__tests__/navigation.test.ts > navigation > getLocalizedHref > should localize internal paths 0ms 72 MB heap used
 ✓ src/lib/__tests__/navigation.test.ts > navigation > getLocalizedHref > should handle paths with query parameters 0ms 72 MB heap used
 ✓ src/lib/__tests__/navigation.test.ts > navigation > getLocalizedHref > should handle paths with hash fragments 0ms 72 MB heap used
 ✓ src/lib/__tests__/navigation.test.ts > navigation > NAVIGATION_BREAKPOINTS > should have all required breakpoints 0ms 72 MB heap used
 ✓ src/lib/__tests__/navigation.test.ts > navigation > NAVIGATION_BREAKPOINTS > should have ascending breakpoint values 1ms 72 MB heap used
 ✓ src/lib/__tests__/navigation.test.ts > navigation > NAVIGATION_BREAKPOINTS > should be readonly 1ms 72 MB heap used
 ✓ src/lib/__tests__/navigation.test.ts > navigation > NAVIGATION_ANIMATIONS > should have all required animation durations 1ms 72 MB heap used
 ✓ src/lib/__tests__/navigation.test.ts > navigation > NAVIGATION_ANIMATIONS > should have reasonable duration values 1ms 72 MB heap used
 ✓ src/lib/__tests__/navigation.test.ts > navigation > NAVIGATION_ANIMATIONS > should be readonly 0ms 72 MB heap used
 ✓ src/lib/__tests__/navigation.test.ts > navigation > NAVIGATION_ARIA > should have all required ARIA labels 0ms 73 MB heap used
 ✓ src/lib/__tests__/navigation.test.ts > navigation > NAVIGATION_ARIA > should have descriptive labels 0ms 73 MB heap used
 ✓ src/lib/__tests__/navigation.test.ts > navigation > NAVIGATION_ARIA > should be readonly 0ms 73 MB heap used
 ✓ src/lib/__tests__/navigation.test.ts > navigation > integration tests > should work with real navigation items 0ms 73 MB heap used
 ✓ src/lib/__tests__/navigation.test.ts > navigation > integration tests > should handle all navigation items correctly 0ms 73 MB heap used
 ✓ src/services/__tests__/url-generator.test.ts > URLGenerator > generatePageURL > should generate correct URL for home page in English 3ms 56 MB heap used
 ✓ src/services/__tests__/url-generator.test.ts > URLGenerator > generatePageURL > should generate correct URL for home page in Chinese 1ms 55 MB heap used
 ✓ src/services/__tests__/url-generator.test.ts > URLGenerator > generatePageURL > should generate correct URL for about page in English 0ms 56 MB heap used
 ✓ src/services/__tests__/url-generator.test.ts > URLGenerator > generatePageURL > should generate correct URL for about page in Chinese 0ms 56 MB heap used
 ✓ src/services/__tests__/url-generator.test.ts > URLGenerator > generatePageURL > should generate absolute URL when requested 0ms 56 MB heap used
 ✓ src/services/__tests__/url-generator.test.ts > URLGenerator > generatePageURL > should add trailing slash when requested 0ms 56 MB heap used
 ✓ src/services/__tests__/url-generator.test.ts > URLGenerator > generatePageURL > should exclude locale when requested 0ms 56 MB heap used
 ✓ src/services/__tests__/url-generator.test.ts > URLGenerator > generateCanonicalURL > should generate correct canonical URL for English pages 0ms 57 MB heap used
 ✓ src/services/__tests__/url-generator.test.ts > URLGenerator > generateCanonicalURL > should generate correct canonical URL for Chinese pages 0ms 57 MB heap used
 ✓ src/services/__tests__/url-generator.test.ts > URLGenerator > generateCanonicalURL > should generate correct canonical URL for home page 0ms 57 MB heap used
 ✓ src/services/__tests__/url-generator.test.ts > URLGenerator > generateLanguageAlternates > should generate alternates for all supported languages 1ms 56 MB heap used
 ✓ src/services/__tests__/url-generator.test.ts > URLGenerator > generateHreflangLinks > should generate hreflang links including x-default 1ms 57 MB heap used
 ✓ src/services/__tests__/url-generator.test.ts > URLGenerator > generateSitemapEntry > should generate complete sitemap entry 1ms 57 MB heap used
 ✓ src/services/__tests__/url-generator.test.ts > URLGenerator > generateSitemapEntry > should accept custom options 0ms 57 MB heap used
 × src/services/__tests__/url-generator.test.ts > URLGenerator > generateAllSitemapEntries > should generate entries for all pages and languages 5ms 57 MB heap used
   → expected [ { …(5) }, { …(5) }, { …(5) }, …(17) ] to have a length of 22 but got 20
 ✓ src/services/__tests__/url-generator.test.ts > URLGenerator > parseURLToPageInfo > should parse English URLs correctly 1ms 58 MB heap used
 ✓ src/services/__tests__/url-generator.test.ts > URLGenerator > parseURLToPageInfo > should parse Chinese URLs correctly 0ms 58 MB heap used
 ✓ src/services/__tests__/url-generator.test.ts > URLGenerator > parseURLToPageInfo > should parse home page URLs correctly 0ms 58 MB heap used
 ✓ src/services/__tests__/url-generator.test.ts > URLGenerator > parseURLToPageInfo > should handle invalid URLs 0ms 59 MB heap used
 ✓ src/services/__tests__/url-generator.test.ts > URLGenerator > parseURLToPageInfo > should handle URLs with query parameters 0ms 58 MB heap used
 ✓ src/services/__tests__/url-generator.test.ts > URLGenerator > isValidURL > should validate correct URLs 0ms 58 MB heap used
 ✓ src/services/__tests__/url-generator.test.ts > URLGenerator > isValidURL > should reject invalid URLs 0ms 58 MB heap used
 ✓ src/services/__tests__/url-generator.test.ts > URLGenerator > utility methods > should return correct base URL 0ms 58 MB heap used
 ✓ src/services/__tests__/url-generator.test.ts > URLGenerator > utility methods > should return supported locales 0ms 58 MB heap used
 ✓ src/services/__tests__/url-generator.test.ts > URLGenerator > utility methods > should return default locale 0ms 58 MB heap used
 ✓ src/services/__tests__/url-generator.test.ts > Exported functions > should work as standalone functions 0ms 59 MB heap used
 ✓ src/services/__tests__/url-generator.test.ts > Singleton instance > should provide a singleton instance 0ms 59 MB heap used
 ✓ src/services/__tests__/url-generator.test.ts > URLGeneratorOptions edge cases > should handle custom protocol and host 0ms 59 MB heap used
 ✓ src/services/__tests__/url-generator.test.ts > URLGeneratorOptions edge cases > should handle empty path with trailing slash 0ms 59 MB heap used
 ✓ src/services/__tests__/url-generator.test.ts > URLGeneratorOptions edge cases > should handle Chinese home page with trailing slash 0ms 59 MB heap used
 ✓ src/services/__tests__/url-generator.test.ts > URLGeneratorOptions edge cases > should handle absolute URL without custom host 0ms 59 MB heap used
 ✓ src/services/__tests__/url-generator.test.ts > URLGeneratorOptions edge cases > should handle all options combined 0ms 59 MB heap used
 ✓ src/services/__tests__/url-generator.test.ts > Error handling and edge cases > should handle URLs with multiple slashes 0ms 59 MB heap used
 ✓ src/services/__tests__/url-generator.test.ts > Error handling and edge cases > should handle URLs with only domain 0ms 59 MB heap used
 ✓ src/services/__tests__/url-generator.test.ts > Error handling and edge cases > should handle relative URLs in parseURLToPageInfo 0ms 59 MB heap used
 ✓ src/services/__tests__/url-generator.test.ts > Error handling and edge cases > should handle URLs with unsupported locale 0ms 60 MB heap used
 ✓ src/services/__tests__/url-generator.test.ts > Error handling and edge cases > should handle empty URL 0ms 61 MB heap used
 ✓ src/services/__tests__/url-generator.test.ts > Error handling and edge cases > should handle URL with only locale 0ms 60 MB heap used
 ✓ src/services/__tests__/url-generator.test.ts > Comprehensive sitemap generation > should generate sitemap entries with correct structure 3ms 61 MB heap used
 ✓ src/services/__tests__/url-generator.test.ts > Comprehensive sitemap generation > should have correct priorities for different page types 1ms 62 MB heap used
 ✓ src/lib/__tests__/tech-stack-data.test.ts > tech-stack-data > TechStackItem interface > should have valid TechStackItem structure 3ms 42 MB heap used
 ✓ src/lib/__tests__/tech-stack-data.test.ts > tech-stack-data > techStackData > should have tech stack items 1ms 42 MB heap used
 × src/lib/__tests__/tech-stack-data.test.ts > tech-stack-data > techStackData > should have all required properties for each item 2ms 42 MB heap used
   → expected '' to be truthy
 ✓ src/lib/__tests__/tech-stack-data.test.ts > tech-stack-data > techStackData > should have valid version formats 1ms 42 MB heap used
 ✓ src/lib/__tests__/tech-stack-data.test.ts > tech-stack-data > techStackData > should have valid URLs when provided 1ms 43 MB heap used
 ✓ src/lib/__tests__/tech-stack-data.test.ts > tech-stack-data > techStackData > should have valid categories 1ms 43 MB heap used
 ✓ src/lib/__tests__/tech-stack-data.test.ts > tech-stack-data > techStackData > should have unique names 0ms 43 MB heap used
 ✓ src/lib/__tests__/tech-stack-data.test.ts > tech-stack-data > techStackData > core framework items > should include Next.js 0ms 43 MB heap used
 ✓ src/lib/__tests__/tech-stack-data.test.ts > tech-stack-data > techStackData > core framework items > should include React 0ms 43 MB heap used
 ✓ src/lib/__tests__/tech-stack-data.test.ts > tech-stack-data > techStackData > core framework items > should include TypeScript 0ms 44 MB heap used
 ✓ src/lib/__tests__/tech-stack-data.test.ts > tech-stack-data > techStackData > UI system items > should include Tailwind CSS 0ms 44 MB heap used
 ✓ src/lib/__tests__/tech-stack-data.test.ts > tech-stack-data > techStackData > UI system items > should include shadcn/ui 0ms 44 MB heap used
 ✓ src/lib/__tests__/tech-stack-data.test.ts > tech-stack-data > techStackData > UI system items > should include Radix UI 0ms 44 MB heap used
 ✓ src/lib/__tests__/tech-stack-data.test.ts > tech-stack-data > techStackData > internationalization items > should include next-intl 0ms 44 MB heap used
 ✓ src/lib/__tests__/tech-stack-data.test.ts > tech-stack-data > techStackData > testing items > should include Jest 0ms 44 MB heap used
 ✓ src/lib/__tests__/tech-stack-data.test.ts > tech-stack-data > techStackData > testing items > should include Testing Library 0ms 44 MB heap used
 ✓ src/lib/__tests__/tech-stack-data.test.ts > tech-stack-data > techStackData > development tools > should include pnpm 0ms 44 MB heap used
 ✓ src/lib/__tests__/tech-stack-data.test.ts > tech-stack-data > techStackData > development tools > should include ESLint 0ms 44 MB heap used
 ✓ src/lib/__tests__/tech-stack-data.test.ts > tech-stack-data > techStackData > development tools > should include Prettier 0ms 44 MB heap used
 ✓ src/lib/__tests__/tech-stack-data.test.ts > tech-stack-data > techStackData > deployment and infrastructure > should include Vercel 0ms 45 MB heap used
 ✓ src/lib/__tests__/tech-stack-data.test.ts > tech-stack-data > techStackCategories > should have all required categories 0ms 45 MB heap used
 ✓ src/lib/__tests__/tech-stack-data.test.ts > tech-stack-data > techStackCategories > should have Chinese descriptions for all categories 1ms 45 MB heap used
 ✓ src/lib/__tests__/tech-stack-data.test.ts > tech-stack-data > techStackCategories > should be readonly 1ms 45 MB heap used
 × src/lib/__tests__/tech-stack-data.test.ts > tech-stack-data > techStackCategories > should have specific category mappings 1ms 45 MB heap used
   → expected 'core' to be '核心框架' // Object.is equality
 ✓ src/lib/__tests__/tech-stack-data.test.ts > tech-stack-data > TechStackCategory type > should include all category keys 0ms 46 MB heap used
 ✓ src/lib/__tests__/tech-stack-data.test.ts > tech-stack-data > data consistency > should have all categories used in data 0ms 46 MB heap used
 ✓ src/lib/__tests__/tech-stack-data.test.ts > tech-stack-data > data consistency > should have items for most categories 0ms 46 MB heap used
 ✓ src/lib/__tests__/tech-stack-data.test.ts > tech-stack-data > data consistency > should have reasonable distribution across categories 0ms 46 MB heap used
 ✓ src/lib/__tests__/tech-stack-data.test.ts > tech-stack-data > version tracking > should track major framework versions 0ms 46 MB heap used
 ✓ src/lib/__tests__/tech-stack-data.test.ts > tech-stack-data > version tracking > should have consistent version format 0ms 46 MB heap used
 ✓ src/lib/__tests__/accessibility-manager-core.test.ts > AccessibilityManager Core Tests > Constants > should export THEME_ANNOUNCEMENTS with correct structure 4ms 36 MB heap used
 ✓ src/lib/__tests__/accessibility-manager-core.test.ts > AccessibilityManager Core Tests > Constants > should export KEYBOARD_KEYS with correct values 1ms 36 MB heap used
 ✓ src/lib/__tests__/accessibility-manager-core.test.ts > AccessibilityManager Core Tests > AccessibilityManager Constructor > should create instance with default config 1ms 37 MB heap used
 ✓ src/lib/__tests__/accessibility-manager-core.test.ts > AccessibilityManager Core Tests > AccessibilityManager Constructor > should create live region on initialization 1ms 37 MB heap used
 ✓ src/lib/__tests__/accessibility-manager-core.test.ts > AccessibilityManager Core Tests > AccessibilityManager Constructor > should handle SSR environment gracefully 1ms 37 MB heap used
 × src/lib/__tests__/accessibility-manager-core.test.ts > AccessibilityManager Core Tests > announceThemeChange > should announce theme change with correct message 3ms 38 MB heap used
   → expected 'Switched to light mode' to be '已切换到明亮模式' // Object.is equality
 × src/lib/__tests__/accessibility-manager-core.test.ts > AccessibilityManager Core Tests > announceThemeChange > should clear message after delay 1ms 38 MB heap used
   → expected 'Switched to dark mode' to be '已切换到深色模式' // Object.is equality
 × src/lib/__tests__/accessibility-manager-core.test.ts > AccessibilityManager Core Tests > announceSwitching > should announce switching message 1ms 39 MB heap used
   → expected 'Switching theme...' to be '正在切换主题...' // Object.is equality
 × src/lib/__tests__/accessibility-manager-core.test.ts > AccessibilityManager Core Tests > announceSwitching > should clear switching message after delay 1ms 39 MB heap used
   → expected 'Switching theme...' to be '正在切换主题...' // Object.is equality
 ✓ src/lib/__tests__/accessibility-manager-core.test.ts > AccessibilityManager Core Tests > cleanup > should remove live region from DOM 1ms 39 MB heap used
 ✓ src/lib/__tests__/accessibility-manager-core.test.ts > AccessibilityManager Core Tests > cleanup > should handle cleanup errors gracefully 1ms 40 MB heap used
stderr | src/components/ui/__tests__/label-validation-scenarios.test.tsx > Label Validation Scenarios Tests > Validation Integration > works with form libraries integration
An update to FormWithLibrary inside a test was not wrapped in act(...).

When testing, code that causes React state updates should be wrapped into act(...):

act(() => {
  /* fire events that update state */
});
/* assert on the output */

This ensures that you're testing the behavior the user would see in the browser. Learn more at https://react.dev/link/wrap-tests-with-act

 ✓ src/lib/__tests__/i18n-validation-edge-cases.test.ts > I18n Validation - Edge Cases Tests > Edge cases > should handle empty translation files 4ms 64 MB heap used
 ✓ src/lib/__tests__/i18n-validation-edge-cases.test.ts > I18n Validation - Edge Cases Tests > Edge cases > should handle missing locale files 1ms 64 MB heap used
 ✓ src/lib/__tests__/i18n-validation-edge-cases.test.ts > I18n Validation - Edge Cases Tests > Edge cases > should handle malformed translation data 1ms 65 MB heap used
 ✓ src/components/ui/__tests__/label-validation-scenarios.test.tsx > Label Validation Scenarios Tests > Validation Integration > handles form state management 121ms 41 MB heap used
 ✓ src/components/ui/__tests__/label-validation-scenarios.test.tsx > Label Validation Scenarios Tests > Validation Integration > works with form libraries integration 10ms 42 MB heap used
 ✓ src/lib/__tests__/i18n-validation-edge-cases.test.ts > I18n Validation - Edge Cases Tests > Edge cases > should handle circular references 174ms 130 MB heap used
 ✓ src/lib/__tests__/i18n-validation-edge-cases.test.ts > I18n Validation - Edge Cases Tests > Edge cases > should handle extremely deep nesting 1ms 130 MB heap used
 ✓ src/lib/__tests__/i18n-validation-edge-cases.test.ts > I18n Validation - Edge Cases Tests > Edge cases > should handle special characters and unicode 1ms 130 MB heap used
 ✓ src/lib/__tests__/i18n-validation-edge-cases.test.ts > I18n Validation - Edge Cases Tests > Edge cases > should handle null and undefined values 0ms 131 MB heap used
 ✓ src/lib/__tests__/i18n-validation-edge-cases.test.ts > I18n Validation - Edge Cases Tests > Edge cases > should handle very long translation strings 0ms 131 MB heap used
 ✓ src/lib/__tests__/i18n-validation-edge-cases.test.ts > I18n Validation - Edge Cases Tests > Edge cases > should handle mixed data types gracefully 1ms 132 MB heap used
 ✓ src/lib/__tests__/i18n-validation-edge-cases.test.ts > I18n Validation - Edge Cases Tests > Edge cases > should handle concurrent validation calls 1ms 133 MB heap used
 ✓ src/lib/__tests__/i18n-validation-edge-cases.test.ts > I18n Validation - Edge Cases Tests > Edge cases > should handle memory pressure scenarios 171ms 129 MB heap used
 ✓ src/components/ui/__tests__/label-validation-scenarios.test.tsx > Label Validation Scenarios Tests > Validation Integration > handles complex validation scenarios 138ms 55 MB heap used
 ✓ src/components/i18n/__tests__/enhanced-locale-switcher-language-switching-core.test.tsx > Enhanced Locale Switcher - 核心语言切换功能 > 基础语言选项 > 渲染所有可用的语言选项 70ms 72 MB heap used
 ✓ src/components/i18n/__tests__/enhanced-locale-switcher-language-switching-core.test.tsx > Enhanced Locale Switcher - 核心语言切换功能 > 基础语言选项 > 显示正确的语言选项结构 24ms 45 MB heap used
 ✓ src/components/i18n/__tests__/enhanced-locale-switcher-language-switching-core.test.tsx > Enhanced Locale Switcher - 核心语言切换功能 > 基础语言选项 > 为当前语言显示选中图标 16ms 51 MB heap used
 ✓ src/components/i18n/__tests__/enhanced-locale-switcher-language-switching-core.test.tsx > Enhanced Locale Switcher - 核心语言切换功能 > 基础语言切换 > 点击语言选项时调用router.push 25ms 58 MB heap used
 ✓ src/components/i18n/__tests__/enhanced-locale-switcher-language-switching-core.test.tsx > Enhanced Locale Switcher - 核心语言切换功能 > 基础语言切换 > 切换语言时保持路径名 23ms 65 MB heap used
 ✓ src/components/i18n/__tests__/enhanced-locale-switcher-language-switching-core.test.tsx > Enhanced Locale Switcher - 核心语言切换功能 > 基础语言切换 > 语言选择后关闭下拉菜单 23ms 48 MB heap used
 ✓ src/components/i18n/__tests__/enhanced-locale-switcher-language-switching-core.test.tsx > Enhanced Locale Switcher - 核心语言切换功能 > 基础语言切换 > 阻止切换到当前语言 22ms 55 MB heap used
 ✓ src/components/i18n/__tests__/enhanced-locale-switcher-language-switching-core.test.tsx > Enhanced Locale Switcher - 核心语言切换功能 > URL构建 > 为不同语言构建正确的URL 66ms 54 MB heap used
 ✓ src/components/i18n/__tests__/enhanced-locale-switcher-language-switching-core.test.tsx > Enhanced Locale Switcher - 核心语言切换功能 > URL构建 > 正确处理空路径名 22ms 61 MB heap used
 ✓ src/components/i18n/__tests__/enhanced-locale-switcher-language-switching-core.test.tsx > Enhanced Locale Switcher - 核心语言切换功能 > 错误处理 > 优雅处理语言切换过程中的错误 15ms 66 MB heap used
 ✓ src/components/ui/__tests__/tabs-integration.test.tsx > Tabs Integration and Edge Cases > Integration > works with complex tab structure 98ms 74 MB heap used
 ✓ src/components/ui/__tests__/label-validation-scenarios.test.tsx > Label Validation Scenarios Tests > Validation Integration > handles async validation 548ms 60 MB heap used
 ✓ src/components/ui/__tests__/label-validation-scenarios.test.tsx > Label Validation Scenarios Tests > Validation Integration > handles conditional validation 64ms 67 MB heap used
 ✓ src/components/ui/__tests__/tabs-integration.test.tsx > Tabs Integration and Edge Cases > Integration > handles form interactions within tabs 148ms 58 MB heap used
 ✓ src/components/ui/__tests__/tabs-integration.test.tsx > Tabs Integration and Edge Cases > Edge Cases > handles tabs without content 4ms 59 MB heap used
 ✓ src/components/ui/__tests__/tabs-integration.test.tsx > Tabs Integration and Edge Cases > Edge Cases > handles tabs with only whitespace content 3ms 60 MB heap used
 ✓ src/components/ui/__tests__/tabs-integration.test.tsx > Tabs Integration and Edge Cases > Edge Cases > handles rapid tab switching 40ms 66 MB heap used
 ✓ src/components/ui/__tests__/tabs-integration.test.tsx > Tabs Integration and Edge Cases > Edge Cases > handles tabs with identical content 4ms 67 MB heap used
 ✓ src/components/ui/__tests__/tabs-integration.test.tsx > Tabs Integration and Edge Cases > Edge Cases > handles single tab 3ms 68 MB heap used
 ✓ src/components/ui/__tests__/tabs-integration.test.tsx > Tabs Integration and Edge Cases > Edge Cases > handles empty tabs list 3ms 69 MB heap used
 ✓ src/components/ui/__tests__/label-form-integration.test.tsx > Label Form Integration Tests - Index > Basic Form Integration > works in complete form structure 176ms 43 MB heap used
 ✓ src/components/ui/__tests__/label-form-integration.test.tsx > Label Form Integration Tests - Index > Basic Form Integration > handles form validation with labels 11ms 45 MB heap used
 ✓ src/components/ui/__tests__/label-form-integration.test.tsx > Label Form Integration Tests - Index > Basic Form Integration > works with fieldset and legend 5ms 46 MB heap used
 ✓ src/components/ui/__tests__/label-form-basic-integration-core.test.tsx > Label Form Basic Integration - Advanced Tests > 高级表单集成场景 > handles complex multi-step form scenarios 98ms 45 MB heap used
 ✓ src/components/ui/__tests__/label-form-integration.test.tsx > Label Form Integration Tests - Index > Basic Form Integration > supports different input types 19ms 50 MB heap used
 ✓ src/components/ui/__tests__/label-form-integration.test.tsx > Label Form Integration Tests - Index > Basic Form Integration > handles checkbox and radio inputs 36ms 56 MB heap used
 ✓ src/components/ui/__tests__/label-form-integration.test.tsx > Label Form Integration Tests - Index > Basic Form Integration > works with controlled components 28ms 59 MB heap used
 ✓ src/components/ui/__tests__/label-form-integration.test.tsx > Label Form Integration Tests - Index > Basic Form Integration > handles form submission with preventDefault 31ms 63 MB heap used
 ✓ src/components/ui/__tests__/label-form-basic-integration-core.test.tsx > Label Form Basic Integration - Advanced Tests > 高级表单集成场景 > handles performance optimization in complex forms 13ms 49 MB heap used
 ✓ src/components/ui/__tests__/label-form-basic-integration-core.test.tsx > Label Form Basic Integration - Advanced Tests > Form Validation > handles required field validation 12ms 51 MB heap used
 ✓ src/components/ui/__tests__/label-form-basic-integration-core.test.tsx > Label Form Basic Integration - Advanced Tests > Form Validation > works with fieldset and legend 5ms 53 MB heap used
 ✓ src/components/ui/__tests__/label-form-basic-integration-core.test.tsx > Label Form Basic Integration - Advanced Tests > Form Validation > handles multiple forms on same page 80ms 61 MB heap used
 ✓ src/components/ui/__tests__/label-form-basic-integration-core.test.tsx > Label Form Basic Integration - Advanced Tests > Form Validation > supports different input types 31ms 49 MB heap used
 ✓ src/components/ui/__tests__/label-form-basic-integration-core.test.tsx > Label Form Basic Integration - Advanced Tests > Form Validation > handles checkbox and radio inputs 50ms 56 MB heap used
 ✓ src/lib/__tests__/security.test.ts > Security Utils > sanitizeInput > should remove dangerous characters 3ms 44 MB heap used
 ✓ src/lib/__tests__/security.test.ts > Security Utils > sanitizeInput > should handle non-string input 1ms 44 MB heap used
 ✓ src/lib/__tests__/security.test.ts > Security Utils > sanitizeInput > should preserve safe content 0ms 44 MB heap used
 ✓ src/lib/__tests__/security.test.ts > Security Utils > isValidEmail > should validate correct email addresses 0ms 44 MB heap used
 ✓ src/lib/__tests__/security.test.ts > Security Utils > isValidEmail > should reject invalid email addresses 0ms 45 MB heap used
 ✓ src/lib/__tests__/security.test.ts > Security Utils > isValidEmail > should reject emails that are too long 0ms 44 MB heap used
 ✓ src/lib/__tests__/security.test.ts > Security Utils > isValidUrl > should validate correct URLs 1ms 45 MB heap used
 ✓ src/lib/__tests__/security.test.ts > Security Utils > isValidUrl > should reject invalid URLs 0ms 45 MB heap used
 ✓ src/lib/__tests__/security.test.ts > Security Utils > isValidUrl > should respect allowed protocols 0ms 45 MB heap used
 ✓ src/lib/__tests__/security.test.ts > Security Utils > generateSecureToken > should generate tokens of correct length 1ms 45 MB heap used
 ✓ src/lib/__tests__/security.test.ts > Security Utils > generateSecureToken > should generate different tokens 0ms 45 MB heap used
 ✓ src/lib/__tests__/security.test.ts > Security Utils > generateSecureToken > should use default length 0ms 46 MB heap used
 ✓ src/lib/__tests__/security.test.ts > Security Utils > rateLimit > should allow requests within limit 0ms 46 MB heap used
 ✓ src/lib/__tests__/security.test.ts > Security Utils > rateLimit > should block requests exceeding limit 0ms 46 MB heap used
 ✓ src/lib/__tests__/security.test.ts > Security Utils > rateLimit > should handle different identifiers separately 0ms 46 MB heap used
 ✓ src/lib/__tests__/security.test.ts > Security Utils > validateFileUpload > should accept valid files 1ms 46 MB heap used
 ✓ src/lib/__tests__/security.test.ts > Security Utils > validateFileUpload > should reject files that are too large 290ms 256 MB heap used
 ✓ src/lib/__tests__/security.test.ts > Security Utils > validateFileUpload > should reject dangerous file types 1ms 256 MB heap used
 ✓ src/lib/__tests__/security.test.ts > Security Utils > validateFileUpload > should reject dangerous file extensions 1ms 256 MB heap used
 ✓ src/lib/__tests__/security.test.ts > Security Utils > checkSecurityConfig > should identify missing configuration in production 0ms 256 MB heap used
 ✓ src/lib/__tests__/security.test.ts > Security Utils > checkSecurityConfig > should pass in development environment 0ms 256 MB heap used
 ✓ src/lib/__tests__/security.test.ts > Security Utils > checkSecurityConfig > should identify relaxed security mode in production 0ms 256 MB heap used
 ✓ src/components/ui/__tests__/label-form-advanced-integration-core.test.tsx > Label Form Advanced Integration Core Tests > 核心高级表单集成 > works with dynamic form fields 139ms 56 MB heap used
 ✓ src/components/ui/__tests__/label-form-advanced-integration-core.test.tsx > Label Form Advanced Integration Core Tests > 核心高级表单集成 > handles form reset correctly 31ms 59 MB heap used
 ✓ src/components/ui/__tests__/label-form-advanced-integration-core.test.tsx > Label Form Advanced Integration Core Tests > 核心高级表单集成 > works with controlled components 26ms 62 MB heap used
 ✓ src/components/ui/__tests__/label-form-advanced-integration-core.test.tsx > Label Form Advanced Integration Core Tests > 核心高级表单集成 > handles form submission with preventDefault 10ms 64 MB heap used
 ✓ src/components/ui/__tests__/label-form-advanced-integration-core.test.tsx > Label Form Advanced Integration Core Tests > 核心高级表单集成 > works with complex nested form structures 108ms 54 MB heap used
 ✓ src/components/ui/__tests__/label-form-advanced-integration-core.test.tsx > Label Form Advanced Integration Core Tests > 边缘情况处理 > handles empty form gracefully 1ms 54 MB heap used
 ✓ src/components/ui/__tests__/label-form-advanced-integration-core.test.tsx > Label Form Advanced Integration Core Tests > 边缘情况处理 > handles form with only labels 1ms 55 MB heap used
 ✓ src/components/ui/__tests__/sheet-integration.test.tsx > Sheet - Integration > works with complete sheet structure 161ms 51 MB heap used
 ✓ src/components/layout/__tests__/mobile-navigation.test.tsx > MobileNavigation Component > Basic Rendering > renders mobile navigation trigger 48ms 71 MB heap used
 ✓ src/components/layout/__tests__/mobile-navigation.test.tsx > MobileNavigation Component > Basic Rendering > is visible only on mobile screens 3ms 72 MB heap used
 ✓ src/components/layout/__tests__/mobile-navigation.test.tsx > MobileNavigation Component > Basic Rendering > applies custom className when provided 2ms 73 MB heap used
 ✓ src/components/layout/__tests__/mobile-navigation.test.tsx > MobileNavigation Component > Menu Toggle Functionality > opens menu when trigger is clicked 15ms 75 MB heap used
 ✓ src/components/layout/__tests__/mobile-navigation.test.tsx > MobileNavigation Component > Menu Toggle Functionality > shows navigation content when open 12ms 78 MB heap used
 ✓ src/components/layout/__tests__/mobile-navigation.test.tsx > MobileNavigation Component > Menu Toggle Functionality > closes menu when clicking outside 19ms 66 MB heap used
 ✓ src/components/ui/__tests__/sheet-integration.test.tsx > Sheet - Integration > handles multiple sheets 47ms 57 MB heap used
 ✓ src/components/ui/__tests__/sheet-integration.test.tsx > Sheet - Integration > handles nested interactive elements 114ms 67 MB heap used
 ✓ src/components/layout/__tests__/mobile-navigation.test.tsx > MobileNavigation Component > Navigation Items > displays all navigation items when open 15ms 44 MB heap used
 ✓ src/components/layout/__tests__/mobile-navigation.test.tsx > MobileNavigation Component > Navigation Items > closes menu when navigation item is clicked 23ms 48 MB heap used
 ✓ src/components/layout/__tests__/mobile-navigation.test.tsx > MobileNavigation Component > Navigation Items > highlights active navigation item 13ms 50 MB heap used
 ✓ src/components/layout/__tests__/mobile-navigation.test.tsx > MobileNavigation Component > Accessibility > has proper button attributes 10ms 51 MB heap used
 ✓ src/components/layout/__tests__/mobile-navigation.test.tsx > MobileNavigation Component > Accessibility > manages focus properly when opening 10ms 54 MB heap used
 ✓ src/components/layout/__tests__/mobile-navigation.test.tsx > MobileNavigation Component > Accessibility > supports keyboard navigation 10ms 55 MB heap used
 ✓ src/components/layout/__tests__/mobile-navigation.test.tsx > MobileNavigation Component > Accessibility > supports escape key to close menu 15ms 58 MB heap used
 ✓ src/components/layout/__tests__/mobile-navigation.test.tsx > MobileNavigation Component > Responsive Behavior > is hidden on desktop screens 2ms 58 MB heap used
 ✓ src/components/layout/__tests__/mobile-navigation.test.tsx > MobileNavigation Component > Responsive Behavior > adapts to different screen orientations 2ms 59 MB heap used
 ✓ src/components/layout/__tests__/mobile-navigation.test.tsx > MobileNavigation Component > Animation and Transitions > handles state transitions smoothly 12ms 62 MB heap used
 ✓ src/components/layout/__tests__/mobile-navigation.test.tsx > MobileNavigation Component > Route Change Behavior > closes menu when pathname changes 13ms 64 MB heap used
 ✓ src/components/layout/__tests__/mobile-navigation.test.tsx > MobileNavigation Component > Route Change Behavior > handles multiple pathname changes correctly 4ms 65 MB heap used
 ✓ src/components/layout/__tests__/mobile-navigation.test.tsx > MobileNavigation Component > Error Handling > handles missing translations gracefully 2ms 66 MB heap used
 ✓ src/components/layout/__tests__/mobile-navigation.test.tsx > MobileNavigation Component > Error Handling > handles navigation data errors gracefully 1ms 67 MB heap used
 ✓ src/components/layout/__tests__/mobile-navigation.test.tsx > MobileNavigation Component > Edge Cases > handles rapid open/close interactions 20ms 70 MB heap used
 ✓ src/components/layout/__tests__/mobile-navigation.test.tsx > MobileNavigation Component > Edge Cases > handles custom className prop correctly 2ms 70 MB heap used
 ✓ src/components/layout/__tests__/mobile-navigation.test.tsx > MobileNavigation Component > Edge Cases > maintains accessibility attributes during state changes 10ms 49 MB heap used
 ✓ src/components/layout/__tests__/mobile-navigation.test.tsx > MobileMenuButton Component > Basic Rendering > renders with closed state 2ms 50 MB heap used
 ✓ src/components/layout/__tests__/mobile-navigation.test.tsx > MobileMenuButton Component > Basic Rendering > renders with open state 2ms 50 MB heap used
 ✓ src/components/layout/__tests__/mobile-navigation.test.tsx > MobileMenuButton Component > Basic Rendering > applies custom className 1ms 51 MB heap used
 ✓ src/components/layout/__tests__/mobile-navigation.test.tsx > MobileMenuButton Component > Interaction > calls onClick when clicked 8ms 52 MB heap used
 ✓ src/components/layout/__tests__/mobile-navigation.test.tsx > MobileMenuButton Component > Interaction > handles keyboard interaction 11ms 54 MB heap used
 ✓ src/components/layout/__tests__/mobile-navigation.test.tsx > MobileMenuButton Component > Accessibility > has proper ARIA attributes when closed 3ms 54 MB heap used
 ✓ src/components/layout/__tests__/mobile-navigation.test.tsx > MobileMenuButton Component > Accessibility > has proper ARIA attributes when open 2ms 55 MB heap used
 ✓ src/components/layout/__tests__/mobile-navigation.test.tsx > MobileMenuButton Component > Accessibility > provides screen reader text for both states 1ms 56 MB heap used
 ✓ src/components/layout/__tests__/mobile-navigation.test.tsx > MobileMenuButton Component > Visual States > shows correct icon for closed state 1ms 56 MB heap used
 ✓ src/components/layout/__tests__/mobile-navigation.test.tsx > MobileMenuButton Component > Visual States > shows correct icon for open state 1ms 57 MB heap used
 ✓ src/components/layout/__tests__/mobile-navigation.test.tsx > MobileMenuButton Component > Visual States > toggles icons correctly 2ms 57 MB heap used
stdout | src/lib/__tests__/resend.test.ts > resend - Service Initialization > ResendService initialization > should initialize successfully with valid API key
Resend email service initialized successfully { from: [32m'test@example.com'[39m, replyTo: [32m'reply@example.com'[39m }

stdout | src/lib/__tests__/resend.test.ts > resend - Service Initialization > ResendService initialization > should initialize successfully with valid API key
Resend email service initialized successfully { from: [32m'test@example.com'[39m, replyTo: [32m'reply@example.com'[39m }

stdout | src/lib/__tests__/resend.test.ts > resend - Service Initialization > ResendService initialization > should handle missing API key gracefully
Resend email service initialized successfully { from: [32m'test@example.com'[39m, replyTo: [32m'reply@example.com'[39m }

stdout | src/lib/__tests__/resend.test.ts > resend - Service Initialization > ResendService initialization > should handle missing API key gracefully
Resend email service initialized successfully { from: [32m'test@example.com'[39m, replyTo: [32m'reply@example.com'[39m }

stdout | src/lib/__tests__/resend.test.ts > resend - Service Initialization > ResendService initialization > should use default email configuration when env vars are missing
Resend email service initialized successfully { from: [32m'test@example.com'[39m, replyTo: [32m'reply@example.com'[39m }

stdout | src/lib/__tests__/resend.test.ts > resend - Service Initialization > ResendService initialization > should use default email configuration when env vars are missing
Resend email service initialized successfully { from: [32m'test@example.com'[39m, replyTo: [32m'reply@example.com'[39m }

stdout | src/lib/__tests__/resend.test.ts > resend - Service Initialization > ResendService initialization > should use default email configuration when env vars are missing
Resend email service initialized successfully { from: [32m'test@example.com'[39m, replyTo: [32m'reply@example.com'[39m }

stdout | src/lib/__tests__/resend.test.ts > resend - Email Operations > sendContactFormEmail > should send contact form email successfully
Resend email service initialized successfully { from: [32m'test@example.com'[39m, replyTo: [32m'reply@example.com'[39m }

stdout | src/lib/__tests__/resend.test.ts > resend - Email Operations > sendContactFormEmail > should send contact form email successfully
Resend email service initialized successfully { from: [32m'test@example.com'[39m, replyTo: [32m'reply@example.com'[39m }

stdout | src/lib/__tests__/resend.test.ts > resend - Email Operations > sendContactFormEmail > should send contact form email successfully
Contact form email sent successfully {
  messageId: [32m'test-message-id'[39m,
  to: [32m'reply@example.com'[39m,
  from: [32m'john.doe@example.com'[39m,
  subject: [32m'New Contact from John Doe'[39m
}

stdout | src/lib/__tests__/resend.test.ts > resend - Email Operations > sendContactFormEmail > should use custom subject when provided
Resend email service initialized successfully { from: [32m'test@example.com'[39m, replyTo: [32m'reply@example.com'[39m }

stdout | src/lib/__tests__/resend.test.ts > resend - Email Operations > sendContactFormEmail > should use custom subject when provided
Resend email service initialized successfully { from: [32m'test@example.com'[39m, replyTo: [32m'reply@example.com'[39m }

stdout | src/lib/__tests__/resend.test.ts > resend - Email Operations > sendContactFormEmail > should use custom subject when provided
Contact form email sent successfully {
  messageId: [32m'test-message-id'[39m,
  to: [32m'reply@example.com'[39m,
  from: [32m'john.doe@example.com'[39m,
  subject: [32m'Contact Form: Custom Subject'[39m
}

stdout | src/lib/__tests__/resend.test.ts > resend - Email Operations > sendContactFormEmail > should throw error when service is not configured
Resend email service initialized successfully { from: [32m'test@example.com'[39m, replyTo: [32m'reply@example.com'[39m }

 ✓ src/lib/__tests__/resend.test.ts > resend - Service Initialization > ResendService initialization > should initialize successfully with valid API key 35ms 72 MB heap used
 ✓ src/lib/__tests__/resend.test.ts > resend - Service Initialization > ResendService initialization > should handle missing API key gracefully 8ms 62 MB heap used
 ✓ src/lib/__tests__/resend.test.ts > resend - Service Initialization > ResendService initialization > should use default email configuration when env vars are missing 15ms 73 MB heap used
 ✓ src/lib/__tests__/resend.test.ts > resend - Email Operations > sendContactFormEmail > should send contact form email successfully 30ms 52 MB heap used
 ✓ src/lib/__tests__/resend.test.ts > resend - Email Operations > sendContactFormEmail > should use custom subject when provided 8ms 59 MB heap used
stdout | src/lib/__tests__/resend.test.ts > resend - Email Operations > sendContactFormEmail > should throw error when service is not configured
Resend email service initialized successfully { from: [32m'test@example.com'[39m, replyTo: [32m'reply@example.com'[39m }

stderr | src/lib/__tests__/resend.test.ts > resend - Email Operations > sendContactFormEmail > should throw error when service is not configured
Failed to send contact form email {
  error: [32m'Resend API error: API key not configured'[39m,
  email: [32m'john.doe@example.com'[39m
}

stdout | src/lib/__tests__/resend.test.ts > resend - Email Operations > sendContactFormEmail > should handle Resend API errors
Resend email service initialized successfully { from: [32m'test@example.com'[39m, replyTo: [32m'reply@example.com'[39m }

stdout | src/lib/__tests__/resend.test.ts > resend - Email Operations > sendContactFormEmail > should handle Resend API errors
Resend email service initialized successfully { from: [32m'test@example.com'[39m, replyTo: [32m'reply@example.com'[39m }

stderr | src/lib/__tests__/resend.test.ts > resend - Email Operations > sendContactFormEmail > should handle Resend API errors
Failed to send contact form email { error: [32m'Resend API error: API Error'[39m, email: [32m'john.doe@example.com'[39m }

stdout | src/lib/__tests__/resend.test.ts > resend - Email Operations > sendContactFormEmail > should handle network errors
Resend email service initialized successfully { from: [32m'test@example.com'[39m, replyTo: [32m'reply@example.com'[39m }

stdout | src/lib/__tests__/resend.test.ts > resend - Email Operations > sendContactFormEmail > should handle network errors
Resend email service initialized successfully { from: [32m'test@example.com'[39m, replyTo: [32m'reply@example.com'[39m }

stderr | src/lib/__tests__/resend.test.ts > resend - Email Operations > sendContactFormEmail > should handle network errors
Failed to send contact form email { error: [32m'Network error'[39m, email: [32m'john.doe@example.com'[39m }

stdout | src/lib/__tests__/resend.test.ts > resend - Email Operations > sendContactFormEmail > should return unknown when message ID is not available
Resend email service initialized successfully { from: [32m'test@example.com'[39m, replyTo: [32m'reply@example.com'[39m }

stdout | src/lib/__tests__/resend.test.ts > resend - Email Operations > sendContactFormEmail > should return unknown when message ID is not available
Resend email service initialized successfully { from: [32m'test@example.com'[39m, replyTo: [32m'reply@example.com'[39m }

stdout | src/lib/__tests__/resend.test.ts > resend - Email Operations > sendContactFormEmail > should return unknown when message ID is not available
Contact form email sent successfully {
  messageId: [90mundefined[39m,
  to: [32m'reply@example.com'[39m,
  from: [32m'john.doe@example.com'[39m,
  subject: [32m'New Contact from John Doe'[39m
}

stdout | src/lib/__tests__/resend.test.ts > resend - Confirmation and Validation > sendConfirmationEmail > should send confirmation email successfully
Resend email service initialized successfully { from: [32m'test@example.com'[39m, replyTo: [32m'reply@example.com'[39m }

stdout | src/lib/__tests__/resend.test.ts > resend - Confirmation and Validation > sendConfirmationEmail > should send confirmation email successfully
Resend email service initialized successfully { from: [32m'test@example.com'[39m, replyTo: [32m'reply@example.com'[39m }

stdout | src/lib/__tests__/resend.test.ts > resend - Confirmation and Validation > sendConfirmationEmail > should send confirmation email successfully
Confirmation email sent successfully {
  messageId: [32m'confirmation-message-id'[39m,
  to: [32m'john.doe@example.com'[39m,
  subject: [32m'Thank you for contacting us - Tucsenberg'[39m
}

stdout | src/lib/__tests__/resend.test.ts > resend - Confirmation and Validation > sendConfirmationEmail > should throw error when service is not configured
Resend email service initialized successfully { from: [32m'test@example.com'[39m, replyTo: [32m'reply@example.com'[39m }

stdout | src/lib/__tests__/resend.test.ts > resend - Confirmation and Validation > sendConfirmationEmail > should throw error when service is not configured
Resend email service initialized successfully { from: [32m'test@example.com'[39m, replyTo: [32m'reply@example.com'[39m }

stderr | src/lib/__tests__/resend.test.ts > resend - Confirmation and Validation > sendConfirmationEmail > should throw error when service is not configured
Failed to send confirmation email {
  error: [32m'Resend API error: API key not configured'[39m,
  email: [32m'john.doe@example.com'[39m
}

stdout | src/lib/__tests__/resend.test.ts > resend - Confirmation and Validation > sendConfirmationEmail > should handle confirmation email API errors
Resend email service initialized successfully { from: [32m'test@example.com'[39m, replyTo: [32m'reply@example.com'[39m }

stdout | src/lib/__tests__/resend.test.ts > resend - Confirmation and Validation > sendConfirmationEmail > should handle confirmation email API errors
Resend email service initialized successfully { from: [32m'test@example.com'[39m, replyTo: [32m'reply@example.com'[39m }

stderr | src/lib/__tests__/resend.test.ts > resend - Confirmation and Validation > sendConfirmationEmail > should handle confirmation email API errors
Failed to send confirmation email {
  error: [32m'Resend API error: Confirmation API Error'[39m,
  email: [32m'john.doe@example.com'[39m
}

stdout | src/lib/__tests__/resend.test.ts > resend - Confirmation and Validation > isReady > should return true when properly configured
Resend email service initialized successfully { from: [32m'test@example.com'[39m, replyTo: [32m'reply@example.com'[39m }

stdout | src/lib/__tests__/resend.test.ts > resend - Confirmation and Validation > isReady > should return true when properly configured
Resend email service initialized successfully { from: [32m'test@example.com'[39m, replyTo: [32m'reply@example.com'[39m }

 ✓ src/lib/__tests__/resend.test.ts > resend - Email Operations > sendContactFormEmail > should throw error when service is not configured 10ms 66 MB heap used
 ✓ src/lib/__tests__/resend.test.ts > resend - Email Operations > sendContactFormEmail > should handle Resend API errors 10ms 74 MB heap used
 ✓ src/lib/__tests__/resend.test.ts > resend - Email Operations > sendContactFormEmail > should handle network errors 13ms 64 MB heap used
 ✓ src/lib/__tests__/resend.test.ts > resend - Email Operations > sendContactFormEmail > should return unknown when message ID is not available 10ms 72 MB heap used
 ✓ src/lib/__tests__/resend.test.ts > resend - Confirmation and Validation > sendConfirmationEmail > should send confirmation email successfully 15ms 81 MB heap used
 ✓ src/lib/__tests__/resend.test.ts > resend - Confirmation and Validation > sendConfirmationEmail > should throw error when service is not configured 14ms 89 MB heap used
 ✓ src/lib/__tests__/resend.test.ts > resend - Confirmation and Validation > sendConfirmationEmail > should handle confirmation email API errors 14ms 97 MB heap used
 ✓ src/lib/__tests__/resend.test.ts > resend - Confirmation and Validation > isReady > should return true when properly configured 16ms 106 MB heap used
stdout | src/lib/__tests__/resend.test.ts > resend - Confirmation and Validation > isReady > should return false when not configured
Resend email service initialized successfully { from: [32m'test@example.com'[39m, replyTo: [32m'reply@example.com'[39m }

stdout | src/lib/__tests__/resend.test.ts > resend - Confirmation and Validation > isReady > should return false when not configured
Resend email service initialized successfully { from: [32m'test@example.com'[39m, replyTo: [32m'reply@example.com'[39m }

stdout | src/lib/__tests__/resend.test.ts > resend - Confirmation and Validation > Email content generation > should generate HTML and text content for contact emails
Resend email service initialized successfully { from: [32m'test@example.com'[39m, replyTo: [32m'reply@example.com'[39m }

stdout | src/lib/__tests__/resend.test.ts > resend - Confirmation and Validation > Email content generation > should generate HTML and text content for contact emails
Resend email service initialized successfully { from: [32m'test@example.com'[39m, replyTo: [32m'reply@example.com'[39m }

stdout | src/lib/__tests__/resend.test.ts > resend - Confirmation and Validation > Email content generation > should generate HTML and text content for contact emails
Contact form email sent successfully {
  messageId: [32m'test-id'[39m,
  to: [32m'reply@example.com'[39m,
  from: [32m'john@example.com'[39m,
  subject: [32m'New Contact from John Doe'[39m
}

stdout | src/lib/__tests__/resend.test.ts > resend - Confirmation and Validation > Email content generation > should generate HTML and text content for confirmation emails
Resend email service initialized successfully { from: [32m'test@example.com'[39m, replyTo: [32m'reply@example.com'[39m }

stdout | src/lib/__tests__/resend.test.ts > resend - Confirmation and Validation > Email content generation > should generate HTML and text content for confirmation emails
Resend email service initialized successfully { from: [32m'test@example.com'[39m, replyTo: [32m'reply@example.com'[39m }

stdout | src/lib/__tests__/resend.test.ts > resend - Confirmation and Validation > Email content generation > should generate HTML and text content for confirmation emails
Confirmation email sent successfully {
  messageId: [32m'test-id'[39m,
  to: [32m'john@example.com'[39m,
  subject: [32m'Thank you for contacting us - Tucsenberg'[39m
}

stdout | src/lib/__tests__/resend.test.ts > resend - Confirmation and Validation > Data validation and sanitization > should validate email data before sending
Resend email service initialized successfully { from: [32m'test@example.com'[39m, replyTo: [32m'reply@example.com'[39m }

stdout | src/lib/__tests__/resend.test.ts > resend - Confirmation and Validation > Data validation and sanitization > should validate email data before sending
Resend email service initialized successfully { from: [32m'test@example.com'[39m, replyTo: [32m'reply@example.com'[39m }

stdout | src/lib/__tests__/resend.test.ts > resend - Confirmation and Validation > Data validation and sanitization > should validate email data before sending
Contact form email sent successfully {
  messageId: [32m'test-id'[39m,
  to: [32m'reply@example.com'[39m,
  from: [32m'john@example.com'[39m,
  subject: [32m'New Contact from John Doe'[39m
}

stdout | src/lib/__tests__/resend.test.ts > resend - Confirmation and Validation > Data validation and sanitization > should handle validation errors
Resend email service initialized successfully { from: [32m'test@example.com'[39m, replyTo: [32m'reply@example.com'[39m }

stdout | src/lib/__tests__/resend.test.ts > resend - Confirmation and Validation > Data validation and sanitization > should handle validation errors
Resend email service initialized successfully { from: [32m'test@example.com'[39m, replyTo: [32m'reply@example.com'[39m }

stderr | src/lib/__tests__/resend.test.ts > resend - Confirmation and Validation > Data validation and sanitization > should handle validation errors
Failed to send contact form email {
  error: [32m"Cannot read properties of undefined (reading 'error')"[39m,
  email: [32m'invalid-email'[39m
}

 ✓ src/lib/__tests__/resend.test.ts > resend - Confirmation and Validation > isReady > should return false when not configured 21ms 82 MB heap used
 ✓ src/lib/__tests__/resend.test.ts > resend - Confirmation and Validation > Email content generation > should generate HTML and text content for contact emails 17ms 92 MB heap used
 ✓ src/lib/__tests__/resend.test.ts > resend - Confirmation and Validation > Email content generation > should generate HTML and text content for confirmation emails 19ms 102 MB heap used
 ✓ src/lib/__tests__/resend.test.ts > resend - Confirmation and Validation > Data validation and sanitization > should validate email data before sending 21ms 111 MB heap used
 ✓ src/lib/__tests__/resend.test.ts > resend - Confirmation and Validation > Data validation and sanitization > should handle validation errors 25ms 92 MB heap used
stderr | src/components/ui/__tests__/sheet-edge-cases.test.tsx > Sheet - Edge Cases > handles sheet without header
`DialogContent` requires a `DialogTitle` for the component to be accessible for screen reader users.

If you want to hide the `DialogTitle`, you can wrap it with our VisuallyHidden component.

For more information, see https://radix-ui.com/primitives/docs/components/dialog

stderr | src/components/ui/__tests__/sheet-edge-cases.test.tsx > Sheet - Edge Cases > handles empty sheet content
`DialogContent` requires a `DialogTitle` for the component to be accessible for screen reader users.

If you want to hide the `DialogTitle`, you can wrap it with our VisuallyHidden component.

For more information, see https://radix-ui.com/primitives/docs/components/dialog

 ✓ src/components/ui/__tests__/sheet-edge-cases.test.tsx > Sheet - Edge Cases > handles sheet without header 66ms 62 MB heap used
 ✓ src/components/ui/__tests__/sheet-edge-cases.test.tsx > Sheet - Edge Cases > handles sheet without footer 13ms 64 MB heap used
 ✓ src/components/ui/__tests__/sheet-edge-cases.test.tsx > Sheet - Edge Cases > handles empty sheet content 11ms 45 MB heap used
stderr | src/components/ui/__tests__/sheet-edge-cases.test.tsx > Sheet - Edge Cases > handles sheet with only description
`DialogContent` requires a `DialogTitle` for the component to be accessible for screen reader users.

If you want to hide the `DialogTitle`, you can wrap it with our VisuallyHidden component.

For more information, see https://radix-ui.com/primitives/docs/components/dialog

 ✓ src/components/ui/__tests__/dropdown-menu-layout.test.tsx > DropdownMenu - Layout Components > DropdownMenuLabel > renders label 68ms 69 MB heap used
 ✓ src/components/ui/__tests__/dropdown-menu-layout.test.tsx > DropdownMenu - Layout Components > DropdownMenuLabel > applies default classes 14ms 73 MB heap used
 ✓ src/components/ui/__tests__/dropdown-menu-layout.test.tsx > DropdownMenu - Layout Components > DropdownMenuLabel > applies custom className 13ms 77 MB heap used
 ✓ src/components/ui/__tests__/sheet-edge-cases.test.tsx > Sheet - Edge Cases > handles sheet with only title 10ms 47 MB heap used
 ✓ src/components/ui/__tests__/sheet-edge-cases.test.tsx > Sheet - Edge Cases > handles sheet with only description 11ms 49 MB heap used
 ✓ src/components/ui/__tests__/sheet-edge-cases.test.tsx > Sheet - Edge Cases > handles rapid open/close operations 90ms 61 MB heap used
 ✓ src/components/ui/__tests__/sheet-edge-cases.test.tsx > Sheet - Edge Cases > handles sheet with complex nested content 9ms 64 MB heap used
 ✓ src/components/ui/__tests__/sheet-edge-cases.test.tsx > Sheet - Edge Cases > handles sheet with very long content 8ms 66 MB heap used
 ✓ src/components/ui/__tests__/sheet-edge-cases.test.tsx > Sheet - Edge Cases > handles sheet with special characters and unicode 8ms 48 MB heap used
 ✓ src/components/ui/__tests__/sheet-edge-cases.test.tsx > Sheet - Edge Cases > handles sheet with dynamic content updates 36ms 53 MB heap used
 ✓ src/components/ui/__tests__/dropdown-menu-layout.test.tsx > DropdownMenu - Layout Components > DropdownMenuLabel > supports inset prop 11ms 80 MB heap used
 ✓ src/components/ui/__tests__/dropdown-menu-layout.test.tsx > DropdownMenu - Layout Components > DropdownMenuLabel > renders with different content types 13ms 84 MB heap used
 ✓ src/components/ui/__tests__/dropdown-menu-layout.test.tsx > DropdownMenu - Layout Components > DropdownMenuSeparator > renders separator 13ms 66 MB heap used
 ✓ src/components/ui/__tests__/dropdown-menu-layout.test.tsx > DropdownMenu - Layout Components > DropdownMenuSeparator > applies default classes 11ms 70 MB heap used
 ✓ src/components/ui/__tests__/dropdown-menu-layout.test.tsx > DropdownMenu - Layout Components > DropdownMenuSeparator > applies custom className 10ms 73 MB heap used
 ✓ src/components/ui/__tests__/dropdown-menu-layout.test.tsx > DropdownMenu - Layout Components > DropdownMenuSeparator > renders as hr element by default 10ms 77 MB heap used
 ✓ src/components/ui/__tests__/dropdown-menu-layout.test.tsx > DropdownMenu - Layout Components > DropdownMenuShortcut > renders shortcut 9ms 81 MB heap used
 ✓ src/components/ui/__tests__/dropdown-menu-layout.test.tsx > DropdownMenu - Layout Components > DropdownMenuShortcut > applies default classes 9ms 84 MB heap used
 ✓ src/components/ui/__tests__/dropdown-menu-layout.test.tsx > DropdownMenu - Layout Components > DropdownMenuShortcut > applies custom className 8ms 88 MB heap used
 ✓ src/components/ui/__tests__/dropdown-menu-layout.test.tsx > DropdownMenu - Layout Components > DropdownMenuShortcut > renders different shortcut formats 31ms 71 MB heap used
 ✓ src/components/ui/__tests__/dropdown-menu-layout.test.tsx > DropdownMenu - Layout Components > DropdownMenuGroup > renders group 11ms 77 MB heap used
 ✓ src/components/ui/__tests__/dropdown-menu-layout.test.tsx > DropdownMenu - Layout Components > DropdownMenuGroup > applies custom className 8ms 80 MB heap used
 ✓ src/components/ui/__tests__/dropdown-menu-layout.test.tsx > DropdownMenu - Layout Components > DropdownMenuGroup > groups multiple items together 9ms 84 MB heap used
 ✓ src/components/ui/__tests__/dropdown-menu-layout.test.tsx > DropdownMenu - Layout Components > DropdownMenuGroup > supports nested structure 9ms 88 MB heap used
 ✓ src/components/i18n/__tests__/enhanced-locale-switcher-language-switching-advanced.test.tsx > Enhanced Locale Switcher - 高级语言切换功能 > 复杂路径处理 > 正确处理复杂路径名 79ms 59 MB heap used
 ✓ src/components/i18n/__tests__/enhanced-locale-switcher-language-switching-advanced.test.tsx > Enhanced Locale Switcher - 高级语言切换功能 > 复杂路径处理 > 保持搜索参数在语言切换时 32ms 46 MB heap used
 ✓ src/components/i18n/__tests__/enhanced-locale-switcher-language-switching-advanced.test.tsx > Enhanced Locale Switcher - 高级语言切换功能 > 复杂路径处理 > 处理路径名中的特殊字符 24ms 56 MB heap used
 ✓ src/components/i18n/__tests__/enhanced-locale-switcher-language-switching-advanced.test.tsx > Enhanced Locale Switcher - 高级语言切换功能 > 长语言名称处理 > 处理长语言名称的语言选项 18ms 62 MB heap used
 ✓ src/components/i18n/__tests__/enhanced-locale-switcher-language-switching-advanced.test.tsx > Enhanced Locale Switcher - 高级语言切换功能 > 缺失翻译处理 > 优雅处理缺失的语言翻译 17ms 68 MB heap used
 ✓ src/components/i18n/__tests__/enhanced-locale-switcher-language-switching-advanced.test.tsx > Enhanced Locale Switcher - 高级语言切换功能 > 键盘交互 > 处理语言的键盘选择 26ms 53 MB heap used
 ✓ src/components/i18n/__tests__/enhanced-locale-switcher-language-switching-advanced.test.tsx > Enhanced Locale Switcher - 高级语言切换功能 > 自定义setUserOverride > 处理自定义setUserOverride的切换 25ms 62 MB heap used
 ✓ src/components/i18n/__tests__/enhanced-locale-switcher-language-switching-advanced.test.tsx > Enhanced Locale Switcher - 高级语言切换功能 > 语言切换反馈 > 在切换语言时提供反馈 21ms 71 MB heap used
 ✓ src/components/i18n/__tests__/enhanced-locale-switcher-language-switching-advanced.test.tsx > Enhanced Locale Switcher - 高级语言切换功能 > 活跃语言指示 > 当语言环境改变时更新活跃语言 23ms 55 MB heap used
 ✓ src/components/i18n/__tests__/enhanced-locale-switcher-language-switching-advanced.test.tsx > Enhanced Locale Switcher - 高级语言切换功能 > 活跃语言指示 > 为当前语言提供正确的aria-label 13ms 60 MB heap used
 ✓ src/components/ui/__tests__/dropdown-menu-basic.test.tsx > DropdownMenu - Basic Components > DropdownMenu > renders dropdown menu root 23ms 60 MB heap used
 ✓ src/components/ui/__tests__/dropdown-menu-basic.test.tsx > DropdownMenu - Basic Components > DropdownMenu > accepts defaultOpen prop 52ms 67 MB heap used
 ✓ src/components/ui/__tests__/dropdown-menu-basic.test.tsx > DropdownMenu - Basic Components > DropdownMenu > accepts open and onOpenChange props 18ms 46 MB heap used
 ✓ src/components/ui/__tests__/dropdown-menu-basic.test.tsx > DropdownMenu - Basic Components > DropdownMenuPortal > renders portal component 15ms 50 MB heap used
 ✓ src/components/ui/__tests__/dropdown-menu-basic.test.tsx > DropdownMenu - Basic Components > DropdownMenuPortal > accepts container prop 14ms 54 MB heap used
 ✓ src/components/ui/__tests__/dropdown-menu-basic.test.tsx > DropdownMenu - Basic Components > DropdownMenuTrigger > renders trigger button 4ms 56 MB heap used
 ✓ src/components/ui/__tests__/dropdown-menu-basic.test.tsx > DropdownMenu - Basic Components > DropdownMenuTrigger > applies custom className 2ms 57 MB heap used
 ✓ src/components/ui/__tests__/dropdown-menu-basic.test.tsx > DropdownMenu - Basic Components > DropdownMenuTrigger > supports asChild prop 2ms 57 MB heap used
 ✓ src/components/ui/__tests__/dropdown-menu-basic.test.tsx > DropdownMenu - Basic Components > DropdownMenuTrigger > handles disabled state 2ms 58 MB heap used
 ✓ src/components/ui/__tests__/dropdown-menu-basic.test.tsx > DropdownMenu - Basic Components > DropdownMenuContent > renders content with default props 13ms 61 MB heap used
 ✓ src/components/ui/__tests__/dropdown-menu-basic.test.tsx > DropdownMenu - Basic Components > DropdownMenuContent > applies default classes 11ms 64 MB heap used
 ✓ src/components/ui/__tests__/dropdown-menu-basic.test.tsx > DropdownMenu - Basic Components > DropdownMenuContent > applies custom className 11ms 68 MB heap used
 ✓ src/components/ui/__tests__/animated-counter-accessibility.test.tsx > AnimatedCounter - Accessibility & Edge Cases > Accessibility > supports ARIA attributes 44ms 67 MB heap used
 ✓ src/components/ui/__tests__/animated-counter-accessibility.test.tsx > AnimatedCounter - Accessibility & Edge Cases > Accessibility > has correct default role 3ms 69 MB heap used
 ✓ src/components/ui/__tests__/animated-counter-accessibility.test.tsx > AnimatedCounter - Accessibility & Edge Cases > Accessibility > supports custom role 3ms 71 MB heap used
 ✓ src/components/ui/__tests__/animated-counter-accessibility.test.tsx > AnimatedCounter - Accessibility & Edge Cases > Accessibility > supports aria-live for screen readers 3ms 71 MB heap used
 ✓ src/components/ui/__tests__/animated-counter-accessibility.test.tsx > AnimatedCounter - Accessibility & Edge Cases > Accessibility > supports aria-atomic for complete announcements 2ms 73 MB heap used
 ✓ src/components/ui/__tests__/animated-counter-accessibility.test.tsx > AnimatedCounter - Accessibility & Edge Cases > Accessibility > supports tabIndex for keyboard navigation 3ms 74 MB heap used
 ✓ src/components/ui/__tests__/animated-counter-accessibility.test.tsx > AnimatedCounter - Accessibility & Edge Cases > Accessibility > supports aria-valuemin and aria-valuemax for progress indication 2ms 75 MB heap used
 ✓ src/components/ui/__tests__/animated-counter-accessibility.test.tsx > AnimatedCounter - Accessibility & Edge Cases > Accessibility > supports reduced motion preferences 3ms 76 MB heap used
 ✓ src/components/ui/__tests__/animated-counter-accessibility.test.tsx > AnimatedCounter - Accessibility & Edge Cases > Accessibility > provides meaningful text content for screen readers 2ms 77 MB heap used
 ✓ src/components/ui/__tests__/animated-counter-accessibility.test.tsx > AnimatedCounter - Accessibility & Edge Cases > Accessibility > supports high contrast mode 3ms 79 MB heap used
 ✓ src/components/ui/__tests__/animated-counter-accessibility.test.tsx > AnimatedCounter - Accessibility & Edge Cases > Edge Cases > handles zero duration 2ms 80 MB heap used
 ✓ src/components/ui/__tests__/animated-counter-accessibility.test.tsx > AnimatedCounter - Accessibility & Edge Cases > Edge Cases > handles negative duration 2ms 81 MB heap used
 ✓ src/components/ui/__tests__/animated-counter-accessibility.test.tsx > AnimatedCounter - Accessibility & Edge Cases > Edge Cases > handles very large duration 2ms 82 MB heap used
 ✓ src/components/ui/__tests__/animated-counter-accessibility.test.tsx > AnimatedCounter - Accessibility & Edge Cases > Edge Cases > handles Infinity duration 3ms 84 MB heap used
 ✓ src/components/ui/__tests__/animated-counter-accessibility.test.tsx > AnimatedCounter - Accessibility & Edge Cases > Edge Cases > handles NaN duration 2ms 85 MB heap used
 ✓ src/components/ui/__tests__/animated-counter-accessibility.test.tsx > AnimatedCounter - Accessibility & Edge Cases > Edge Cases > handles Infinity values gracefully 5ms 67 MB heap used
 ✓ src/components/ui/__tests__/animated-counter-accessibility.test.tsx > AnimatedCounter - Accessibility & Edge Cases > Edge Cases > handles -Infinity values gracefully 2ms 69 MB heap used
 ✓ src/components/ui/__tests__/animated-counter-accessibility.test.tsx > AnimatedCounter - Accessibility & Edge Cases > Edge Cases > handles NaN values gracefully 2ms 70 MB heap used
 ✓ src/components/ui/__tests__/animated-counter-accessibility.test.tsx > AnimatedCounter - Accessibility & Edge Cases > Edge Cases > handles very small numbers 2ms 71 MB heap used
 ✓ src/components/ui/__tests__/animated-counter-accessibility.test.tsx > AnimatedCounter - Accessibility & Edge Cases > Edge Cases > handles very large numbers 2ms 73 MB heap used
 ✓ src/components/ui/__tests__/dropdown-menu-basic.test.tsx > DropdownMenu - Basic Components > DropdownMenuContent > supports different side positions 41ms 55 MB heap used
 ✓ src/components/ui/__tests__/dropdown-menu-basic.test.tsx > DropdownMenu - Basic Components > DropdownMenuContent > supports different alignments 31ms 66 MB heap used
 ✓ src/components/ui/__tests__/dropdown-menu-basic.test.tsx > DropdownMenu - Basic Components > DropdownMenuContent > supports sideOffset and alignOffset 12ms 71 MB heap used
(node:46349) TimeoutOverflowWarning: 9007199254740991 does not fit into a 32-bit signed integer.
Timeout duration was set to 1.
(Use `node --trace-warnings ...` to show where the warning was created)
 ✓ src/components/ui/__tests__/animated-counter-accessibility.test.tsx > AnimatedCounter - Accessibility & Edge Cases > Edge Cases > handles rapid prop changes 48ms 88 MB heap used
 ✓ src/components/ui/__tests__/animated-counter-accessibility.test.tsx > AnimatedCounter - Accessibility & Edge Cases > Edge Cases > handles missing requestAnimationFrame 7ms 92 MB heap used
 ✓ src/components/ui/__tests__/animated-counter-accessibility.test.tsx > AnimatedCounter - Accessibility & Edge Cases > Edge Cases > handles missing performance.now 6ms 95 MB heap used
 ✓ src/components/ui/__tests__/animated-counter-accessibility.test.tsx > AnimatedCounter - Accessibility & Edge Cases > Edge Cases > handles component re-mounting 7ms 99 MB heap used
 ✓ src/components/ui/__tests__/animated-counter-accessibility.test.tsx > AnimatedCounter - Accessibility & Edge Cases > Edge Cases > handles extreme delay values 6ms 102 MB heap used
 ✓ src/components/ui/__tests__/animated-counter-accessibility.test.tsx > AnimatedCounter - Accessibility & Edge Cases > Edge Cases > handles negative delay values 7ms 105 MB heap used
 ✓ src/components/ui/__tests__/animated-counter-accessibility.test.tsx > AnimatedCounter - Accessibility & Edge Cases > Edge Cases > handles multiple rapid unmounts 13ms 114 MB heap used
 ✓ src/components/ui/__tests__/animated-counter-accessibility.test.tsx > AnimatedCounter - Accessibility & Edge Cases > Edge Cases > handles concurrent animations 9ms 119 MB heap used
 ✓ src/components/ui/__tests__/animated-counter-accessibility.test.tsx > AnimatedCounter - Accessibility & Edge Cases > Edge Cases > handles string values that cannot be converted 7ms 123 MB heap used
 ✓ src/components/ui/__tests__/animated-counter-accessibility.test.tsx > AnimatedCounter - Accessibility & Edge Cases > Edge Cases > handles null and undefined values 8ms 126 MB heap used
 ✓ src/components/ui/__tests__/dropdown-menu-radio.test.tsx > DropdownMenu - Radio Components > DropdownMenuRadioGroup and RadioItem > renders radio group 71ms 75 MB heap used
 ✓ src/components/ui/__tests__/dropdown-menu-radio.test.tsx > DropdownMenu - Radio Components > DropdownMenuRadioGroup and RadioItem > handles value selection 17ms 79 MB heap used
 ✓ src/components/ui/__tests__/dropdown-menu-radio.test.tsx > DropdownMenu - Radio Components > DropdownMenuRadioGroup and RadioItem > handles onValueChange callback 35ms 88 MB heap used
 ✓ src/components/ui/__tests__/dropdown-menu-radio.test.tsx > DropdownMenu - Radio Components > DropdownMenuRadioGroup and RadioItem > applies custom className to radio items 14ms 91 MB heap used
 ✓ src/components/ui/__tests__/dropdown-menu-radio.test.tsx > DropdownMenu - Radio Components > DropdownMenuRadioGroup and RadioItem > supports disabled radio items 15ms 95 MB heap used
 ✓ src/components/ui/__tests__/dropdown-menu-radio.test.tsx > DropdownMenu - Radio Components > DropdownMenuRadioGroup and RadioItem > handles multiple radio groups 17ms 100 MB heap used
 ✓ src/components/ui/__tests__/dropdown-menu-radio.test.tsx > DropdownMenu - Radio Components > DropdownMenuRadioGroup and RadioItem > supports radio items with complex content 12ms 56 MB heap used
 ✓ src/components/ui/__tests__/dropdown-menu-radio.test.tsx > DropdownMenu - Radio Components > DropdownMenuRadioGroup and RadioItem > handles radio group with no initial value 11ms 60 MB heap used
 ✓ src/components/ui/__tests__/dropdown-menu-radio.test.tsx > DropdownMenu - Radio Components > DropdownMenuRadioGroup and RadioItem > supports controlled radio group 32ms 69 MB heap used
 ✓ src/components/home/__tests__/call-to-action-interaction.test.tsx > CallToAction Component - Interaction Tests > 用户交互 > 应该支持键盘导航 91ms 45 MB heap used
 ✓ src/components/ui/__tests__/label-form-association.test.tsx > Label - Advanced Form Association Tests > Complex Form Integration Scenarios > handles dynamic form generation with labels 81ms 63 MB heap used
 ✓ src/components/home/__tests__/call-to-action-interaction.test.tsx > CallToAction Component - Interaction Tests > 用户交互 > 应该支持Enter键激活链接 19ms 50 MB heap used
 ✓ src/components/home/__tests__/call-to-action-interaction.test.tsx > CallToAction Component - Interaction Tests > 用户交互 > 应该支持空格键激活链接 17ms 55 MB heap used
 ✓ src/components/home/__tests__/call-to-action-interaction.test.tsx > CallToAction Component - Interaction Tests > 用户交互 > 所有外部链接应该在新标签页打开 20ms 66 MB heap used
 ✓ src/components/home/__tests__/call-to-action-interaction.test.tsx > CallToAction Component - Interaction Tests > 用户交互 > 内部链接应该在同一标签页打开 14ms 73 MB heap used
 ✓ src/components/home/__tests__/call-to-action-interaction.test.tsx > CallToAction Component - Interaction Tests > 可访问性 > 所有链接应该有正确的ARIA属性 10ms 47 MB heap used
 ✓ src/components/home/__tests__/call-to-action-interaction.test.tsx > CallToAction Component - Interaction Tests > 可访问性 > 应该有正确的标题层次结构 8ms 50 MB heap used
 ✓ src/components/home/__tests__/call-to-action-interaction.test.tsx > CallToAction Component - Interaction Tests > 可访问性 > 图标应该有适当的ARIA标签 6ms 52 MB heap used
 ✓ src/components/home/__tests__/call-to-action-interaction.test.tsx > CallToAction Component - Interaction Tests > 可访问性 > 链接应该有描述性文本 18ms 63 MB heap used
 ✓ src/components/ui/__tests__/label-form-association.test.tsx > Label - Advanced Form Association Tests > Complex Form Integration Scenarios > handles complex nested form structures 31ms 48 MB heap used
 ✓ src/components/ui/__tests__/label-form-association.test.tsx > Label - Advanced Form Association Tests > Select Element Association > associates with select element 12ms 49 MB heap used
 ✓ src/components/ui/__tests__/label-form-association.test.tsx > Label - Advanced Form Association Tests > Select Element Association > associates with textarea element 12ms 51 MB heap used
 ✓ src/components/ui/__tests__/label-form-association.test.tsx > Label - Advanced Form Association Tests > Select Element Association > works with nested input elements 10ms 53 MB heap used
 ✓ src/components/ui/__tests__/label-form-association.test.tsx > Label - Advanced Form Association Tests > Select Element Association > supports form attribute 2ms 54 MB heap used
 ✓ src/components/ui/__tests__/label-form-association.test.tsx > Label - Advanced Form Association Tests > Select Element Association > handles multiple labels for same input 14ms 56 MB heap used
 ✓ src/components/ui/__tests__/label-form-association.test.tsx > Label - Advanced Form Association Tests > Select Element Association > works with custom input components 9ms 57 MB heap used
 ✓ src/components/ui/__tests__/label-form-association.test.tsx > Label - Advanced Form Association Tests > Select Element Association > handles complex form scenarios 15ms 61 MB heap used
 ✓ src/components/ui/__tests__/label-form-association.test.tsx > Label - Advanced Form Association Tests > Select Element Association > works with disabled form elements 9ms 62 MB heap used
 ✓ src/components/ui/__tests__/label-form-association.test.tsx > Label - Advanced Form Association Tests > Select Element Association > handles form validation states 3ms 63 MB heap used
 ✓ src/components/ui/__tests__/label-form-association.test.tsx > Label - Advanced Form Association Tests > Select Element Association > supports required field indicators 2ms 63 MB heap used
 ✓ src/components/ui/__tests__/label-form-association.test.tsx > Label - Advanced Form Association Tests > Select Element Association > works with input groups 9ms 65 MB heap used
 ✓ src/components/ui/__tests__/label-form-association.test.tsx > Label - Advanced Form Association Tests > Select Element Association > handles dynamic form associations 4ms 66 MB heap used
 ✓ src/components/home/__tests__/call-to-action-interaction.test.tsx > CallToAction Component - Interaction Tests > 可访问性 > 应该支持屏幕阅读器 7ms 65 MB heap used
 ✓ src/components/home/__tests__/call-to-action-interaction.test.tsx > CallToAction Component - Interaction Tests > 动画和可见性 > 应该在不可见时应用正确的样式 5ms 67 MB heap used
 ✓ src/components/home/__tests__/call-to-action-interaction.test.tsx > CallToAction Component - Interaction Tests > 动画和可见性 > 应该在可见时应用正确的样式 4ms 69 MB heap used
 ✓ src/components/home/__tests__/call-to-action-interaction.test.tsx > CallToAction Component - Interaction Tests > 动画和可见性 > 应该正确配置Intersection Observer 4ms 70 MB heap used
 ✓ src/components/home/__tests__/call-to-action-interaction.test.tsx > CallToAction Component - Interaction Tests > 动画和可见性 > 应该处理Intersection Observer引用 4ms 72 MB heap used
 ✓ src/components/home/__tests__/call-to-action-interaction.test.tsx > CallToAction Component - Interaction Tests > 错误处理 > 应该处理Intersection Observer错误 3ms 74 MB heap used
 ✓ src/components/home/__tests__/call-to-action-interaction.test.tsx > CallToAction Component - Interaction Tests > 错误处理 > 应该处理翻译函数错误 3ms 74 MB heap used
 ✓ src/components/home/__tests__/call-to-action-interaction.test.tsx > CallToAction Component - Interaction Tests > 错误处理 > 应该处理缺失的翻译键 4ms 76 MB heap used
 ✓ src/components/home/__tests__/call-to-action-interaction.test.tsx > CallToAction Component - Interaction Tests > 性能优化 > 应该只调用必要的翻译 5ms 49 MB heap used
 ✓ src/components/home/__tests__/call-to-action-interaction.test.tsx > CallToAction Component - Interaction Tests > 性能优化 > 应该只设置一次Intersection Observer 4ms 51 MB heap used
 ✓ src/components/ui/__tests__/input-props-events.test.tsx > Input - Props & Events > Custom Props > applies custom className 19ms 64 MB heap used
 ✓ src/components/ui/__tests__/input-props-events.test.tsx > Input - Props & Events > Custom Props > supports custom id 28ms 68 MB heap used
 ✓ src/components/ui/__tests__/input-props-events.test.tsx > Input - Props & Events > Custom Props > supports placeholder text 2ms 68 MB heap used
 ✓ src/components/ui/__tests__/input-props-events.test.tsx > Input - Props & Events > Custom Props > supports default value 2ms 69 MB heap used
 ✓ src/components/ui/__tests__/input-props-events.test.tsx > Input - Props & Events > Custom Props > supports controlled value 2ms 70 MB heap used
 ✓ src/components/ui/__tests__/input-props-events.test.tsx > Input - Props & Events > Custom Props > supports disabled state 1ms 70 MB heap used
 ✓ src/components/ui/__tests__/input-props-events.test.tsx > Input - Props & Events > Custom Props > supports readonly state 1ms 71 MB heap used
 ✓ src/components/ui/__tests__/input-props-events.test.tsx > Input - Props & Events > Custom Props > supports required attribute 1ms 70 MB heap used
 ✓ src/components/ui/__tests__/input-props-events.test.tsx > Input - Props & Events > Custom Props > supports name attribute 1ms 71 MB heap used
 ✓ src/components/ui/__tests__/input-props-events.test.tsx > Input - Props & Events > Custom Props > supports autoComplete attribute 1ms 71 MB heap used
 ✓ src/components/ui/__tests__/input-props-events.test.tsx > Input - Props & Events > Custom Props > supports autoFocus attribute 2ms 72 MB heap used
 ✓ src/components/ui/__tests__/input-props-events.test.tsx > Input - Props & Events > Custom Props > supports tabIndex 1ms 72 MB heap used
 ✓ src/components/ui/__tests__/input-props-events.test.tsx > Input - Props & Events > Custom Props > supports custom style 3ms 73 MB heap used
 ✓ src/components/ui/__tests__/input-props-events.test.tsx > Input - Props & Events > Custom Props > supports data attributes 1ms 73 MB heap used
 ✓ src/components/ui/__tests__/input-props-events.test.tsx > Input - Props & Events > Custom Props > supports aria attributes 1ms 74 MB heap used
 ✓ src/components/ui/__tests__/input-props-events.test.tsx > Input - Props & Events > Custom Props > merges multiple classNames correctly 1ms 75 MB heap used
 ✓ src/components/ui/__tests__/input-props-events.test.tsx > Input - Props & Events > Custom Props > handles undefined props gracefully 1ms 75 MB heap used
 ✓ src/components/ui/__tests__/input-props-events.test.tsx > Input - Props & Events > Custom Props > supports form attribute 1ms 75 MB heap used
 ✓ src/components/ui/__tests__/input-props-events.test.tsx > Input - Props & Events > Custom Props > supports size attribute for file inputs 1ms 75 MB heap used
 ✓ src/components/ui/__tests__/input-props-events.test.tsx > Input - Props & Events > Custom Props > supports multiple attribute for file inputs 1ms 76 MB heap used
 ✓ src/components/ui/__tests__/input-props-events.test.tsx > Input - Props & Events > Custom Props > supports accept attribute for file inputs 1ms 76 MB heap used
 ✓ src/components/ui/__tests__/input-props-events.test.tsx > Input - Props & Events > Event Handling > handles onChange events 23ms 42 MB heap used
 ✓ src/components/ui/__tests__/input-props-events.test.tsx > Input - Props & Events > Event Handling > handles onFocus events 9ms 43 MB heap used
 ✓ src/components/ui/__tests__/input-props-events.test.tsx > Input - Props & Events > Event Handling > handles onBlur events 11ms 44 MB heap used
 ✓ src/components/ui/__tests__/input-props-events.test.tsx > Input - Props & Events > Event Handling > handles onKeyDown events 5ms 45 MB heap used
 ✓ src/components/ui/__tests__/input-props-events.test.tsx > Input - Props & Events > Event Handling > handles onKeyUp events 5ms 45 MB heap used
 ✓ src/components/ui/__tests__/input-props-events.test.tsx > Input - Props & Events > Event Handling > handles onKeyPress events 5ms 46 MB heap used
 ✓ src/components/ui/__tests__/input-props-events.test.tsx > Input - Props & Events > Event Handling > handles _onClick events 8ms 47 MB heap used
 ✓ src/components/ui/__tests__/input-props-events.test.tsx > Input - Props & Events > Event Handling > handles onDoubleClick events 10ms 48 MB heap used
 ✓ src/components/ui/__tests__/input-props-events.test.tsx > Input - Props & Events > Event Handling > handles mouse events 14ms 50 MB heap used
 ✓ src/components/ui/__tests__/input-props-events.test.tsx > Input - Props & Events > Event Handling > handles input events with correct values 17ms 51 MB heap used
 ✓ src/components/ui/__tests__/input-props-events.test.tsx > Input - Props & Events > Event Handling > prevents events when disabled 10ms 52 MB heap used
 ✓ src/components/ui/__tests__/input-props-events.test.tsx > Input - Props & Events > Event Handling > handles custom event handlers 16ms 54 MB heap used
 ✓ src/components/ui/__tests__/input-props-events.test.tsx > Input - Props & Events > Event Handling > handles multiple event handlers 9ms 55 MB heap used
 ✓ src/components/ui/__tests__/input-props-events.test.tsx > Input - Props & Events > Event Handling > handles event propagation 9ms 56 MB heap used
 ✓ src/components/ui/__tests__/input-props-events.test.tsx > Input - Props & Events > Event Handling > handles event prevention 9ms 57 MB heap used
 ✓ src/components/ui/__tests__/label-form-basic-integration.test.tsx > Label Form Basic Integration - Main Tests > 核心表单集成验证 > works in complete form structure 157ms 51 MB heap used
 ✓ src/components/ui/__tests__/label-form-basic-integration.test.tsx > Label Form Basic Integration - Main Tests > 核心表单集成验证 > handles form validation with required fields 12ms 53 MB heap used
 ✓ src/components/ui/__tests__/label-form-basic-integration.test.tsx > Label Form Basic Integration - Main Tests > 核心表单集成验证 > works with fieldset and legend 6ms 55 MB heap used
 ✓ src/components/ui/__tests__/label-form-basic-integration.test.tsx > Label Form Basic Integration - Main Tests > 核心表单集成验证 > supports different input types 23ms 61 MB heap used
 ✓ src/components/ui/__tests__/label-form-basic-integration.test.tsx > Label Form Basic Integration - Main Tests > 核心表单集成验证 > handles checkbox and radio inputs 34ms 49 MB heap used
 ✓ src/components/ui/__tests__/label-form-basic-integration.test.tsx > Label Form Basic Integration - Main Tests > 错误处理验证 > handles missing htmlFor gracefully 2ms 49 MB heap used
 ✓ src/components/ui/__tests__/label-form-basic-integration.test.tsx > Label Form Basic Integration - Main Tests > 错误处理验证 > handles empty htmlFor gracefully 1ms 50 MB heap used
 ✓ src/components/ui/__tests__/label-form-basic-integration.test.tsx > Label Form Basic Integration - Main Tests > 错误处理验证 > handles missing input gracefully 1ms 50 MB heap used
 ✓ src/components/i18n/__tests__/enhanced-locale-switcher-accessibility-responsive.test.tsx > Enhanced Locale Switcher - Advanced Accessibility & Responsive Tests > Advanced Accessibility > provides descriptive aria-labels for language options 66ms 75 MB heap used
 ✓ src/components/i18n/__tests__/enhanced-locale-switcher-accessibility-responsive.test.tsx > Enhanced Locale Switcher - Advanced Accessibility & Responsive Tests > Advanced Accessibility > maintains focus management correctly 25ms 50 MB heap used
 ✓ src/components/i18n/__tests__/enhanced-locale-switcher-accessibility-responsive.test.tsx > Enhanced Locale Switcher - Advanced Accessibility & Responsive Tests > Advanced Accessibility > supports screen reader announcements 10ms 53 MB heap used
 ✓ src/components/i18n/__tests__/enhanced-locale-switcher-accessibility-responsive.test.tsx > Enhanced Locale Switcher - Advanced Accessibility & Responsive Tests > Advanced Accessibility > provides proper contrast and visibility 4ms 54 MB heap used
 ✓ src/components/i18n/__tests__/enhanced-locale-switcher-accessibility-responsive.test.tsx > Enhanced Locale Switcher - Advanced Accessibility & Responsive Tests > Advanced Accessibility > supports reduced motion preferences 4ms 55 MB heap used
 ✓ src/components/i18n/__tests__/enhanced-locale-switcher-accessibility-responsive.test.tsx > Enhanced Locale Switcher - Advanced Accessibility & Responsive Tests > Advanced Accessibility > handles focus trap in dropdown 9ms 56 MB heap used
 ✓ src/components/i18n/__tests__/enhanced-locale-switcher-accessibility-responsive.test.tsx > Enhanced Locale Switcher - Advanced Accessibility & Responsive Tests > Advanced Accessibility > provides proper touch targets 3ms 57 MB heap used
 ✓ src/components/i18n/__tests__/enhanced-locale-switcher-accessibility-responsive.test.tsx > Enhanced Locale Switcher - Advanced Accessibility & Responsive Tests > Advanced Accessibility > supports voice control and assistive technologies 3ms 59 MB heap used
 ✓ src/components/i18n/__tests__/enhanced-locale-switcher-accessibility-responsive.test.tsx > Enhanced Locale Switcher - Advanced Accessibility & Responsive Tests > Responsive Behavior > shows full language name on larger screens 4ms 60 MB heap used
 ✓ src/components/i18n/__tests__/enhanced-locale-switcher-accessibility-responsive.test.tsx > Enhanced Locale Switcher - Advanced Accessibility & Responsive Tests > Responsive Behavior > adapts to different screen sizes 3ms 61 MB heap used
 ✓ src/components/i18n/__tests__/enhanced-locale-switcher-accessibility-responsive.test.tsx > Enhanced Locale Switcher - Advanced Accessibility & Responsive Tests > Responsive Behavior > handles responsive padding and spacing 3ms 62 MB heap used
 ✓ src/components/i18n/__tests__/enhanced-locale-switcher-accessibility-responsive.test.tsx > Enhanced Locale Switcher - Advanced Accessibility & Responsive Tests > Responsive Behavior > supports responsive dropdown positioning 10ms 64 MB heap used
 ✓ src/components/i18n/__tests__/enhanced-locale-switcher-accessibility-responsive.test.tsx > Enhanced Locale Switcher - Advanced Accessibility & Responsive Tests > Responsive Behavior > handles mobile-specific interactions 10ms 65 MB heap used
 ✓ src/components/i18n/__tests__/enhanced-locale-switcher-accessibility-responsive.test.tsx > Enhanced Locale Switcher - Advanced Accessibility & Responsive Tests > Responsive Behavior > adapts icon sizes responsively 2ms 66 MB heap used
 ✓ src/components/i18n/__tests__/enhanced-locale-switcher-accessibility-responsive.test.tsx > Enhanced Locale Switcher - Advanced Accessibility & Responsive Tests > Responsive Behavior > handles responsive text truncation 3ms 67 MB heap used
 ✓ src/components/i18n/__tests__/enhanced-locale-switcher-accessibility-responsive.test.tsx > Enhanced Locale Switcher - Advanced Accessibility & Responsive Tests > Responsive Behavior > supports responsive dropdown width 10ms 69 MB heap used
 ✓ src/components/i18n/__tests__/enhanced-locale-switcher-accessibility-responsive.test.tsx > Enhanced Locale Switcher - Advanced Accessibility & Responsive Tests > Responsive Behavior > handles orientation changes 3ms 70 MB heap used
 ✓ src/components/i18n/__tests__/enhanced-locale-switcher-accessibility-responsive.test.tsx > Enhanced Locale Switcher - Advanced Accessibility & Responsive Tests > Responsive Behavior > supports responsive visibility 6ms 72 MB heap used
 ✓ src/components/i18n/__tests__/enhanced-locale-switcher-accessibility-responsive.test.tsx > Enhanced Locale Switcher - Advanced Accessibility & Responsive Tests > Detection Info & Edge Cases > does not show detection info by default 2ms 72 MB heap used
 ✓ src/components/i18n/__tests__/enhanced-locale-switcher-accessibility-responsive.test.tsx > Enhanced Locale Switcher - Advanced Accessibility & Responsive Tests > Detection Info & Edge Cases > shows detection info when provided 9ms 74 MB heap used
 ✓ src/components/i18n/__tests__/enhanced-locale-switcher-accessibility-responsive.test.tsx > Enhanced Locale Switcher - Advanced Accessibility & Responsive Tests > Detection Info & Edge Cases > handles missing translations gracefully 2ms 75 MB heap used
 ✓ src/components/i18n/__tests__/enhanced-locale-switcher-accessibility-responsive.test.tsx > Enhanced Locale Switcher - Advanced Accessibility & Responsive Tests > Detection Info & Edge Cases > handles component memoization correctly 3ms 76 MB heap used
 ✓ src/components/i18n/__tests__/enhanced-locale-switcher-accessibility-responsive.test.tsx > Enhanced Locale Switcher - Advanced Accessibility & Responsive Tests > Detection Info & Edge Cases > has correct display names for debugging 0ms 76 MB heap used
 ✓ src/components/i18n/__tests__/enhanced-locale-switcher-accessibility-responsive.test.tsx > Enhanced Locale Switcher - Advanced Accessibility & Responsive Tests > Detection Info & Edge Cases > handles rapid interactions gracefully 20ms 78 MB heap used
 ✓ src/components/i18n/__tests__/enhanced-locale-switcher-accessibility-responsive.test.tsx > Enhanced Locale Switcher - Advanced Accessibility & Responsive Tests > Detection Info & Edge Cases > supports custom event handlers 10ms 80 MB heap used
 ✓ src/components/ui/__tests__/sheet-content.test.tsx > Sheet - Content & Interactions > SheetContent > renders sheet content with default right side 66ms 45 MB heap used
stderr | src/components/ui/__tests__/sheet-content.test.tsx > Sheet - Content & Interactions > SheetClose > applies custom className
`DialogContent` requires a `DialogTitle` for the component to be accessible for screen reader users.

If you want to hide the `DialogTitle`, you can wrap it with our VisuallyHidden component.

For more information, see https://radix-ui.com/primitives/docs/components/dialog

 ✓ src/components/ui/__tests__/sheet-content.test.tsx > Sheet - Content & Interactions > SheetContent > renders with different sides 35ms 54 MB heap used
 ✓ src/components/ui/__tests__/sheet-content.test.tsx > Sheet - Content & Interactions > SheetContent > applies default classes 8ms 55 MB heap used
 ✓ src/components/ui/__tests__/sheet-content.test.tsx > Sheet - Content & Interactions > SheetContent > applies custom className 8ms 58 MB heap used
 ✓ src/components/ui/__tests__/sheet-content.test.tsx > Sheet - Content & Interactions > SheetContent > includes close button by default 14ms 60 MB heap used
 ✓ src/components/ui/__tests__/sheet-content.test.tsx > Sheet - Content & Interactions > SheetContent > closes when close button is clicked 22ms 65 MB heap used
 ✓ src/components/ui/__tests__/sheet-content.test.tsx > Sheet - Content & Interactions > SheetContent > closes when Escape key is pressed 17ms 49 MB heap used
 ✓ src/components/ui/__tests__/sheet-content.test.tsx > Sheet - Content & Interactions > SheetClose > renders sheet close button 6ms 51 MB heap used
 ✓ src/components/ui/__tests__/sheet-content.test.tsx > Sheet - Content & Interactions > SheetClose > closes sheet when clicked 17ms 54 MB heap used
stderr | src/components/ui/__tests__/sheet-content.test.tsx > Sheet - Content & Interactions > SheetClose > supports asChild prop
`DialogContent` requires a `DialogTitle` for the component to be accessible for screen reader users.

If you want to hide the `DialogTitle`, you can wrap it with our VisuallyHidden component.

For more information, see https://radix-ui.com/primitives/docs/components/dialog

 ✓ src/components/ui/__tests__/sheet-content.test.tsx > Sheet - Content & Interactions > SheetClose > applies custom className 8ms 56 MB heap used
 ✓ src/components/ui/__tests__/sheet-content.test.tsx > Sheet - Content & Interactions > SheetClose > supports asChild prop 16ms 59 MB heap used
 ✓ src/components/ui/__tests__/navigation-menu.test.tsx > Navigation Menu Components > NavigationMenu > renders navigation menu with default props 29ms 70 MB heap used
 ✓ src/components/ui/__tests__/navigation-menu.test.tsx > Navigation Menu Components > NavigationMenu > renders without viewport when viewport=false 5ms 71 MB heap used
 ✓ src/components/ui/__tests__/navigation-menu.test.tsx > Navigation Menu Components > NavigationMenu > applies custom className 5ms 72 MB heap used
 ✓ src/components/ui/__tests__/navigation-menu.test.tsx > Navigation Menu Components > NavigationMenu > passes through additional props 5ms 73 MB heap used
 ✓ src/components/ui/__tests__/navigation-menu.test.tsx > Navigation Menu Components > NavigationMenuList > renders navigation menu list 5ms 74 MB heap used
 ✓ src/components/ui/__tests__/navigation-menu.test.tsx > Navigation Menu Components > NavigationMenuList > applies default classes 4ms 75 MB heap used
 ✓ src/components/ui/__tests__/navigation-menu.test.tsx > Navigation Menu Components > NavigationMenuList > applies custom className 4ms 76 MB heap used
 ✓ src/components/ui/__tests__/navigation-menu.test.tsx > Navigation Menu Components > NavigationMenuItem > renders navigation menu item 4ms 77 MB heap used
 ✓ src/components/ui/__tests__/navigation-menu.test.tsx > Navigation Menu Components > NavigationMenuItem > applies default classes 4ms 78 MB heap used
 ✓ src/components/ui/__tests__/navigation-menu.test.tsx > Navigation Menu Components > NavigationMenuItem > applies custom className 4ms 79 MB heap used
 ✓ src/components/ui/__tests__/navigation-menu.test.tsx > Navigation Menu Components > NavigationMenuTrigger > renders navigation menu trigger with chevron icon 3ms 80 MB heap used
 ✓ src/components/ui/__tests__/navigation-menu.test.tsx > Navigation Menu Components > NavigationMenuTrigger > applies trigger styles 3ms 80 MB heap used
 ✓ src/components/ui/__tests__/navigation-menu.test.tsx > Navigation Menu Components > NavigationMenuTrigger > applies custom className 6ms 81 MB heap used
stderr | src/components/ui/__tests__/navigation-menu.test.tsx > Navigation Menu Components > NavigationMenuLink > handles click interactions
Error: Not implemented: navigation (except hash changes)
    at module.exports (/Users/Data/Warehouse/Focus/tucsenberg-web-frontier/node_modules/.pnpm/jsdom@26.1.0/node_modules/jsdom/lib/jsdom/browser/not-implemented.js:9:17)
    at navigateFetch (/Users/Data/Warehouse/Focus/tucsenberg-web-frontier/node_modules/.pnpm/jsdom@26.1.0/node_modules/jsdom/lib/jsdom/living/window/navigation.js:77:3)
    at exports.navigate (/Users/Data/Warehouse/Focus/tucsenberg-web-frontier/node_modules/.pnpm/jsdom@26.1.0/node_modules/jsdom/lib/jsdom/living/window/navigation.js:55:3)
    at Timeout._onTimeout (/Users/Data/Warehouse/Focus/tucsenberg-web-frontier/node_modules/.pnpm/jsdom@26.1.0/node_modules/jsdom/lib/jsdom/living/nodes/HTMLHyperlinkElementUtils-impl.js:80:7)
    at listOnTimeout (node:internal/timers:608:17)
    at processTimers (node:internal/timers:543:7) [90mundefined[39m

 ✓ src/components/ui/__tests__/navigation-menu.test.tsx > Navigation Menu Components > NavigationMenuTrigger > handles click interactions 63ms 44 MB heap used
 ✓ src/components/ui/__tests__/navigation-menu.test.tsx > Navigation Menu Components > NavigationMenuContent > renders navigation menu content when menu is open 4ms 45 MB heap used
 ✓ src/components/ui/__tests__/navigation-menu.test.tsx > Navigation Menu Components > NavigationMenuContent > applies default classes when rendered 4ms 46 MB heap used
 ✓ src/components/ui/__tests__/navigation-menu.test.tsx > Navigation Menu Components > NavigationMenuContent > applies custom className when provided 3ms 47 MB heap used
 ✓ src/components/ui/__tests__/navigation-menu.test.tsx > Navigation Menu Components > NavigationMenuLink > renders navigation menu link 4ms 48 MB heap used
 ✓ src/components/ui/__tests__/navigation-menu.test.tsx > Navigation Menu Components > NavigationMenuLink > applies default classes 3ms 48 MB heap used
 ✓ src/components/ui/__tests__/navigation-menu.test.tsx > Navigation Menu Components > NavigationMenuLink > applies custom className 2ms 49 MB heap used
 ✓ src/components/ui/__tests__/navigation-menu.test.tsx > Navigation Menu Components > NavigationMenuLink > handles click interactions 13ms 51 MB heap used
 ✓ src/components/ui/__tests__/navigation-menu.test.tsx > Navigation Menu Components > NavigationMenuIndicator > renders navigation menu indicator when menu is active 4ms 52 MB heap used
 ✓ src/components/ui/__tests__/navigation-menu.test.tsx > Navigation Menu Components > NavigationMenuIndicator > component is defined and can be imported 4ms 53 MB heap used
 ✓ src/components/ui/__tests__/navigation-menu.test.tsx > Navigation Menu Components > NavigationMenuIndicator > accepts className prop 4ms 54 MB heap used
 ✓ src/components/ui/__tests__/navigation-menu.test.tsx > Navigation Menu Components > NavigationMenuIndicator > can be used within navigation menu structure 4ms 55 MB heap used
 ✓ src/components/ui/__tests__/navigation-menu.test.tsx > Navigation Menu Components > navigationMenuTriggerStyle > returns trigger style classes 1ms 55 MB heap used
 ✓ src/components/ui/__tests__/navigation-menu.test.tsx > Navigation Menu Components > navigationMenuTriggerStyle > accepts variant options 0ms 55 MB heap used
 ✓ src/components/ui/__tests__/navigation-menu.test.tsx > Navigation Menu Components > Accessibility > supports keyboard navigation 18ms 58 MB heap used
 ✓ src/components/ui/__tests__/navigation-menu.test.tsx > Navigation Menu Components > Accessibility > provides proper ARIA attributes 3ms 59 MB heap used
 ✓ src/components/ui/__tests__/navigation-menu.test.tsx > Navigation Menu Components > Accessibility > handles focus management 12ms 61 MB heap used
 ✓ src/components/ui/__tests__/navigation-menu.test.tsx > Navigation Menu Components > Integration > works with complex navigation structure 7ms 62 MB heap used
 ✓ src/components/ui/__tests__/navigation-menu.test.tsx > Navigation Menu Components > Integration > handles multiple navigation items 6ms 63 MB heap used
 ✓ src/components/ui/__tests__/navigation-menu.test.tsx > Navigation Menu Components > Edge Cases > handles empty navigation menu 2ms 64 MB heap used
 ✓ src/components/ui/__tests__/navigation-menu.test.tsx > Navigation Menu Components > Edge Cases > handles navigation without viewport 3ms 65 MB heap used
 ✓ src/components/ui/__tests__/navigation-menu.test.tsx > Navigation Menu Components > Edge Cases > handles missing children gracefully 3ms 66 MB heap used
 ✓ src/components/ui/__tests__/navigation-menu-integration.test.tsx > NavigationMenu - Dropdown & State Management > Dropdown Menu Interactions > opens dropdown menu on trigger click 81ms 47 MB heap used
stderr | src/components/ui/__tests__/navigation-menu-integration.test.tsx > NavigationMenu - Dropdown & State Management > Navigation State Management > handles controlled state changes
NavigationMenu is changing from uncontrolled to controlled. Components should not switch from controlled to uncontrolled (or vice versa). Decide between using a controlled or uncontrolled value for the lifetime of the component.

 ✓ src/components/ui/__tests__/navigation-menu-integration.test.tsx > NavigationMenu - Dropdown & State Management > Dropdown Menu Interactions > closes dropdown menu on second trigger click 31ms 52 MB heap used
 ✓ src/components/ui/__tests__/navigation-menu-integration.test.tsx > NavigationMenu - Dropdown & State Management > Dropdown Menu Interactions > handles multiple dropdown menus independently 35ms 59 MB heap used
 ✓ src/components/ui/__tests__/navigation-menu-integration.test.tsx > NavigationMenu - Dropdown & State Management > Navigation State Management > maintains consistent state across navigation items 42ms 50 MB heap used
 ✓ src/components/ui/__tests__/navigation-menu-integration.test.tsx > NavigationMenu - Dropdown & State Management > Navigation State Management > handles controlled state changes 16ms 54 MB heap used
 ✓ src/components/ui/__tests__/navigation-menu-integration.test.tsx > NavigationMenu - Dropdown & State Management > Edge Cases > handles empty navigation menu 2ms 55 MB heap used
 ✓ src/components/ui/__tests__/navigation-menu-integration.test.tsx > NavigationMenu - Dropdown & State Management > Edge Cases > handles navigation without viewport 3ms 56 MB heap used
 ✓ src/components/ui/__tests__/navigation-menu-integration.test.tsx > NavigationMenu - Dropdown & State Management > Edge Cases > handles missing children gracefully 3ms 57 MB heap used
 ✓ src/components/i18n/__tests__/enhanced-locale-switcher-modes.test.tsx > Enhanced Locale Switcher - Modes Tests > Compact模式测试 > renders in compact mode correctly 52ms 66 MB heap used
 ✓ src/components/i18n/__tests__/enhanced-locale-switcher-modes.test.tsx > Enhanced Locale Switcher - Modes Tests > Compact模式测试 > hides language text in compact mode 5ms 68 MB heap used
 ✓ src/components/i18n/__tests__/enhanced-locale-switcher-modes.test.tsx > Enhanced Locale Switcher - Modes Tests > Compact模式测试 > maintains accessibility in compact mode 4ms 69 MB heap used
 ✓ src/components/i18n/__tests__/enhanced-locale-switcher-modes.test.tsx > Enhanced Locale Switcher - Modes Tests > Compact模式测试 > shows full dropdown content in compact mode 17ms 55 MB heap used
 ✓ src/components/i18n/__tests__/enhanced-locale-switcher-modes.test.tsx > Enhanced Locale Switcher - Modes Tests > Compact模式测试 > applies compact-specific styling 4ms 57 MB heap used
 ✓ src/components/i18n/__tests__/enhanced-locale-switcher-modes.test.tsx > Enhanced Locale Switcher - Modes Tests > Compact模式测试 > handles interactions in compact mode 15ms 59 MB heap used
 ✓ src/components/i18n/__tests__/enhanced-locale-switcher-modes.test.tsx > Enhanced Locale Switcher - Modes Tests > Compact模式测试 > supports responsive behavior in compact mode 3ms 59 MB heap used
 ✓ src/components/i18n/__tests__/enhanced-locale-switcher-modes.test.tsx > Enhanced Locale Switcher - Modes Tests > Compact模式测试 > maintains focus management in compact mode 17ms 61 MB heap used
 ✓ src/components/i18n/__tests__/enhanced-locale-switcher-modes.test.tsx > Enhanced Locale Switcher - Modes Tests > Compact模式测试 > handles keyboard navigation in compact mode 12ms 62 MB heap used
 ✓ src/components/i18n/__tests__/enhanced-locale-switcher-modes.test.tsx > Enhanced Locale Switcher - Modes Tests > SimpleLocaleSwitcher测试 > renders SimpleLocaleSwitcher correctly 3ms 63 MB heap used
 ✓ src/components/i18n/__tests__/enhanced-locale-switcher-modes.test.tsx > Enhanced Locale Switcher - Modes Tests > SimpleLocaleSwitcher测试 > shows current language in SimpleLocaleSwitcher 2ms 64 MB heap used
 ✓ src/components/i18n/__tests__/enhanced-locale-switcher-modes.test.tsx > Enhanced Locale Switcher - Modes Tests > SimpleLocaleSwitcher测试 > opens dropdown in SimpleLocaleSwitcher 9ms 66 MB heap used
 ✓ src/components/i18n/__tests__/enhanced-locale-switcher-modes.test.tsx > Enhanced Locale Switcher - Modes Tests > SimpleLocaleSwitcher测试 > supports custom props in SimpleLocaleSwitcher 3ms 67 MB heap used
 ✓ src/components/i18n/__tests__/enhanced-locale-switcher-modes.test.tsx > Enhanced Locale Switcher - Modes Tests > SimpleLocaleSwitcher测试 > handles keyboard navigation in SimpleLocaleSwitcher 11ms 68 MB heap used
 ✓ src/components/i18n/__tests__/enhanced-locale-switcher-modes.test.tsx > Enhanced Locale Switcher - Modes Tests > SimpleLocaleSwitcher测试 > maintains accessibility in SimpleLocaleSwitcher 3ms 69 MB heap used
 ✓ src/components/i18n/__tests__/enhanced-locale-switcher-modes.test.tsx > Enhanced Locale Switcher - Modes Tests > SimpleLocaleSwitcher测试 > handles different locales in SimpleLocaleSwitcher 2ms 70 MB heap used
 ✓ src/components/i18n/__tests__/enhanced-locale-switcher-modes.test.tsx > Enhanced Locale Switcher - Modes Tests > SimpleLocaleSwitcher测试 > supports responsive design in SimpleLocaleSwitcher 3ms 70 MB heap used
 ✓ src/components/i18n/__tests__/enhanced-locale-switcher-modes.test.tsx > Enhanced Locale Switcher - Modes Tests > 模式切换行为 > switches between normal and compact modes 6ms 72 MB heap used
 ✓ src/components/i18n/__tests__/enhanced-locale-switcher-modes.test.tsx > Enhanced Locale Switcher - Modes Tests > 模式切换行为 > maintains state consistency across mode changes 9ms 74 MB heap used
 ✓ src/components/i18n/__tests__/enhanced-locale-switcher-modes.test.tsx > Enhanced Locale Switcher - Modes Tests > 模式切换行为 > preserves accessibility across mode changes 5ms 75 MB heap used
 ✓ src/components/i18n/__tests__/enhanced-locale-switcher-modes.test.tsx > Enhanced Locale Switcher - Modes Tests > 组件生命周期 > handles component mounting and unmounting 3ms 76 MB heap used
 ✓ src/components/i18n/__tests__/enhanced-locale-switcher-modes.test.tsx > Enhanced Locale Switcher - Modes Tests > 组件生命周期 > handles re-renders correctly 4ms 78 MB heap used
 ✓ src/components/i18n/__tests__/enhanced-locale-switcher-modes.test.tsx > Enhanced Locale Switcher - Modes Tests > 组件生命周期 > maintains state across re-renders 12ms 58 MB heap used
 ✓ src/components/i18n/__tests__/enhanced-locale-switcher-modes.test.tsx > Enhanced Locale Switcher - Modes Tests > 组件生命周期 > handles prop changes gracefully 5ms 60 MB heap used
 ✓ src/components/i18n/__tests__/enhanced-locale-switcher-modes.test.tsx > Enhanced Locale Switcher - Modes Tests > 组件生命周期 > cleans up event listeners on unmount 2ms 60 MB heap used
 ✓ src/components/ui/__tests__/label-form-basic-integration-essential.test.tsx > Label Form Basic Integration - Essential Tests > 基础表单集成 > works in simple form structure 138ms 53 MB heap used
 ✓ src/components/ui/__tests__/label-form-basic-integration-essential.test.tsx > Label Form Basic Integration - Essential Tests > 基础表单集成 > handles form validation states 4ms 54 MB heap used
 ✓ src/components/ui/__tests__/label-form-basic-integration-essential.test.tsx > Label Form Basic Integration - Essential Tests > 基础表单集成 > works with fieldset and legend 7ms 56 MB heap used
 ✓ src/components/ui/__tests__/label-form-basic-integration-essential.test.tsx > Label Form Basic Integration - Essential Tests > 表单交互 > handles keyboard navigation 16ms 57 MB heap used
 ✓ src/components/ui/__tests__/label-form-basic-integration-essential.test.tsx > Label Form Basic Integration - Essential Tests > 表单交互 > handles label clicks for focus 20ms 60 MB heap used
 ✓ src/components/ui/__tests__/label-form-basic-integration-essential.test.tsx > Label Form Basic Integration - Essential Tests > 错误处理 > handles form with error states 3ms 61 MB heap used
 ✓ src/components/ui/__tests__/label-form-basic-integration-essential.test.tsx > Label Form Basic Integration - Essential Tests > 错误处理 > handles missing form elements gracefully 1ms 61 MB heap used
 ✓ src/components/ui/__tests__/label-form-basic-integration-essential.test.tsx > Label Form Basic Integration - Essential Tests > 多种输入类型 > works with different input types 3ms 62 MB heap used
 ✓ src/components/ui/__tests__/label-form-basic-integration-essential.test.tsx > Label Form Basic Integration - Essential Tests > 多种输入类型 > works with checkboxes and radios 29ms 67 MB heap used
 ✓ src/components/ui/__tests__/label-form-basic-integration-essential.test.tsx > Label Form Basic Integration - Essential Tests > 可访问性 > maintains accessibility standards 2ms 67 MB heap used
 ✓ src/components/ui/__tests__/label-form-basic-integration-essential.test.tsx > Label Form Basic Integration - Essential Tests > 可访问性 > supports screen reader navigation 3ms 68 MB heap used
 ✓ src/components/i18n/__tests__/enhanced-locale-switcher-rendering.test.tsx > Enhanced Locale Switcher - Rendering Tests > 基本组件渲染 > renders enhanced locale switcher with default props 51ms 74 MB heap used
 ✓ src/components/i18n/__tests__/enhanced-locale-switcher-rendering.test.tsx > Enhanced Locale Switcher - Rendering Tests > 基本组件渲染 > renders globe icon in button 4ms 75 MB heap used
 ✓ src/components/i18n/__tests__/enhanced-locale-switcher-rendering.test.tsx > Enhanced Locale Switcher - Rendering Tests > 基本组件渲染 > renders current language text 3ms 76 MB heap used
 ✓ src/components/i18n/__tests__/enhanced-locale-switcher-rendering.test.tsx > Enhanced Locale Switcher - Rendering Tests > 基本组件渲染 > renders chevron down icon 5ms 78 MB heap used
 ✓ src/components/i18n/__tests__/enhanced-locale-switcher-rendering.test.tsx > Enhanced Locale Switcher - Rendering Tests > 基本组件渲染 > renders with different locales 3ms 78 MB heap used
 ✓ src/components/i18n/__tests__/enhanced-locale-switcher-rendering.test.tsx > Enhanced Locale Switcher - Rendering Tests > 基本组件渲染 > handles missing translation gracefully 3ms 79 MB heap used
 ✓ src/components/i18n/__tests__/enhanced-locale-switcher-rendering.test.tsx > Enhanced Locale Switcher - Rendering Tests > 样式和类名应用 > applies default styling classes 5ms 80 MB heap used
 ✓ src/components/i18n/__tests__/enhanced-locale-switcher-rendering.test.tsx > Enhanced Locale Switcher - Rendering Tests > 样式和类名应用 > supports custom className 4ms 82 MB heap used
 ✓ src/components/i18n/__tests__/enhanced-locale-switcher-rendering.test.tsx > Enhanced Locale Switcher - Rendering Tests > 样式和类名应用 > combines custom className with default classes 4ms 83 MB heap used
 ✓ src/components/i18n/__tests__/enhanced-locale-switcher-rendering.test.tsx > Enhanced Locale Switcher - Rendering Tests > 样式和类名应用 > applies responsive classes correctly 3ms 84 MB heap used
 ✓ src/components/i18n/__tests__/enhanced-locale-switcher-rendering.test.tsx > Enhanced Locale Switcher - Rendering Tests > 样式和类名应用 > handles empty className gracefully 4ms 85 MB heap used
 ✓ src/components/i18n/__tests__/enhanced-locale-switcher-rendering.test.tsx > Enhanced Locale Switcher - Rendering Tests > 可访问性属性 > renders with correct accessibility attributes 3ms 86 MB heap used
 ✓ src/components/i18n/__tests__/enhanced-locale-switcher-rendering.test.tsx > Enhanced Locale Switcher - Rendering Tests > 可访问性属性 > updates aria-expanded when opened 13ms 88 MB heap used
 ✓ src/components/i18n/__tests__/enhanced-locale-switcher-rendering.test.tsx > Enhanced Locale Switcher - Rendering Tests > 可访问性属性 > maintains aria-label attribute 5ms 90 MB heap used
 ✓ src/components/i18n/__tests__/enhanced-locale-switcher-rendering.test.tsx > Enhanced Locale Switcher - Rendering Tests > 可访问性属性 > provides proper button role 4ms 90 MB heap used
 ✓ src/components/i18n/__tests__/enhanced-locale-switcher-rendering.test.tsx > Enhanced Locale Switcher - Rendering Tests > 可访问性属性 > supports keyboard navigation 17ms 54 MB heap used
 ✓ src/components/i18n/__tests__/enhanced-locale-switcher-rendering.test.tsx > Enhanced Locale Switcher - Rendering Tests > 可访问性属性 > supports space key activation 8ms 55 MB heap used
 ✓ src/components/i18n/__tests__/enhanced-locale-switcher-rendering.test.tsx > Enhanced Locale Switcher - Rendering Tests > 图标和文本显示 > shows language options in dropdown 8ms 56 MB heap used
 ✓ src/components/i18n/__tests__/enhanced-locale-switcher-rendering.test.tsx > Enhanced Locale Switcher - Rendering Tests > 图标和文本显示 > displays correct icons for each state 3ms 58 MB heap used
 ✓ src/components/i18n/__tests__/enhanced-locale-switcher-rendering.test.tsx > Enhanced Locale Switcher - Rendering Tests > 图标和文本显示 > handles icon rendering errors gracefully 3ms 59 MB heap used
 ✓ src/components/i18n/__tests__/enhanced-locale-switcher-rendering.test.tsx > Enhanced Locale Switcher - Rendering Tests > 图标和文本显示 > maintains text content consistency 3ms 60 MB heap used
 ✓ src/components/i18n/__tests__/enhanced-locale-switcher-rendering.test.tsx > Enhanced Locale Switcher - Rendering Tests > 交互行为 > opens dropdown when clicked 9ms 61 MB heap used
 ✓ src/components/i18n/__tests__/enhanced-locale-switcher-rendering.test.tsx > Enhanced Locale Switcher - Rendering Tests > 交互行为 > closes dropdown when clicking outside 17ms 64 MB heap used
 ✓ src/components/i18n/__tests__/enhanced-locale-switcher-rendering.test.tsx > Enhanced Locale Switcher - Rendering Tests > 交互行为 > closes dropdown with Escape key 13ms 65 MB heap used
 ✓ src/components/i18n/__tests__/enhanced-locale-switcher-rendering.test.tsx > Enhanced Locale Switcher - Rendering Tests > 交互行为 > maintains focus after closing dropdown 12ms 67 MB heap used
 ✓ src/components/forms/__tests__/contact-form-fields-core.test.tsx > Contact Form Fields - Core Tests > NameFields Component > should render first name and last name fields 22ms 46 MB heap used
 ✓ src/components/forms/__tests__/contact-form-fields-core.test.tsx > Contact Form Fields - Core Tests > NameFields Component > should show required indicators 3ms 46 MB heap used
 ✓ src/components/forms/__tests__/contact-form-fields-core.test.tsx > Contact Form Fields - Core Tests > NameFields Component > should have required attributes on inputs 2ms 47 MB heap used
 ✓ src/components/forms/__tests__/contact-form-fields-core.test.tsx > Contact Form Fields - Core Tests > NameFields Component > should disable inputs when isPending is true 2ms 48 MB heap used
 ✓ src/components/forms/__tests__/contact-form-fields-core.test.tsx > Contact Form Fields - Core Tests > ContactFields Component > should render email and company fields 3ms 48 MB heap used
 ✓ src/components/forms/__tests__/contact-form-fields-core.test.tsx > Contact Form Fields - Core Tests > ContactFields Component > should show email as required 2ms 49 MB heap used
 ✓ src/components/forms/__tests__/contact-form-fields-core.test.tsx > Contact Form Fields - Core Tests > ContactFields Component > should have correct input attributes 1ms 50 MB heap used
 ✓ src/components/forms/__tests__/contact-form-fields-core.test.tsx > Contact Form Fields - Core Tests > ContactFields Component > should disable inputs when isPending is true 1ms 50 MB heap used
 ✓ src/components/forms/__tests__/contact-form-fields-core.test.tsx > Contact Form Fields - Core Tests > CheckboxFields Component > should render privacy policy checkbox 2ms 51 MB heap used
 ✓ src/components/forms/__tests__/contact-form-fields-core.test.tsx > Contact Form Fields - Core Tests > CheckboxFields Component > should have required attribute on checkbox 1ms 52 MB heap used
 ✓ src/components/forms/__tests__/contact-form-fields-core.test.tsx > Contact Form Fields - Core Tests > CheckboxFields Component > should handle checkbox interactions 38ms 56 MB heap used
 ✓ src/components/forms/__tests__/contact-form-fields-core.test.tsx > Contact Form Fields - Core Tests > CheckboxFields Component > should disable checkbox when isPending is true 1ms 57 MB heap used
 ✓ src/components/forms/__tests__/contact-form-fields-core.test.tsx > Contact Form Fields - Core Tests > AdditionalFields Component > should render phone and subject fields 2ms 57 MB heap used
 ✓ src/components/forms/__tests__/contact-form-fields-core.test.tsx > Contact Form Fields - Core Tests > AdditionalFields Component > should have correct input attributes 2ms 58 MB heap used
 ✓ src/components/forms/__tests__/contact-form-fields-core.test.tsx > Contact Form Fields - Core Tests > AdditionalFields Component > should handle input interactions 57ms 64 MB heap used
 ✓ src/components/forms/__tests__/contact-form-fields-core.test.tsx > Contact Form Fields - Core Tests > AdditionalFields Component > should disable inputs when isPending is true 2ms 65 MB heap used
 ✓ src/components/forms/__tests__/contact-form-fields-core.test.tsx > Contact Form Fields - Core Tests > React 19 Native Form Integration > should render all form fields with correct names 6ms 67 MB heap used
 ✓ src/components/forms/__tests__/contact-form-fields-core.test.tsx > Contact Form Fields - Core Tests > React 19 Native Form Integration > should handle form submission state with isPending 10ms 71 MB heap used
 ✓ src/components/forms/__tests__/contact-form-fields-core.test.tsx > Contact Form Fields - Core Tests > Accessibility > should have proper ARIA labels 7ms 49 MB heap used
 ✓ src/components/forms/__tests__/contact-form-fields-core.test.tsx > Contact Form Fields - Core Tests > Accessibility > should have aria-describedby attributes for error handling 4ms 50 MB heap used
 ✓ src/components/forms/__tests__/contact-form-fields-core.test.tsx > Contact Form Fields - Core Tests > Translation Integration > should call translation function for all labels 3ms 51 MB heap used
stderr | src/lib/__tests__/airtable-error-handling.test.ts > Airtable Error Handling Tests > Error Handling - createContact > should handle API errors during creation
Failed to create contact record { error: [32m'API Error'[39m, email: [32m'john.doe@example.com'[39m }

stderr | src/lib/__tests__/airtable-error-handling.test.ts > Airtable Error Handling Tests > Error Handling - createContact > should handle validation errors
Failed to create contact record { error: [32m'Invalid email format'[39m, email: [32m'invalid-email'[39m }

stderr | src/lib/__tests__/airtable-error-handling.test.ts > Airtable Error Handling Tests > Error Handling - createContact > should handle network timeouts
Failed to create contact record { error: [32m'Network timeout'[39m, email: [32m'john.doe@example.com'[39m }

stderr | src/lib/__tests__/airtable-error-handling.test.ts > Airtable Error Handling Tests > Error Handling - getContacts > should handle API errors during retrieval
Failed to fetch contact records { error: [32m'API Error'[39m }

 ✓ src/lib/__tests__/airtable-error-handling.test.ts > Airtable Error Handling Tests > Error Handling - createContact > should handle API errors during creation 39ms 71 MB heap used
 ✓ src/lib/__tests__/airtable-error-handling.test.ts > Airtable Error Handling Tests > Error Handling - createContact > should handle validation errors 9ms 61 MB heap used
 ✓ src/lib/__tests__/airtable-error-handling.test.ts > Airtable Error Handling Tests > Error Handling - createContact > should handle network timeouts 7ms 68 MB heap used
 ✓ src/lib/__tests__/airtable-error-handling.test.ts > Airtable Error Handling Tests > Error Handling - getContacts > should handle API errors during retrieval 8ms 74 MB heap used
 ✓ src/lib/__tests__/airtable-error-handling.test.ts > Airtable Error Handling Tests > Error Handling - getContacts > should handle empty results gracefully 17ms 70 MB heap used
 ✓ src/lib/__tests__/airtable-error-handling.test.ts > Airtable Error Handling Tests > Error Handling - getContacts > should handle malformed records 16ms 56 MB heap used
stderr | src/lib/__tests__/airtable-error-handling.test.ts > Airtable Error Handling Tests > Error Handling - updateContactStatus > should handle update errors
Failed to update contact record status { error: [32m'Update failed'[39m, recordId: [32m'rec123456'[39m, status: [32m'Completed'[39m }

stderr | src/lib/__tests__/airtable-error-handling.test.ts > Airtable Error Handling Tests > Error Handling - updateContactStatus > should handle invalid record IDs
Failed to update contact record status {
  error: [32m'Record not found'[39m,
  recordId: [32m'invalid-id'[39m,
  status: [32m'Completed'[39m
}

stderr | src/lib/__tests__/airtable-error-handling.test.ts > Airtable Error Handling Tests > Error Handling - updateContactStatus > should handle invalid status values
Failed to update contact record status {
  error: [32m'Invalid status value'[39m,
  recordId: [32m'rec123456'[39m,
  status: [32m'InvalidStatus'[39m
}

stderr | src/lib/__tests__/airtable-error-handling.test.ts > Airtable Error Handling Tests > Error Handling - deleteContact > should handle deletion errors
Failed to delete contact record { error: [32m'Delete failed'[39m, recordId: [32m'rec123456'[39m }

stderr | src/lib/__tests__/airtable-error-handling.test.ts > Airtable Error Handling Tests > Error Handling - deleteContact > should handle invalid record IDs for deletion
Failed to delete contact record { error: [32m'Record not found'[39m, recordId: [32m'invalid-id'[39m }

 ✓ src/lib/__tests__/airtable-error-handling.test.ts > Airtable Error Handling Tests > Error Handling - updateContactStatus > should handle update errors 12ms 64 MB heap used
 ✓ src/lib/__tests__/airtable-error-handling.test.ts > Airtable Error Handling Tests > Error Handling - updateContactStatus > should handle invalid record IDs 13ms 72 MB heap used
 ✓ src/lib/__tests__/airtable-error-handling.test.ts > Airtable Error Handling Tests > Error Handling - updateContactStatus > should handle invalid status values 15ms 81 MB heap used
 ✓ src/lib/__tests__/airtable-error-handling.test.ts > Airtable Error Handling Tests > Error Handling - updateContactStatus > should throw error when service is not configured 17ms 90 MB heap used
 ✓ src/lib/__tests__/airtable-error-handling.test.ts > Airtable Error Handling Tests > Error Handling - deleteContact > should handle deletion errors 19ms 99 MB heap used
 ✓ src/lib/__tests__/airtable-error-handling.test.ts > Airtable Error Handling Tests > Error Handling - deleteContact > should handle invalid record IDs for deletion 20ms 109 MB heap used
 ✓ src/lib/__tests__/airtable-error-handling.test.ts > Airtable Error Handling Tests > Error Handling - deleteContact > should throw error when service is not configured for deletion 25ms 78 MB heap used
 ✓ src/components/ui/__tests__/sheet-accessibility.test.tsx > Sheet - Accessibility > provides proper ARIA attributes 79ms 70 MB heap used
stderr | src/components/ui/__tests__/sheet-accessibility.test.tsx > Sheet - Accessibility > supports screen readers with proper labeling
`DialogContent` requires a `DialogTitle` for the component to be accessible for screen reader users.

If you want to hide the `DialogTitle`, you can wrap it with our VisuallyHidden component.

For more information, see https://radix-ui.com/primitives/docs/components/dialog

 ✓ src/components/ui/__tests__/sheet-accessibility.test.tsx > Sheet - Accessibility > manages focus correctly 36ms 43 MB heap used
 ✓ src/components/ui/__tests__/sheet-accessibility.test.tsx > Sheet - Accessibility > returns focus to trigger when closed 27ms 48 MB heap used
 ✓ src/components/ui/__tests__/sheet-accessibility.test.tsx > Sheet - Accessibility > supports screen readers with proper labeling 17ms 51 MB heap used
 ✓ src/components/ui/__tests__/sheet-accessibility.test.tsx > Sheet - Accessibility > handles keyboard navigation correctly 39ms 56 MB heap used
stderr | src/components/ui/__tests__/sheet-basic.test.tsx > Sheet - Basic Components > Sheet > handles controlled state
`DialogContent` requires a `DialogTitle` for the component to be accessible for screen reader users.

If you want to hide the `DialogTitle`, you can wrap it with our VisuallyHidden component.

For more information, see https://radix-ui.com/primitives/docs/components/dialog

 ✓ src/components/ui/__tests__/sheet-basic.test.tsx > Sheet - Basic Components > Sheet > renders sheet root component 22ms 66 MB heap used
 ✓ src/components/ui/__tests__/sheet-basic.test.tsx > Sheet - Basic Components > Sheet > renders with default props 31ms 70 MB heap used
 ✓ src/components/ui/__tests__/sheet-basic.test.tsx > Sheet - Basic Components > Sheet > accepts custom props 2ms 71 MB heap used
 ✓ src/components/ui/__tests__/sheet-basic.test.tsx > Sheet - Basic Components > Sheet > handles controlled state 19ms 74 MB heap used
 ✓ src/components/ui/__tests__/sheet-basic.test.tsx > Sheet - Basic Components > SheetTrigger > renders sheet trigger button 2ms 75 MB heap used
 ✓ src/components/ui/__tests__/sheet-basic.test.tsx > Sheet - Basic Components > SheetTrigger > applies custom className 1ms 75 MB heap used
 ✓ src/components/ui/__tests__/sheet-basic.test.tsx > Sheet - Basic Components > SheetTrigger > passes through additional props 2ms 76 MB heap used
stderr | src/components/ui/__tests__/sheet-basic.test.tsx > Sheet - Basic Components > SheetTrigger > supports keyboard activation
`DialogContent` requires a `DialogTitle` for the component to be accessible for screen reader users.

If you want to hide the `DialogTitle`, you can wrap it with our VisuallyHidden component.

For more information, see https://radix-ui.com/primitives/docs/components/dialog

stderr | src/components/ui/__tests__/sheet-basic.test.tsx > Sheet - Basic Components > SheetTrigger > supports space key activation
`DialogContent` requires a `DialogTitle` for the component to be accessible for screen reader users.

If you want to hide the `DialogTitle`, you can wrap it with our VisuallyHidden component.

For more information, see https://radix-ui.com/primitives/docs/components/dialog

stderr | src/components/ui/__tests__/sheet-basic.test.tsx > Sheet - Basic Components > SheetFooter > renders sheet footer
`DialogContent` requires a `DialogTitle` for the component to be accessible for screen reader users.

If you want to hide the `DialogTitle`, you can wrap it with our VisuallyHidden component.

For more information, see https://radix-ui.com/primitives/docs/components/dialog

stderr | src/components/ui/__tests__/sheet-basic.test.tsx > Sheet - Basic Components > SheetFooter > applies default classes
`DialogContent` requires a `DialogTitle` for the component to be accessible for screen reader users.

If you want to hide the `DialogTitle`, you can wrap it with our VisuallyHidden component.

For more information, see https://radix-ui.com/primitives/docs/components/dialog

stderr | src/components/ui/__tests__/sheet-basic.test.tsx > Sheet - Basic Components > SheetFooter > applies custom className
`DialogContent` requires a `DialogTitle` for the component to be accessible for screen reader users.

If you want to hide the `DialogTitle`, you can wrap it with our VisuallyHidden component.

For more information, see https://radix-ui.com/primitives/docs/components/dialog

 ✓ src/components/ui/__tests__/sheet-basic.test.tsx > Sheet - Basic Components > SheetTrigger > opens sheet when clicked 23ms 44 MB heap used
 ✓ src/components/ui/__tests__/sheet-basic.test.tsx > Sheet - Basic Components > SheetTrigger > supports keyboard activation 15ms 47 MB heap used
 ✓ src/components/ui/__tests__/sheet-basic.test.tsx > Sheet - Basic Components > SheetTrigger > supports space key activation 13ms 49 MB heap used
 ✓ src/components/ui/__tests__/sheet-basic.test.tsx > Sheet - Basic Components > SheetHeader > renders sheet header 9ms 51 MB heap used
 ✓ src/components/ui/__tests__/sheet-basic.test.tsx > Sheet - Basic Components > SheetHeader > applies default classes 8ms 53 MB heap used
 ✓ src/components/ui/__tests__/sheet-basic.test.tsx > Sheet - Basic Components > SheetHeader > applies custom className 8ms 55 MB heap used
 ✓ src/components/ui/__tests__/sheet-basic.test.tsx > Sheet - Basic Components > SheetFooter > renders sheet footer 8ms 57 MB heap used
 ✓ src/components/ui/__tests__/sheet-basic.test.tsx > Sheet - Basic Components > SheetFooter > applies default classes 8ms 59 MB heap used
 ✓ src/components/ui/__tests__/sheet-basic.test.tsx > Sheet - Basic Components > SheetFooter > applies custom className 8ms 60 MB heap used
 ✓ src/components/ui/__tests__/dropdown-menu-accessibility.test.tsx > DropdownMenu - Accessibility > supports keyboard navigation 77ms 66 MB heap used
 ✓ src/components/ui/__tests__/dropdown-menu-accessibility.test.tsx > DropdownMenu - Accessibility > provides proper ARIA attributes 19ms 70 MB heap used
 ✓ src/components/ui/__tests__/dropdown-menu-accessibility.test.tsx > DropdownMenu - Accessibility > supports disabled items 17ms 49 MB heap used
 ✓ src/components/ui/__tests__/dropdown-menu-accessibility.test.tsx > DropdownMenu - Accessibility > handles focus management 14ms 53 MB heap used
 ✓ src/components/ui/__tests__/dropdown-menu-accessibility.test.tsx > DropdownMenu - Accessibility > supports screen readers with proper labeling 15ms 57 MB heap used
 ✓ src/components/ui/__tests__/dropdown-menu-accessibility.test.tsx > DropdownMenu - Accessibility > handles high contrast mode compatibility 11ms 60 MB heap used
 ✓ src/components/ui/__tests__/dropdown-menu-accessibility.test.tsx > DropdownMenu - Accessibility > supports ARIA live regions for dynamic content 10ms 64 MB heap used
 ✓ src/components/ui/__tests__/dropdown-menu-accessibility.test.tsx > DropdownMenu - Accessibility > handles keyboard shortcuts accessibility 14ms 67 MB heap used
 ✓ src/components/ui/__tests__/dropdown-menu-accessibility.test.tsx > DropdownMenu - Accessibility > supports reduced motion preferences 12ms 71 MB heap used
 ✓ src/components/ui/__tests__/dropdown-menu-accessibility.test.tsx > DropdownMenu - Accessibility > handles touch and mobile accessibility 15ms 50 MB heap used
 ✓ src/components/theme/__tests__/theme-menu-item-interactions.test.tsx > Theme Menu Item - Main Interactions Tests > 核心交互功能验证 > calls onClick handler when clicked 52ms 60 MB heap used
 ✓ src/components/theme/__tests__/theme-menu-item-interactions.test.tsx > Theme Menu Item - Main Interactions Tests > 核心交互功能验证 > calls onKeyDown handler when key is pressed 12ms 61 MB heap used
 ✓ src/components/theme/__tests__/theme-menu-item-interactions.test.tsx > Theme Menu Item - Main Interactions Tests > 核心交互功能验证 > handles keyboard navigation with Space key 12ms 44 MB heap used
 ✓ src/components/theme/__tests__/theme-menu-item-interactions.test.tsx > Theme Menu Item - Main Interactions Tests > 核心交互功能验证 > handles multiple click events 14ms 45 MB heap used
 ✓ src/components/theme/__tests__/theme-menu-item-interactions.test.tsx > Theme Menu Item - Main Interactions Tests > 核心交互功能验证 > handles click events with different themes 9ms 47 MB heap used
 ✓ src/components/theme/__tests__/theme-menu-item-interactions.test.tsx > Theme Menu Item - Main Interactions Tests > 基本交互测试 > handles Enter key activation 10ms 48 MB heap used
 ✓ src/components/theme/__tests__/theme-menu-item-interactions.test.tsx > Theme Menu Item - Main Interactions Tests > 基本交互测试 > handles Tab navigation 13ms 50 MB heap used
 ✓ src/components/theme/__tests__/theme-menu-item-interactions.test.tsx > Theme Menu Item - Main Interactions Tests > 基本交互测试 > handles Escape key 10ms 51 MB heap used
 ✓ src/components/theme/__tests__/theme-menu-item-interactions.test.tsx > Theme Menu Item - Main Interactions Tests > 基本交互测试 > handles Arrow keys navigation 9ms 53 MB heap used
 ✓ src/components/theme/__tests__/theme-menu-item-interactions.test.tsx > Theme Menu Item - Main Interactions Tests > 基本交互测试 > shows view transitions indicator when supportsViewTransitions is true 2ms 53 MB heap used
 ✓ src/components/theme/__tests__/theme-menu-item-interactions.test.tsx > Theme Menu Item - Main Interactions Tests > 基本交互测试 > does not show view transitions indicator when supportsViewTransitions is false 1ms 54 MB heap used
 ✓ src/components/theme/__tests__/theme-menu-item-interactions.test.tsx > Theme Menu Item - Main Interactions Tests > 基本交互测试 > handles selected item with view transitions correctly 2ms 55 MB heap used
 ✓ src/components/theme/__tests__/theme-menu-item-interactions.test.tsx > Theme Menu Item - Main Interactions Tests > 基本交互测试 > handles rapid click events 19ms 56 MB heap used
 ✓ src/components/theme/__tests__/theme-menu-item-interactions.test.tsx > Theme Menu Item - Main Interactions Tests > 基本交互测试 > handles focus and blur events 19ms 59 MB heap used
 ✓ src/components/theme/__tests__/theme-menu-item-interactions.test.tsx > Theme Menu Item - Main Interactions Tests > 错误处理验证 > handles missing onClick handler gracefully 2ms 60 MB heap used
 ✓ src/components/theme/__tests__/theme-menu-item-interactions.test.tsx > Theme Menu Item - Main Interactions Tests > 错误处理验证 > handles missing onKeyDown handler gracefully 1ms 60 MB heap used
 ✓ src/components/theme/__tests__/theme-menu-item-interactions.test.tsx > Theme Menu Item - Main Interactions Tests > 错误处理验证 > handles invalid theme values gracefully 1ms 61 MB heap used
stderr | src/components/layout/__tests__/mobile-navigation-edge-cases-advanced.test.tsx > Mobile Navigation - 高级边界情况测试 > 网络和加载边界情况 > 处理缓慢的翻译加载
A suspended resource finished loading inside a test, but the event was not wrapped in act(...).

When testing, code that resolves suspended data should be wrapped into act(...):

act(() => {
  /* finish loading suspended data */
});
/* assert on the output */

This ensures that you're testing the behavior the user would see in the browser. Learn more at https://react.dev/link/wrap-tests-with-act
A component suspended inside an `act` scope, but the `act` call was not awaited. When testing React components that depend on asynchronous data, you must await the result:

await act(() => ...)

 ✓ src/components/layout/__tests__/mobile-navigation-edge-cases-advanced.test.tsx > Mobile Navigation - 高级边界情况测试 > 性能边界情况 > 处理高频更新 125ms 72 MB heap used
 ✓ src/components/layout/__tests__/mobile-navigation-edge-cases-advanced.test.tsx > Mobile Navigation - 高级边界情况测试 > 性能边界情况 > 处理大型DOM树 6ms 75 MB heap used
 ✓ src/components/layout/__tests__/mobile-navigation-edge-cases-advanced.test.tsx > Mobile Navigation - 高级边界情况测试 > 性能边界情况 > 处理内存压力场景 10ms 79 MB heap used
 ✓ src/components/layout/__tests__/mobile-navigation-edge-cases-advanced.test.tsx > Mobile Navigation - 高级边界情况测试 > 性能边界情况 > 处理非常长的导航列表 1ms 80 MB heap used
 ✓ src/components/layout/__tests__/mobile-navigation-edge-cases-advanced.test.tsx > Mobile Navigation - 高级边界情况测试 > 浏览器兼容性边界情况 > 处理缺失的现代JavaScript特性 2ms 80 MB heap used
 ✓ src/components/layout/__tests__/mobile-navigation-edge-cases-advanced.test.tsx > Mobile Navigation - 高级边界情况测试 > 浏览器兼容性边界情况 > 处理缺失的事件监听器支持 1ms 81 MB heap used
 ✓ src/components/layout/__tests__/mobile-navigation-edge-cases-advanced.test.tsx > Mobile Navigation - 高级边界情况测试 > 浏览器兼容性边界情况 > 处理缺失的ARIA支持 1ms 81 MB heap used
 ✓ src/components/layout/__tests__/mobile-navigation-edge-cases-advanced.test.tsx > Mobile Navigation - 高级边界情况测试 > 网络和加载边界情况 > 处理缓慢的翻译加载 2ms 82 MB heap used
 ✓ src/components/layout/__tests__/mobile-navigation-edge-cases-advanced.test.tsx > Mobile Navigation - 高级边界情况测试 > 网络和加载边界情况 > 处理加载期间的组件更新 4ms 83 MB heap used
 ✓ src/components/layout/__tests__/mobile-navigation-edge-cases-advanced.test.tsx > Mobile Navigation - 高级边界情况测试 > 极端用例 > 处理极长的翻译文本 1ms 84 MB heap used
 ✓ src/components/layout/__tests__/mobile-navigation-edge-cases-advanced.test.tsx > Mobile Navigation - 高级边界情况测试 > 极端用例 > 处理特殊字符在翻译中 1ms 84 MB heap used
 ✓ src/components/layout/__tests__/mobile-navigation-edge-cases-advanced.test.tsx > Mobile Navigation - 高级边界情况测试 > 极端用例 > 处理循环引用的翻译 1ms 85 MB heap used
 ✓ src/components/layout/__tests__/mobile-navigation-edge-cases-advanced.test.tsx > Mobile Navigation - 高级边界情况测试 > 安全边界情况 > 处理XSS尝试在翻译中 1ms 85 MB heap used
 ✓ src/components/layout/__tests__/mobile-navigation-edge-cases-advanced.test.tsx > Mobile Navigation - 高级边界情况测试 > 安全边界情况 > 处理恶意的className注入 1ms 86 MB heap used
 ✓ src/components/layout/__tests__/mobile-navigation-edge-cases-advanced.test.tsx > Mobile Navigation - 高级边界情况测试 > 安全边界情况 > 处理原型污染尝试 1ms 86 MB heap used
 ✓ src/components/layout/__tests__/mobile-navigation-edge-cases-advanced.test.tsx > Mobile Navigation - 高级边界情况测试 > 可访问性边界情况 > 处理屏幕阅读器模拟 1ms 87 MB heap used
 ✓ src/components/layout/__tests__/mobile-navigation-edge-cases-advanced.test.tsx > Mobile Navigation - 高级边界情况测试 > 可访问性边界情况 > 处理高对比度模式 1ms 87 MB heap used
 ✓ src/components/ui/__tests__/label-events.test.tsx > Label Events & States Tests - Index > Basic Event Handling > handles click events 56ms 66 MB heap used
 ✓ src/components/ui/__tests__/label-events.test.tsx > Label Events & States Tests - Index > Basic Event Handling > handles double click events 12ms 68 MB heap used
 ✓ src/components/ui/__tests__/label-events.test.tsx > Label Events & States Tests - Index > Basic Event Handling > handles mouse events 12ms 69 MB heap used
 ✓ src/components/ui/__tests__/label-events.test.tsx > Label Events & States Tests - Index > Basic Event Handling > handles focus events 14ms 71 MB heap used
 ✓ src/components/ui/__tests__/label-events.test.tsx > Label Events & States Tests - Index > Basic Event Handling > handles event with associated input 17ms 42 MB heap used
 ✓ src/components/ui/__tests__/label-events.test.tsx > Label Events & States Tests - Index > Basic Event Handling > prevents event propagation when needed 10ms 43 MB heap used
 ✓ src/components/ui/__tests__/label-events.test.tsx > Label Events & States Tests - Index > Basic Event Handling > handles custom event handlers 10ms 44 MB heap used
 ✓ src/components/ui/__tests__/label-events.test.tsx > Label Events & States Tests - Index > Basic State Management > handles disabled state correctly 2ms 44 MB heap used
 ✓ src/components/ui/__tests__/label-events.test.tsx > Label Events & States Tests - Index > Basic State Management > disables associated input when label is disabled 13ms 47 MB heap used
 ✓ src/components/ui/__tests__/label-events.test.tsx > Label Events & States Tests - Index > Basic State Management > handles conditional disabled state 2ms 47 MB heap used
 ✓ src/components/ui/__tests__/label-events.test.tsx > Label Events & States Tests - Index > Basic State Management > handles form context disabled state 5ms 48 MB heap used
 ✓ src/components/ui/__tests__/label-events.test.tsx > Label Events & States Tests - Index > Basic Responsive Behavior > maintains consistent styling across screen sizes 1ms 48 MB heap used
 ✓ src/components/ui/__tests__/label-events.test.tsx > Label Events & States Tests - Index > Basic Responsive Behavior > handles responsive spacing 1ms 49 MB heap used
 ✓ src/components/ui/__tests__/label-events.test.tsx > Label Events & States Tests - Index > Basic Responsive Behavior > handles mobile touch targets 1ms 49 MB heap used
 ✓ src/components/ui/__tests__/label-events.test.tsx > Label Events & States Tests - Index > Basic Responsive Behavior > supports dark mode variants 1ms 50 MB heap used
 ✓ src/components/ui/__tests__/label-events.test.tsx > Label Events & States Tests - Index > Basic Responsive Behavior > adapts to container constraints 1ms 51 MB heap used
 ✓ src/components/ui/__tests__/label-events.test.tsx > Label Events & States Tests - Index > Basic Edge Cases > renders empty label 1ms 50 MB heap used
 ✓ src/components/ui/__tests__/label-events.test.tsx > Label Events & States Tests - Index > Basic Edge Cases > handles very long text content 1ms 51 MB heap used
 ✓ src/components/ui/__tests__/label-events.test.tsx > Label Events & States Tests - Index > Basic Edge Cases > handles special characters and unicode 1ms 51 MB heap used
 ✓ src/components/ui/__tests__/label-events.test.tsx > Label Events & States Tests - Index > Basic Edge Cases > handles rapid state changes 33ms 54 MB heap used
 ✓ src/components/ui/__tests__/label-events.test.tsx > Label Events & States Tests - Index > Basic Edge Cases > handles null and undefined props gracefully 1ms 54 MB heap used
 ✓ src/components/ui/__tests__/social-icons-accessibility-integration-core.test.tsx > Social Icons Accessibility & Integration - Core Tests > Basic Accessibility Features > provides accessible names for social links 45ms 64 MB heap used
 ✓ src/components/ui/__tests__/social-icons-accessibility-integration-core.test.tsx > Social Icons Accessibility & Integration - Core Tests > Basic Accessibility Features > has proper ARIA attributes 3ms 65 MB heap used
 ✓ src/components/ui/__tests__/social-icons-accessibility-integration-core.test.tsx > Social Icons Accessibility & Integration - Core Tests > Basic Accessibility Features > supports keyboard navigation 12ms 68 MB heap used
 ✓ src/components/ui/__tests__/social-icons-accessibility-integration-core.test.tsx > Social Icons Accessibility & Integration - Core Tests > Basic Accessibility Features > handles external link indicators 2ms 69 MB heap used
 ✓ src/components/ui/__tests__/social-icons-accessibility-integration-core.test.tsx > Social Icons Accessibility & Integration - Core Tests > Core Integration Scenarios > works with SocialIconMapper 3ms 70 MB heap used
 ✓ src/components/ui/__tests__/social-icons-accessibility-integration-core.test.tsx > Social Icons Accessibility & Integration - Core Tests > Core Integration Scenarios > handles multiple social icons in navigation 6ms 71 MB heap used
 ✓ src/components/ui/__tests__/social-icons-accessibility-integration-core.test.tsx > Social Icons Accessibility & Integration - Core Tests > Core Integration Scenarios > works in footer context 4ms 73 MB heap used
 ✓ src/components/ui/__tests__/social-icons-accessibility-integration-core.test.tsx > Social Icons Accessibility & Integration - Core Tests > Core Integration Scenarios > handles responsive layout integration 4ms 74 MB heap used
 ✓ src/components/ui/__tests__/social-icons-accessibility-integration-core.test.tsx > Social Icons Accessibility & Integration - Core Tests > Interactive Behavior > handles click events 9ms 76 MB heap used
 ✓ src/components/ui/__tests__/social-icons-accessibility-integration-core.test.tsx > Social Icons Accessibility & Integration - Core Tests > Interactive Behavior > handles keyboard activation 14ms 42 MB heap used
 ✓ src/components/ui/__tests__/social-icons-accessibility-integration-core.test.tsx > Social Icons Accessibility & Integration - Core Tests > Interactive Behavior > provides hover states 11ms 43 MB heap used
 ✓ src/components/ui/__tests__/social-icons-accessibility-integration-core.test.tsx > Social Icons Accessibility & Integration - Core Tests > Error Handling > handles missing href gracefully 1ms 43 MB heap used
 ✓ src/components/ui/__tests__/social-icons-accessibility-integration-core.test.tsx > Social Icons Accessibility & Integration - Core Tests > Error Handling > handles unknown platform gracefully 1ms 44 MB heap used
 ✓ src/components/ui/__tests__/social-icons-accessibility-integration-core.test.tsx > Social Icons Accessibility & Integration - Core Tests > Error Handling > handles missing children gracefully 1ms 45 MB heap used
 ✓ src/components/ui/__tests__/social-icons-accessibility-integration-core.test.tsx > Social Icons Accessibility & Integration - Core Tests > Theme Integration > applies theme classes correctly 2ms 45 MB heap used
 ✓ src/components/ui/__tests__/social-icons-accessibility-integration-core.test.tsx > Social Icons Accessibility & Integration - Core Tests > Theme Integration > handles light theme 2ms 46 MB heap used
 ✓ src/components/ui/__tests__/social-icons-accessibility-integration-core.test.tsx > Social Icons Accessibility & Integration - Core Tests > Performance Considerations > renders multiple icons efficiently 2ms 47 MB heap used
 ✓ src/components/ui/__tests__/social-icons-accessibility-integration-core.test.tsx > Social Icons Accessibility & Integration - Core Tests > Performance Considerations > handles re-renders without issues 3ms 48 MB heap used
stderr | src/components/ui/__tests__/tabs-accessibility.test.tsx > Tabs Accessibility > supports keyboard navigation with arrow keys
An update to ForwardRef inside a test was not wrapped in act(...).

When testing, code that causes React state updates should be wrapped into act(...):

act(() => {
  /* fire events that update state */
});
/* assert on the output */

This ensures that you're testing the behavior the user would see in the browser. Learn more at https://react.dev/link/wrap-tests-with-act

 ✓ src/components/ui/__tests__/tabs-accessibility.test.tsx > Tabs Accessibility > provides proper ARIA attributes 50ms 61 MB heap used
 ✓ src/components/ui/__tests__/tabs-accessibility.test.tsx > Tabs Accessibility > maintains proper ARIA relationships 23ms 45 MB heap used
stderr | src/components/ui/__tests__/tabs-accessibility.test.tsx > Tabs Accessibility > supports Home and End keys
An update to ForwardRef inside a test was not wrapped in act(...).

When testing, code that causes React state updates should be wrapped into act(...):

act(() => {
  /* fire events that update state */
});
/* assert on the output */

This ensures that you're testing the behavior the user would see in the browser. Learn more at https://react.dev/link/wrap-tests-with-act

stderr | src/components/ui/__tests__/tabs-accessibility.test.tsx > Tabs Accessibility > supports Enter and Space keys for activation
An update to Tabs inside a test was not wrapped in act(...).

When testing, code that causes React state updates should be wrapped into act(...):

act(() => {
  /* fire events that update state */
});
/* assert on the output */

This ensures that you're testing the behavior the user would see in the browser. Learn more at https://react.dev/link/wrap-tests-with-act
An update to ForwardRef inside a test was not wrapped in act(...).

When testing, code that causes React state updates should be wrapped into act(...):

act(() => {
  /* fire events that update state */
});
/* assert on the output */

This ensures that you're testing the behavior the user would see in the browser. Learn more at https://react.dev/link/wrap-tests-with-act

stderr | src/components/ui/__tests__/tabs-accessibility.test.tsx > Tabs Accessibility > supports Enter and Space keys for activation
An update to Tabs inside a test was not wrapped in act(...).

When testing, code that causes React state updates should be wrapped into act(...):

act(() => {
  /* fire events that update state */
});
/* assert on the output */

This ensures that you're testing the behavior the user would see in the browser. Learn more at https://react.dev/link/wrap-tests-with-act
An update to ForwardRef inside a test was not wrapped in act(...).

When testing, code that causes React state updates should be wrapped into act(...):

act(() => {
  /* fire events that update state */
});
/* assert on the output */

This ensures that you're testing the behavior the user would see in the browser. Learn more at https://react.dev/link/wrap-tests-with-act

stderr | src/components/ui/__tests__/tabs-accessibility.test.tsx > Tabs Accessibility > manages focus properly when content has focusable elements
An update to ForwardRef inside a test was not wrapped in act(...).

When testing, code that causes React state updates should be wrapped into act(...):

act(() => {
  /* fire events that update state */
});
/* assert on the output */

This ensures that you're testing the behavior the user would see in the browser. Learn more at https://react.dev/link/wrap-tests-with-act

 ✓ src/components/ui/__tests__/tabs-accessibility.test.tsx > Tabs Accessibility > supports keyboard navigation with arrow keys 28ms 48 MB heap used
 ✓ src/components/ui/__tests__/tabs-accessibility.test.tsx > Tabs Accessibility > supports Home and End keys 16ms 51 MB heap used
 ✓ src/components/ui/__tests__/tabs-accessibility.test.tsx > Tabs Accessibility > supports Enter and Space keys for activation 24ms 54 MB heap used
 ✓ src/components/ui/__tests__/tabs-accessibility.test.tsx > Tabs Accessibility > manages focus properly when content has focusable elements 33ms 58 MB heap used
 ✓ src/components/ui/__tests__/sheet-text-components.test.tsx > Sheet - Text Components > SheetTitle > renders sheet title 67ms 71 MB heap used
 ✓ src/components/ui/__tests__/sheet-text-components.test.tsx > Sheet - Text Components > SheetTitle > applies default classes 17ms 43 MB heap used
 ✓ src/components/ui/__tests__/sheet-text-components.test.tsx > Sheet - Text Components > SheetTitle > applies custom className 12ms 45 MB heap used
stderr | src/components/ui/__tests__/sheet-text-components.test.tsx > Sheet - Text Components > SheetDescription > renders sheet description
`DialogContent` requires a `DialogTitle` for the component to be accessible for screen reader users.

If you want to hide the `DialogTitle`, you can wrap it with our VisuallyHidden component.

For more information, see https://radix-ui.com/primitives/docs/components/dialog

stderr | src/components/ui/__tests__/sheet-text-components.test.tsx > Sheet - Text Components > SheetDescription > applies default classes
`DialogContent` requires a `DialogTitle` for the component to be accessible for screen reader users.

If you want to hide the `DialogTitle`, you can wrap it with our VisuallyHidden component.

For more information, see https://radix-ui.com/primitives/docs/components/dialog

stderr | src/components/ui/__tests__/sheet-text-components.test.tsx > Sheet - Text Components > SheetDescription > applies custom className
`DialogContent` requires a `DialogTitle` for the component to be accessible for screen reader users.

If you want to hide the `DialogTitle`, you can wrap it with our VisuallyHidden component.

For more information, see https://radix-ui.com/primitives/docs/components/dialog

stderr | src/components/ui/__tests__/sheet-text-components.test.tsx > Sheet - Text Components > SheetDescription > handles long descriptions
`DialogContent` requires a `DialogTitle` for the component to be accessible for screen reader users.

If you want to hide the `DialogTitle`, you can wrap it with our VisuallyHidden component.

For more information, see https://radix-ui.com/primitives/docs/components/dialog

stderr | src/components/ui/__tests__/sheet-text-components.test.tsx > Sheet - Text Components > SheetDescription > supports HTML content
`DialogContent` requires a `DialogTitle` for the component to be accessible for screen reader users.

If you want to hide the `DialogTitle`, you can wrap it with our VisuallyHidden component.

For more information, see https://radix-ui.com/primitives/docs/components/dialog

stderr | src/components/ui/__tests__/sheet-text-components.test.tsx > Sheet - Text Components > SheetDescription > supports multiple paragraphs
In HTML, <p> cannot be a descendant of <p>.
This will cause a hydration error.

  ...
    <Primitive.div.SlotClone ref={function}>
      <DialogContent data-side="right" data-slot="sheet-content" className="bg-backgro..." aria-describedby={undefined} ...>
        <Presence present={true}>
          <FocusScope asChild={true} loop={true} trapped={true} onMountAutoFocus={undefined} ...>
            <Primitive.div tabIndex={-1} asChild={true} ref={function} onKeyDown={function}>
              <Primitive.div.Slot tabIndex={-1} onKeyDown={function} ref={function}>
                <Primitive.div.SlotClone tabIndex={-1} onKeyDown={function} ref={function}>
                  <DismissableLayer role="dialog" id="radix-«r11»" aria-describedby={undefined} ...>
                    <Primitive.div role="dialog" id="radix-«r11»" aria-describedby={undefined} ...>
                      <div role="dialog" id="radix-«r11»" aria-describedby={undefined} aria-labelledby="radix-«r12»" ...>
                        <SheetDescription data-testid="sheet-desc...">
                          <DialogDescription data-slot="sheet-desc..." className="text-muted..." ...>
                            <Primitive.p id="radix-«r13»" data-slot="sheet-desc..." className="text-muted..." ...>
>                             <p
>                               id="radix-«r13»"
>                               data-slot="sheet-description"
>                               className="text-muted-foreground text-sm"
>                               data-testid="sheet-description"
>                               ref={null}
>                             >
>                               <p>
                                ...
                        ...
          ...

<p> cannot contain a nested <p>.
See this log for the ancestor stack trace.
`DialogContent` requires a `DialogTitle` for the component to be accessible for screen reader users.

If you want to hide the `DialogTitle`, you can wrap it with our VisuallyHidden component.

For more information, see https://radix-ui.com/primitives/docs/components/dialog

stderr | src/components/ui/__tests__/sheet-text-components.test.tsx > Sheet - Text Components > SheetDescription > works without title
`DialogContent` requires a `DialogTitle` for the component to be accessible for screen reader users.

If you want to hide the `DialogTitle`, you can wrap it with our VisuallyHidden component.

For more information, see https://radix-ui.com/primitives/docs/components/dialog

 ✓ src/components/ui/__tests__/sheet-text-components.test.tsx > Sheet - Text Components > SheetTitle > supports different heading levels 12ms 47 MB heap used
 ✓ src/components/ui/__tests__/sheet-text-components.test.tsx > Sheet - Text Components > SheetTitle > handles long titles gracefully 10ms 49 MB heap used
 ✓ src/components/ui/__tests__/sheet-text-components.test.tsx > Sheet - Text Components > SheetTitle > supports HTML content 10ms 51 MB heap used
 ✓ src/components/ui/__tests__/sheet-text-components.test.tsx > Sheet - Text Components > SheetDescription > renders sheet description 8ms 53 MB heap used
 ✓ src/components/ui/__tests__/sheet-text-components.test.tsx > Sheet - Text Components > SheetDescription > applies default classes 8ms 55 MB heap used
 ✓ src/components/ui/__tests__/sheet-text-components.test.tsx > Sheet - Text Components > SheetDescription > applies custom className 8ms 57 MB heap used
 ✓ src/components/ui/__tests__/sheet-text-components.test.tsx > Sheet - Text Components > SheetDescription > handles long descriptions 8ms 59 MB heap used
 ✓ src/components/ui/__tests__/sheet-text-components.test.tsx > Sheet - Text Components > SheetDescription > supports HTML content 8ms 61 MB heap used
 ✓ src/components/ui/__tests__/sheet-text-components.test.tsx > Sheet - Text Components > SheetDescription > supports multiple paragraphs 9ms 63 MB heap used
 ✓ src/components/ui/__tests__/sheet-text-components.test.tsx > Sheet - Text Components > SheetDescription > works without title 8ms 65 MB heap used
 ✓ src/components/ui/__tests__/sheet-text-components.test.tsx > Sheet - Text Components > Title and Description Together > renders both title and description 8ms 67 MB heap used
 ✓ src/components/ui/__tests__/sheet-text-components.test.tsx > Sheet - Text Components > Title and Description Together > maintains proper semantic hierarchy 9ms 69 MB heap used
 ✓ src/components/ui/__tests__/label-event-handling.test.tsx > Label Event Handling - Main Tests > 核心事件处理功能验证 > handles click events 53ms 65 MB heap used
 ✓ src/components/ui/__tests__/label-event-handling.test.tsx > Label Event Handling - Main Tests > 核心事件处理功能验证 > handles double click events 11ms 67 MB heap used
 ✓ src/components/ui/__tests__/label-event-handling.test.tsx > Label Event Handling - Main Tests > 核心事件处理功能验证 > handles mouse events 12ms 68 MB heap used
 ✓ src/components/ui/__tests__/label-event-handling.test.tsx > Label Event Handling - Main Tests > 核心事件处理功能验证 > handles keyboard events 8ms 69 MB heap used
 ✓ src/components/ui/__tests__/label-event-handling.test.tsx > Label Event Handling - Main Tests > 核心事件处理功能验证 > handles focus events 12ms 70 MB heap used
stderr | src/components/ui/__tests__/label-event-handling.test.tsx > Label Event Handling - Main Tests > 错误处理验证 > handles composition events
A component is `contentEditable` and contains `children` managed by React. It is now your responsibility to guarantee that none of those nodes are unexpectedly modified or duplicated. This is probably not intentional.

 ✓ src/components/ui/__tests__/label-event-handling.test.tsx > Label Event Handling - Main Tests > 核心事件处理功能验证 > handles context menu events 11ms 41 MB heap used
 ✓ src/components/ui/__tests__/label-event-handling.test.tsx > Label Event Handling - Main Tests > 基本事件处理测试 > prevents event propagation when needed 8ms 43 MB heap used
 ✓ src/components/ui/__tests__/label-event-handling.test.tsx > Label Event Handling - Main Tests > 基本事件处理测试 > handles event with associated input 11ms 44 MB heap used
 ✓ src/components/ui/__tests__/label-event-handling.test.tsx > Label Event Handling - Main Tests > 基本事件处理测试 > handles custom event handlers 9ms 45 MB heap used
 ✓ src/components/ui/__tests__/label-event-handling.test.tsx > Label Event Handling - Main Tests > 基本事件处理测试 > handles multiple event handlers on same event 10ms 46 MB heap used
 ✓ src/components/ui/__tests__/label-event-handling.test.tsx > Label Event Handling - Main Tests > 基本事件处理测试 > handles event with preventDefault 8ms 47 MB heap used
 ✓ src/components/ui/__tests__/label-event-handling.test.tsx > Label Event Handling - Main Tests > 错误处理验证 > handles composition events 2ms 48 MB heap used
 ✓ src/components/ui/__tests__/label-event-handling.test.tsx > Label Event Handling - Main Tests > 错误处理验证 > handles event bubbling correctly 8ms 49 MB heap used
 ✓ src/components/ui/__tests__/label-event-handling.test.tsx > Label Event Handling - Main Tests > 错误处理验证 > handles event capturing 8ms 50 MB heap used
stdout | src/components/forms/__tests__/contact-form-container-core.test.tsx
Resend email service initialized successfully { from: [32m'test@example.com'[39m, replyTo: [32m'reply@example.com'[39m }

 ✓ src/components/forms/__tests__/contact-form-container-core.test.tsx > ContactFormContainer - 核心功能 > 基础渲染 > 应该正确渲染联系表单 61ms 61 MB heap used
 ✓ src/components/forms/__tests__/contact-form-container-core.test.tsx > ContactFormContainer - 核心功能 > 基础渲染 > 应该渲染所有必需的表单字段 8ms 64 MB heap used
 ✓ src/components/forms/__tests__/contact-form-container-core.test.tsx > ContactFormContainer - 核心功能 > 基础渲染 > 提交按钮初始状态应该被禁用 8ms 67 MB heap used
 ✓ src/components/forms/__tests__/contact-form-container-core.test.tsx > ContactFormContainer - 核心功能 > 基本验证 > 应该验证邮箱格式 5ms 69 MB heap used
 ✓ src/components/forms/__tests__/contact-form-container-core.test.tsx > ContactFormContainer - 核心功能 > 基本验证 > 应该验证必填字段 4ms 70 MB heap used
 ✓ src/components/forms/__tests__/contact-form-container-core.test.tsx > ContactFormContainer - 核心功能 > Turnstile 集成 > Turnstile 成功后应该启用提交按钮 10ms 73 MB heap used
 ✓ src/components/forms/__tests__/contact-form-container-core.test.tsx > ContactFormContainer - 核心功能 > Turnstile 集成 > Turnstile 错误后应该禁用提交按钮 11ms 53 MB heap used
 ✓ src/components/forms/__tests__/contact-form-container-core.test.tsx > ContactFormContainer - 核心功能 > Turnstile 集成 > Turnstile 过期后应该禁用提交按钮 8ms 56 MB heap used
 ✓ src/components/forms/__tests__/contact-form-container-core.test.tsx > ContactFormContainer - 核心功能 > 基本提交功能 > 应该成功提交有效表单 4ms 59 MB heap used
 ✓ src/components/forms/__tests__/contact-form-container-core.test.tsx > ContactFormContainer - 核心功能 > 基本提交功能 > 应该处理 API 错误响应 4ms 59 MB heap used
 ✓ src/components/layout/__tests__/mobile-navigation-responsive-edge-cases.test.tsx > Mobile Navigation - Integration Tests > 核心集成测试 > renders MobileNavigation correctly 55ms 73 MB heap used
 ✓ src/components/layout/__tests__/mobile-navigation-responsive-edge-cases.test.tsx > Mobile Navigation - Integration Tests > 核心集成测试 > supports basic responsive behavior 6ms 74 MB heap used
 ✓ src/components/layout/__tests__/mobile-navigation-responsive-edge-cases.test.tsx > Mobile Navigation - Integration Tests > 核心集成测试 > handles basic interactions 29ms 79 MB heap used
 ✓ src/components/layout/__tests__/mobile-navigation-responsive-edge-cases.test.tsx > Mobile Navigation - Integration Tests > 核心集成测试 > integrates with translation system 4ms 80 MB heap used
 ✓ src/components/ui/__tests__/navigation-menu-keyboard.test.tsx > NavigationMenu - Keyboard Navigation > supports keyboard navigation 76ms 48 MB heap used
 ✓ src/components/ui/__tests__/navigation-menu-keyboard.test.tsx > NavigationMenu - Keyboard Navigation > opens menu with Enter key 21ms 51 MB heap used
 ✓ src/components/layout/__tests__/mobile-navigation-responsive-edge-cases.test.tsx > Mobile Navigation - Integration Tests > 核心集成测试 > integrates with routing system 28ms 46 MB heap used
 ✓ src/components/layout/__tests__/mobile-navigation-responsive-edge-cases.test.tsx > Mobile Navigation - Integration Tests > MobileMenuButton 集成测试 > renders with correct initial state 4ms 47 MB heap used
 ✓ src/components/layout/__tests__/mobile-navigation-responsive-edge-cases.test.tsx > Mobile Navigation - Integration Tests > MobileMenuButton 集成测试 > handles state changes correctly 4ms 49 MB heap used
 ✓ src/components/layout/__tests__/mobile-navigation-responsive-edge-cases.test.tsx > Mobile Navigation - Integration Tests > MobileMenuButton 集成测试 > calls onClick when clicked 9ms 50 MB heap used
 ✓ src/components/layout/__tests__/mobile-navigation-responsive-edge-cases.test.tsx > Mobile Navigation - Integration Tests > MobileMenuButton 集成测试 > shows correct icons for different states 2ms 51 MB heap used
 ✓ src/components/layout/__tests__/mobile-navigation-responsive-edge-cases.test.tsx > Mobile Navigation - Integration Tests > MobileMenuButton 集成测试 > supports custom className 3ms 52 MB heap used
 ✓ src/components/layout/__tests__/mobile-navigation-responsive-edge-cases.test.tsx > Mobile Navigation - Integration Tests > 错误处理和边界情况 > handles missing translations gracefully 2ms 52 MB heap used
 ✓ src/components/layout/__tests__/mobile-navigation-responsive-edge-cases.test.tsx > Mobile Navigation - Integration Tests > 错误处理和边界情况 > handles undefined pathname gracefully 2ms 53 MB heap used
 ✓ src/components/layout/__tests__/mobile-navigation-responsive-edge-cases.test.tsx > Mobile Navigation - Integration Tests > 错误处理和边界情况 > handles component lifecycle correctly 3ms 54 MB heap used
 ✓ src/components/layout/__tests__/mobile-navigation-responsive-edge-cases.test.tsx > Mobile Navigation - Integration Tests > 错误处理和边界情况 > handles rapid interactions gracefully 23ms 59 MB heap used
 ✓ src/components/ui/__tests__/navigation-menu-keyboard.test.tsx > NavigationMenu - Keyboard Navigation > opens menu with Space key 16ms 54 MB heap used
 ✓ src/components/ui/__tests__/navigation-menu-keyboard.test.tsx > NavigationMenu - Keyboard Navigation > closes menu with Escape key 17ms 57 MB heap used
 ✓ src/components/ui/__tests__/navigation-menu-keyboard.test.tsx > NavigationMenu - Keyboard Navigation > handles focus management 16ms 60 MB heap used
 ✓ src/components/ui/__tests__/navigation-menu-keyboard.test.tsx > NavigationMenu - Keyboard Navigation > maintains focus when menu closes 20ms 63 MB heap used
 ✓ src/components/ui/__tests__/label-form-association-core.test.tsx > Label - Core Form Association Tests > Basic Form Association > associates with input using htmlFor 47ms 66 MB heap used
 ✓ src/components/ui/__tests__/label-form-association-core.test.tsx > Label - Core Form Association Tests > Basic Form Association > associates with textarea using htmlFor 7ms 68 MB heap used
 ✓ src/components/ui/__tests__/label-form-association-core.test.tsx > Label - Core Form Association Tests > Basic Form Association > associates with select using htmlFor 5ms 69 MB heap used
 ✓ src/components/ui/__tests__/label-form-association-core.test.tsx > Label - Core Form Association Tests > Basic Form Association > associates with checkbox using htmlFor 4ms 70 MB heap used
 ✓ src/components/ui/__tests__/label-form-association-core.test.tsx > Label - Core Form Association Tests > Basic Form Association > associates with radio button using htmlFor 3ms 71 MB heap used
 ✓ src/components/ui/__tests__/label-form-association-core.test.tsx > Label - Core Form Association Tests > Click Behavior > focuses input when label is clicked 25ms 41 MB heap used
 ✓ src/components/ui/__tests__/label-form-association-core.test.tsx > Label - Core Form Association Tests > Click Behavior > focuses textarea when label is clicked 10ms 43 MB heap used
 ✓ src/components/ui/__tests__/label-form-association-core.test.tsx > Label - Core Form Association Tests > Click Behavior > toggles checkbox when label is clicked 14ms 45 MB heap used
 ✓ src/components/ui/__tests__/label-form-association-core.test.tsx > Label - Core Form Association Tests > Click Behavior > selects radio button when label is clicked 17ms 48 MB heap used
 ✓ src/components/ui/__tests__/label-form-association-core.test.tsx > Label - Core Form Association Tests > Accessibility Features > provides accessible name for form controls 2ms 48 MB heap used
 ✓ src/components/ui/__tests__/label-form-association-core.test.tsx > Label - Core Form Association Tests > Accessibility Features > supports screen reader navigation 2ms 48 MB heap used
 ✓ src/components/ui/__tests__/label-form-association-core.test.tsx > Label - Core Form Association Tests > Accessibility Features > maintains focus management 16ms 51 MB heap used
 ✓ src/components/ui/__tests__/label-form-association-core.test.tsx > Label - Core Form Association Tests > Form Validation Integration > works with required fields 1ms 51 MB heap used
 ✓ src/components/ui/__tests__/label-form-association-core.test.tsx > Label - Core Form Association Tests > Form Validation Integration > works with validation states 1ms 52 MB heap used
 ✓ src/components/ui/__tests__/label-form-association-core.test.tsx > Label - Core Form Association Tests > Form Validation Integration > supports error message association 2ms 52 MB heap used
 ✓ src/components/ui/__tests__/label-form-association-core.test.tsx > Label - Core Form Association Tests > Multiple Form Controls > handles multiple labels correctly 3ms 53 MB heap used
 ✓ src/components/ui/__tests__/label-form-association-core.test.tsx > Label - Core Form Association Tests > Multiple Form Controls > maintains unique associations 16ms 56 MB heap used
 ✓ src/components/ui/__tests__/label-form-association-core.test.tsx > Label - Core Form Association Tests > Edge Cases > handles missing htmlFor gracefully 1ms 56 MB heap used
 ✓ src/components/ui/__tests__/label-form-association-core.test.tsx > Label - Core Form Association Tests > Edge Cases > handles non-existent target ID 1ms 56 MB heap used
 ✓ src/components/ui/__tests__/label-form-association-core.test.tsx > Label - Core Form Association Tests > Edge Cases > handles empty htmlFor 1ms 57 MB heap used
 ✓ src/components/ui/__tests__/tabs-content.test.tsx > TabsContent Component > renders tabs content 50ms 57 MB heap used
 ✓ src/components/ui/__tests__/tabs-content.test.tsx > TabsContent Component > applies correct CSS classes 6ms 59 MB heap used
 ✓ src/components/ui/__tests__/tabs-content.test.tsx > TabsContent Component > accepts custom className 5ms 60 MB heap used
 ✓ src/components/ui/__tests__/tabs-content.test.tsx > TabsContent Component > shows and hides content based on active tab 24ms 63 MB heap used
 ✓ src/components/ui/__tests__/tabs-content.test.tsx > TabsContent Component > supports complex content 6ms 64 MB heap used
 ✓ src/components/ui/__tests__/label-edge-cases.test.tsx > Label Edge Cases - Main Tests > 核心边缘情况验证 > renders empty label 18ms 59 MB heap used
 ✓ src/components/ui/__tests__/label-edge-cases.test.tsx > Label Edge Cases - Main Tests > 核心边缘情况验证 > handles very long text content 3ms 59 MB heap used
 ✓ src/components/ui/__tests__/label-edge-cases.test.tsx > Label Edge Cases - Main Tests > 核心边缘情况验证 > handles special characters and unicode 3ms 60 MB heap used
 ✓ src/components/ui/__tests__/label-edge-cases.test.tsx > Label Edge Cases - Main Tests > 核心边缘情况验证 > handles rapid state changes 91ms 48 MB heap used
 ✓ src/components/ui/__tests__/label-edge-cases.test.tsx > Label Edge Cases - Main Tests > 核心边缘情况验证 > handles null and undefined props gracefully 1ms 48 MB heap used
 ✓ src/components/ui/__tests__/label-edge-cases.test.tsx > Label Edge Cases - Main Tests > 核心边缘情况验证 > handles zero as text content 1ms 49 MB heap used
 ✓ src/components/ui/__tests__/label-edge-cases.test.tsx > Label Edge Cases - Main Tests > 核心边缘情况验证 > handles false as text content 1ms 49 MB heap used
 ✓ src/components/ui/__tests__/label-edge-cases.test.tsx > Label Edge Cases - Main Tests > 核心边缘情况验证 > handles null as text content 2ms 50 MB heap used
 ✓ src/components/ui/__tests__/label-edge-cases.test.tsx > Label Edge Cases - Main Tests > 核心边缘情况验证 > handles undefined as text content 1ms 50 MB heap used
 ✓ src/components/ui/__tests__/label-edge-cases.test.tsx > Label Edge Cases - Main Tests > 核心边缘情况验证 > handles empty string as text content 1ms 51 MB heap used
 ✓ src/components/ui/__tests__/label-edge-cases.test.tsx > Label Edge Cases - Main Tests > 核心边缘情况验证 > handles whitespace-only content 1ms 51 MB heap used
 ✓ src/components/ui/__tests__/label-edge-cases.test.tsx > Label Edge Cases - Main Tests > 核心边缘情况验证 > handles newlines and tabs in content 1ms 51 MB heap used
 ✓ src/components/ui/__tests__/label-edge-cases.test.tsx > Label Edge Cases - Main Tests > 核心边缘情况验证 > handles HTML entities in content 1ms 52 MB heap used
 ✓ src/components/ui/__tests__/label-edge-cases.test.tsx > Label Edge Cases - Main Tests > 核心边缘情况验证 > handles mixed content types 1ms 52 MB heap used
 ✓ src/components/ui/__tests__/label-edge-cases.test.tsx > Label Edge Cases - Main Tests > 核心边缘情况验证 > handles deeply nested content 1ms 53 MB heap used
 ✓ src/components/ui/__tests__/label-edge-cases.test.tsx > Label Edge Cases - Main Tests > 核心边缘情况验证 > handles conditional rendering 1ms 53 MB heap used
 ✓ src/components/ui/__tests__/label-edge-cases.test.tsx > Label Edge Cases - Main Tests > 核心边缘情况验证 > handles memory leaks with event listeners 1ms 53 MB heap used
 ✓ src/components/ui/__tests__/label-edge-cases.test.tsx > Label Edge Cases - Main Tests > 核心边缘情况验证 > handles performance with many re-renders 12ms 57 MB heap used
 ✓ src/components/ui/__tests__/label-edge-cases.test.tsx > Label Edge Cases - Main Tests > 核心边缘情况验证 > handles accessibility with screen readers 1ms 58 MB heap used
 ✓ src/components/ui/__tests__/label-edge-cases.test.tsx > Label Edge Cases - Main Tests > 核心边缘情况验证 > handles keyboard navigation edge cases 18ms 59 MB heap used
 ✓ src/components/ui/__tests__/label-edge-cases.test.tsx > Label Edge Cases - Main Tests > 核心边缘情况验证 > handles high contrast mode 2ms 60 MB heap used
 ✓ src/components/ui/__tests__/tabs-content.test.tsx > TabsContent Component > maintains content state when switching tabs 64ms 50 MB heap used
 ✓ src/components/ui/__tests__/tabs-content.test.tsx > TabsContent Component > supports focusable content 33ms 53 MB heap used
 ✓ src/components/ui/__tests__/tabs-content.test.tsx > TabsContent Component > handles empty content gracefully 4ms 54 MB heap used
 ✓ src/components/home/__tests__/call-to-action-basic.test.tsx > CallToAction Component - Basic Tests > 基础渲染 > 应该正确渲染CTA组件 30ms 62 MB heap used
 ✓ src/components/home/__tests__/call-to-action-basic.test.tsx > CallToAction Component - Basic Tests > 基础渲染 > 应该渲染所有行动按钮 47ms 81 MB heap used
 ✓ src/components/home/__tests__/call-to-action-basic.test.tsx > CallToAction Component - Basic Tests > 基础渲染 > 应该渲染正确的结构元素 8ms 84 MB heap used
 ✓ src/components/home/__tests__/call-to-action-basic.test.tsx > CallToAction Component - Basic Tests > 链接地址验证 > 主要GitHub按钮应该有正确的链接 11ms 66 MB heap used
 ✓ src/components/home/__tests__/call-to-action-basic.test.tsx > CallToAction Component - Basic Tests > 链接地址验证 > Star GitHub按钮应该有正确的链接 9ms 71 MB heap used
 ✓ src/components/home/__tests__/call-to-action-basic.test.tsx > CallToAction Component - Basic Tests > 链接地址验证 > 文档链接应该有正确的地址 9ms 75 MB heap used
 ✓ src/components/home/__tests__/call-to-action-basic.test.tsx > CallToAction Component - Basic Tests > 链接地址验证 > 社区链接应该有正确的地址 8ms 80 MB heap used
 ✓ src/components/home/__tests__/call-to-action-basic.test.tsx > CallToAction Component - Basic Tests > 链接地址验证 > Discussions链接应该有正确的地址 8ms 84 MB heap used
 ✓ src/components/home/__tests__/call-to-action-basic.test.tsx > CallToAction Component - Basic Tests > 链接地址验证 > Issues链接应该有正确的地址 7ms 89 MB heap used
 ✓ src/components/home/__tests__/call-to-action-basic.test.tsx > CallToAction Component - Basic Tests > 图标渲染 > 应该渲染所有必要的图标 5ms 91 MB heap used
 ✓ src/components/home/__tests__/call-to-action-basic.test.tsx > CallToAction Component - Basic Tests > 图标渲染 > 图标应该有正确的测试ID 4ms 64 MB heap used
 ✓ src/components/home/__tests__/call-to-action-basic.test.tsx > CallToAction Component - Basic Tests > 翻译集成 > 应该调用正确的翻译命名空间 4ms 66 MB heap used
 ✓ src/components/home/__tests__/call-to-action-basic.test.tsx > CallToAction Component - Basic Tests > 翻译集成 > 应该调用所有必要的翻译键 3ms 68 MB heap used
 ✓ src/components/home/__tests__/call-to-action-basic.test.tsx > CallToAction Component - Basic Tests > 翻译集成 > 应该处理缺失的翻译 4ms 70 MB heap used
 ✓ src/components/home/__tests__/call-to-action-basic.test.tsx > CallToAction Component - Basic Tests > 条件渲染 > 应该在有翻译时渲染内容 4ms 72 MB heap used
 ✓ src/components/home/__tests__/call-to-action-basic.test.tsx > CallToAction Component - Basic Tests > 条件渲染 > 应该处理空翻译值 4ms 74 MB heap used
stdout | src/lib/__tests__/airtable.test.ts > Airtable Tests - Index > Basic createContact > should create contact record successfully
Contact record created successfully {
  recordId: [32m'rec123456'[39m,
  email: [32m'john.doe@example.com'[39m,
  company: [32m'Test Company'[39m
}

 ✓ src/components/i18n/__tests__/enhanced-locale-switcher-basic.test.tsx > Enhanced Locale Switcher - Main Integration Tests > 核心组件导出验证 > should export EnhancedLocaleSwitcher component 4ms 70 MB heap used
 ✓ src/components/i18n/__tests__/enhanced-locale-switcher-basic.test.tsx > Enhanced Locale Switcher - Main Integration Tests > 核心组件导出验证 > should export SimpleLocaleSwitcher component 1ms 70 MB heap used
 ✓ src/components/i18n/__tests__/enhanced-locale-switcher-basic.test.tsx > Enhanced Locale Switcher - Main Integration Tests > 基本功能集成测试 > renders EnhancedLocaleSwitcher with basic functionality 53ms 77 MB heap used
 ✓ src/components/i18n/__tests__/enhanced-locale-switcher-basic.test.tsx > Enhanced Locale Switcher - Main Integration Tests > 基本功能集成测试 > renders SimpleLocaleSwitcher with basic functionality 6ms 78 MB heap used
 ✓ src/components/i18n/__tests__/enhanced-locale-switcher-basic.test.tsx > Enhanced Locale Switcher - Main Integration Tests > 基本功能集成测试 > handles dropdown interaction correctly 6ms 80 MB heap used
 ✓ src/components/i18n/__tests__/enhanced-locale-switcher-basic.test.tsx > Enhanced Locale Switcher - Main Integration Tests > 基本功能集成测试 > supports compact mode 5ms 81 MB heap used
stdout | src/lib/__tests__/airtable.test.ts > Airtable Tests - Index > Basic updateContactStatus > should update contact status successfully
Contact record status updated { recordId: [32m'rec123456'[39m, newStatus: [32m'Completed'[39m }

stderr | tests/integration/components/footer.test.tsx > Footer Integration Tests > Complete Footer Structure Integration > should render complete footer with all sections
Each child in a list should have a unique "key" prop.

Check the render method of `FooterSectionComponent`. See https://react.dev/link/warning-keys for more information.

 ✓ src/lib/__tests__/airtable.test.ts > Airtable Tests - Index > Basic Configuration > should configure Airtable with valid environment variables 22ms 70 MB heap used
 ✓ src/lib/__tests__/airtable.test.ts > Airtable Tests - Index > Basic Configuration > should use default table name when not provided 8ms 59 MB heap used
 ✓ src/lib/__tests__/airtable.test.ts > Airtable Tests - Index > Basic createContact > should create contact record successfully 9ms 65 MB heap used
 ✓ src/lib/__tests__/airtable.test.ts > Airtable Tests - Index > Basic createContact > should throw error when service is not configured 8ms 72 MB heap used
 ✓ src/lib/__tests__/airtable.test.ts > Airtable Tests - Index > Basic getContacts > should retrieve contact records successfully 11ms 68 MB heap used
 ✓ src/lib/__tests__/airtable.test.ts > Airtable Tests - Index > Basic getContacts > should throw error when service is not configured 18ms 75 MB heap used
 ✓ src/lib/__tests__/airtable.test.ts > Airtable Tests - Index > Basic updateContactStatus > should update contact status successfully 22ms 59 MB heap used
stdout | src/lib/__tests__/airtable.test.ts > Airtable Tests - Index > Basic deleteContact > should delete contact successfully
Contact record deleted { recordId: [32m'rec123456'[39m }

stderr | tests/integration/components/footer.test.tsx > Footer Integration Tests > Navigation Integration > should handle internal link navigation correctly
Error: Not implemented: navigation (except hash changes)
    at module.exports (/Users/Data/Warehouse/Focus/tucsenberg-web-frontier/node_modules/.pnpm/jsdom@26.1.0/node_modules/jsdom/lib/jsdom/browser/not-implemented.js:9:17)
    at navigateFetch (/Users/Data/Warehouse/Focus/tucsenberg-web-frontier/node_modules/.pnpm/jsdom@26.1.0/node_modules/jsdom/lib/jsdom/living/window/navigation.js:77:3)
    at exports.navigate (/Users/Data/Warehouse/Focus/tucsenberg-web-frontier/node_modules/.pnpm/jsdom@26.1.0/node_modules/jsdom/lib/jsdom/living/window/navigation.js:55:3)
    at Timeout._onTimeout (/Users/Data/Warehouse/Focus/tucsenberg-web-frontier/node_modules/.pnpm/jsdom@26.1.0/node_modules/jsdom/lib/jsdom/living/nodes/HTMLHyperlinkElementUtils-impl.js:80:7)
    at listOnTimeout (node:internal/timers:608:17)
    at processTimers (node:internal/timers:543:7) [90mundefined[39m

 ✓ tests/integration/components/footer.test.tsx > Footer Integration Tests > Complete Footer Structure Integration > should render complete footer with all sections 65ms 53 MB heap used
 ✓ tests/integration/components/footer.test.tsx > Footer Integration Tests > Complete Footer Structure Integration > should render all navigation links correctly 8ms 56 MB heap used
 ✓ tests/integration/components/footer.test.tsx > Footer Integration Tests > Navigation Integration > should handle internal link navigation correctly 21ms 60 MB heap used
 ✓ tests/integration/components/footer.test.tsx > Footer Integration Tests > Navigation Integration > should handle all internal navigation links 6ms 62 MB heap used
 ✓ src/components/i18n/__tests__/enhanced-locale-switcher-basic.test.tsx > Enhanced Locale Switcher - Main Integration Tests > 基本功能集成测试 > handles keyboard navigation 29ms 44 MB heap used
 ✓ src/components/i18n/__tests__/enhanced-locale-switcher-basic.test.tsx > Enhanced Locale Switcher - Main Integration Tests > 基本功能集成测试 > supports custom className 6ms 46 MB heap used
 ✓ src/components/i18n/__tests__/enhanced-locale-switcher-basic.test.tsx > Enhanced Locale Switcher - Main Integration Tests > 错误处理验证 > handles missing translations gracefully 5ms 47 MB heap used
 ✓ src/components/i18n/__tests__/enhanced-locale-switcher-basic.test.tsx > Enhanced Locale Switcher - Main Integration Tests > 错误处理验证 > handles invalid locale gracefully 5ms 48 MB heap used
 ✓ src/components/i18n/__tests__/enhanced-locale-switcher-basic.test.tsx > Enhanced Locale Switcher - Main Integration Tests > 错误处理验证 > handles missing pathname gracefully 4ms 49 MB heap used
 ✓ src/components/i18n/__tests__/enhanced-locale-switcher-basic.test.tsx > Enhanced Locale Switcher - Main Integration Tests > 错误处理验证 > handles component unmounting without errors 3ms 50 MB heap used
 ✓ src/components/i18n/__tests__/enhanced-locale-switcher-basic.test.tsx > Enhanced Locale Switcher - Main Integration Tests > 错误处理验证 > handles re-renders correctly 8ms 52 MB heap used
 ✓ src/components/i18n/__tests__/enhanced-locale-switcher-basic.test.tsx > Enhanced Locale Switcher - Main Integration Tests > 可访问性验证 > maintains proper accessibility attributes 4ms 53 MB heap used
 ✓ src/components/i18n/__tests__/enhanced-locale-switcher-basic.test.tsx > Enhanced Locale Switcher - Main Integration Tests > 可访问性验证 > updates aria-expanded correctly 4ms 54 MB heap used
 ✓ src/components/i18n/__tests__/enhanced-locale-switcher-basic.test.tsx > Enhanced Locale Switcher - Main Integration Tests > 可访问性验证 > maintains focus management 17ms 56 MB heap used
 ✓ src/components/i18n/__tests__/enhanced-locale-switcher-basic.test.tsx > Enhanced Locale Switcher - Main Integration Tests > 多语言支持验证 > displays correct language for different locales 3ms 57 MB heap used
 ✓ src/components/i18n/__tests__/enhanced-locale-switcher-basic.test.tsx > Enhanced Locale Switcher - Main Integration Tests > 多语言支持验证 > handles language switching 5ms 58 MB heap used
 ✓ src/lib/__tests__/airtable.test.ts > Airtable Tests - Index > Basic updateContactStatus > should throw error when service is not configured 11ms 68 MB heap used
 ✓ src/lib/__tests__/airtable.test.ts > Airtable Tests - Index > Basic deleteContact > should delete contact successfully 13ms 76 MB heap used
 ✓ src/lib/__tests__/airtable.test.ts > Airtable Tests - Index > Basic deleteContact > should throw error when service is not configured 15ms 85 MB heap used
 ✓ src/lib/__tests__/airtable.test.ts > Airtable Tests - Index > Basic isReady > should return true when properly configured 18ms 95 MB heap used
 ✓ src/lib/__tests__/airtable.test.ts > Airtable Tests - Index > Basic isReady > should return false when not configured 20ms 104 MB heap used
 ✓ tests/integration/components/footer.test.tsx > Footer Integration Tests > Navigation Integration > should handle external links with proper attributes 7ms 64 MB heap used
 ✓ tests/integration/components/footer.test.tsx > Footer Integration Tests > Social Media Integration > should render all social media links correctly 4ms 66 MB heap used
 ✓ tests/integration/components/footer.test.tsx > Footer Integration Tests > Social Media Integration > should handle social link clicks correctly 4ms 68 MB heap used
 ✓ tests/integration/components/footer.test.tsx > Footer Integration Tests > Internationalization Integration > should display correct content for English locale 5ms 70 MB heap used
 ✓ tests/integration/components/footer.test.tsx > Footer Integration Tests > Internationalization Integration > should display correct content for Chinese locale 5ms 72 MB heap used
 ✓ tests/integration/components/footer.test.tsx > Footer Integration Tests > Internationalization Integration > should handle missing translations gracefully 6ms 74 MB heap used
 ✓ tests/integration/components/footer.test.tsx > Footer Integration Tests > Company Branding Integration > should display company logo and branding correctly 4ms 76 MB heap used
 ✓ tests/integration/components/footer.test.tsx > Footer Integration Tests > Company Branding Integration > should display copyright information correctly 4ms 78 MB heap used
 ✓ tests/integration/components/footer.test.tsx > Footer Integration Tests > Responsive Behavior Integration > should apply correct responsive grid classes 4ms 80 MB heap used
 ✓ tests/integration/components/footer.test.tsx > Footer Integration Tests > Responsive Behavior Integration > should handle responsive column spans correctly 5ms 82 MB heap used
 ✓ tests/integration/components/footer.test.tsx > Footer Integration Tests > Accessibility Integration > should provide proper semantic structure 6ms 58 MB heap used
 ✓ tests/integration/components/footer.test.tsx > Footer Integration Tests > Accessibility Integration > should provide proper ARIA labels for interactive elements 9ms 62 MB heap used
 ✓ tests/integration/components/footer.test.tsx > Footer Integration Tests > Error Recovery Integration > should handle missing footer configuration gracefully 4ms 64 MB heap used
 ✓ tests/integration/components/footer.test.tsx > Footer Integration Tests > Error Recovery Integration > should handle locale detection errors gracefully 3ms 66 MB heap used
 ✓ src/app/[locale]/contact/__tests__/page.test.tsx > ContactPage > 基础渲染测试 > 应该正确渲染页面的基本结构 47ms 65 MB heap used
 ✓ src/app/[locale]/contact/__tests__/page.test.tsx > ContactPage > 基础渲染测试 > 应该渲染联系表单 3ms 66 MB heap used
 ✓ src/app/[locale]/contact/__tests__/page.test.tsx > ContactPage > 基础渲染测试 > 应该渲染联系信息卡片 4ms 68 MB heap used
 ✓ src/app/[locale]/contact/__tests__/page.test.tsx > ContactPage > 基础渲染测试 > 应该渲染营业时间信息 4ms 70 MB heap used
 ✓ src/app/[locale]/contact/__tests__/page.test.tsx > ContactPage > 国际化测试 > 应该正确使用翻译 1ms 70 MB heap used
 ✓ src/app/[locale]/contact/__tests__/page.test.tsx > ContactPage > 国际化测试 > 应该处理不同的locale 0ms 70 MB heap used
 ✓ src/app/[locale]/contact/__tests__/page.test.tsx > ContactPage > 国际化测试 > 应该处理缺失的翻译键 2ms 72 MB heap used
 ✓ src/app/[locale]/contact/__tests__/page.test.tsx > ContactPage > 元数据生成测试 > 应该正确生成页面元数据 1ms 72 MB heap used
 ✓ src/app/[locale]/contact/__tests__/page.test.tsx > ContactPage > 元数据生成测试 > 应该处理不同locale的元数据 0ms 72 MB heap used
 ✓ src/app/[locale]/contact/__tests__/page.test.tsx > ContactPage > 组件结构测试 > 应该有正确的页面布局 3ms 73 MB heap used
 ✓ src/app/[locale]/contact/__tests__/page.test.tsx > ContactPage > 组件结构测试 > 应该有响应式网格布局 2ms 74 MB heap used
 ✓ src/app/[locale]/contact/__tests__/page.test.tsx > ContactPage > 组件结构测试 > 应该渲染SVG图标 2ms 75 MB heap used
 ✓ src/app/[locale]/contact/__tests__/page.test.tsx > ContactPage > 可访问性测试 > 应该有正确的标题层级 6ms 78 MB heap used
 ✓ src/app/[locale]/contact/__tests__/page.test.tsx > ContactPage > 可访问性测试 > 应该有适当的语义结构 3ms 80 MB heap used
 ✓ src/app/[locale]/contact/__tests__/page.test.tsx > ContactPage > 错误处理测试 > 应该处理getTranslations错误 1ms 80 MB heap used
 ✓ src/app/[locale]/contact/__tests__/page.test.tsx > ContactPage > 错误处理测试 > 应该处理params解析错误 0ms 80 MB heap used
 ✓ src/app/[locale]/contact/__tests__/page.test.tsx > ContactPage > 性能测试 > 应该是异步服务器组件 0ms 80 MB heap used
 ✓ src/app/[locale]/contact/__tests__/page.test.tsx > ContactPage > 性能测试 > 应该正确处理异步参数 11ms 41 MB heap used
 ✓ src/app/[locale]/contact/__tests__/page.test.tsx > ContactPage > ContactPageHeader子组件测试 > 应该正确渲染标题和描述 3ms 43 MB heap used
 ✓ src/app/[locale]/contact/__tests__/page.test.tsx > ContactPage > ContactPageHeader子组件测试 > 应该有正确的标题容器样式 2ms 44 MB heap used
 ✓ src/app/[locale]/contact/__tests__/page.test.tsx > ContactPage > 联系信息详细测试 > 应该渲染邮箱图标和信息 3ms 45 MB heap used
 ✓ src/components/ui/__tests__/label-edge-cases-basic.test.tsx > Label Edge Cases - Basic Tests > 空内容处理 > renders empty label 19ms 63 MB heap used
 ✓ src/components/ui/__tests__/label-edge-cases-basic.test.tsx > Label Edge Cases - Basic Tests > 空内容处理 > handles zero as text content 2ms 64 MB heap used
 ✓ src/components/ui/__tests__/label-edge-cases-basic.test.tsx > Label Edge Cases - Basic Tests > 空内容处理 > handles false as text content 1ms 64 MB heap used
 ✓ src/components/ui/__tests__/label-edge-cases-basic.test.tsx > Label Edge Cases - Basic Tests > 空内容处理 > handles null as text content 1ms 65 MB heap used
 ✓ src/components/ui/__tests__/label-edge-cases-basic.test.tsx > Label Edge Cases - Basic Tests > 空内容处理 > handles undefined as text content 1ms 66 MB heap used
 ✓ src/components/ui/__tests__/label-edge-cases-basic.test.tsx > Label Edge Cases - Basic Tests > 空内容处理 > handles empty string as text content 1ms 66 MB heap used
 ✓ src/components/ui/__tests__/label-edge-cases-basic.test.tsx > Label Edge Cases - Basic Tests > 空内容处理 > handles whitespace-only content 1ms 66 MB heap used
 ✓ src/components/ui/__tests__/label-edge-cases-basic.test.tsx > Label Edge Cases - Basic Tests > 特殊字符处理 > handles very long text content 1ms 67 MB heap used
 ✓ src/components/ui/__tests__/label-edge-cases-basic.test.tsx > Label Edge Cases - Basic Tests > 特殊字符处理 > handles special characters and unicode 2ms 68 MB heap used
 ✓ src/components/ui/__tests__/label-edge-cases-basic.test.tsx > Label Edge Cases - Basic Tests > 特殊字符处理 > handles newlines and tabs in content 1ms 68 MB heap used
 ✓ src/components/ui/__tests__/label-edge-cases-basic.test.tsx > Label Edge Cases - Basic Tests > 特殊字符处理 > handles HTML entities in content 1ms 68 MB heap used
 ✓ src/components/ui/__tests__/label-edge-cases-basic.test.tsx > Label Edge Cases - Basic Tests > 内容类型处理 > handles null and undefined props gracefully 1ms 68 MB heap used
 ✓ src/components/ui/__tests__/label-edge-cases-basic.test.tsx > Label Edge Cases - Basic Tests > 内容类型处理 > handles mixed content types 2ms 69 MB heap used
 ✓ src/components/ui/__tests__/label-edge-cases-basic.test.tsx > Label Edge Cases - Basic Tests > 内容类型处理 > handles deeply nested content 1ms 69 MB heap used
 ✓ src/components/ui/__tests__/label-edge-cases-basic.test.tsx > Label Edge Cases - Basic Tests > 内容类型处理 > handles conditional rendering 1ms 70 MB heap used
 ✓ src/components/ui/__tests__/label-edge-cases-basic.test.tsx > Label Edge Cases - Basic Tests > 内容类型处理 > handles array of elements 1ms 70 MB heap used
 ✓ src/components/ui/__tests__/label-edge-cases-basic.test.tsx > Label Edge Cases - Basic Tests > 内容类型处理 > handles fragments 1ms 70 MB heap used
 ✓ src/components/ui/__tests__/label-form-advanced-integration.test.tsx > Label Form Advanced Integration Special Tests > 特殊表单集成 > handles form validation with custom error messages 129ms 63 MB heap used
 ✓ src/components/ui/__tests__/label-form-advanced-integration.test.tsx > Label Form Advanced Integration Special Tests > 特殊表单集成 > supports form with file inputs 25ms 46 MB heap used
 ✓ src/app/[locale]/contact/__tests__/page.test.tsx > ContactPage > 联系信息详细测试 > 应该渲染电话图标和信息 2ms 46 MB heap used
 ✓ src/app/[locale]/contact/__tests__/page.test.tsx > ContactPage > 联系信息详细测试 > 应该有正确的联系信息布局 3ms 47 MB heap used
 ✓ src/app/[locale]/contact/__tests__/page.test.tsx > ContactPage > 营业时间详细测试 > 应该有正确的营业时间布局 3ms 48 MB heap used
 ✓ src/app/[locale]/contact/__tests__/page.test.tsx > ContactPage > 营业时间详细测试 > 应该正确显示所有营业时间 2ms 50 MB heap used
 ✓ src/app/[locale]/contact/__tests__/page.test.tsx > ContactPage > 营业时间详细测试 > 应该有正确的时间显示样式 2ms 51 MB heap used
 ✓ src/app/[locale]/contact/__tests__/page.test.tsx > ContactPage > 边缘情况测试 > 应该处理空的翻译值 3ms 52 MB heap used
 ✓ src/app/[locale]/contact/__tests__/page.test.tsx > ContactPage > 边缘情况测试 > 应该处理特殊字符的locale 0ms 53 MB heap used
 ✓ src/app/[locale]/contact/__tests__/page.test.tsx > ContactPage > 边缘情况测试 > 应该处理长文本内容 2ms 54 MB heap used
 ✓ src/app/[locale]/contact/__tests__/page.test.tsx > ContactPage > SVG图标详细测试 > 应该渲染邮箱SVG图标 2ms 55 MB heap used
 ✓ src/app/[locale]/contact/__tests__/page.test.tsx > ContactPage > SVG图标详细测试 > 应该渲染电话SVG图标 2ms 56 MB heap used
 ✓ src/components/ui/__tests__/label-edge-cases-basic.test.tsx > Label Edge Cases - Basic Tests > 性能测试 > handles rapid state changes 91ms 78 MB heap used
 ✓ src/components/ui/__tests__/label-edge-cases-basic.test.tsx > Label Edge Cases - Basic Tests > 性能测试 > handles memory leaks with event listeners 2ms 78 MB heap used
 ✓ src/components/ui/__tests__/label-edge-cases-basic.test.tsx > Label Edge Cases - Basic Tests > 性能测试 > handles performance with many re-renders 16ms 82 MB heap used
 ✓ src/components/ui/__tests__/label-edge-cases-basic.test.tsx > Label Edge Cases - Basic Tests > 性能测试 > handles portal content 1ms 82 MB heap used
 ✓ src/components/ui/__tests__/label-edge-cases-basic.test.tsx > Label Edge Cases - Basic Tests > 性能测试 > handles error boundaries gracefully 1ms 83 MB heap used
 ✓ src/components/home/__tests__/call-to-action.test.tsx > CallToAction Component - Integration Tests > 核心集成测试 > 应该正确渲染完整的CTA组件 29ms 62 MB heap used
 ✓ src/components/home/__tests__/call-to-action.test.tsx > CallToAction Component - Integration Tests > 核心集成测试 > 应该渲染所有主要行动按钮 42ms 76 MB heap used
 ✓ src/components/home/__tests__/call-to-action.test.tsx > CallToAction Component - Integration Tests > 核心集成测试 > 应该正确配置外部链接 10ms 80 MB heap used
 ✓ src/components/home/__tests__/call-to-action.test.tsx > CallToAction Component - Integration Tests > 核心集成测试 > 应该渲染必要的图标 6ms 83 MB heap used
 ✓ src/components/home/__tests__/call-to-action.test.tsx > CallToAction Component - Integration Tests > 核心集成测试 > 应该正确集成翻译系统 5ms 84 MB heap used
 ✓ src/components/home/__tests__/call-to-action.test.tsx > CallToAction Component - Integration Tests > 核心集成测试 > 应该正确集成Intersection Observer 6ms 64 MB heap used
 ✓ src/components/ui/__tests__/dropdown-menu-complex.test.tsx > DropdownMenu - Complex Structure > renders complete menu with all components 87ms 69 MB heap used
 ✓ src/components/ui/__tests__/navigation-menu-complex.test.tsx > NavigationMenu - Complex Structures > works with complex navigation structure 34ms 64 MB heap used
 ✓ src/components/ui/__tests__/navigation-menu-complex.test.tsx > NavigationMenu - Complex Structures > handles multiple navigation items 12ms 66 MB heap used
 ✓ src/components/ui/__tests__/navigation-menu-complex.test.tsx > NavigationMenu - Complex Structures > handles nested navigation structures 5ms 68 MB heap used
 ✓ src/components/home/__tests__/call-to-action.test.tsx > CallToAction Component - Integration Tests > 核心集成测试 > 应该有正确的可访问性结构 7ms 67 MB heap used
 ✓ src/components/home/__tests__/call-to-action.test.tsx > CallToAction Component - Integration Tests > 核心集成测试 > 应该处理可见性状态变化 4ms 68 MB heap used
 ✓ src/components/home/__tests__/call-to-action.test.tsx > CallToAction Component - Integration Tests > 核心集成测试 > 应该处理翻译缺失的情况 5ms 71 MB heap used
 ✓ src/components/home/__tests__/call-to-action.test.tsx > CallToAction Component - Integration Tests > 核心集成测试 > 应该支持基本的键盘导航 11ms 75 MB heap used
 ✓ src/components/home/__tests__/call-to-action.test.tsx > CallToAction Component - Integration Tests > 核心集成测试 > 应该有正确的链接地址 11ms 82 MB heap used
 ✓ src/components/home/__tests__/call-to-action.test.tsx > CallToAction Component - Integration Tests > 核心集成测试 > 应该正确处理组件生命周期 4ms 83 MB heap used
 ✓ src/components/home/__tests__/call-to-action.test.tsx > CallToAction Component - Integration Tests > 核心集成测试 > 应该在错误情况下保持稳定 3ms 85 MB heap used
 ✓ src/components/home/__tests__/call-to-action.test.tsx > CallToAction Component - Integration Tests > 核心集成测试 > 应该有合理的性能表现 3ms 87 MB heap used
 ✓ src/components/home/__tests__/call-to-action.test.tsx > CallToAction Component - Integration Tests > 核心集成测试 > 应该正确处理多个相同图标 4ms 88 MB heap used
 ✓ src/components/home/__tests__/call-to-action.test.tsx > CallToAction Component - Integration Tests > 核心集成测试 > 应该支持组件重新渲染 7ms 91 MB heap used
 ✓ src/components/ui/__tests__/navigation-menu-complex.test.tsx > NavigationMenu - Complex Structures > handles dynamic content updates 68ms 44 MB heap used
 ✓ src/components/ui/__tests__/navigation-menu-complex.test.tsx > NavigationMenu - Complex Structures > handles large navigation menus efficiently 38ms 52 MB heap used
 ✓ src/components/ui/__tests__/dropdown-menu-complex.test.tsx > DropdownMenu - Complex Structure > renders deeply nested menu structure 19ms 48 MB heap used
 ✓ src/components/ui/__tests__/dropdown-menu-complex.test.tsx > DropdownMenu - Complex Structure > handles multiple groups with different item types 20ms 54 MB heap used
 ✓ src/components/ui/__tests__/dropdown-menu-complex.test.tsx > DropdownMenu - Complex Structure > renders menu with mixed content and shortcuts 15ms 59 MB heap used
 ✓ src/components/ui/__tests__/dropdown-menu-complex.test.tsx > DropdownMenu - Complex Structure > handles empty groups and separators 13ms 63 MB heap used
 ✓ src/components/theme/__tests__/theme-menu-item-interactions-basic-core.test.tsx > Theme Menu Item - Core Basic Interactions Tests > 核心事件处理 > calls onClick handler when clicked 52ms 64 MB heap used
 ✓ src/components/theme/__tests__/theme-menu-item-interactions-basic-core.test.tsx > Theme Menu Item - Core Basic Interactions Tests > 核心事件处理 > prevents default behavior on click 10ms 65 MB heap used
 ✓ src/components/theme/__tests__/theme-menu-item-interactions-basic-core.test.tsx > Theme Menu Item - Core Basic Interactions Tests > 核心事件处理 > handles multiple rapid clicks correctly 21ms 68 MB heap used
 ✓ src/components/theme/__tests__/theme-menu-item-interactions-basic-core.test.tsx > Theme Menu Item - Core Basic Interactions Tests > 核心键盘导航 > handles Enter key press 7ms 68 MB heap used
 ✓ src/components/theme/__tests__/theme-menu-item-interactions-basic-core.test.tsx > Theme Menu Item - Core Basic Interactions Tests > 核心键盘导航 > handles Space key press 7ms 69 MB heap used
stderr | tests/integration/components/footer-responsive-accessibility.test.tsx > Footer Responsive and Accessibility Integration Tests > Responsive Behavior Integration > should apply correct responsive grid classes
Each child in a list should have a unique "key" prop.

Check the render method of `FooterSectionComponent`. See https://react.dev/link/warning-keys for more information.

 ✓ src/components/theme/__tests__/theme-menu-item-interactions-basic-core.test.tsx > Theme Menu Item - Core Basic Interactions Tests > 核心键盘导航 > ignores other key presses 15ms 70 MB heap used
 ✓ src/components/theme/__tests__/theme-menu-item-interactions-basic-core.test.tsx > Theme Menu Item - Core Basic Interactions Tests > 核心视图过渡 > applies view transition when supported 9ms 72 MB heap used
 ✓ src/components/theme/__tests__/theme-menu-item-interactions-basic-core.test.tsx > Theme Menu Item - Core Basic Interactions Tests > 核心视图过渡 > calls onClick directly when view transitions not supported 7ms 73 MB heap used
 ✓ src/components/theme/__tests__/theme-menu-item-interactions-basic-core.test.tsx > Theme Menu Item - Core Basic Interactions Tests > 核心可访问性 > has correct ARIA attributes 2ms 74 MB heap used
 ✓ src/components/theme/__tests__/theme-menu-item-interactions-basic-core.test.tsx > Theme Menu Item - Core Basic Interactions Tests > 核心可访问性 > indicates current theme selection 3ms 75 MB heap used
 ✓ src/components/theme/__tests__/theme-menu-item-interactions-basic-core.test.tsx > Theme Menu Item - Core Basic Interactions Tests > 核心可访问性 > does not indicate selection for non-current theme 2ms 75 MB heap used
 ✓ src/components/theme/__tests__/theme-menu-item-interactions-basic-core.test.tsx > Theme Menu Item - Core Basic Interactions Tests > 核心渲染测试 > renders with correct label 1ms 75 MB heap used
 ✓ src/components/theme/__tests__/theme-menu-item-interactions-basic-core.test.tsx > Theme Menu Item - Core Basic Interactions Tests > 核心渲染测试 > renders with icon 1ms 76 MB heap used
 ✓ src/components/theme/__tests__/theme-menu-item-interactions-basic-core.test.tsx > Theme Menu Item - Core Basic Interactions Tests > 核心渲染测试 > applies correct CSS classes 1ms 77 MB heap used
 ✓ src/components/theme/__tests__/theme-menu-item-interactions-basic-core.test.tsx > Theme Menu Item - Core Basic Interactions Tests > 边缘情况测试 > handles missing onClick gracefully 9ms 44 MB heap used
 ✓ src/components/theme/__tests__/theme-menu-item-interactions-basic-core.test.tsx > Theme Menu Item - Core Basic Interactions Tests > 边缘情况测试 > handles empty label 2ms 44 MB heap used
 ✓ src/components/theme/__tests__/theme-menu-item-interactions-basic-core.test.tsx > Theme Menu Item - Core Basic Interactions Tests > 边缘情况测试 > handles missing icon 1ms 45 MB heap used
 ✓ tests/integration/components/footer-responsive-accessibility.test.tsx > Footer Responsive and Accessibility Integration Tests > Responsive Behavior Integration > should apply correct responsive grid classes 57ms 55 MB heap used
 ✓ tests/integration/components/footer-responsive-accessibility.test.tsx > Footer Responsive and Accessibility Integration Tests > Responsive Behavior Integration > should handle responsive column spans correctly 7ms 57 MB heap used
 ✓ tests/integration/components/footer-responsive-accessibility.test.tsx > Footer Responsive and Accessibility Integration Tests > Responsive Behavior Integration > should maintain proper spacing on different screen sizes 6ms 59 MB heap used
 ✓ tests/integration/components/footer-responsive-accessibility.test.tsx > Footer Responsive and Accessibility Integration Tests > Responsive Behavior Integration > should handle responsive text sizing appropriately 7ms 62 MB heap used
 ✓ tests/integration/components/footer-responsive-accessibility.test.tsx > Footer Responsive and Accessibility Integration Tests > Responsive Behavior Integration > should adapt layout for mobile and desktop views 6ms 64 MB heap used
 ✓ tests/integration/components/footer-responsive-accessibility.test.tsx > Footer Responsive and Accessibility Integration Tests > Accessibility Integration > should provide proper semantic structure 5ms 66 MB heap used
 ✓ tests/integration/components/footer-responsive-accessibility.test.tsx > Footer Responsive and Accessibility Integration Tests > Accessibility Integration > should provide proper ARIA labels for interactive elements 11ms 70 MB heap used
 ✓ src/components/ui/__tests__/navigation-menu-accessibility.test.tsx > NavigationMenu - ARIA & Accessibility > ARIA Attributes > provides proper ARIA attributes 29ms 61 MB heap used
 ✓ src/components/ui/__tests__/navigation-menu-accessibility.test.tsx > NavigationMenu - ARIA & Accessibility > ARIA Attributes > updates ARIA attributes when menu opens 56ms 47 MB heap used
 ✓ src/components/ui/__tests__/navigation-menu-accessibility.test.tsx > NavigationMenu - ARIA & Accessibility > ARIA Attributes > maintains ARIA state consistency 59ms 57 MB heap used
 ✓ src/components/ui/__tests__/navigation-menu-accessibility.test.tsx > NavigationMenu - ARIA & Accessibility > NavigationMenuIndicator > renders navigation menu indicator when menu is active 11ms 59 MB heap used
 ✓ src/components/ui/__tests__/navigation-menu-accessibility.test.tsx > NavigationMenu - ARIA & Accessibility > NavigationMenuIndicator > component is defined and can be imported 5ms 60 MB heap used
 ✓ src/components/ui/__tests__/navigation-menu-accessibility.test.tsx > NavigationMenu - ARIA & Accessibility > NavigationMenuIndicator > accepts className prop 4ms 61 MB heap used
 ✓ tests/integration/components/footer-responsive-accessibility.test.tsx > Footer Responsive and Accessibility Integration Tests > Accessibility Integration > should ensure all links have accessible names 5ms 72 MB heap used
 ✓ tests/integration/components/footer-responsive-accessibility.test.tsx > Footer Responsive and Accessibility Integration Tests > Accessibility Integration > should provide proper keyboard navigation support 11ms 57 MB heap used
 ✓ tests/integration/components/footer-responsive-accessibility.test.tsx > Footer Responsive and Accessibility Integration Tests > Accessibility Integration > should maintain accessibility across different locales 6ms 60 MB heap used
 ✓ tests/integration/components/footer-responsive-accessibility.test.tsx > Footer Responsive and Accessibility Integration Tests > Accessibility Integration > should handle screen reader compatibility 5ms 62 MB heap used
 ✓ tests/integration/components/footer-responsive-accessibility.test.tsx > Footer Responsive and Accessibility Integration Tests > Error Recovery Integration > should handle missing footer configuration gracefully 4ms 63 MB heap used
 ✓ tests/integration/components/footer-responsive-accessibility.test.tsx > Footer Responsive and Accessibility Integration Tests > Error Recovery Integration > should handle locale detection errors gracefully 4ms 65 MB heap used
 ✓ tests/integration/components/footer-responsive-accessibility.test.tsx > Footer Responsive and Accessibility Integration Tests > Error Recovery Integration > should recover from translation loading failures 5ms 67 MB heap used
 ✓ tests/integration/components/footer-responsive-accessibility.test.tsx > Footer Responsive and Accessibility Integration Tests > Error Recovery Integration > should handle missing social links configuration 4ms 69 MB heap used
 ✓ tests/integration/components/footer-responsive-accessibility.test.tsx > Footer Responsive and Accessibility Integration Tests > Error Recovery Integration > should maintain functionality with partial data 4ms 71 MB heap used
 ✓ src/components/ui/__tests__/label-event-handling-basic.test.tsx > Label Event Handling - Basic Tests > 基本点击事件 > handles click events 55ms 66 MB heap used
 ✓ src/components/ui/__tests__/label-event-handling-basic.test.tsx > Label Event Handling - Basic Tests > 基本点击事件 > handles double click events 12ms 67 MB heap used
 ✓ src/components/ui/__tests__/label-event-handling-basic.test.tsx > Label Event Handling - Basic Tests > 基本点击事件 > handles context menu events 15ms 69 MB heap used
 ✓ src/components/ui/__tests__/label-event-handling-basic.test.tsx > Label Event Handling - Basic Tests > 鼠标事件 > handles mouse events 13ms 70 MB heap used
 ✓ src/app/api/contact/__tests__/route-get.test.ts > Contact API Route - GET Tests > 管理员认证验证 > 应该返回统计信息（有效的管理员token） 8ms 58 MB heap used
 ✓ src/app/api/contact/__tests__/route-get.test.ts > Contact API Route - GET Tests > 管理员认证验证 > 应该拒绝无效的管理员token 2ms 59 MB heap used
 ✓ src/app/api/contact/__tests__/route-get.test.ts > Contact API Route - GET Tests > 管理员认证验证 > 应该处理缺少authorization header的情况 2ms 60 MB heap used
 ✓ src/app/api/contact/__tests__/route-get.test.ts > Contact API Route - GET Tests > 管理员认证验证 > 应该处理malformed authorization header 1ms 60 MB heap used
 ✓ src/app/api/contact/__tests__/route-get.test.ts > Contact API Route - GET Tests > 管理员认证验证 > 应该处理空的Bearer token 1ms 61 MB heap used
 ✓ src/app/api/contact/__tests__/route-get.test.ts > Contact API Route - GET Tests > 统计信息获取 > 应该处理Airtable服务不可用的情况 1ms 62 MB heap used
 ✓ src/app/api/contact/__tests__/route-get.test.ts > Contact API Route - GET Tests > 统计信息获取 > 应该处理Airtable服务错误 2ms 62 MB heap used
 ✓ src/app/api/contact/__tests__/route-get.test.ts > Contact API Route - GET Tests > 统计信息获取 > 应该处理空的统计数据 1ms 63 MB heap used
 ✓ src/app/api/contact/__tests__/route-get.test.ts > Contact API Route - GET Tests > 统计信息获取 > 应该处理部分统计数据 1ms 64 MB heap used
 ✓ src/app/api/contact/__tests__/route-get.test.ts > Contact API Route - GET Tests > 权限控制 > 应该记录未授权访问尝试 2ms 65 MB heap used
 ✓ src/app/api/contact/__tests__/route-get.test.ts > Contact API Route - GET Tests > 权限控制 > 应该处理大小写敏感的Bearer token 1ms 65 MB heap used
 ✓ src/app/api/contact/__tests__/route-get.test.ts > Contact API Route - GET Tests > 权限控制 > 应该处理多个空格的authorization header 1ms 66 MB heap used
 ✓ src/app/api/contact/__tests__/route-get.test.ts > Contact API Route - GET Tests > 错误处理 > 应该处理意外错误 1ms 67 MB heap used
 ✓ src/components/ui/__tests__/label-event-handling-basic.test.tsx > Label Event Handling - Basic Tests > 鼠标事件 > handles pointer events 11ms 71 MB heap used
 ✓ src/components/ui/__tests__/label-event-handling-basic.test.tsx > Label Event Handling - Basic Tests > 鼠标事件 > handles wheel events 2ms 71 MB heap used
 ✓ src/components/ui/__tests__/label-event-handling-basic.test.tsx > Label Event Handling - Basic Tests > 键盘事件 > handles keyboard events 6ms 72 MB heap used
 ✓ src/components/ui/__tests__/label-event-handling-basic.test.tsx > Label Event Handling - Basic Tests > 焦点事件 > handles focus events 13ms 73 MB heap used
 ✓ src/components/ui/__tests__/label-event-handling-basic.test.tsx > Label Event Handling - Basic Tests > 触摸事件 > handles touch events on mobile 2ms 74 MB heap used
 ✓ src/components/ui/__tests__/label-event-handling-basic.test.tsx > Label Event Handling - Basic Tests > 拖拽事件 > handles drag events 2ms 74 MB heap used
 ✓ src/components/ui/__tests__/label-event-handling-basic.test.tsx > Label Event Handling - Basic Tests > 事件传播控制 > prevents event propagation when needed 8ms 76 MB heap used
 ✓ src/components/ui/__tests__/label-event-handling-basic.test.tsx > Label Event Handling - Basic Tests > 事件传播控制 > handles event with preventDefault 8ms 76 MB heap used
 ✓ src/components/ui/__tests__/label-event-handling-basic.test.tsx > Label Event Handling - Basic Tests > 事件传播控制 > handles event bubbling correctly 8ms 78 MB heap used
 ✓ src/components/ui/__tests__/label-event-handling-basic.test.tsx > Label Event Handling - Basic Tests > 事件传播控制 > handles event capturing 8ms 79 MB heap used
 ✓ src/app/api/contact/__tests__/route-get.test.ts > Contact API Route - GET Tests > 错误处理 > 应该处理网络超时 102ms 38 MB heap used
 ✓ src/components/ui/__tests__/navigation-menu-interactions.test.tsx > NavigationMenu - Interactions > NavigationMenuTrigger > renders navigation menu trigger with chevron icon 28ms 61 MB heap used
 ✓ src/components/ui/__tests__/navigation-menu-interactions.test.tsx > NavigationMenu - Interactions > NavigationMenuTrigger > applies trigger styles 5ms 62 MB heap used
 ✓ src/components/ui/__tests__/navigation-menu-interactions.test.tsx > NavigationMenu - Interactions > NavigationMenuTrigger > applies custom className 5ms 63 MB heap used
 ✓ src/components/ui/__tests__/navigation-menu-interactions.test.tsx > NavigationMenu - Interactions > NavigationMenuTrigger > handles click interactions 58ms 49 MB heap used
stderr | src/components/ui/__tests__/navigation-menu-interactions.test.tsx > NavigationMenu - Interactions > NavigationMenuLink > handles click interactions
Error: Not implemented: navigation (except hash changes)
    at module.exports (/Users/Data/Warehouse/Focus/tucsenberg-web-frontier/node_modules/.pnpm/jsdom@26.1.0/node_modules/jsdom/lib/jsdom/browser/not-implemented.js:9:17)
    at navigateFetch (/Users/Data/Warehouse/Focus/tucsenberg-web-frontier/node_modules/.pnpm/jsdom@26.1.0/node_modules/jsdom/lib/jsdom/living/window/navigation.js:77:3)
    at exports.navigate (/Users/Data/Warehouse/Focus/tucsenberg-web-frontier/node_modules/.pnpm/jsdom@26.1.0/node_modules/jsdom/lib/jsdom/living/window/navigation.js:55:3)
    at Timeout._onTimeout (/Users/Data/Warehouse/Focus/tucsenberg-web-frontier/node_modules/.pnpm/jsdom@26.1.0/node_modules/jsdom/lib/jsdom/living/nodes/HTMLHyperlinkElementUtils-impl.js:80:7)
    at listOnTimeout (node:internal/timers:608:17)
    at processTimers (node:internal/timers:543:7) [90mundefined[39m

 ✓ src/components/ui/__tests__/navigation-menu-interactions.test.tsx > NavigationMenu - Interactions > NavigationMenuContent > renders navigation menu content when menu is open 11ms 51 MB heap used
 ✓ src/components/ui/__tests__/navigation-menu-interactions.test.tsx > NavigationMenu - Interactions > NavigationMenuContent > applies default classes when rendered 10ms 53 MB heap used
 ✓ src/components/ui/__tests__/navigation-menu-interactions.test.tsx > NavigationMenu - Interactions > NavigationMenuContent > applies custom className when provided 8ms 55 MB heap used
 ✓ src/components/ui/__tests__/navigation-menu-interactions.test.tsx > NavigationMenu - Interactions > NavigationMenuLink > renders navigation menu link 3ms 56 MB heap used
 ✓ src/components/ui/__tests__/navigation-menu-interactions.test.tsx > NavigationMenu - Interactions > NavigationMenuLink > applies default classes 3ms 57 MB heap used
 ✓ src/components/ui/__tests__/navigation-menu-interactions.test.tsx > NavigationMenu - Interactions > NavigationMenuLink > applies custom className 3ms 58 MB heap used
 ✓ src/components/ui/__tests__/navigation-menu-interactions.test.tsx > NavigationMenu - Interactions > NavigationMenuLink > handles click interactions 13ms 60 MB heap used
 ✓ src/components/ui/__tests__/input-states-accessibility.test.tsx > Input - States & Accessibility > Focus and Validation States > applies focus styles 23ms 63 MB heap used
 ✓ src/components/ui/__tests__/input-states-accessibility.test.tsx > Input - States & Accessibility > Focus and Validation States > handles focus state changes 46ms 68 MB heap used
 ✓ src/components/ui/__tests__/input-states-accessibility.test.tsx > Input - States & Accessibility > Focus and Validation States > applies disabled styles 2ms 69 MB heap used
 ✓ src/components/ui/__tests__/input-states-accessibility.test.tsx > Input - States & Accessibility > Focus and Validation States > applies readonly styles 1ms 69 MB heap used
 ✓ src/components/ui/__tests__/input-states-accessibility.test.tsx > Input - States & Accessibility > Focus and Validation States > handles validation states with aria-invalid 1ms 69 MB heap used
 ✓ src/components/ui/__tests__/input-states-accessibility.test.tsx > Input - States & Accessibility > Focus and Validation States > supports custom validation styling 1ms 70 MB heap used
 ✓ src/components/ui/__tests__/input-states-accessibility.test.tsx > Input - States & Accessibility > Focus and Validation States > handles required field styling 1ms 70 MB heap used
 ✓ src/components/ui/__tests__/input-states-accessibility.test.tsx > Input - States & Accessibility > Focus and Validation States > applies hover styles 1ms 70 MB heap used
 ✓ src/components/ui/__tests__/input-states-accessibility.test.tsx > Input - States & Accessibility > Focus and Validation States > handles loading state 1ms 71 MB heap used
 ✓ src/components/ui/__tests__/input-states-accessibility.test.tsx > Input - States & Accessibility > Focus and Validation States > supports error state styling 1ms 72 MB heap used
 ✓ src/components/ui/__tests__/input-states-accessibility.test.tsx > Input - States & Accessibility > Focus and Validation States > supports success state styling 1ms 72 MB heap used
 ✓ src/components/ui/__tests__/input-states-accessibility.test.tsx > Input - States & Accessibility > Focus and Validation States > handles dynamic state changes 11ms 74 MB heap used
 ✓ src/components/ui/__tests__/input-states-accessibility.test.tsx > Input - States & Accessibility > Accessibility > supports aria-label 1ms 75 MB heap used
 ✓ src/components/ui/__tests__/input-states-accessibility.test.tsx > Input - States & Accessibility > Accessibility > supports aria-labelledby 1ms 75 MB heap used
 ✓ src/components/ui/__tests__/input-states-accessibility.test.tsx > Input - States & Accessibility > Accessibility > supports aria-describedby 1ms 75 MB heap used
 ✓ src/components/ui/__tests__/input-states-accessibility.test.tsx > Input - States & Accessibility > Accessibility > supports aria-required 1ms 76 MB heap used
 ✓ src/components/ui/__tests__/input-states-accessibility.test.tsx > Input - States & Accessibility > Accessibility > supports aria-invalid 1ms 76 MB heap used
 ✓ src/components/ui/__tests__/input-states-accessibility.test.tsx > Input - States & Accessibility > Accessibility > supports aria-expanded for combobox inputs 1ms 76 MB heap used
 ✓ src/components/ui/__tests__/input-states-accessibility.test.tsx > Input - States & Accessibility > Accessibility > supports aria-autocomplete 1ms 76 MB heap used
 ✓ src/components/ui/__tests__/input-states-accessibility.test.tsx > Input - States & Accessibility > Accessibility > supports role attribute 1ms 77 MB heap used
 ✓ src/components/ui/__tests__/input-states-accessibility.test.tsx > Input - States & Accessibility > Accessibility > handles keyboard navigation 6ms 78 MB heap used
 ✓ src/components/ui/__tests__/input-states-accessibility.test.tsx > Input - States & Accessibility > Accessibility > supports screen reader announcements 1ms 78 MB heap used
 ✓ src/components/ui/__tests__/input-states-accessibility.test.tsx > Input - States & Accessibility > Accessibility > handles focus management with labels 9ms 79 MB heap used
 ✓ src/components/ui/__tests__/input-states-accessibility.test.tsx > Input - States & Accessibility > Accessibility > supports high contrast mode 1ms 80 MB heap used
 ✓ src/components/ui/__tests__/input-states-accessibility.test.tsx > Input - States & Accessibility > Accessibility > supports reduced motion preferences 1ms 80 MB heap used
 ✓ src/components/ui/__tests__/input-states-accessibility.test.tsx > Input - States & Accessibility > Accessibility > provides proper touch targets 1ms 81 MB heap used
 ✓ src/components/ui/__tests__/input-states-accessibility.test.tsx > Input - States & Accessibility > Accessibility > handles complex accessibility scenarios 1ms 81 MB heap used
 ✓ src/components/ui/__tests__/input-states-accessibility.test.tsx > Input - States & Accessibility > Accessibility > supports internationalization 1ms 81 MB heap used
 ✓ src/components/ui/__tests__/input-states-accessibility.test.tsx > Input - States & Accessibility > Accessibility > handles error announcements 2ms 82 MB heap used
 ✓ src/components/ui/__tests__/input-states-accessibility.test.tsx > Input - States & Accessibility > Accessibility > supports autocomplete for better UX 1ms 83 MB heap used
 ✓ src/components/ui/__tests__/input-states-accessibility.test.tsx > Input - States & Accessibility > Accessibility > handles form validation integration 1ms 83 MB heap used
 ✓ src/components/ui/__tests__/label-integration.test.tsx > Label Integration Tests - Index > integrates with basic form structure 68ms 66 MB heap used
 ✓ src/components/ui/__tests__/label-integration.test.tsx > Label Integration Tests - Index > works with multiple input types 6ms 67 MB heap used
 ✓ src/components/ui/__tests__/label-integration.test.tsx > Label Integration Tests - Index > handles label clicking for focus 9ms 69 MB heap used
 ✓ src/components/ui/__tests__/label-integration.test.tsx > Label Integration Tests - Index > works with nested components 2ms 69 MB heap used
 ✓ src/components/ui/__tests__/label-integration.test.tsx > Label Integration Tests - Index > supports conditional rendering 3ms 70 MB heap used
 ✓ src/components/ui/__tests__/label-integration.test.tsx > Label Integration Tests - Index > handles dynamic content 2ms 71 MB heap used
 ✓ src/components/ui/__tests__/label-integration.test.tsx > Label Integration Tests - Index > works with form validation states 2ms 72 MB heap used
 ✓ src/components/ui/__tests__/label-integration.test.tsx > Label Integration Tests - Index > supports accessibility features 2ms 72 MB heap used
 ✓ src/components/ui/__tests__/label-integration.test.tsx > Label Integration Tests - Index > works with controlled components 16ms 74 MB heap used
 ✓ src/components/ui/__tests__/label-integration.test.tsx > Label Integration Tests - Index > supports custom styling and classes 1ms 75 MB heap used
 ✓ src/components/ui/__tests__/dropdown-menu-advanced.test.tsx > DropdownMenu - Advanced Features > DropdownMenuSub Components > renders sub menu 75ms 61 MB heap used
 ✓ src/components/ui/__tests__/dropdown-menu-advanced.test.tsx > DropdownMenu - Advanced Features > DropdownMenuSub Components > applies default classes to sub trigger 19ms 65 MB heap used
 ✓ src/components/ui/__tests__/dropdown-menu-advanced.test.tsx > DropdownMenu - Advanced Features > DropdownMenuSub Components > supports inset prop on sub trigger 17ms 69 MB heap used
 ✓ src/components/ui/__tests__/dropdown-menu-advanced.test.tsx > DropdownMenu - Advanced Features > DropdownMenuSub Components > applies custom className to sub components 18ms 47 MB heap used
 ✓ src/components/ui/__tests__/dropdown-menu-advanced.test.tsx > DropdownMenu - Advanced Features > DropdownMenuSub Components > renders nested sub menus 14ms 51 MB heap used
 ✓ src/components/ui/__tests__/input.test.tsx > Input Component > Basic Rendering > renders input with default props 58ms 68 MB heap used
 ✓ src/components/ui/__tests__/input.test.tsx > Input Component > Basic Rendering > renders input with placeholder 2ms 68 MB heap used
 ✓ src/components/ui/__tests__/input.test.tsx > Input Component > Basic Rendering > applies default input styles 1ms 69 MB heap used
 ✓ src/components/ui/__tests__/input.test.tsx > Input Component > Input Types > renders text input by default 3ms 69 MB heap used
 ✓ src/components/ui/__tests__/input.test.tsx > Input Component > Input Types > renders email input 4ms 71 MB heap used
 ✓ src/components/ui/__tests__/input.test.tsx > Input Component > Input Types > renders password input 1ms 71 MB heap used
 ✓ src/components/ui/__tests__/input.test.tsx > Input Component > Input Types > renders number input 4ms 72 MB heap used
 ✓ src/components/ui/__tests__/input.test.tsx > Input Component > Input Types > renders search input 3ms 72 MB heap used
 ✓ src/components/ui/__tests__/input.test.tsx > Input Component > Input Types > renders tel input 2ms 74 MB heap used
 ✓ src/components/ui/__tests__/input.test.tsx > Input Component > Input Types > renders url input 2ms 74 MB heap used
 ✓ src/components/ui/__tests__/input.test.tsx > Input Component > Input Types > renders file input 1ms 74 MB heap used
 ✓ src/components/ui/__tests__/input.test.tsx > Input Component > Custom Props > applies custom className 1ms 75 MB heap used
 ✓ src/components/ui/__tests__/input.test.tsx > Input Component > Custom Props > passes through HTML input props 2ms 75 MB heap used
 ✓ src/components/ui/__tests__/input.test.tsx > Input Component > Custom Props > handles disabled state 1ms 76 MB heap used
 ✓ src/components/ui/__tests__/input.test.tsx > Input Component > Custom Props > handles readonly state 1ms 76 MB heap used
 ✓ src/components/ui/__tests__/social-icons-accessibility-integration.test.tsx > Social Icons Accessibility & Integration - Advanced Tests > Complex Integration Scenarios > handles advanced accessibility patterns with screen readers 73ms 67 MB heap used
 ✓ src/components/ui/__tests__/social-icons-accessibility-integration.test.tsx > Social Icons Accessibility & Integration - Advanced Tests > Complex Integration Scenarios > handles complex dynamic social media integration 9ms 71 MB heap used
 ✓ src/components/ui/__tests__/social-icons-accessibility-integration.test.tsx > Social Icons Accessibility & Integration - Advanced Tests > External Link Attributes > handles external link attributes correctly 2ms 71 MB heap used
 ✓ src/components/ui/__tests__/social-icons-accessibility-integration.test.tsx > Social Icons Accessibility & Integration - Advanced Tests > External Link Attributes > supports keyboard navigation between links 14ms 72 MB heap used
stderr | src/components/ui/__tests__/input.test.tsx > Input Component > Edge Cases > handles empty value
You provided a `value` prop to a form field without an `onChange` handler. This will render a read-only field. If the field should be mutable use `defaultValue`. Otherwise, set either `onChange` or `readOnly`.

stderr | src/components/ui/__tests__/input.test.tsx > Input Component > Edge Cases > handles special characters in value
You provided a `value` prop to a form field without an `onChange` handler. This will render a read-only field. If the field should be mutable use `defaultValue`. Otherwise, set either `onChange` or `readOnly`.

stderr | src/components/ui/__tests__/input.test.tsx > Input Component > Edge Cases > handles very long values
You provided a `value` prop to a form field without an `onChange` handler. This will render a read-only field. If the field should be mutable use `defaultValue`. Otherwise, set either `onChange` or `readOnly`.

 ✓ src/components/ui/__tests__/input.test.tsx > Input Component > Event Handling > handles onChange events 24ms 78 MB heap used
 ✓ src/components/ui/__tests__/input.test.tsx > Input Component > Event Handling > handles onFocus events 3ms 79 MB heap used
 ✓ src/components/ui/__tests__/input.test.tsx > Input Component > Event Handling > handles onBlur events 3ms 80 MB heap used
 ✓ src/components/ui/__tests__/input.test.tsx > Input Component > Event Handling > handles onKeyDown events 3ms 81 MB heap used
 ✓ src/components/ui/__tests__/input.test.tsx > Input Component > Event Handling > does not trigger events when disabled 16ms 44 MB heap used
 ✓ src/components/ui/__tests__/input.test.tsx > Input Component > Focus and Validation States > applies focus styles 1ms 44 MB heap used
 ✓ src/components/ui/__tests__/input.test.tsx > Input Component > Focus and Validation States > handles aria-invalid state 1ms 44 MB heap used
 ✓ src/components/ui/__tests__/input.test.tsx > Input Component > Focus and Validation States > handles valid state 1ms 45 MB heap used
 ✓ src/components/ui/__tests__/input.test.tsx > Input Component > Accessibility > supports aria-label 1ms 45 MB heap used
 ✓ src/components/ui/__tests__/input.test.tsx > Input Component > Accessibility > supports aria-describedby 3ms 46 MB heap used
 ✓ src/components/ui/__tests__/input.test.tsx > Input Component > Accessibility > supports aria-required 1ms 47 MB heap used
 ✓ src/components/ui/__tests__/input.test.tsx > Input Component > Accessibility > works with labels 1ms 47 MB heap used
 ✓ src/components/ui/__tests__/input.test.tsx > Input Component > File Input Specific > applies file input styles 1ms 47 MB heap used
 ✓ src/components/ui/__tests__/input.test.tsx > Input Component > File Input Specific > handles file selection 1ms 48 MB heap used
 ✓ src/components/ui/__tests__/input.test.tsx > Input Component > Responsive Behavior > applies responsive text sizing 1ms 48 MB heap used
 ✓ src/components/ui/__tests__/input.test.tsx > Input Component > Responsive Behavior > maintains consistent height across screen sizes 1ms 48 MB heap used
 ✓ src/components/ui/__tests__/input.test.tsx > Input Component > Edge Cases > handles empty value 1ms 49 MB heap used
 ✓ src/components/ui/__tests__/input.test.tsx > Input Component > Edge Cases > handles undefined type gracefully 1ms 49 MB heap used
 ✓ src/components/ui/__tests__/input.test.tsx > Input Component > Edge Cases > handles special characters in value 1ms 49 MB heap used
 ✓ src/components/ui/__tests__/input.test.tsx > Input Component > Edge Cases > handles very long values 1ms 50 MB heap used
 ✓ src/components/ui/__tests__/social-icons-accessibility-integration.test.tsx > Social Icons Accessibility & Integration - Advanced Tests > External Link Attributes > supports high contrast mode 2ms 73 MB heap used
 ✓ src/components/ui/__tests__/social-icons-accessibility-integration.test.tsx > Social Icons Accessibility & Integration - Advanced Tests > External Link Attributes > supports reduced motion preferences 1ms 74 MB heap used
 ✓ src/components/ui/__tests__/social-icons-accessibility-integration.test.tsx > Social Icons Accessibility & Integration - Advanced Tests > External Link Attributes > provides proper focus indicators 1ms 74 MB heap used
 ✓ src/components/ui/__tests__/social-icons-accessibility-integration.test.tsx > Social Icons Accessibility & Integration - Advanced Tests > External Link Attributes > handles keyboard activation 6ms 74 MB heap used
 ✓ src/components/ui/__tests__/social-icons-accessibility-integration.test.tsx > Social Icons Accessibility & Integration - Advanced Tests > External Link Attributes > supports internationalization 1ms 75 MB heap used
 ✓ src/components/ui/__tests__/social-icons-accessibility-integration.test.tsx > Social Icons Accessibility & Integration - Advanced Tests > External Link Attributes > works in navigation menus 4ms 77 MB heap used
 ✓ src/components/ui/__tests__/social-icons-accessibility-integration.test.tsx > Social Icons Accessibility & Integration - Advanced Tests > External Link Attributes > works in footer sections 3ms 77 MB heap used
 ✓ src/components/ui/__tests__/social-icons-accessibility-integration.test.tsx > Social Icons Accessibility & Integration - Advanced Tests > External Link Attributes > works with dynamic platform mapping 1ms 78 MB heap used
 ✓ src/components/ui/__tests__/social-icons-accessibility-integration.test.tsx > Social Icons Accessibility & Integration - Advanced Tests > External Link Attributes > handles responsive layouts 1ms 78 MB heap used
 ✓ src/components/ui/__tests__/social-icons-accessibility-integration.test.tsx > Social Icons Accessibility & Integration - Advanced Tests > External Link Attributes > supports theming and customization 1ms 78 MB heap used
 ✓ src/components/ui/__tests__/social-icons-accessibility-integration.test.tsx > Social Icons Accessibility & Integration - Advanced Tests > External Link Attributes > works with form integration 5ms 80 MB heap used
 ✓ src/components/ui/__tests__/social-icons-accessibility-integration.test.tsx > Social Icons Accessibility & Integration - Advanced Tests > External Link Attributes > handles error states gracefully 1ms 80 MB heap used
 ✓ src/components/ui/__tests__/social-icons-accessibility-integration.test.tsx > Social Icons Accessibility & Integration - Advanced Tests > External Link Attributes > supports server-side rendering 2ms 81 MB heap used
 ✓ src/components/ui/__tests__/social-icons-accessibility-integration.test.tsx > Social Icons Accessibility & Integration - Advanced Tests > External Link Attributes > maintains performance with many icons 6ms 83 MB heap used
 ✓ src/components/i18n/__tests__/enhanced-locale-switcher-accessibility-responsive-core.test.tsx > Enhanced Locale Switcher - Core Accessibility & Responsive Tests > Basic Accessibility > provides screen reader text for toggle button 53ms 64 MB heap used
 ✓ src/components/i18n/__tests__/enhanced-locale-switcher-accessibility-responsive-core.test.tsx > Enhanced Locale Switcher - Core Accessibility & Responsive Tests > Basic Accessibility > has proper ARIA attributes for dropdown 7ms 66 MB heap used
 ✓ src/components/i18n/__tests__/enhanced-locale-switcher-accessibility-responsive-core.test.tsx > Enhanced Locale Switcher - Core Accessibility & Responsive Tests > Basic Accessibility > renders basic component structure 9ms 69 MB heap used
 ✓ src/components/i18n/__tests__/enhanced-locale-switcher-accessibility-responsive-core.test.tsx > Enhanced Locale Switcher - Core Accessibility & Responsive Tests > Basic Accessibility > renders dropdown menu structure 5ms 69 MB heap used
 ✓ src/components/i18n/__tests__/enhanced-locale-switcher-accessibility-responsive-core.test.tsx > Enhanced Locale Switcher - Core Accessibility & Responsive Tests > Basic Accessibility > has accessible button with screen reader text 9ms 48 MB heap used
 ✓ src/components/i18n/__tests__/enhanced-locale-switcher-accessibility-responsive-core.test.tsx > Enhanced Locale Switcher - Core Accessibility & Responsive Tests > Keyboard Navigation > button is focusable with keyboard 15ms 50 MB heap used
 ✓ src/components/i18n/__tests__/enhanced-locale-switcher-accessibility-responsive-core.test.tsx > Enhanced Locale Switcher - Core Accessibility & Responsive Tests > Keyboard Navigation > supports keyboard activation 6ms 52 MB heap used
 ✓ src/components/i18n/__tests__/enhanced-locale-switcher-accessibility-responsive-core.test.tsx > Enhanced Locale Switcher - Core Accessibility & Responsive Tests > Keyboard Navigation > handles space key activation 6ms 53 MB heap used
 ✓ src/components/i18n/__tests__/enhanced-locale-switcher-accessibility-responsive-core.test.tsx > Enhanced Locale Switcher - Core Accessibility & Responsive Tests > Keyboard Navigation > handles escape key 6ms 55 MB heap used
 ✓ src/components/i18n/__tests__/enhanced-locale-switcher-accessibility-responsive-core.test.tsx > Enhanced Locale Switcher - Core Accessibility & Responsive Tests > Basic Responsive Behavior > renders with custom className 5ms 57 MB heap used
 ✓ src/components/i18n/__tests__/enhanced-locale-switcher-accessibility-responsive-core.test.tsx > Enhanced Locale Switcher - Core Accessibility & Responsive Tests > Basic Responsive Behavior > adapts to different screen sizes 5ms 58 MB heap used
 ✓ src/components/i18n/__tests__/enhanced-locale-switcher-accessibility-responsive-core.test.tsx > Enhanced Locale Switcher - Core Accessibility & Responsive Tests > Basic Responsive Behavior > handles responsive padding and spacing 5ms 60 MB heap used
 ✓ src/components/i18n/__tests__/enhanced-locale-switcher-accessibility-responsive-core.test.tsx > Enhanced Locale Switcher - Core Accessibility & Responsive Tests > Basic Responsive Behavior > supports responsive dropdown positioning 5ms 61 MB heap used
 ✓ src/components/i18n/__tests__/enhanced-locale-switcher-accessibility-responsive-core.test.tsx > Enhanced Locale Switcher - Core Accessibility & Responsive Tests > Basic Detection Info > does not show detection info by default 3ms 63 MB heap used
 ✓ src/components/i18n/__tests__/enhanced-locale-switcher-accessibility-responsive-core.test.tsx > Enhanced Locale Switcher - Core Accessibility & Responsive Tests > Basic Detection Info > renders component with showDetectionInfo prop 4ms 64 MB heap used
 ✓ src/components/i18n/__tests__/enhanced-locale-switcher-accessibility-responsive-core.test.tsx > Enhanced Locale Switcher - Core Accessibility & Responsive Tests > Basic Detection Info > handles missing translations gracefully 2ms 65 MB heap used
 ✓ src/components/i18n/__tests__/enhanced-locale-switcher-accessibility-responsive-core.test.tsx > Enhanced Locale Switcher - Core Accessibility & Responsive Tests > Component Stability > handles component memoization correctly 4ms 67 MB heap used
 ✓ src/components/i18n/__tests__/enhanced-locale-switcher-accessibility-responsive-core.test.tsx > Enhanced Locale Switcher - Core Accessibility & Responsive Tests > Component Stability > has correct display names for debugging 0ms 67 MB heap used
 ✓ src/components/home/showcase/__tests__/interactive-showcase.test.tsx > InteractiveShowcase > 基础渲染 > 应该正确渲染Interactive展示组件 24ms 56 MB heap used
 ✓ src/components/home/showcase/__tests__/interactive-showcase.test.tsx > InteractiveShowcase > 基础渲染 > 应该渲染点赞功能 3ms 57 MB heap used
 ✓ src/components/home/showcase/__tests__/interactive-showcase.test.tsx > InteractiveShowcase > 基础渲染 > 应该渲染交互按钮 3ms 59 MB heap used
 ✓ src/components/home/showcase/__tests__/interactive-showcase.test.tsx > InteractiveShowcase > 点赞交互 > 应该支持点赞功能 32ms 64 MB heap used
 ✓ src/components/home/showcase/__tests__/interactive-showcase.test.tsx > InteractiveShowcase > 点赞交互 > 应该显示点赞数量 2ms 65 MB heap used
 ✓ src/components/home/showcase/__tests__/interactive-showcase.test.tsx > InteractiveShowcase > 点赞交互 > 应该根据isLiked状态显示不同样式 10ms 69 MB heap used
 ✓ src/components/home/showcase/__tests__/interactive-showcase.test.tsx > InteractiveShowcase > 按钮交互 > 应该渲染所有交互按钮 7ms 46 MB heap used
 ✓ src/components/home/showcase/__tests__/interactive-showcase.test.tsx > InteractiveShowcase > 按钮交互 > 应该支持按钮点击 3ms 47 MB heap used
 ✓ src/components/home/showcase/__tests__/interactive-showcase.test.tsx > InteractiveShowcase > 翻译功能 > 应该调用翻译函数获取所有文本 3ms 48 MB heap used
 ✓ src/components/home/showcase/__tests__/interactive-showcase.test.tsx > InteractiveShowcase > 翻译功能 > 应该处理缺失的翻译 3ms 49 MB heap used
 ✓ src/components/home/showcase/__tests__/interactive-showcase.test.tsx > InteractiveShowcase > 样式和布局 > 应该应用正确的CSS类 3ms 50 MB heap used
 ✓ src/components/home/showcase/__tests__/interactive-showcase.test.tsx > InteractiveShowcase > 样式和布局 > 应该有正确的组件结构 3ms 51 MB heap used
 ✓ src/components/home/showcase/__tests__/interactive-showcase.test.tsx > InteractiveShowcase > 组件结构 > 应该使用Card组件包装 2ms 52 MB heap used
 ✓ src/components/home/showcase/__tests__/interactive-showcase.test.tsx > InteractiveShowcase > 组件结构 > 应该包含CardHeader和CardContent 2ms 53 MB heap used
 ✓ src/components/home/showcase/__tests__/responsive-showcase.test.tsx > ResponsiveShowcase > 基础渲染 > 应该正确渲染Responsive展示组件 53ms 63 MB heap used
 ✓ src/components/home/showcase/__tests__/responsive-showcase.test.tsx > ResponsiveShowcase > 基础渲染 > 应该渲染设备类型信息 8ms 65 MB heap used
 ✓ src/components/home/showcase/__tests__/responsive-showcase.test.tsx > ResponsiveShowcase > 基础渲染 > 应该渲染设备描述信息 8ms 67 MB heap used
 ✓ src/components/home/showcase/__tests__/responsive-showcase.test.tsx > ResponsiveShowcase > 响应式布局 > 应该应用响应式CSS类 7ms 68 MB heap used
 ✓ src/components/home/showcase/__tests__/responsive-showcase.test.tsx > ResponsiveShowcase > 响应式布局 > 应该有不同屏幕尺寸的样式 6ms 70 MB heap used
 ✓ src/components/home/showcase/__tests__/responsive-showcase.test.tsx > ResponsiveShowcase > 响应式布局 > 应该正确显示网格项目 5ms 71 MB heap used
 ✓ src/components/home/showcase/__tests__/responsive-showcase.test.tsx > ResponsiveShowcase > 设备类型展示 > 应该显示所有设备类型信息 6ms 73 MB heap used
 ✓ src/components/home/showcase/__tests__/responsive-showcase.test.tsx > ResponsiveShowcase > 设备类型展示 > 应该有设备图标指示器 4ms 74 MB heap used
 ✓ src/components/home/showcase/__tests__/interactive-showcase.test.tsx > InteractiveShowcase > 可访问性 > 按钮应该有正确的角色属性 5ms 55 MB heap used
 ✓ src/components/home/showcase/__tests__/interactive-showcase.test.tsx > InteractiveShowcase > 可访问性 > 点赞按钮应该有正确的可访问性 4ms 57 MB heap used
 ✓ src/components/home/showcase/__tests__/interactive-showcase.test.tsx > InteractiveShowcase > 可访问性 > 功能按钮应该有正确的文本标签 9ms 62 MB heap used
 ✓ src/components/home/showcase/__tests__/interactive-showcase.test.tsx > InteractiveShowcase > 边界条件 > 应该处理空的翻译函数 2ms 62 MB heap used
 ✓ src/components/home/showcase/__tests__/interactive-showcase.test.tsx > InteractiveShowcase > 边界条件 > 应该处理翻译函数抛出错误 3ms 63 MB heap used
 ✓ src/components/home/showcase/__tests__/interactive-showcase.test.tsx > InteractiveShowcase > 边界条件 > 应该处理缺失的handleLike函数 4ms 65 MB heap used
 ✓ src/components/home/showcase/__tests__/interactive-showcase.test.tsx > InteractiveShowcase > 边界条件 > 应该处理负数的点赞数量 2ms 66 MB heap used
 ✓ src/components/home/showcase/__tests__/interactive-showcase.test.tsx > InteractiveShowcase > 边界条件 > 应该处理极大的点赞数量 2ms 66 MB heap used
 ✓ src/components/home/showcase/__tests__/responsive-showcase.test.tsx > ResponsiveShowcase > 翻译功能 > 应该调用翻译函数获取所有文本 5ms 76 MB heap used
 ✓ src/components/home/showcase/__tests__/responsive-showcase.test.tsx > ResponsiveShowcase > 翻译功能 > 应该处理缺失的翻译 4ms 77 MB heap used
 ✓ src/components/home/showcase/__tests__/responsive-showcase.test.tsx > ResponsiveShowcase > 样式和布局 > 应该应用正确的CSS类 4ms 78 MB heap used
 ✓ src/components/home/showcase/__tests__/responsive-showcase.test.tsx > ResponsiveShowcase > 样式和布局 > 应该有响应式间距 4ms 79 MB heap used
 ✓ src/components/home/showcase/__tests__/responsive-showcase.test.tsx > ResponsiveShowcase > 组件结构 > 应该使用Card组件包装 4ms 80 MB heap used
 ✓ src/components/home/showcase/__tests__/responsive-showcase.test.tsx > ResponsiveShowcase > 组件结构 > 应该包含CardHeader和CardContent 4ms 82 MB heap used
 ✓ src/components/home/showcase/__tests__/responsive-showcase.test.tsx > ResponsiveShowcase > 媒体查询支持 > 应该处理媒体查询 4ms 83 MB heap used
 ✓ src/components/home/showcase/__tests__/responsive-showcase.test.tsx > ResponsiveShowcase > 媒体查询支持 > 应该适应不同的屏幕尺寸 3ms 84 MB heap used
 ✓ src/components/home/showcase/__tests__/responsive-showcase.test.tsx > ResponsiveShowcase > 边界条件 > 应该处理空的翻译函数 7ms 66 MB heap used
 ✓ src/components/home/showcase/__tests__/responsive-showcase.test.tsx > ResponsiveShowcase > 边界条件 > 应该处理翻译函数抛出错误 6ms 68 MB heap used
 ✓ src/components/home/showcase/__tests__/responsive-showcase.test.tsx > ResponsiveShowcase > 边界条件 > 应该处理不支持matchMedia的环境 3ms 69 MB heap used
stderr | tests/integration/components/footer-i18n-branding.test.tsx > Footer Internationalization and Branding Integration Tests > Internationalization Integration > should display correct content for English locale
Each child in a list should have a unique "key" prop.

Check the render method of `FooterSectionComponent`. See https://react.dev/link/warning-keys for more information.

 ✓ tests/integration/components/footer-i18n-branding.test.tsx > Footer Internationalization and Branding Integration Tests > Internationalization Integration > should display correct content for English locale 37ms 52 MB heap used
 ✓ tests/integration/components/footer-i18n-branding.test.tsx > Footer Internationalization and Branding Integration Tests > Internationalization Integration > should display correct content for Chinese locale 9ms 55 MB heap used
 ✓ tests/integration/components/footer-i18n-branding.test.tsx > Footer Internationalization and Branding Integration Tests > Internationalization Integration > should handle missing translations gracefully 33ms 59 MB heap used
 ✓ tests/integration/components/footer-i18n-branding.test.tsx > Footer Internationalization and Branding Integration Tests > Internationalization Integration > should handle translation function errors gracefully 6ms 61 MB heap used
 ✓ tests/integration/components/footer-i18n-branding.test.tsx > Footer Internationalization and Branding Integration Tests > Internationalization Integration > should use fallback translations when primary fails 7ms 63 MB heap used
 ✓ tests/integration/components/footer-i18n-branding.test.tsx > Footer Internationalization and Branding Integration Tests > Company Branding Integration > should display company logo and branding correctly 8ms 65 MB heap used
 ✓ tests/integration/components/footer-i18n-branding.test.tsx > Footer Internationalization and Branding Integration Tests > Company Branding Integration > should display copyright information correctly 6ms 67 MB heap used
 ✓ tests/integration/components/footer-i18n-branding.test.tsx > Footer Internationalization and Branding Integration Tests > Company Branding Integration > should display localized copyright information 5ms 69 MB heap used
 ✓ tests/integration/components/footer-i18n-branding.test.tsx > Footer Internationalization and Branding Integration Tests > Company Branding Integration > should handle company branding with different configurations 5ms 71 MB heap used
 ✓ tests/integration/components/footer-i18n-branding.test.tsx > Footer Internationalization and Branding Integration Tests > Company Branding Integration > should maintain brand consistency across locales 7ms 73 MB heap used
 ✓ src/components/shared/__tests__/progress-indicator-performance.test.tsx > ProgressIndicator - 性能和边界情况测试 > 性能优化 > 大量步骤时性能良好 19ms 64 MB heap used
 ✓ src/components/shared/__tests__/progress-indicator-performance.test.tsx > ProgressIndicator - 性能和边界情况测试 > 性能优化 > 频繁更新时不会导致性能问题 9ms 68 MB heap used
 ✓ src/components/shared/__tests__/progress-indicator-performance.test.tsx > ProgressIndicator - 性能和边界情况测试 > 边界情况处理 > 处理最小步骤值 3ms 69 MB heap used
 ✓ src/components/shared/__tests__/progress-indicator-performance.test.tsx > ProgressIndicator - 性能和边界情况测试 > 边界情况处理 > 处理最大步骤值 9ms 71 MB heap used
 ✓ src/components/shared/__tests__/progress-indicator-performance.test.tsx > ProgressIndicator - 性能和边界情况测试 > 边界情况处理 > 处理超出范围的步骤值 3ms 71 MB heap used
 ✓ src/components/shared/__tests__/progress-indicator-performance.test.tsx > ProgressIndicator - 性能和边界情况测试 > 边界情况处理 > 处理特殊字符在步骤标签中 2ms 73 MB heap used
 ✓ src/components/shared/__tests__/progress-indicator-performance.test.tsx > ProgressIndicator - 性能和边界情况测试 > 国际化支持 > 处理缺失的翻译 2ms 74 MB heap used
 ✓ src/components/shared/__tests__/progress-indicator-performance.test.tsx > ProgressIndicator - 性能和边界情况测试 > 国际化支持 > 处理RTL语言 25ms 77 MB heap used
 ✓ src/components/shared/__tests__/progress-indicator-performance.test.tsx > ProgressIndicator - 性能和边界情况测试 > 国际化支持 > 支持不同语言的步骤标签 4ms 78 MB heap used
 ✓ src/components/shared/__tests__/progress-indicator-performance.test.tsx > ProgressIndicator - 性能和边界情况测试 > 主题和样式 > 支持自定义className 2ms 79 MB heap used
 ✓ src/components/shared/__tests__/progress-indicator-performance.test.tsx > ProgressIndicator - 性能和边界情况测试 > 主题和样式 > 正确显示进度样式 2ms 80 MB heap used
 ✓ src/components/shared/__tests__/progress-indicator-performance.test.tsx > ProgressIndicator - 性能和边界情况测试 > 主题和样式 > 支持不同步骤的样式 2ms 82 MB heap used
 ✓ src/components/shared/__tests__/progress-indicator-performance.test.tsx > ProgressIndicator - 性能和边界情况测试 > 集成测试 > 与表单集成正常工作 27ms 44 MB heap used
 ✓ src/components/shared/__tests__/progress-indicator-performance.test.tsx > ProgressIndicator - 性能和边界情况测试 > 集成测试 > 与状态管理库集成 12ms 47 MB heap used
 ✓ src/components/shared/__tests__/progress-indicator-performance.test.tsx > ProgressIndicator - 性能和边界情况测试 > 错误恢复 > 从渲染错误中恢复 3ms 48 MB heap used
 ✓ src/components/layout/__tests__/main-navigation.test.tsx > MainNavigation Component > Default Navigation > renders all navigation items 23ms 65 MB heap used
 ✓ src/components/layout/__tests__/main-navigation.test.tsx > MainNavigation Component > Default Navigation > renders navigation links with correct text 6ms 66 MB heap used
 ✓ src/components/layout/__tests__/main-navigation.test.tsx > MainNavigation Component > Default Navigation > applies correct href attributes 8ms 67 MB heap used
 ✓ src/components/layout/__tests__/main-navigation.test.tsx > MainNavigation Component > Default Navigation > applies custom className when provided 3ms 68 MB heap used
 ✓ src/components/layout/__tests__/main-navigation.test.tsx > MainNavigation Component > Default Navigation > is hidden on mobile by default 2ms 69 MB heap used
 ✓ src/components/layout/__tests__/main-navigation.test.tsx > MainNavigation Component > Compact Navigation > renders compact variant correctly 29ms 72 MB heap used
 ✓ src/components/layout/__tests__/main-navigation.test.tsx > MainNavigation Component > Compact Navigation > limits items when maxItems is specified 3ms 73 MB heap used
 ✓ src/components/layout/__tests__/main-navigation.test.tsx > MainNavigation Component > Compact Navigation > MainNavigationCompact convenience component works 3ms 74 MB heap used
 ✓ src/components/layout/__tests__/main-navigation.test.tsx > MainNavigation Component > Active State Highlighting > highlights active navigation item 4ms 74 MB heap used
 ✓ src/components/layout/__tests__/main-navigation.test.tsx > MainNavigation Component > Active State Highlighting > does not highlight inactive items 3ms 75 MB heap used
 ✓ src/components/layout/__tests__/main-navigation.test.tsx > MainNavigation Component > Keyboard Navigation > supports tab navigation 23ms 44 MB heap used
 ✓ src/components/layout/__tests__/main-navigation.test.tsx > MainNavigation Component > Keyboard Navigation > supports enter key activation 9ms 45 MB heap used
 ✓ src/components/layout/__tests__/main-navigation.test.tsx > MainNavigation Component > Accessibility > has proper navigation role 3ms 46 MB heap used
 ✓ src/components/layout/__tests__/main-navigation.test.tsx > MainNavigation Component > Accessibility > has proper aria-label 3ms 47 MB heap used
 ✓ src/components/layout/__tests__/main-navigation.test.tsx > MainNavigation Component > Accessibility > provides proper link semantics 5ms 49 MB heap used
 ✓ src/components/layout/__tests__/main-navigation.test.tsx > MainNavigation Component > Responsive Behavior > adapts to different variants 3ms 51 MB heap used
 ✓ src/components/home/__tests__/tech-stack-section.test.tsx > TechStackSection > 基础渲染测试 > 应该正确渲染组件的基本结构 54ms 64 MB heap used
 ✓ src/components/home/__tests__/tech-stack-section.test.tsx > TechStackSection > 基础渲染测试 > 应该渲染统计信息 10ms 67 MB heap used
 ✓ src/components/home/__tests__/tech-stack-section.test.tsx > TechStackSection > 基础渲染测试 > 应该渲染技术栈标签页 6ms 69 MB heap used
 ✓ src/components/home/__tests__/tech-stack-section.test.tsx > TechStackSection > 交互功能测试 > 应该处理标签页切换 7ms 70 MB heap used
 ✓ src/components/home/__tests__/tech-stack-section.test.tsx > TechStackSection > 动画和可见性测试 > 应该处理元素可见时的动画 6ms 72 MB heap used
 ✓ src/components/home/__tests__/tech-stack-section.test.tsx > TechStackSection > 动画和可见性测试 > 应该处理元素不可见时的动画 5ms 75 MB heap used
 ✓ src/components/home/__tests__/tech-stack-section.test.tsx > TechStackSection > 数据处理测试 > 应该正确处理技术栈数据分类 4ms 75 MB heap used
 ✓ src/components/home/__tests__/tech-stack-section.test.tsx > TechStackSection > 国际化测试 > 应该正确使用翻译键 4ms 77 MB heap used
 ✓ src/components/home/__tests__/tech-stack-section.test.tsx > TechStackSection > 国际化测试 > 应该处理缺失的翻译键 4ms 79 MB heap used
 ✓ src/components/home/__tests__/tech-stack-section.test.tsx > TechStackSection > 子组件测试 > 应该渲染TechStackStats组件 5ms 81 MB heap used
 ✓ src/components/home/__tests__/tech-stack-section.test.tsx > TechStackSection > 子组件测试 > 应该渲染TechStackTitle组件 8ms 83 MB heap used
 ✓ src/components/home/__tests__/tech-stack-section.test.tsx > TechStackSection > 子组件测试 > 应该渲染TechStackTabs组件 3ms 85 MB heap used
 ✓ src/components/home/__tests__/tech-stack-section.test.tsx > TechStackSection > 错误处理测试 > 应该处理useIntersectionObserver错误 6ms 63 MB heap used
 ✓ src/components/home/__tests__/tech-stack-section.test.tsx > TechStackSection > 错误处理测试 > 应该处理useState错误 1ms 63 MB heap used
 ✓ src/components/home/__tests__/tech-stack-section.test.tsx > TechStackSection > 错误处理测试 > 应该处理useMemo错误 1ms 63 MB heap used
 ✓ src/components/home/__tests__/tech-stack-section.test.tsx > TechStackSection > 边缘情况测试 > 应该处理空的技术栈数据 2ms 64 MB heap used
 ✓ src/components/home/__tests__/tech-stack-section.test.tsx > TechStackSection > 边缘情况测试 > 应该处理不同的选中分类 3ms 66 MB heap used
 ✓ src/components/home/__tests__/tech-stack-section.test.tsx > TechStackSection > 边缘情况测试 > 应该处理多个intersection observer实例 3ms 67 MB heap used
 ✓ src/components/home/__tests__/tech-stack-section.test.tsx > TechStackSection > 性能测试 > 应该正确使用useMemo优化性能 4ms 69 MB heap used
 ✓ src/components/home/__tests__/tech-stack-section.test.tsx > TechStackSection > 性能测试 > 应该正确设置intersection observer配置 3ms 70 MB heap used
 ✓ src/components/home/__tests__/tech-stack-section.test.tsx > TechStackSection > 可访问性测试 > 应该有正确的语义结构 5ms 72 MB heap used
 ✓ src/components/home/__tests__/tech-stack-section.test.tsx > TechStackSection > 可访问性测试 > 应该有正确的section id 3ms 73 MB heap used
 ✓ src/components/shared/__tests__/progress-indicator.test.tsx > ProgressIndicator > Basic Rendering > renders progress indicator with default step 23ms 47 MB heap used
 ✓ src/components/shared/__tests__/progress-indicator.test.tsx > ProgressIndicator > Basic Rendering > renders with custom className 3ms 48 MB heap used
 ✓ src/components/shared/__tests__/progress-indicator.test.tsx > ProgressIndicator > Basic Rendering > renders all four steps 4ms 49 MB heap used
 ✓ src/components/shared/__tests__/progress-indicator.test.tsx > ProgressIndicator > Step States - Planning (Step 0) > shows planning as current step when currentStep is 0 4ms 50 MB heap used
 ✓ src/components/shared/__tests__/progress-indicator.test.tsx > ProgressIndicator > Step States - Planning (Step 0) > shows correct progress percentage for step 0 3ms 51 MB heap used
 ✓ src/components/shared/__tests__/progress-indicator.test.tsx > ProgressIndicator > Step States - Development (Step 1) > shows development as current step when currentStep is 1 3ms 52 MB heap used
 ✓ src/components/shared/__tests__/progress-indicator.test.tsx > ProgressIndicator > Step States - Development (Step 1) > shows checkmark for completed planning step 2ms 53 MB heap used
 ✓ src/components/shared/__tests__/progress-indicator.test.tsx > ProgressIndicator > Step States - Development (Step 1) > shows correct progress percentage for step 1 2ms 55 MB heap used
 ✓ src/components/shared/__tests__/progress-indicator.test.tsx > ProgressIndicator > Step States - Testing (Step 2) > shows testing as current step when currentStep is 2 4ms 56 MB heap used
 ✓ src/components/shared/__tests__/progress-indicator.test.tsx > ProgressIndicator > Step States - Testing (Step 2) > shows correct progress percentage for step 2 2ms 57 MB heap used
 ✓ src/components/shared/__tests__/progress-indicator.test.tsx > ProgressIndicator > Step States - Launch (Step 3) > shows launch as current step when currentStep is 3 2ms 58 MB heap used
 ✓ src/components/shared/__tests__/progress-indicator.test.tsx > ProgressIndicator > Step States - Launch (Step 3) > shows correct progress percentage for step 3 2ms 60 MB heap used
 ✓ src/components/shared/__tests__/progress-indicator.test.tsx > ProgressIndicator > Step States - Completed (Step 4) > shows all steps as completed when currentStep is 4 3ms 61 MB heap used
 ✓ src/components/shared/__tests__/progress-indicator.test.tsx > ProgressIndicator > Step States - Completed (Step 4) > shows 100% completion for step 4 2ms 62 MB heap used
 ✓ src/components/shared/__tests__/progress-indicator.test.tsx > ProgressIndicator > Progress Bar > shows correct progress bar width for different steps 31ms 68 MB heap used
 ✓ src/components/shared/__tests__/progress-indicator.test.tsx > ProgressIndicator > Progress Bar > has correct progress bar structure 2ms 69 MB heap used
 ✓ src/components/shared/__tests__/progress-indicator.test.tsx > ProgressIndicator > Accessibility > provides proper SVG accessibility attributes 2ms 70 MB heap used
 ✓ src/components/shared/__tests__/progress-indicator.test.tsx > ProgressIndicator > Accessibility > has proper step circle structure 2ms 72 MB heap used
 ✓ src/components/shared/__tests__/progress-indicator.test.tsx > ProgressIndicator > Animations and Transitions > applies transition classes to step circles 2ms 72 MB heap used
 ✓ src/components/shared/__tests__/progress-indicator.test.tsx > ProgressIndicator > Animations and Transitions > applies pulse animation to current step 4ms 50 MB heap used
 ✓ src/components/shared/__tests__/progress-indicator.test.tsx > ProgressIndicator > Animations and Transitions > applies transition to step labels 2ms 51 MB heap used
 ✓ src/components/shared/__tests__/progress-indicator.test.tsx > ProgressIndicator > Internationalization > calls useTranslations hook 1ms 52 MB heap used
 ✓ src/components/shared/__tests__/progress-indicator.test.tsx > ProgressIndicator > Internationalization > translates all step labels 2ms 53 MB heap used
 ✓ src/components/shared/__tests__/progress-indicator.test.tsx > ProgressIndicator > Internationalization > translates status messages 3ms 54 MB heap used
 ✓ src/components/shared/__tests__/progress-indicator.test.tsx > ProgressIndicator > Edge Cases > handles negative currentStep gracefully 2ms 55 MB heap used
 ✓ src/components/shared/__tests__/progress-indicator.test.tsx > ProgressIndicator > Edge Cases > handles currentStep beyond maximum gracefully 2ms 56 MB heap used
 ✓ src/components/shared/__tests__/progress-indicator.test.tsx > ProgressIndicator > Edge Cases > handles missing translations gracefully 2ms 57 MB heap used
 ✓ src/components/shared/__tests__/progress-indicator.test.tsx > ProgressIndicator > Memoization > is memoized component 0ms 57 MB heap used
 ✓ src/components/shared/__tests__/progress-indicator.test.tsx > ProgressIndicator > Memoization > renders consistently with same props 2ms 59 MB heap used
 ✓ src/app/[locale]/contact/__tests__/page-rendering-basic-core.test.tsx > Contact Page Rendering - Core Basic Tests > 核心基础渲染测试 > 应该正确渲染页面的基本结构 22ms 56 MB heap used
 ✓ src/app/[locale]/contact/__tests__/page-rendering-basic-core.test.tsx > Contact Page Rendering - Core Basic Tests > 核心基础渲染测试 > 应该渲染联系表单 4ms 57 MB heap used
 ✓ src/app/[locale]/contact/__tests__/page-rendering-basic-core.test.tsx > Contact Page Rendering - Core Basic Tests > 核心基础渲染测试 > 应该渲染联系信息卡片 6ms 59 MB heap used
 ✓ src/app/[locale]/contact/__tests__/page-rendering-basic-core.test.tsx > Contact Page Rendering - Core Basic Tests > 核心基础渲染测试 > 应该渲染营业时间信息 6ms 61 MB heap used
 ✓ src/app/[locale]/contact/__tests__/page-rendering-basic-core.test.tsx > Contact Page Rendering - Core Basic Tests > 核心基础渲染测试 > 应该有正确的页面标题 30ms 65 MB heap used
 ✓ src/app/[locale]/contact/__tests__/page-rendering-basic-core.test.tsx > Contact Page Rendering - Core Basic Tests > 核心组件结构测试 > 应该有正确的页面布局 5ms 67 MB heap used
 ✓ src/app/[locale]/contact/__tests__/page-rendering-basic-core.test.tsx > Contact Page Rendering - Core Basic Tests > 核心组件结构测试 > 应该有响应式网格布局 5ms 68 MB heap used
 ✓ src/app/[locale]/contact/__tests__/page-rendering-basic-core.test.tsx > Contact Page Rendering - Core Basic Tests > 核心组件结构测试 > 应该渲染SVG图标 4ms 69 MB heap used
 ✓ src/app/[locale]/contact/__tests__/page-rendering-basic-core.test.tsx > Contact Page Rendering - Core Basic Tests > 核心组件结构测试 > 应该有正确的标题容器样式 6ms 48 MB heap used
 ✓ src/app/[locale]/contact/__tests__/page-rendering-basic-core.test.tsx > Contact Page Rendering - Core Basic Tests > 核心布局样式测试 > 应该有正确的联系信息布局 4ms 49 MB heap used
 ✓ src/app/[locale]/contact/__tests__/page-rendering-basic-core.test.tsx > Contact Page Rendering - Core Basic Tests > 核心布局样式测试 > 应该有正确的营业时间布局 2ms 50 MB heap used
 ✓ src/app/[locale]/contact/__tests__/page-rendering-basic-core.test.tsx > Contact Page Rendering - Core Basic Tests > 核心布局样式测试 > 应该有正确的卡片数量 2ms 51 MB heap used
 ✓ src/app/[locale]/contact/__tests__/page-rendering-basic-core.test.tsx > Contact Page Rendering - Core Basic Tests > 核心SVG图标测试 > 应该渲染邮箱SVG图标 4ms 52 MB heap used
 ✓ src/app/[locale]/contact/__tests__/page-rendering-basic-core.test.tsx > Contact Page Rendering - Core Basic Tests > 核心SVG图标测试 > 应该渲染电话SVG图标 3ms 53 MB heap used
 ✓ src/app/[locale]/contact/__tests__/page-rendering-basic-core.test.tsx > Contact Page Rendering - Core Basic Tests > 核心SVG图标测试 > 应该渲染所有必要的图标 3ms 54 MB heap used
 ✓ src/app/[locale]/contact/__tests__/page-rendering-basic-core.test.tsx > Contact Page Rendering - Core Basic Tests > 核心响应式设计测试 > 应该有响应式网格类 4ms 55 MB heap used
 ✓ src/app/[locale]/contact/__tests__/page-rendering-basic-core.test.tsx > Contact Page Rendering - Core Basic Tests > 核心响应式设计测试 > 应该有响应式间距 3ms 57 MB heap used
 ✓ src/app/[locale]/contact/__tests__/page-rendering-basic-core.test.tsx > Contact Page Rendering - Core Basic Tests > 边缘情况测试 > 应该处理空翻译 3ms 58 MB heap used
 ✓ src/app/[locale]/contact/__tests__/page-rendering-basic-core.test.tsx > Contact Page Rendering - Core Basic Tests > 边缘情况测试 > 应该处理无效的locale参数 3ms 59 MB heap used
 ✓ src/components/ui/__tests__/input-file-edge-cases.test.tsx > Input - File Inputs & Edge Cases > File Input Specific > applies file input styles 20ms 63 MB heap used
 ✓ src/components/ui/__tests__/input-file-edge-cases.test.tsx > Input - File Inputs & Edge Cases > File Input Specific > supports file input with accept attribute 2ms 64 MB heap used
 ✓ src/components/ui/__tests__/input-file-edge-cases.test.tsx > Input - File Inputs & Edge Cases > File Input Specific > supports multiple file selection 1ms 65 MB heap used
 ✓ src/components/ui/__tests__/input-file-edge-cases.test.tsx > Input - File Inputs & Edge Cases > File Input Specific > applies file input button styling 1ms 65 MB heap used
 ✓ src/components/ui/__tests__/input-file-edge-cases.test.tsx > Input - File Inputs & Edge Cases > File Input Specific > supports file input with custom styling 2ms 65 MB heap used
 ✓ src/components/ui/__tests__/input-file-edge-cases.test.tsx > Input - File Inputs & Edge Cases > File Input Specific > handles file input with specific file types 4ms 67 MB heap used
 ✓ src/components/ui/__tests__/input-file-edge-cases.test.tsx > Input - File Inputs & Edge Cases > File Input Specific > supports file input with size limit 1ms 68 MB heap used
 ✓ src/components/ui/__tests__/input-file-edge-cases.test.tsx > Input - File Inputs & Edge Cases > File Input Specific > handles file input accessibility 2ms 68 MB heap used
 ✓ src/components/ui/__tests__/input-file-edge-cases.test.tsx > Input - File Inputs & Edge Cases > File Input Specific > supports drag and drop styling 1ms 69 MB heap used
 ✓ src/components/ui/__tests__/input-file-edge-cases.test.tsx > Input - File Inputs & Edge Cases > File Input Specific > handles file input in forms 2ms 69 MB heap used
 ✓ src/components/ui/__tests__/input-file-edge-cases.test.tsx > Input - File Inputs & Edge Cases > Responsive Behavior > applies responsive text sizing 1ms 70 MB heap used
 ✓ src/components/ui/__tests__/input-file-edge-cases.test.tsx > Input - File Inputs & Edge Cases > Responsive Behavior > applies responsive padding 1ms 70 MB heap used
 ✓ src/components/ui/__tests__/input-file-edge-cases.test.tsx > Input - File Inputs & Edge Cases > Responsive Behavior > handles responsive height 1ms 70 MB heap used
 ✓ src/components/ui/__tests__/input-file-edge-cases.test.tsx > Input - File Inputs & Edge Cases > Responsive Behavior > supports mobile-first design 1ms 71 MB heap used
 ✓ src/components/ui/__tests__/input-file-edge-cases.test.tsx > Input - File Inputs & Edge Cases > Responsive Behavior > handles dark mode variants 1ms 72 MB heap used
 ✓ src/components/ui/__tests__/input-file-edge-cases.test.tsx > Input - File Inputs & Edge Cases > Edge Cases > handles empty value 1ms 72 MB heap used
 ✓ src/components/ui/__tests__/input-file-edge-cases.test.tsx > Input - File Inputs & Edge Cases > Edge Cases > handles very long values 1ms 72 MB heap used
 ✓ src/components/ui/__tests__/input-file-edge-cases.test.tsx > Input - File Inputs & Edge Cases > Edge Cases > handles special characters 1ms 72 MB heap used
 ✓ src/components/ui/__tests__/input-file-edge-cases.test.tsx > Input - File Inputs & Edge Cases > Edge Cases > handles unicode characters 1ms 73 MB heap used
 ✓ src/components/ui/__tests__/input-file-edge-cases.test.tsx > Input - File Inputs & Edge Cases > Edge Cases > handles null and undefined values gracefully 1ms 73 MB heap used
 ✓ src/components/ui/__tests__/input-file-edge-cases.test.tsx > Input - File Inputs & Edge Cases > Edge Cases > handles rapid value changes 1ms 73 MB heap used
 ✓ src/components/ui/__tests__/input-file-edge-cases.test.tsx > Input - File Inputs & Edge Cases > Edge Cases > handles component unmounting gracefully 1ms 74 MB heap used
 ✓ src/components/ui/__tests__/input-file-edge-cases.test.tsx > Input - File Inputs & Edge Cases > Edge Cases > handles ref forwarding 1ms 74 MB heap used
 ✓ src/components/ui/__tests__/input-file-edge-cases.test.tsx > Input - File Inputs & Edge Cases > Edge Cases > handles dynamic type changes 2ms 75 MB heap used
 ✓ src/components/ui/__tests__/input-file-edge-cases.test.tsx > Input - File Inputs & Edge Cases > Edge Cases > handles form reset 64ms 42 MB heap used
 ✓ src/components/ui/__tests__/input-file-edge-cases.test.tsx > Input - File Inputs & Edge Cases > Edge Cases > handles browser autofill 2ms 43 MB heap used
 ✓ src/components/ui/__tests__/input-file-edge-cases.test.tsx > Input - File Inputs & Edge Cases > Edge Cases > handles input with complex validation 1ms 43 MB heap used
 ✓ src/components/ui/__tests__/input-file-edge-cases.test.tsx > Input - File Inputs & Edge Cases > Edge Cases > handles input in different contexts 1ms 43 MB heap used
 ✓ src/components/ui/__tests__/input-file-edge-cases.test.tsx > Input - File Inputs & Edge Cases > Edge Cases > handles input with custom data attributes 1ms 44 MB heap used
stderr | src/components/home/__tests__/hero-section.test.tsx > HeroSection > Basic Rendering > should render hero section without errors
React does not recognize the `asChild` prop on a DOM element. If you intentionally want it to appear in the DOM as a custom attribute, spell it as lowercase `aschild` instead. If you accidentally passed it from a parent component, remove it from the DOM element.

 ✓ src/components/home/__tests__/hero-section.test.tsx > HeroSection > Basic Rendering > should render hero section without errors 48ms 45 MB heap used
 ✓ src/components/home/__tests__/hero-section.test.tsx > HeroSection > Basic Rendering > should render version badge 4ms 46 MB heap used
 ✓ src/components/home/__tests__/hero-section.test.tsx > HeroSection > Basic Rendering > should render hero title with both lines 6ms 49 MB heap used
 ✓ src/components/home/__tests__/hero-section.test.tsx > HeroSection > Basic Rendering > should render subtitle 4ms 50 MB heap used
 ✓ src/components/home/__tests__/hero-section.test.tsx > HeroSection > Action Buttons > should render demo and github buttons 5ms 52 MB heap used
 ✓ src/components/home/__tests__/hero-section.test.tsx > HeroSection > Action Buttons > should render button icons 3ms 53 MB heap used
 ✓ src/components/home/__tests__/hero-section.test.tsx > HeroSection > Statistics Section > should render project statistics 4ms 55 MB heap used
 ✓ src/components/home/__tests__/hero-section.test.tsx > HeroSection > Animation Integration > should use intersection observer for animations 3ms 56 MB heap used
 ✓ src/components/home/__tests__/hero-section.test.tsx > HeroSection > Animation Integration > should apply animation classes when visible 5ms 59 MB heap used
 ✓ src/components/home/__tests__/hero-section.test.tsx > HeroSection > Animation Integration > should handle invisible state 5ms 60 MB heap used
 ✓ src/components/home/__tests__/hero-section.test.tsx > HeroSection > Internationalization > should use translations for all text content 3ms 62 MB heap used
 ✓ src/components/home/__tests__/hero-section.test.tsx > HeroSection > Internationalization > should handle missing translations gracefully 3ms 63 MB heap used
 ✓ src/components/home/__tests__/hero-section.test.tsx > HeroSection > Responsive Behavior > should render with responsive classes 4ms 65 MB heap used
 ✓ src/components/home/__tests__/hero-section.test.tsx > HeroSection > Accessibility > should have proper semantic structure 4ms 67 MB heap used
 ✓ src/components/home/__tests__/hero-section.test.tsx > HeroSection > Accessibility > should have accessible button elements 6ms 69 MB heap used
 ✓ src/components/home/__tests__/hero-section.test.tsx > HeroSection > Edge Cases > should handle intersection observer errors gracefully 3ms 70 MB heap used
 ✓ src/components/home/__tests__/hero-section.test.tsx > HeroSection > Edge Cases > should handle translation errors gracefully 3ms 72 MB heap used
stderr | src/components/ui/__tests__/tabs-trigger.test.tsx > TabsTrigger Component > supports keyboard navigation
An update to ForwardRef inside a test was not wrapped in act(...).

When testing, code that causes React state updates should be wrapped into act(...):

act(() => {
  /* fire events that update state */
});
/* assert on the output */

This ensures that you're testing the behavior the user would see in the browser. Learn more at https://react.dev/link/wrap-tests-with-act

 ✓ src/components/ui/__tests__/tabs-trigger.test.tsx > TabsTrigger Component > renders tabs trigger 52ms 65 MB heap used
 ✓ src/components/ui/__tests__/tabs-trigger.test.tsx > TabsTrigger Component > applies correct CSS classes when active 7ms 67 MB heap used
 ✓ src/components/ui/__tests__/tabs-trigger.test.tsx > TabsTrigger Component > accepts custom className 4ms 68 MB heap used
 ✓ src/components/ui/__tests__/tabs-trigger.test.tsx > TabsTrigger Component > handles click events 33ms 42 MB heap used
 ✓ src/components/ui/__tests__/tabs-trigger.test.tsx > TabsTrigger Component > supports keyboard navigation 19ms 45 MB heap used
 ✓ src/components/ui/__tests__/tabs-trigger.test.tsx > TabsTrigger Component > handles disabled state 4ms 46 MB heap used
 ✓ src/components/ui/__tests__/social-icons-accessibility-basic.test.tsx > Social Icons Accessibility - Basic Tests > ARIA属性 > all icons have aria-hidden attribute 17ms 61 MB heap used
 ✓ src/components/ui/__tests__/social-icons-accessibility-basic.test.tsx > Social Icons Accessibility - Basic Tests > ARIA属性 > icons have consistent aria-hidden behavior 2ms 62 MB heap used
 ✓ src/components/ui/__tests__/social-icons-accessibility-basic.test.tsx > Social Icons Accessibility - Basic Tests > ARIA属性 > icons are properly hidden for accessibility 2ms 62 MB heap used
 ✓ src/components/ui/__tests__/social-icons-accessibility-basic.test.tsx > Social Icons Accessibility - Basic Tests > ARIA属性 > SocialIconLink has proper accessibility attributes 2ms 62 MB heap used
 ✓ src/components/ui/__tests__/social-icons-accessibility-basic.test.tsx > Social Icons Accessibility - Basic Tests > ARIA属性 > external links have proper target and rel attributes 2ms 63 MB heap used
 ✓ src/components/ui/__tests__/social-icons-accessibility-basic.test.tsx > Social Icons Accessibility - Basic Tests > ARIA属性 > has proper semantic meaning as a link 2ms 63 MB heap used
 ✓ src/components/ui/__tests__/social-icons-accessibility-basic.test.tsx > Social Icons Accessibility - Basic Tests > ARIA属性 > provides clear context through aria-label 3ms 64 MB heap used
 ✓ src/components/ui/__tests__/social-icons-accessibility-basic.test.tsx > Social Icons Accessibility - Basic Tests > ARIA属性 > functions as a simple navigation link 1ms 65 MB heap used
 ✓ src/components/ui/__tests__/social-icons-accessibility-basic.test.tsx > Social Icons Accessibility - Basic Tests > 键盘导航 > supports keyboard navigation between links 36ms 68 MB heap used
 ✓ src/components/ui/__tests__/social-icons-accessibility-basic.test.tsx > Social Icons Accessibility - Basic Tests > 键盘导航 > handles keyboard activation 11ms 41 MB heap used
 ✓ src/components/ui/__tests__/social-icons-accessibility-basic.test.tsx > Social Icons Accessibility - Basic Tests > 键盘导航 > uses natural tab order 2ms 41 MB heap used
 ✓ src/components/ui/__tests__/social-icons-accessibility-basic.test.tsx > Social Icons Accessibility - Basic Tests > 键盘导航 > handles focus trap scenarios 20ms 43 MB heap used
 ✓ src/components/ui/__tests__/social-icons-accessibility-basic.test.tsx > Social Icons Accessibility - Basic Tests > 焦点管理 > provides proper focus indicators 2ms 44 MB heap used
 ✓ src/components/ui/__tests__/social-icons-accessibility-basic.test.tsx > Social Icons Accessibility - Basic Tests > 焦点管理 > supports color contrast requirements 1ms 44 MB heap used
 ✓ src/components/ui/__tests__/social-icons-accessibility-basic.test.tsx > Social Icons Accessibility - Basic Tests > 焦点管理 > supports high contrast mode 1ms 44 MB heap used
 ✓ src/components/ui/__tests__/social-icons-accessibility-basic.test.tsx > Social Icons Accessibility - Basic Tests > 焦点管理 > supports reduced motion preferences 1ms 45 MB heap used
 ✓ src/components/ui/__tests__/social-icons-accessibility-basic.test.tsx > Social Icons Accessibility - Basic Tests > 语义化标记 > supports screen reader announcements 1ms 45 MB heap used
 ✓ src/components/ui/__tests__/social-icons-accessibility-basic.test.tsx > Social Icons Accessibility - Basic Tests > 语义化标记 > supports voice control commands 1ms 46 MB heap used
stderr | tests/integration/components/footer-structure-navigation.test.tsx > Footer Structure and Navigation Integration Tests > Complete Footer Structure Integration > should render complete footer with all sections
Each child in a list should have a unique "key" prop.

Check the render method of `FooterSectionComponent`. See https://react.dev/link/warning-keys for more information.

stdout | src/components/forms/__tests__/contact-form-submission.test.tsx
Resend email service initialized successfully { from: [32m'test@example.com'[39m, replyTo: [32m'reply@example.com'[39m }

stderr | tests/integration/components/footer-structure-navigation.test.tsx > Footer Structure and Navigation Integration Tests > Navigation Integration > should handle internal link navigation correctly
Error: Not implemented: navigation (except hash changes)
    at module.exports (/Users/Data/Warehouse/Focus/tucsenberg-web-frontier/node_modules/.pnpm/jsdom@26.1.0/node_modules/jsdom/lib/jsdom/browser/not-implemented.js:9:17)
    at navigateFetch (/Users/Data/Warehouse/Focus/tucsenberg-web-frontier/node_modules/.pnpm/jsdom@26.1.0/node_modules/jsdom/lib/jsdom/living/window/navigation.js:77:3)
    at exports.navigate (/Users/Data/Warehouse/Focus/tucsenberg-web-frontier/node_modules/.pnpm/jsdom@26.1.0/node_modules/jsdom/lib/jsdom/living/window/navigation.js:55:3)
    at Timeout._onTimeout (/Users/Data/Warehouse/Focus/tucsenberg-web-frontier/node_modules/.pnpm/jsdom@26.1.0/node_modules/jsdom/lib/jsdom/living/nodes/HTMLHyperlinkElementUtils-impl.js:80:7)
    at listOnTimeout (node:internal/timers:608:17)
    at processTimers (node:internal/timers:543:7) [90mundefined[39m

 ✓ tests/integration/components/footer-structure-navigation.test.tsx > Footer Structure and Navigation Integration Tests > Complete Footer Structure Integration > should render complete footer with all sections 61ms 51 MB heap used
 ✓ tests/integration/components/footer-structure-navigation.test.tsx > Footer Structure and Navigation Integration Tests > Complete Footer Structure Integration > should render all navigation links correctly 8ms 54 MB heap used
 ✓ tests/integration/components/footer-structure-navigation.test.tsx > Footer Structure and Navigation Integration Tests > Navigation Integration > should handle internal link navigation correctly 21ms 58 MB heap used
 ✓ tests/integration/components/footer-structure-navigation.test.tsx > Footer Structure and Navigation Integration Tests > Navigation Integration > should handle all internal navigation links 5ms 60 MB heap used
 ✓ tests/integration/components/footer-structure-navigation.test.tsx > Footer Structure and Navigation Integration Tests > Navigation Integration > should handle external links with proper attributes 6ms 62 MB heap used
 ✓ tests/integration/components/footer-structure-navigation.test.tsx > Footer Structure and Navigation Integration Tests > Social Media Integration > should render all social media links correctly 4ms 64 MB heap used
 ✓ tests/integration/components/footer-structure-navigation.test.tsx > Footer Structure and Navigation Integration Tests > Social Media Integration > should handle social link clicks correctly 4ms 66 MB heap used
 ✓ src/components/forms/__tests__/contact-form-submission.test.tsx > ContactFormContainer - 提交和错误处理 > 网络错误处理 > 应该处理网络错误 30ms 49 MB heap used
 ✓ src/components/forms/__tests__/contact-form-submission.test.tsx > ContactFormContainer - 提交和错误处理 > 网络错误处理 > 应该处理速率限制错误 6ms 51 MB heap used
 ✓ src/components/forms/__tests__/contact-form-submission.test.tsx > ContactFormContainer - 提交和错误处理 > 网络错误处理 > 没有 Turnstile token 时不应该提交 51ms 60 MB heap used
 ✓ src/components/forms/__tests__/contact-form-submission.test.tsx > ContactFormContainer - 提交和错误处理 > 速率限制功能 > 应该在成功提交后显示速率限制 6ms 61 MB heap used
 ✓ src/components/forms/__tests__/contact-form-submission.test.tsx > ContactFormContainer - 提交和错误处理 > 速率限制功能 > 速率限制应该在5分钟后解除 14ms 64 MB heap used
 ✓ src/components/forms/__tests__/contact-form-submission.test.tsx > ContactFormContainer - 提交和错误处理 > 数据格式化 > 应该正确格式化提交数据 8ms 67 MB heap used
 ✓ src/components/forms/__tests__/contact-form-fields.test.tsx > Contact Form Fields - React 19 Native Form Tests > NameFields Component > should render first name and last name fields 23ms 43 MB heap used
 ✓ src/components/forms/__tests__/contact-form-fields.test.tsx > Contact Form Fields - React 19 Native Form Tests > NameFields Component > should have required attributes on inputs 4ms 44 MB heap used
 ✓ src/components/forms/__tests__/contact-form-fields.test.tsx > Contact Form Fields - React 19 Native Form Tests > NameFields Component > should disable inputs when isPending is true 3ms 45 MB heap used
 ✓ src/components/forms/__tests__/contact-form-fields.test.tsx > Contact Form Fields - React 19 Native Form Tests > ContactFields Component > should render email and company fields 3ms 46 MB heap used
 ✓ src/components/forms/__tests__/contact-form-fields.test.tsx > Contact Form Fields - React 19 Native Form Tests > ContactFields Component > should have correct input attributes 3ms 47 MB heap used
 ✓ src/components/forms/__tests__/contact-form-fields.test.tsx > Contact Form Fields - React 19 Native Form Tests > ContactFields Component > should disable inputs when isPending is true 2ms 47 MB heap used
 ✓ src/components/forms/__tests__/contact-form-fields.test.tsx > Contact Form Fields - React 19 Native Form Tests > AdditionalFields Component > should render phone and subject fields 2ms 48 MB heap used
 ✓ src/components/forms/__tests__/contact-form-fields.test.tsx > Contact Form Fields - React 19 Native Form Tests > AdditionalFields Component > should have correct input attributes 2ms 49 MB heap used
 ✓ src/components/forms/__tests__/contact-form-fields.test.tsx > Contact Form Fields - React 19 Native Form Tests > AdditionalFields Component > should disable inputs when isPending is true 2ms 50 MB heap used
 ✓ src/components/forms/__tests__/contact-form-fields.test.tsx > Contact Form Fields - React 19 Native Form Tests > CheckboxFields Component > should render privacy policy and marketing consent checkboxes 2ms 50 MB heap used
 ✓ src/components/forms/__tests__/contact-form-fields.test.tsx > Contact Form Fields - React 19 Native Form Tests > CheckboxFields Component > should have correct checkbox attributes 2ms 51 MB heap used
 ✓ src/components/forms/__tests__/contact-form-fields.test.tsx > Contact Form Fields - React 19 Native Form Tests > CheckboxFields Component > should handle checkbox interactions 53ms 57 MB heap used
 ✓ src/components/forms/__tests__/contact-form-fields.test.tsx > Contact Form Fields - React 19 Native Form Tests > CheckboxFields Component > should disable checkboxes when isPending is true 2ms 57 MB heap used
 ✓ src/components/forms/__tests__/contact-form-fields.test.tsx > Contact Form Fields - React 19 Native Form Tests > Translation Integration > should call translation function for all labels 5ms 59 MB heap used
 ✓ src/components/ui/__tests__/button.test.tsx > Button Component > Basic Rendering > renders button with default props 45ms 63 MB heap used
 ✓ src/components/ui/__tests__/button.test.tsx > Button Component > Basic Rendering > renders button with custom text 3ms 64 MB heap used
 ✓ src/components/ui/__tests__/button.test.tsx > Button Component > Basic Rendering > applies default variant and size classes 5ms 65 MB heap used
 ✓ src/components/ui/__tests__/button.test.tsx > Button Component > Variant Props > applies default variant styles 2ms 65 MB heap used
 ✓ src/components/ui/__tests__/button.test.tsx > Button Component > Variant Props > applies destructive variant styles 3ms 67 MB heap used
 ✓ src/components/ui/__tests__/button.test.tsx > Button Component > Variant Props > applies outline variant styles 2ms 67 MB heap used
 ✓ src/components/ui/__tests__/button.test.tsx > Button Component > Variant Props > applies secondary variant styles 2ms 68 MB heap used
 ✓ src/components/ui/__tests__/button.test.tsx > Button Component > Variant Props > applies ghost variant styles 2ms 68 MB heap used
 ✓ src/components/ui/__tests__/button.test.tsx > Button Component > Variant Props > applies link variant styles 2ms 70 MB heap used
 ✓ src/components/ui/__tests__/button.test.tsx > Button Component > Size Props > applies default size styles 2ms 70 MB heap used
 ✓ src/components/ui/__tests__/button.test.tsx > Button Component > Size Props > applies small size styles 1ms 71 MB heap used
 ✓ src/components/ui/__tests__/button.test.tsx > Button Component > Size Props > applies large size styles 1ms 72 MB heap used
 ✓ src/components/ui/__tests__/button.test.tsx > Button Component > Size Props > applies icon size styles 2ms 72 MB heap used
 ✓ src/components/ui/__tests__/button.test.tsx > Button Component > Custom Props > applies custom className 2ms 73 MB heap used
 ✓ src/components/ui/__tests__/button.test.tsx > Button Component > Custom Props > passes through HTML button props 2ms 74 MB heap used
 ✓ src/components/ui/__tests__/button.test.tsx > Button Component > Custom Props > applies disabled styles when disabled 2ms 74 MB heap used
 ✓ src/components/ui/__tests__/button.test.tsx > Button Component > Event Handling > handles click events 3ms 75 MB heap used
 ✓ src/components/ui/__tests__/button.test.tsx > Button Component > Event Handling > does not trigger click when disabled 2ms 76 MB heap used
 ✓ src/components/ui/__tests__/button.test.tsx > Button Component > Event Handling > handles keyboard events 2ms 77 MB heap used
 ✓ src/components/ui/__tests__/button.test.tsx > Button Component > AsChild Prop > renders as Slot when asChild is true 2ms 77 MB heap used
 ✓ src/components/ui/__tests__/button.test.tsx > Button Component > AsChild Prop > renders as button when asChild is false 1ms 78 MB heap used
 ✓ src/components/ui/__tests__/button.test.tsx > Button Component > Accessibility > has proper focus styles 1ms 79 MB heap used
 ✓ src/components/ui/__tests__/button.test.tsx > Button Component > Accessibility > supports aria attributes 1ms 80 MB heap used
 ✓ src/components/ui/__tests__/button.test.tsx > Button Component > Accessibility > handles aria-invalid state 1ms 80 MB heap used
 ✓ src/components/ui/__tests__/button.test.tsx > Button Component > Combination Props > combines variant and size props correctly 1ms 81 MB heap used
 ✓ src/components/ui/__tests__/button.test.tsx > Button Component > Combination Props > combines all props with custom className 1ms 82 MB heap used
 ✓ src/components/ui/__tests__/button.test.tsx > Button Component > Icon Support > handles SVG icons correctly 2ms 83 MB heap used
 ✓ src/components/ui/__tests__/badge-accessibility-interactions.test.tsx > Badge - Accessibility & Interactions > Accessibility > has proper focus styles 21ms 61 MB heap used
 ✓ src/components/ui/__tests__/badge-accessibility-interactions.test.tsx > Badge - Accessibility & Interactions > Accessibility > supports screen reader text 3ms 62 MB heap used
 ✓ src/components/ui/__tests__/badge-accessibility-interactions.test.tsx > Badge - Accessibility & Interactions > Accessibility > supports role attribute 26ms 64 MB heap used
 ✓ src/components/ui/__tests__/badge-accessibility-interactions.test.tsx > Badge - Accessibility & Interactions > Accessibility > supports aria-live for dynamic content 2ms 65 MB heap used
 ✓ src/components/ui/__tests__/badge-accessibility-interactions.test.tsx > Badge - Accessibility & Interactions > Accessibility > supports aria-describedby for additional context 1ms 65 MB heap used
 ✓ src/components/ui/__tests__/badge-accessibility-interactions.test.tsx > Badge - Accessibility & Interactions > Accessibility > supports keyboard navigation with tabIndex 2ms 65 MB heap used
 ✓ src/components/ui/__tests__/badge-accessibility-interactions.test.tsx > Badge - Accessibility & Interactions > Accessibility > supports high contrast mode 1ms 66 MB heap used
 ✓ src/components/ui/__tests__/badge-accessibility-interactions.test.tsx > Badge - Accessibility & Interactions > Accessibility > supports reduced motion preferences 1ms 67 MB heap used
 ✓ src/components/ui/__tests__/badge-accessibility-interactions.test.tsx > Badge - Accessibility & Interactions > Accessibility > provides adequate color contrast 1ms 67 MB heap used
 ✓ src/components/ui/__tests__/badge-accessibility-interactions.test.tsx > Badge - Accessibility & Interactions > Accessibility > supports semantic HTML structure 7ms 68 MB heap used
 ✓ src/components/ui/__tests__/badge-accessibility-interactions.test.tsx > Badge - Accessibility & Interactions > Accessibility > supports internationalization 1ms 69 MB heap used
 ✓ src/components/ui/__tests__/badge-accessibility-interactions.test.tsx > Badge - Accessibility & Interactions > Accessibility > supports right-to-left text direction 1ms 70 MB heap used
 ✓ src/components/ui/__tests__/badge-accessibility-interactions.test.tsx > Badge - Accessibility & Interactions > Hover and Interactive States > applies hover styles for default variant 1ms 69 MB heap used
 ✓ src/components/ui/__tests__/badge-accessibility-interactions.test.tsx > Badge - Accessibility & Interactions > Hover and Interactive States > applies hover styles for secondary variant 1ms 70 MB heap used
 ✓ src/components/ui/__tests__/badge-accessibility-interactions.test.tsx > Badge - Accessibility & Interactions > Hover and Interactive States > applies hover styles for destructive variant 1ms 70 MB heap used
 ✓ src/components/ui/__tests__/badge-accessibility-interactions.test.tsx > Badge - Accessibility & Interactions > Hover and Interactive States > applies hover styles for outline variant 1ms 70 MB heap used
 ✓ src/components/ui/__tests__/badge-accessibility-interactions.test.tsx > Badge - Accessibility & Interactions > Hover and Interactive States > handles mouse events correctly 3ms 71 MB heap used
 ✓ src/components/ui/__tests__/badge-accessibility-interactions.test.tsx > Badge - Accessibility & Interactions > Hover and Interactive States > handles click events 2ms 71 MB heap used
 ✓ src/components/ui/__tests__/badge-accessibility-interactions.test.tsx > Badge - Accessibility & Interactions > Hover and Interactive States > handles double click events 1ms 72 MB heap used
 ✓ src/components/ui/__tests__/badge-accessibility-interactions.test.tsx > Badge - Accessibility & Interactions > Hover and Interactive States > handles keyboard events 1ms 72 MB heap used
 ✓ src/components/ui/__tests__/badge-accessibility-interactions.test.tsx > Badge - Accessibility & Interactions > Hover and Interactive States > handles focus and blur events 1ms 73 MB heap used
 ✓ src/components/ui/__tests__/badge-accessibility-interactions.test.tsx > Badge - Accessibility & Interactions > Hover and Interactive States > supports pointer events 1ms 73 MB heap used
 ✓ src/components/ui/__tests__/badge-accessibility-interactions.test.tsx > Badge - Accessibility & Interactions > Hover and Interactive States > supports touch events 1ms 74 MB heap used
 ✓ src/components/ui/__tests__/badge-accessibility-interactions.test.tsx > Badge - Accessibility & Interactions > Responsive Behavior > maintains consistent sizing across variants 3ms 75 MB heap used
 ✓ src/components/ui/__tests__/badge-accessibility-interactions.test.tsx > Badge - Accessibility & Interactions > Responsive Behavior > adapts to container width 1ms 75 MB heap used
 ✓ src/components/ui/__tests__/badge-accessibility-interactions.test.tsx > Badge - Accessibility & Interactions > Responsive Behavior > supports responsive text sizing 1ms 75 MB heap used
 ✓ src/components/ui/__tests__/badge-accessibility-interactions.test.tsx > Badge - Accessibility & Interactions > Responsive Behavior > supports responsive padding 1ms 76 MB heap used
 ✓ src/components/ui/__tests__/badge-accessibility-interactions.test.tsx > Badge - Accessibility & Interactions > Responsive Behavior > maintains aspect ratio on different screen sizes 1ms 76 MB heap used
 ✓ src/components/ui/__tests__/badge-accessibility-interactions.test.tsx > Badge - Accessibility & Interactions > Edge Cases > renders empty badge 1ms 76 MB heap used
 ✓ src/components/ui/__tests__/badge-accessibility-interactions.test.tsx > Badge - Accessibility & Interactions > Edge Cases > handles null children 1ms 77 MB heap used
 ✓ src/components/ui/__tests__/badge-accessibility-interactions.test.tsx > Badge - Accessibility & Interactions > Edge Cases > handles undefined children 1ms 77 MB heap used
 ✓ src/components/ui/__tests__/badge-accessibility-interactions.test.tsx > Badge - Accessibility & Interactions > Edge Cases > handles false children 1ms 78 MB heap used
 ✓ src/components/ui/__tests__/badge-accessibility-interactions.test.tsx > Badge - Accessibility & Interactions > Edge Cases > handles empty string children 1ms 78 MB heap used
 ✓ src/components/ui/__tests__/badge-accessibility-interactions.test.tsx > Badge - Accessibility & Interactions > Edge Cases > handles very long text gracefully 1ms 78 MB heap used
 ✓ src/components/ui/__tests__/badge-accessibility-interactions.test.tsx > Badge - Accessibility & Interactions > Edge Cases > handles special characters in content 1ms 78 MB heap used
 ✓ src/components/ui/__tests__/badge-accessibility-interactions.test.tsx > Badge - Accessibility & Interactions > Edge Cases > handles multiple spaces in content 1ms 79 MB heap used
 ✓ src/components/ui/__tests__/badge-accessibility-interactions.test.tsx > Badge - Accessibility & Interactions > Edge Cases > handles line breaks in content 1ms 79 MB heap used
 ✓ src/components/ui/__tests__/badge-accessibility-interactions.test.tsx > Badge - Accessibility & Interactions > Edge Cases > handles nested React fragments 1ms 79 MB heap used
 ✓ src/components/ui/__tests__/badge-accessibility-interactions.test.tsx > Badge - Accessibility & Interactions > Edge Cases > handles conditional rendering 1ms 80 MB heap used
 ✓ src/components/ui/__tests__/badge-accessibility-interactions.test.tsx > Badge - Accessibility & Interactions > Edge Cases > handles dynamic content updates 1ms 80 MB heap used
 ✓ src/components/ui/__tests__/badge-accessibility-interactions.test.tsx > Badge - Accessibility & Interactions > Edge Cases > handles rapid re-renders without issues 11ms 84 MB heap used
 ✓ src/components/ui/__tests__/badge-accessibility-interactions.test.tsx > Badge - Accessibility & Interactions > Edge Cases > handles unmounting gracefully 1ms 84 MB heap used
 ✓ src/components/shared/__tests__/progress-indicator-core.test.tsx > ProgressIndicator - 核心功能测试 > 基础渲染 > 渲染默认步骤的进度指示器 26ms 62 MB heap used
 ✓ src/components/shared/__tests__/progress-indicator-core.test.tsx > ProgressIndicator - 核心功能测试 > 基础渲染 > 使用自定义className渲染 4ms 63 MB heap used
 ✓ src/components/shared/__tests__/progress-indicator-core.test.tsx > ProgressIndicator - 核心功能测试 > 基础渲染 > 渲染指定的当前步骤 5ms 64 MB heap used
 ✓ src/components/shared/__tests__/progress-indicator-core.test.tsx > ProgressIndicator - 核心功能测试 > 基础渲染 > 显示正确的步骤状态图标 3ms 65 MB heap used
 ✓ src/components/shared/__tests__/progress-indicator-core.test.tsx > ProgressIndicator - 核心功能测试 > 步骤显示 > 正确显示所有步骤 5ms 66 MB heap used
 ✓ src/components/shared/__tests__/progress-indicator-core.test.tsx > ProgressIndicator - 核心功能测试 > 步骤显示 > 正确显示步骤进度 3ms 68 MB heap used
 ✓ src/components/shared/__tests__/progress-indicator-core.test.tsx > ProgressIndicator - 核心功能测试 > 步骤显示 > 正确显示不同步骤的进度 6ms 69 MB heap used
 ✓ src/components/shared/__tests__/progress-indicator-core.test.tsx > ProgressIndicator - 核心功能测试 > 步骤显示 > 正确显示完成状态 4ms 70 MB heap used
 ✓ src/components/shared/__tests__/progress-indicator-core.test.tsx > ProgressIndicator - 核心功能测试 > 状态管理 > 正确显示已完成的步骤 3ms 72 MB heap used
 ✓ src/components/shared/__tests__/progress-indicator-core.test.tsx > ProgressIndicator - 核心功能测试 > 状态管理 > 正确显示当前步骤 3ms 72 MB heap used
 ✓ src/components/shared/__tests__/progress-indicator-core.test.tsx > ProgressIndicator - 核心功能测试 > 状态管理 > 正确显示未来步骤 3ms 73 MB heap used
 ✓ src/components/shared/__tests__/progress-indicator-core.test.tsx > ProgressIndicator - 核心功能测试 > 状态管理 > 处理无效的步骤数字 3ms 75 MB heap used
 ✓ src/components/shared/__tests__/progress-indicator-core.test.tsx > ProgressIndicator - 核心功能测试 > 状态管理 > 处理超出范围的步骤数字 3ms 75 MB heap used
 ✓ src/components/shared/__tests__/progress-indicator-core.test.tsx > ProgressIndicator - 核心功能测试 > 自定义样式 > 支持自定义className 2ms 76 MB heap used
 ✓ src/components/shared/__tests__/progress-indicator-core.test.tsx > ProgressIndicator - 核心功能测试 > 自定义样式 > 正确应用默认样式 2ms 77 MB heap used
 ✓ src/components/shared/__tests__/progress-indicator-core.test.tsx > ProgressIndicator - 核心功能测试 > 可访问性 > 提供正确的ARIA属性 26ms 80 MB heap used
 ✓ src/components/shared/__tests__/progress-indicator-core.test.tsx > ProgressIndicator - 核心功能测试 > 可访问性 > 步骤按钮有正确的可访问性标签 9ms 83 MB heap used
 ✓ src/components/shared/__tests__/progress-indicator-core.test.tsx > ProgressIndicator - 核心功能测试 > 可访问性 > 当前步骤有aria-current属性 4ms 84 MB heap used
 ✓ src/components/shared/__tests__/progress-indicator-core.test.tsx > ProgressIndicator - 核心功能测试 > 响应式行为 > 在小屏幕上正确渲染 5ms 65 MB heap used
 ✓ src/components/ui/__tests__/label-state-management-core.test.tsx > Label State Management - Core Tests > 核心状态管理功能 > handles disabled state correctly 18ms 62 MB heap used
 ✓ src/components/ui/__tests__/label-state-management-core.test.tsx > Label State Management - Core Tests > 核心状态管理功能 > disables associated input when label is disabled 42ms 67 MB heap used
 ✓ src/components/ui/__tests__/label-state-management-core.test.tsx > Label State Management - Core Tests > 核心状态管理功能 > applies custom disabled styling 2ms 67 MB heap used
 ✓ src/components/ui/__tests__/label-state-management-core.test.tsx > Label State Management - Core Tests > 核心状态管理功能 > handles disabled state in form context 12ms 69 MB heap used
 ✓ src/components/ui/__tests__/label-state-management-core.test.tsx > Label State Management - Core Tests > 核心状态管理功能 > handles conditional disabled state 2ms 69 MB heap used
 ✓ src/components/ui/__tests__/label-state-management-core.test.tsx > Label State Management - Core Tests > 核心状态管理功能 > handles active state styling 1ms 70 MB heap used
 ✓ src/components/ui/__tests__/label-state-management-core.test.tsx > Label State Management - Core Tests > 核心状态管理功能 > handles hover state styling 1ms 70 MB heap used
 ✓ src/components/ui/__tests__/label-state-management-core.test.tsx > Label State Management - Core Tests > 核心状态管理功能 > handles focus state styling 2ms 71 MB heap used
 ✓ src/components/ui/__tests__/label-state-management-core.test.tsx > Label State Management - Core Tests > 核心状态管理功能 > handles visited state for links 2ms 71 MB heap used
 ✓ src/components/ui/__tests__/label-state-management-core.test.tsx > Label State Management - Core Tests > 核心状态管理功能 > handles checked state for form controls 2ms 72 MB heap used
 ✓ src/components/ui/__tests__/label-state-management-core.test.tsx > Label State Management - Core Tests > 核心状态管理功能 > handles invalid state styling 1ms 72 MB heap used
 ✓ src/components/ui/__tests__/label-state-management-core.test.tsx > Label State Management - Core Tests > 核心状态管理功能 > handles required state styling 1ms 73 MB heap used
 ✓ src/components/ui/__tests__/label-state-management-core.test.tsx > Label State Management - Core Tests > 核心状态管理功能 > handles readonly state styling 1ms 73 MB heap used
 ✓ src/components/ui/__tests__/label-state-management-core.test.tsx > Label State Management - Core Tests > 核心状态管理功能 > handles placeholder-shown state 1ms 73 MB heap used
 ✓ src/components/ui/__tests__/label-state-management-core.test.tsx > Label State Management - Core Tests > 核心状态管理功能 > handles multiple state combinations 1ms 74 MB heap used
 ✓ src/components/ui/__tests__/label-state-management-core.test.tsx > Label State Management - Core Tests > 核心状态管理功能 > handles dynamic state changes 12ms 46 MB heap used
 ✓ src/components/ui/__tests__/label-state-management-core.test.tsx > Label State Management - Core Tests > 核心状态管理功能 > handles state persistence across re-renders 1ms 47 MB heap used
 ✓ src/components/ui/__tests__/label-state-management-core.test.tsx > Label State Management - Core Tests > 核心状态管理功能 > handles loading state 1ms 47 MB heap used
 ✓ src/components/ui/__tests__/label-state-management-core.test.tsx > Label State Management - Core Tests > 核心状态管理功能 > handles error state 1ms 47 MB heap used
 ✓ src/components/ui/__tests__/animated-counter-basic.test.tsx > AnimatedCounter - Basic Rendering > Basic Rendering > renders with default props 44ms 67 MB heap used
 ✓ src/components/ui/__tests__/animated-counter-basic.test.tsx > AnimatedCounter - Basic Rendering > Basic Rendering > renders with custom className 4ms 69 MB heap used
 ✓ src/components/ui/__tests__/animated-counter-basic.test.tsx > AnimatedCounter - Basic Rendering > Basic Rendering > applies default classes 4ms 70 MB heap used
 ✓ src/components/ui/__tests__/animated-counter-basic.test.tsx > AnimatedCounter - Basic Rendering > Basic Rendering > renders with initial value of 0 3ms 71 MB heap used
 ✓ src/components/ui/__tests__/animated-counter-basic.test.tsx > AnimatedCounter - Basic Rendering > Basic Rendering > renders negative values correctly 3ms 73 MB heap used
 ✓ src/components/ui/__tests__/animated-counter-basic.test.tsx > AnimatedCounter - Basic Rendering > Basic Rendering > renders decimal values correctly 3ms 73 MB heap used
 ✓ src/components/ui/__tests__/animated-counter-basic.test.tsx > AnimatedCounter - Basic Rendering > Basic Rendering > renders large numbers correctly 3ms 74 MB heap used
 ✓ src/components/ui/__tests__/animated-counter-basic.test.tsx > AnimatedCounter - Basic Rendering > Basic Rendering > handles string values that can be converted to numbers 3ms 76 MB heap used
 ✓ src/components/ui/__tests__/animated-counter-basic.test.tsx > AnimatedCounter - Basic Rendering > Basic Rendering > handles invalid string values gracefully 3ms 77 MB heap used
 ✓ src/components/ui/__tests__/animated-counter-basic.test.tsx > AnimatedCounter - Basic Rendering > Basic Rendering > renders with custom aria-label 3ms 78 MB heap used
 ✓ src/components/ui/__tests__/animated-counter-basic.test.tsx > AnimatedCounter - Basic Rendering > Basic Rendering > supports custom data attributes 3ms 79 MB heap used
 ✓ src/components/ui/__tests__/animated-counter-basic.test.tsx > AnimatedCounter - Basic Rendering > Basic Rendering > renders with custom style 5ms 80 MB heap used
 ✓ src/components/ui/__tests__/animated-counter-basic.test.tsx > AnimatedCounter - Basic Rendering > Basic Rendering > handles zero value correctly 3ms 82 MB heap used
 ✓ src/components/ui/__tests__/animated-counter-basic.test.tsx > AnimatedCounter - Basic Rendering > Basic Rendering > handles very small decimal values 3ms 83 MB heap used
 ✓ src/components/ui/__tests__/animated-counter-basic.test.tsx > AnimatedCounter - Basic Rendering > Basic Rendering > handles very large values 3ms 84 MB heap used
 ✓ src/components/ui/__tests__/animated-counter-basic.test.tsx > AnimatedCounter - Basic Rendering > Basic Rendering > renders with autoStart disabled 3ms 86 MB heap used
 ✓ src/components/ui/__tests__/animated-counter-basic.test.tsx > AnimatedCounter - Basic Rendering > Basic Rendering > renders with custom duration 6ms 67 MB heap used
 ✓ src/components/ui/__tests__/animated-counter-basic.test.tsx > AnimatedCounter - Basic Rendering > Basic Rendering > renders with custom easing 3ms 69 MB heap used
 ✓ src/components/ui/__tests__/animated-counter-basic.test.tsx > AnimatedCounter - Basic Rendering > Basic Rendering > renders with custom formatter 3ms 70 MB heap used
 ✓ src/components/ui/__tests__/animated-counter-basic.test.tsx > AnimatedCounter - Basic Rendering > Basic Rendering > renders with delay 2ms 71 MB heap used
 ✓ src/components/ui/__tests__/animated-counter-basic.test.tsx > AnimatedCounter - Basic Rendering > Basic Rendering > renders with triggerOnVisible enabled 3ms 73 MB heap used
 ✓ src/components/ui/__tests__/animated-counter-basic.test.tsx > AnimatedCounter - Basic Rendering > Basic Rendering > handles multiple instances independently 3ms 75 MB heap used
 ✓ src/components/ui/__tests__/animated-counter-basic.test.tsx > AnimatedCounter - Basic Rendering > Basic Rendering > preserves other HTML attributes 3ms 76 MB heap used
 ✓ src/components/ui/__tests__/animated-counter-basic.test.tsx > AnimatedCounter - Basic Rendering > Basic Rendering > handles component unmounting gracefully 3ms 78 MB heap used
 ✓ src/components/ui/__tests__/animated-counter-basic.test.tsx > AnimatedCounter - Basic Rendering > Basic Rendering > renders consistently across multiple renders 3ms 79 MB heap used
 ✓ src/components/shared/__tests__/animated-icon.test.tsx > AnimatedIcon > Basic Rendering > renders construction variant by default 41ms 58 MB heap used
 ✓ src/components/shared/__tests__/animated-icon.test.tsx > AnimatedIcon > Basic Rendering > renders with default size (lg) 5ms 59 MB heap used
 ✓ src/components/shared/__tests__/animated-icon.test.tsx > AnimatedIcon > Basic Rendering > applies custom className 3ms 60 MB heap used
 ✓ src/components/shared/__tests__/animated-icon.test.tsx > AnimatedIcon > Size Variants > renders small size correctly 3ms 61 MB heap used
 ✓ src/components/shared/__tests__/animated-icon.test.tsx > AnimatedIcon > Size Variants > renders medium size correctly 3ms 62 MB heap used
 ✓ src/components/shared/__tests__/animated-icon.test.tsx > AnimatedIcon > Size Variants > renders large size correctly 2ms 62 MB heap used
 ✓ src/components/shared/__tests__/animated-icon.test.tsx > AnimatedIcon > Size Variants > renders extra large size correctly 2ms 63 MB heap used
 ✓ src/components/shared/__tests__/animated-icon.test.tsx > AnimatedIcon > Size Variants > falls back to large size for invalid size 2ms 64 MB heap used
 ✓ src/components/shared/__tests__/animated-icon.test.tsx > AnimatedIcon > Construction Variant > renders construction variant correctly 2ms 65 MB heap used
 ✓ src/components/shared/__tests__/animated-icon.test.tsx > AnimatedIcon > Construction Variant > applies pulse animation when motion is not reduced 2ms 66 MB heap used
 ✓ src/components/shared/__tests__/animated-icon.test.tsx > AnimatedIcon > Construction Variant > does not apply pulse animation when motion is reduced 2ms 66 MB heap used
 ✓ src/components/shared/__tests__/animated-icon.test.tsx > AnimatedIcon > Loading Variant > renders loading variant correctly 2ms 67 MB heap used
 ✓ src/components/shared/__tests__/animated-icon.test.tsx > AnimatedIcon > Loading Variant > applies spin animation when motion is not reduced 2ms 68 MB heap used
 ✓ src/components/shared/__tests__/animated-icon.test.tsx > AnimatedIcon > Loading Variant > does not apply spin animation when motion is reduced 2ms 69 MB heap used
 ✓ src/components/shared/__tests__/animated-icon.test.tsx > AnimatedIcon > Loading Variant > has correct container structure for loading variant 4ms 45 MB heap used
 ✓ src/components/shared/__tests__/animated-icon.test.tsx > AnimatedIcon > Gear Variant > renders gear variant correctly 2ms 46 MB heap used
 ✓ src/components/shared/__tests__/animated-icon.test.tsx > AnimatedIcon > Gear Variant > applies spin animation when motion is not reduced 2ms 46 MB heap used
 ✓ src/components/shared/__tests__/animated-icon.test.tsx > AnimatedIcon > Gear Variant > does not apply spin animation when motion is reduced 2ms 47 MB heap used
 ✓ src/components/shared/__tests__/animated-icon.test.tsx > AnimatedIcon > Gear Variant > has correct container structure for gear variant 2ms 48 MB heap used
 ✓ src/components/shared/__tests__/animated-icon.test.tsx > AnimatedIcon > SVG Properties > applies correct SVG attributes for all variants 5ms 50 MB heap used
 ✓ src/components/shared/__tests__/animated-icon.test.tsx > AnimatedIcon > Motion Preferences > respects reduced motion preference for construction variant 2ms 51 MB heap used
 ✓ src/components/shared/__tests__/animated-icon.test.tsx > AnimatedIcon > Motion Preferences > respects reduced motion preference for loading variant 2ms 52 MB heap used
 ✓ src/components/shared/__tests__/animated-icon.test.tsx > AnimatedIcon > Motion Preferences > respects reduced motion preference for gear variant 1ms 52 MB heap used
 ✓ src/components/shared/__tests__/animated-icon.test.tsx > AnimatedIcon > Component Composition > combines size, variant, and className correctly 1ms 53 MB heap used
 ✓ src/components/shared/__tests__/animated-icon.test.tsx > AnimatedIcon > Component Composition > handles all combinations of size and variant 16ms 61 MB heap used
 ✓ src/components/shared/__tests__/animated-icon.test.tsx > AnimatedIcon > Edge Cases > returns null for invalid variant 1ms 61 MB heap used
 ✓ src/components/shared/__tests__/animated-icon.test.tsx > AnimatedIcon > Edge Cases > handles undefined props gracefully 1ms 62 MB heap used
 ✓ src/components/shared/__tests__/animated-icon.test.tsx > AnimatedIcon > Memoization > is memoized component 0ms 62 MB heap used
 ✓ src/components/shared/__tests__/animated-icon.test.tsx > AnimatedIcon > Memoization > renders consistently with same props 2ms 63 MB heap used
 ✓ src/components/home/__tests__/project-overview.test.tsx > ProjectOverview > Basic Rendering > should render project overview without errors 26ms 61 MB heap used
 ✓ src/components/home/__tests__/project-overview.test.tsx > ProjectOverview > Basic Rendering > should render main title and subtitle 9ms 64 MB heap used
 ✓ src/components/home/__tests__/project-overview.test.tsx > ProjectOverview > Feature Grid > should render all feature cards 9ms 70 MB heap used
 ✓ src/components/home/__tests__/project-overview.test.tsx > ProjectOverview > Feature Grid > should render feature icons 7ms 73 MB heap used
 ✓ src/components/home/__tests__/project-overview.test.tsx > ProjectOverview > Feature Grid > should render feature badges 7ms 77 MB heap used
 ✓ src/components/home/__tests__/project-overview.test.tsx > ProjectOverview > Tech Architecture > should render architecture section 6ms 80 MB heap used
 ✓ src/components/home/__tests__/project-overview.test.tsx > ProjectOverview > Tech Architecture > should render architecture categories 8ms 61 MB heap used
 ✓ src/components/home/__tests__/project-overview.test.tsx > ProjectOverview > Tech Architecture > should render technology items 7ms 66 MB heap used
 ✓ src/components/home/__tests__/project-overview.test.tsx > ProjectOverview > Call to Action > should render CTA buttons 6ms 70 MB heap used
 ✓ src/components/home/__tests__/project-overview.test.tsx > ProjectOverview > Call to Action > should render CTA icons 5ms 73 MB heap used
 ✓ src/components/home/__tests__/project-overview.test.tsx > ProjectOverview > Animation Integration > should use intersection observer for animations 5ms 75 MB heap used
 ✓ src/components/home/__tests__/project-overview.test.tsx > ProjectOverview > Internationalization > should use translations for all text content 6ms 78 MB heap used
stderr | tests/integration/components/theme-toggle.test.tsx > ThemeToggle Integration Tests > Complete Theme Switching Workflow > should complete full theme switch from light to dark
React does not recognize the `prefersHighContrast` prop on a DOM element. If you intentionally want it to appear in the DOM as a custom attribute, spell it as lowercase `prefershighcontrast` instead. If you accidentally passed it from a parent component, remove it from the DOM element.
React does not recognize the `prefersReducedMotion` prop on a DOM element. If you intentionally want it to appear in the DOM as a custom attribute, spell it as lowercase `prefersreducedmotion` instead. If you accidentally passed it from a parent component, remove it from the DOM element.
React does not recognize the `supportsViewTransitions` prop on a DOM element. If you intentionally want it to appear in the DOM as a custom attribute, spell it as lowercase `supportsviewtransitions` instead. If you accidentally passed it from a parent component, remove it from the DOM element.
Invalid value for prop `icon` on <div> tag. Either remove it from the element, or pass a string or number value to keep it in the DOM. For details, see https://react.dev/link/attribute-behavior 

 ✓ tests/integration/components/theme-toggle.test.tsx > ThemeToggle Integration Tests > Complete Theme Switching Workflow > should complete full theme switch from light to dark 67ms 65 MB heap used
 ✓ tests/integration/components/theme-toggle.test.tsx > ThemeToggle Integration Tests > Complete Theme Switching Workflow > should handle system theme preference workflow 19ms 68 MB heap used
 ✓ tests/integration/components/theme-toggle.test.tsx > ThemeToggle Integration Tests > Accessibility Integration > should support complete keyboard navigation workflow 12ms 40 MB heap used
 ✓ tests/integration/components/theme-toggle.test.tsx > ThemeToggle Integration Tests > Accessibility Integration > should handle high contrast preference integration 3ms 41 MB heap used
 ✓ tests/integration/components/theme-toggle.test.tsx > ThemeToggle Integration Tests > Accessibility Integration > should handle reduced motion preference integration 3ms 42 MB heap used
 ✓ tests/integration/components/theme-toggle.test.tsx > ThemeToggle Integration Tests > State Persistence Integration > should maintain theme state across component re-renders 2ms 42 MB heap used
 ✓ tests/integration/components/theme-toggle.test.tsx > ThemeToggle Integration Tests > Error Recovery Integration > should handle hook errors gracefully 2ms 43 MB heap used
 ✓ tests/integration/components/theme-toggle.test.tsx > ThemeToggle Integration Tests > Error Recovery Integration > should handle missing theme data gracefully 3ms 44 MB heap used
 ✓ src/components/shared/__tests__/progress-indicator-advanced.test.tsx > ProgressIndicator - 高级功能测试 > 动画和过渡效果 > 步骤切换时有过渡动画 26ms 46 MB heap used
 ✓ src/components/shared/__tests__/progress-indicator-advanced.test.tsx > ProgressIndicator - 高级功能测试 > 动画和过渡效果 > 不同步骤显示正确的进度 8ms 48 MB heap used
 ✓ src/components/shared/__tests__/progress-indicator-advanced.test.tsx > ProgressIndicator - 高级功能测试 > 动画和过渡效果 > 进度条填充正确工作 6ms 49 MB heap used
 ✓ src/components/shared/__tests__/progress-indicator-advanced.test.tsx > ProgressIndicator - 高级功能测试 > 显示状态 > 正确显示当前步骤状态 4ms 51 MB heap used
 ✓ src/components/shared/__tests__/progress-indicator-advanced.test.tsx > ProgressIndicator - 高级功能测试 > 显示状态 > 正确显示步骤完成状态 5ms 52 MB heap used
 ✓ src/components/shared/__tests__/progress-indicator-advanced.test.tsx > ProgressIndicator - 高级功能测试 > 显示状态 > Tab键正确遍历可聚焦元素 47ms 58 MB heap used
 ✓ src/components/ui/__tests__/card-integration-scenarios.test.tsx > Card Integration Scenarios Tests > Component Integration > works with form elements 50ms 78 MB heap used
 ✓ src/components/ui/__tests__/card-integration-scenarios.test.tsx > Card Integration Scenarios Tests > Component Integration > integrates with other UI components 3ms 79 MB heap used
 ✓ src/components/ui/__tests__/card-integration-scenarios.test.tsx > Card Integration Scenarios Tests > Component Integration > supports responsive design 3ms 80 MB heap used
 ✓ src/components/ui/__tests__/card-integration-scenarios.test.tsx > Card Integration Scenarios Tests > Component Integration > works with data visualization components 2ms 80 MB heap used
 ✓ src/components/ui/__tests__/card-integration-scenarios.test.tsx > Card Integration Scenarios Tests > Component Integration > integrates with navigation components 11ms 62 MB heap used
 ✓ src/components/ui/__tests__/card-integration-scenarios.test.tsx > Card Integration Scenarios Tests > Component Integration > supports media content integration 2ms 63 MB heap used
 ✓ src/components/ui/__tests__/card-integration-scenarios.test.tsx > Card Integration Scenarios Tests > Component Integration > works with table components 7ms 66 MB heap used
 ✓ src/components/ui/__tests__/card-integration-scenarios.test.tsx > Card Integration Scenarios Tests > Component Integration > integrates with modal and dialog components 2ms 67 MB heap used
 ✓ src/components/ui/__tests__/card-integration-scenarios.test.tsx > Card Integration Scenarios Tests > Component Integration > supports accordion-style interactions 3ms 69 MB heap used
 ✓ src/components/ui/__tests__/card-integration-scenarios.test.tsx > Card Integration Scenarios Tests > Component Integration > works with drag and drop interfaces 1ms 69 MB heap used
 ✓ src/components/ui/__tests__/card-integration-scenarios.test.tsx > Card Integration Scenarios Tests > Component Integration > integrates with search and filter components 3ms 69 MB heap used
 ✓ src/components/ui/__tests__/card-integration-scenarios.test.tsx > Card Integration Scenarios Tests > Component Integration > supports notification and alert patterns 2ms 70 MB heap used
 ✓ src/components/ui/__tests__/card-integration-scenarios.test.tsx > Card Integration Scenarios Tests > Component Integration > works with loading and skeleton states 2ms 71 MB heap used
 ✓ src/components/ui/__tests__/card-integration-scenarios.test.tsx > Card Integration Scenarios Tests > Component Integration > integrates with pagination components 2ms 72 MB heap used
 ✓ src/components/home/showcase/__tests__/form-showcase.test.tsx > FormShowcase > 基础渲染 > 应该正确渲染Form展示组件 24ms 60 MB heap used
 ✓ src/components/home/showcase/__tests__/form-showcase.test.tsx > FormShowcase > 基础渲染 > 应该渲染所有表单字段 5ms 61 MB heap used
 ✓ src/components/home/showcase/__tests__/form-showcase.test.tsx > FormShowcase > 基础渲染 > 应该渲染提交按钮 33ms 65 MB heap used
 ✓ src/components/home/showcase/__tests__/form-showcase.test.tsx > FormShowcase > 表单交互 > 应该支持输入文本 5ms 66 MB heap used
 ✓ src/components/home/showcase/__tests__/form-showcase.test.tsx > FormShowcase > 表单交互 > 应该支持邮箱输入 3ms 67 MB heap used
 ✓ src/components/home/showcase/__tests__/form-showcase.test.tsx > FormShowcase > 表单交互 > 应该支持输入占位符 3ms 67 MB heap used
 ✓ src/components/home/showcase/__tests__/form-showcase.test.tsx > FormShowcase > 表单交互 > 应该支持表单提交 6ms 69 MB heap used
 ✓ src/components/home/showcase/__tests__/form-showcase.test.tsx > FormShowcase > 翻译功能 > 应该调用翻译函数获取所有文本 3ms 70 MB heap used
 ✓ src/components/home/showcase/__tests__/form-showcase.test.tsx > FormShowcase > 翻译功能 > 应该处理缺失的翻译 3ms 70 MB heap used
 ✓ src/components/home/showcase/__tests__/form-showcase.test.tsx > FormShowcase > 表单验证 > 邮箱字段应该有正确的类型 3ms 71 MB heap used
 ✓ src/components/home/showcase/__tests__/form-showcase.test.tsx > FormShowcase > 表单验证 > 必填字段应该有required属性 2ms 72 MB heap used
 ✓ src/components/home/showcase/__tests__/form-showcase.test.tsx > FormShowcase > 样式和布局 > 应该应用正确的CSS类 3ms 72 MB heap used
 ✓ src/components/home/showcase/__tests__/form-showcase.test.tsx > FormShowcase > 样式和布局 > 应该有正确的表单结构 2ms 73 MB heap used
 ✓ src/components/home/showcase/__tests__/form-showcase.test.tsx > FormShowcase > 组件结构 > 应该使用Card组件包装 2ms 74 MB heap used
 ✓ src/components/home/showcase/__tests__/form-showcase.test.tsx > FormShowcase > 组件结构 > 应该包含CardHeader和CardContent 2ms 74 MB heap used
 ✓ src/components/home/showcase/__tests__/form-showcase.test.tsx > FormShowcase > 可访问性 > 所有输入字段应该有对应的标签 2ms 75 MB heap used
 ✓ src/components/home/showcase/__tests__/form-showcase.test.tsx > FormShowcase > 可访问性 > 表单应该支持键盘导航 3ms 76 MB heap used
 ✓ src/components/home/showcase/__tests__/form-showcase.test.tsx > FormShowcase > 边界条件 > 应该处理空的翻译函数 2ms 77 MB heap used
 ✓ src/components/home/showcase/__tests__/form-showcase.test.tsx > FormShowcase > 边界条件 > 应该处理翻译函数抛出错误 4ms 77 MB heap used
 ✓ src/components/ui/__tests__/tabs-basic.test.tsx > Tabs Basic Components > Tabs > renders tabs root component 52ms 62 MB heap used
 ✓ src/components/ui/__tests__/tabs-basic.test.tsx > Tabs Basic Components > Tabs > accepts custom className 5ms 63 MB heap used
 ✓ src/components/ui/__tests__/tabs-basic.test.tsx > Tabs Basic Components > Tabs > supports controlled mode 27ms 46 MB heap used
 ✓ src/components/ui/__tests__/tabs-basic.test.tsx > Tabs Basic Components > TabsList > renders tabs list 5ms 47 MB heap used
 ✓ src/components/ui/__tests__/tabs-basic.test.tsx > Tabs Basic Components > TabsList > applies correct CSS classes 5ms 48 MB heap used
 ✓ src/components/ui/__tests__/tabs-basic.test.tsx > Tabs Basic Components > TabsList > accepts custom className 5ms 49 MB heap used
 ✓ src/components/ui/__tests__/tabs-basic.test.tsx > Tabs Basic Components > TabsList > renders multiple tabs 5ms 51 MB heap used
 ✓ src/components/ui/__tests__/label-accessibility.test.tsx > Label - Accessibility > supports aria attributes 19ms 61 MB heap used
 ✓ src/components/ui/__tests__/label-accessibility.test.tsx > Label - Accessibility > supports aria-required for required fields 3ms 63 MB heap used
 ✓ src/components/ui/__tests__/label-accessibility.test.tsx > Label - Accessibility > supports aria-invalid for error states 1ms 63 MB heap used
 ✓ src/components/ui/__tests__/label-accessibility.test.tsx > Label - Accessibility > supports aria-labelledby for complex labeling 2ms 63 MB heap used
 ✓ src/components/ui/__tests__/label-accessibility.test.tsx > Label - Accessibility > supports screen reader text 2ms 64 MB heap used
 ✓ src/components/ui/__tests__/label-accessibility.test.tsx > Label - Accessibility > handles keyboard navigation 9ms 65 MB heap used
 ✓ src/components/ui/__tests__/label-accessibility.test.tsx > Label - Accessibility > supports high contrast mode 1ms 65 MB heap used
 ✓ src/components/ui/__tests__/label-accessibility.test.tsx > Label - Accessibility > supports reduced motion preferences 1ms 66 MB heap used
 ✓ src/components/ui/__tests__/label-accessibility.test.tsx > Label - Accessibility > provides proper focus indicators 28ms 69 MB heap used
 ✓ src/components/ui/__tests__/label-accessibility.test.tsx > Label - Accessibility > supports touch targets for mobile 3ms 69 MB heap used
 ✓ src/components/ui/__tests__/label-accessibility.test.tsx > Label - Accessibility > handles focus management with associated inputs 26ms 41 MB heap used
 ✓ src/components/ui/__tests__/label-accessibility.test.tsx > Label - Accessibility > supports role attribute for semantic meaning 2ms 42 MB heap used
 ✓ src/components/ui/__tests__/label-accessibility.test.tsx > Label - Accessibility > handles complex accessibility scenarios 1ms 43 MB heap used
 ✓ src/components/ui/__tests__/label-accessibility.test.tsx > Label - Accessibility > supports WCAG compliance features 1ms 43 MB heap used
 ✓ src/components/ui/__tests__/label-accessibility.test.tsx > Label - Accessibility > handles assistive technology announcements 1ms 44 MB heap used
 ✓ src/components/ui/__tests__/label-accessibility.test.tsx > Label - Accessibility > supports internationalization attributes 1ms 44 MB heap used
 ✓ src/components/ui/__tests__/label-component-composition.test.tsx > Label Component Composition Tests > Component Composition > works with other UI components 24ms 62 MB heap used
 ✓ src/components/ui/__tests__/label-component-composition.test.tsx > Label Component Composition Tests > Component Composition > works in modal/dialog contexts 28ms 65 MB heap used
 ✓ src/components/ui/__tests__/label-component-composition.test.tsx > Label Component Composition Tests > Component Composition > handles nested component structures 3ms 65 MB heap used
 ✓ src/components/ui/__tests__/label-component-composition.test.tsx > Label Component Composition Tests > Component Composition > works with conditional rendering 5ms 66 MB heap used
 ✓ src/components/ui/__tests__/label-component-composition.test.tsx > Label Component Composition Tests > Component Composition > handles dynamic label content 3ms 67 MB heap used
 ✓ src/components/ui/__tests__/label-component-composition.test.tsx > Label Component Composition Tests > Component Composition > works with complex form layouts 7ms 69 MB heap used
 ✓ src/components/ui/__tests__/label-component-composition.test.tsx > Label Component Composition Tests > Component Composition > works with custom form components 18ms 42 MB heap used
 ✓ src/components/ui/__tests__/label-component-composition.test.tsx > Label Component Composition Tests > Component Composition > handles component composition with styling 3ms 42 MB heap used
 ✓ src/components/ui/__tests__/label-component-composition.test.tsx > Label Component Composition Tests > Component Composition > works with component libraries integration 2ms 43 MB heap used
 ✓ src/components/ui/__tests__/label-component-composition.test.tsx > Label Component Composition Tests > Component Composition > handles portal/teleport scenarios 2ms 44 MB heap used
 ✓ src/components/ui/__tests__/label-component-composition.test.tsx > Label Component Composition Tests > Component Composition > works with error boundary contexts 1ms 44 MB heap used
 ✓ src/components/ui/__tests__/label-component-composition.test.tsx > Label Component Composition Tests > Component Composition > handles theme provider contexts 2ms 45 MB heap used
 ✓ src/components/ui/__tests__/card-accessibility-features.test.tsx > Card Accessibility Features - Main Tests > 核心可访问性验证 > supports semantic HTML structure 51ms 56 MB heap used
 ✓ src/components/ui/__tests__/card-accessibility-features.test.tsx > Card Accessibility Features - Main Tests > 核心可访问性验证 > supports ARIA attributes 3ms 57 MB heap used
 ✓ src/components/ui/__tests__/card-accessibility-features.test.tsx > Card Accessibility Features - Main Tests > 核心可访问性验证 > maintains focus management 7ms 59 MB heap used
 ✓ src/components/ui/__tests__/card-accessibility-features.test.tsx > Card Accessibility Features - Main Tests > 核心可访问性验证 > supports keyboard navigation 5ms 60 MB heap used
 ✓ src/components/ui/__tests__/card-accessibility-features.test.tsx > Card Accessibility Features - Main Tests > 核心可访问性验证 > provides proper heading hierarchy 6ms 62 MB heap used
 ✓ src/components/ui/__tests__/card-accessibility-features.test.tsx > Card Accessibility Features - Main Tests > 核心可访问性验证 > supports screen reader announcements 2ms 62 MB heap used
 ✓ src/components/ui/__tests__/card-accessibility-features.test.tsx > Card Accessibility Features - Main Tests > 核心可访问性验证 > handles high contrast mode 1ms 63 MB heap used
 ✓ src/components/ui/__tests__/card-accessibility-features.test.tsx > Card Accessibility Features - Main Tests > 核心可访问性验证 > supports reduced motion preferences 2ms 64 MB heap used
 ✓ src/components/ui/__tests__/card-accessibility-features.test.tsx > Card Accessibility Features - Main Tests > 核心可访问性验证 > provides alternative text for images 3ms 64 MB heap used
 ✓ src/components/ui/__tests__/card-accessibility-features.test.tsx > Card Accessibility Features - Main Tests > 核心可访问性验证 > supports internationalization 2ms 64 MB heap used
 ✓ src/components/ui/__tests__/card-accessibility-features.test.tsx > Card Accessibility Features - Main Tests > 核心可访问性验证 > supports color contrast requirements 1ms 65 MB heap used
 ✓ src/components/ui/__tests__/card-accessibility-features.test.tsx > Card Accessibility Features - Main Tests > 核心可访问性验证 > provides skip links for complex cards 1ms 65 MB heap used
 ✓ src/components/ui/__tests__/card-accessibility-features.test.tsx > Card Accessibility Features - Main Tests > 核心可访问性验证 > supports voice control commands 2ms 66 MB heap used
 ✓ src/components/ui/__tests__/card-accessibility-features.test.tsx > Card Accessibility Features - Main Tests > 核心可访问性验证 > provides status updates for dynamic content 2ms 67 MB heap used
 ✓ src/components/ui/__tests__/card-accessibility-features.test.tsx > Card Accessibility Features - Main Tests > 错误处理验证 > handles missing accessibility attributes gracefully 1ms 67 MB heap used
 ✓ src/components/ui/__tests__/card-accessibility-features.test.tsx > Card Accessibility Features - Main Tests > 错误处理验证 > handles invalid ARIA attributes gracefully 1ms 68 MB heap used
 ✓ src/components/ui/__tests__/card-accessibility-features.test.tsx > Card Accessibility Features - Main Tests > 错误处理验证 > handles conflicting accessibility attributes gracefully 1ms 68 MB heap used
 ✓ src/components/ui/__tests__/animated-counter-performance.test.tsx > AnimatedCounter - Performance & Refs > Ref Handling > forwards ref correctly 16ms 60 MB heap used
 ✓ src/components/ui/__tests__/animated-counter-performance.test.tsx > AnimatedCounter - Performance & Refs > Ref Handling > supports callback refs 2ms 61 MB heap used
 ✓ src/components/ui/__tests__/animated-counter-performance.test.tsx > AnimatedCounter - Performance & Refs > Ref Handling > handles ref changes 2ms 62 MB heap used
 ✓ src/components/ui/__tests__/animated-counter-performance.test.tsx > AnimatedCounter - Performance & Refs > Ref Handling > handles null ref 2ms 62 MB heap used
 ✓ src/components/ui/__tests__/animated-counter-performance.test.tsx > AnimatedCounter - Performance & Refs > Ref Handling > ref persists through value changes 2ms 62 MB heap used
 ✓ src/components/ui/__tests__/animated-counter-performance.test.tsx > AnimatedCounter - Performance & Refs > Ref Handling > allows access to DOM methods through ref 1ms 63 MB heap used
 ✓ src/components/ui/__tests__/animated-counter-performance.test.tsx > AnimatedCounter - Performance & Refs > Performance > uses requestAnimationFrame for smooth animation 1ms 63 MB heap used
 ✓ src/components/ui/__tests__/animated-counter-performance.test.tsx > AnimatedCounter - Performance & Refs > Performance > cancels animation frame on unmount 1ms 64 MB heap used
 ✓ src/components/ui/__tests__/animated-counter-performance.test.tsx > AnimatedCounter - Performance & Refs > Performance > does not create memory leaks with multiple instances 5ms 67 MB heap used
 ✓ src/components/ui/__tests__/animated-counter-performance.test.tsx > AnimatedCounter - Performance & Refs > Performance > efficiently handles rapid value changes 3ms 69 MB heap used
 ✓ src/components/ui/__tests__/animated-counter-performance.test.tsx > AnimatedCounter - Performance & Refs > Performance > optimizes by not animating when value does not change 1ms 68 MB heap used
 ✓ src/components/ui/__tests__/animated-counter-performance.test.tsx > AnimatedCounter - Performance & Refs > Performance > handles high-frequency updates efficiently 17ms 76 MB heap used
 ✓ src/components/ui/__tests__/animated-counter-performance.test.tsx > AnimatedCounter - Performance & Refs > Performance > cleans up properly on component unmount 1ms 77 MB heap used
 ✓ src/components/ui/__tests__/animated-counter-performance.test.tsx > AnimatedCounter - Performance & Refs > Performance > does not cause excessive re-renders 1ms 77 MB heap used
 ✓ src/components/ui/__tests__/animated-counter-performance.test.tsx > AnimatedCounter - Performance & Refs > Performance > handles concurrent animations without interference 6ms 79 MB heap used
 ✓ src/components/ui/__tests__/animated-counter-performance.test.tsx > AnimatedCounter - Performance & Refs > Performance > efficiently handles animation state updates 26ms 82 MB heap used
 ✓ src/components/ui/__tests__/animated-counter-performance.test.tsx > AnimatedCounter - Performance & Refs > Performance > handles animation completion efficiently 2ms 83 MB heap used
 ✓ src/components/ui/__tests__/animated-counter-performance.test.tsx > AnimatedCounter - Performance & Refs > Performance > optimizes formatter calls during animation 1ms 83 MB heap used
 ✓ src/components/ui/__tests__/animated-counter-performance.test.tsx > AnimatedCounter - Performance & Refs > Performance > handles browser tab visibility changes 2ms 84 MB heap used
 ✓ src/components/ui/__tests__/label-state-management.test.tsx > Label State Management - Main Tests > 核心状态管理验证 > handles disabled state correctly 19ms 63 MB heap used
 ✓ src/components/ui/__tests__/label-state-management.test.tsx > Label State Management - Main Tests > 核心状态管理验证 > disables associated input when label is disabled 43ms 67 MB heap used
 ✓ src/components/ui/__tests__/label-state-management.test.tsx > Label State Management - Main Tests > 核心状态管理验证 > applies custom disabled styling 2ms 68 MB heap used
 ✓ src/components/ui/__tests__/label-state-management.test.tsx > Label State Management - Main Tests > 核心状态管理验证 > handles disabled state in form context 7ms 69 MB heap used
 ✓ src/components/ui/__tests__/label-state-management.test.tsx > Label State Management - Main Tests > 核心状态管理验证 > handles conditional disabled state 2ms 70 MB heap used
 ✓ src/components/ui/__tests__/label-state-management.test.tsx > Label State Management - Main Tests > 核心状态管理验证 > handles active state styling 1ms 70 MB heap used
 ✓ src/components/ui/__tests__/label-state-management.test.tsx > Label State Management - Main Tests > 核心状态管理验证 > handles hover state styling 1ms 70 MB heap used
 ✓ src/components/ui/__tests__/label-state-management.test.tsx > Label State Management - Main Tests > 核心状态管理验证 > handles focus state styling 2ms 71 MB heap used
 ✓ src/components/ui/__tests__/label-state-management.test.tsx > Label State Management - Main Tests > 核心状态管理验证 > handles visited state for links 2ms 72 MB heap used
 ✓ src/components/ui/__tests__/label-state-management.test.tsx > Label State Management - Main Tests > 核心状态管理验证 > handles checked state for form controls 2ms 72 MB heap used
 ✓ src/components/ui/__tests__/label-state-management.test.tsx > Label State Management - Main Tests > 核心状态管理验证 > handles invalid state styling 1ms 73 MB heap used
 ✓ src/components/ui/__tests__/label-state-management.test.tsx > Label State Management - Main Tests > 核心状态管理验证 > handles required state styling 1ms 73 MB heap used
 ✓ src/components/ui/__tests__/label-state-management.test.tsx > Label State Management - Main Tests > 核心状态管理验证 > handles readonly state styling 1ms 74 MB heap used
 ✓ src/components/ui/__tests__/label-state-management.test.tsx > Label State Management - Main Tests > 核心状态管理验证 > handles placeholder-shown state 1ms 74 MB heap used
 ✓ src/components/ui/__tests__/label-state-management.test.tsx > Label State Management - Main Tests > 核心状态管理验证 > handles dynamic state changes 8ms 75 MB heap used
 ✓ src/components/ui/__tests__/label-state-management.test.tsx > Label State Management - Main Tests > 核心状态管理验证 > handles loading state 1ms 75 MB heap used
 ✓ src/components/ui/__tests__/label-state-management.test.tsx > Label State Management - Main Tests > 核心状态管理验证 > handles error state 1ms 76 MB heap used
 ✓ src/components/ui/__tests__/label-state-management.test.tsx > Label State Management - Main Tests > 核心状态管理验证 > handles success state 1ms 76 MB heap used
 ✓ src/components/ui/__tests__/label-state-management.test.tsx > Label State Management - Main Tests > 错误处理验证 > handles missing state gracefully 1ms 76 MB heap used
 ✓ src/components/ui/__tests__/label-state-management.test.tsx > Label State Management - Main Tests > 错误处理验证 > handles invalid state gracefully 1ms 77 MB heap used
 ✓ src/components/ui/__tests__/label-state-management.test.tsx > Label State Management - Main Tests > 错误处理验证 > handles conflicting states gracefully 2ms 77 MB heap used
 ✓ src/components/theme/__tests__/theme-toggle-button.test.tsx > ThemeToggleButton > Basic Rendering > renders theme toggle button with default props 48ms 62 MB heap used
 ✓ src/components/theme/__tests__/theme-toggle-button.test.tsx > ThemeToggleButton > Basic Rendering > renders both sun and moon icons 3ms 63 MB heap used
 ✓ src/components/theme/__tests__/theme-toggle-button.test.tsx > ThemeToggleButton > Basic Rendering > renders screen reader text 3ms 64 MB heap used
 ✓ src/components/theme/__tests__/theme-toggle-button.test.tsx > ThemeToggleButton > Basic Rendering > applies correct button variant and size 5ms 64 MB heap used
 ✓ src/components/theme/__tests__/theme-toggle-button.test.tsx > ThemeToggleButton > Accessibility Features > applies all aria attributes correctly 3ms 66 MB heap used
 ✓ src/components/theme/__tests__/theme-toggle-button.test.tsx > ThemeToggleButton > Accessibility Features > applies high contrast styles when prefersHighContrast is true 3ms 66 MB heap used
 ✓ src/components/theme/__tests__/theme-toggle-button.test.tsx > ThemeToggleButton > Accessibility Features > does not apply high contrast styles when prefersHighContrast is false 3ms 68 MB heap used
 ✓ src/components/theme/__tests__/theme-toggle-button.test.tsx > ThemeToggleButton > Accessibility Features > applies focus ring styles 2ms 68 MB heap used
 ✓ src/components/theme/__tests__/theme-toggle-button.test.tsx > ThemeToggleButton > Motion Preferences > applies transition classes when prefersReducedMotion is false 3ms 70 MB heap used
 ✓ src/components/theme/__tests__/theme-toggle-button.test.tsx > ThemeToggleButton > Motion Preferences > does not apply transition classes when prefersReducedMotion is true 3ms 70 MB heap used
 ✓ src/components/theme/__tests__/theme-toggle-button.test.tsx > ThemeToggleButton > Icon Styling > applies correct classes to sun icon 1ms 70 MB heap used
 ✓ src/components/theme/__tests__/theme-toggle-button.test.tsx > ThemeToggleButton > Icon Styling > applies correct classes to moon icon 1ms 71 MB heap used
 ✓ src/components/theme/__tests__/theme-toggle-button.test.tsx > ThemeToggleButton > Event Handling > calls onClick handler when button is clicked 5ms 72 MB heap used
 ✓ src/components/theme/__tests__/theme-toggle-button.test.tsx > ThemeToggleButton > Event Handling > calls onKeyDown handler when key is pressed 3ms 73 MB heap used
 ✓ src/components/theme/__tests__/theme-toggle-button.test.tsx > ThemeToggleButton > Event Handling > handles keyboard navigation with Space key 3ms 74 MB heap used
 ✓ src/components/theme/__tests__/theme-toggle-button.test.tsx > ThemeToggleButton > Forward Ref > forwards ref to button element 2ms 74 MB heap used
 ✓ src/components/theme/__tests__/theme-toggle-button.test.tsx > ThemeToggleButton > Forward Ref > has correct display name 0ms 74 MB heap used
 ✓ src/components/theme/__tests__/theme-toggle-button.test.tsx > ThemeToggleButton > Props Spreading > spreads additional props to button element 2ms 75 MB heap used
 ✓ src/components/theme/__tests__/theme-toggle-button.test.tsx > ThemeToggleButton > Edge Cases > handles missing onClick handler gracefully 2ms 76 MB heap used
 ✓ src/components/theme/__tests__/theme-toggle-button.test.tsx > ThemeToggleButton > Edge Cases > handles empty aria attributes 2ms 77 MB heap used
 ✓ src/components/theme/__tests__/theme-toggle-button.test.tsx > ThemeToggleButton > Edge Cases > combines all accessibility and motion preferences correctly 2ms 78 MB heap used
 ✓ src/app/[locale]/contact/__tests__/page-i18n-basic.test.tsx > Contact Page I18n - Basic Tests > 基本翻译功能 > 应该正确使用翻译 4ms 54 MB heap used
 ✓ src/app/[locale]/contact/__tests__/page-i18n-basic.test.tsx > Contact Page I18n - Basic Tests > 基本翻译功能 > 应该处理不同的locale 1ms 54 MB heap used
 ✓ src/app/[locale]/contact/__tests__/page-i18n-basic.test.tsx > Contact Page I18n - Basic Tests > 基本翻译功能 > 应该处理缺失的翻译键 17ms 57 MB heap used
 ✓ src/app/[locale]/contact/__tests__/page-i18n-basic.test.tsx > Contact Page I18n - Basic Tests > 基本翻译功能 > 应该处理特殊字符的locale 1ms 57 MB heap used
 ✓ src/app/[locale]/contact/__tests__/page-i18n-basic.test.tsx > Contact Page I18n - Basic Tests > 基本翻译功能 > 应该处理空的翻译值 30ms 61 MB heap used
 ✓ src/app/[locale]/contact/__tests__/page-i18n-basic.test.tsx > Contact Page I18n - Basic Tests > 元数据生成 > 应该正确生成页面元数据 1ms 61 MB heap used
 ✓ src/app/[locale]/contact/__tests__/page-i18n-basic.test.tsx > Contact Page I18n - Basic Tests > 元数据生成 > 应该处理不同locale的元数据 0ms 61 MB heap used
 ✓ src/app/[locale]/contact/__tests__/page-i18n-basic.test.tsx > Contact Page I18n - Basic Tests > 元数据生成 > 应该处理元数据生成错误 1ms 61 MB heap used
 ✓ src/app/[locale]/contact/__tests__/page-i18n-basic.test.tsx > Contact Page I18n - Basic Tests > 元数据生成 > 应该生成正确的元数据结构 1ms 62 MB heap used
 ✓ src/app/[locale]/contact/__tests__/page-i18n-basic.test.tsx > Contact Page I18n - Basic Tests > 多语言支持 > 应该支持英文locale 3ms 63 MB heap used
 ✓ src/app/[locale]/contact/__tests__/page-i18n-basic.test.tsx > Contact Page I18n - Basic Tests > 多语言支持 > 应该支持中文locale 2ms 64 MB heap used
 ✓ src/app/[locale]/contact/__tests__/page-i18n-basic.test.tsx > Contact Page I18n - Basic Tests > 多语言支持 > 应该支持繁体中文locale 2ms 65 MB heap used
 ✓ src/app/[locale]/contact/__tests__/page-i18n-basic.test.tsx > Contact Page I18n - Basic Tests > 多语言支持 > 应该处理未知locale 2ms 65 MB heap used
 ✓ src/app/[locale]/contact/__tests__/page-i18n-basic.test.tsx > Contact Page I18n - Basic Tests > 翻译键处理 > 应该使用正确的命名空间 0ms 66 MB heap used
 ✓ src/app/[locale]/contact/__tests__/page-i18n-basic.test.tsx > Contact Page I18n - Basic Tests > 翻译键处理 > 应该处理长文本内容 3ms 67 MB heap used
 ✓ src/app/[locale]/contact/__tests__/page-i18n-basic.test.tsx > Contact Page I18n - Basic Tests > 错误处理 > 应该处理getTranslations错误 0ms 67 MB heap used
 ✓ src/app/[locale]/contact/__tests__/page-i18n-basic.test.tsx > Contact Page I18n - Basic Tests > 错误处理 > 应该处理params解析错误 0ms 68 MB heap used
 ✓ src/app/[locale]/contact/__tests__/page-i18n-basic.test.tsx > Contact Page I18n - Basic Tests > 错误处理 > 应该处理翻译函数返回错误 0ms 68 MB heap used
 ✓ src/app/[locale]/contact/__tests__/page-i18n-basic.test.tsx > Contact Page I18n - Basic Tests > 错误处理 > 应该处理异步翻译错误 1ms 67 MB heap used
 ✓ src/app/[locale]/contact/__tests__/page-i18n-basic.test.tsx > Contact Page I18n - Basic Tests > 性能测试 > 应该是异步服务器组件 1ms 68 MB heap used
 ✓ src/app/[locale]/contact/__tests__/page-i18n-basic.test.tsx > Contact Page I18n - Basic Tests > 性能测试 > 应该正确处理异步参数 12ms 46 MB heap used
 ✓ src/components/home/showcase/__tests__/button-showcase.test.tsx > ButtonShowcase > 基础渲染 > 应该正确渲染Button展示组件 23ms 59 MB heap used
 ✓ src/components/home/showcase/__tests__/button-showcase.test.tsx > ButtonShowcase > 基础渲染 > 应该渲染所有Button变体 5ms 60 MB heap used
 ✓ src/components/home/showcase/__tests__/button-showcase.test.tsx > ButtonShowcase > 基础渲染 > 应该渲染不同尺寸的Button 3ms 62 MB heap used
 ✓ src/components/home/showcase/__tests__/button-showcase.test.tsx > ButtonShowcase > 按钮交互 > 应该支持点击交互 5ms 62 MB heap used
 ✓ src/components/home/showcase/__tests__/button-showcase.test.tsx > ButtonShowcase > 按钮交互 > 所有按钮都应该可以点击 39ms 68 MB heap used
 ✓ src/components/home/showcase/__tests__/button-showcase.test.tsx > ButtonShowcase > 翻译功能 > 应该调用翻译函数获取所有文本 4ms 69 MB heap used
 ✓ src/components/home/showcase/__tests__/button-showcase.test.tsx > ButtonShowcase > 翻译功能 > 应该处理缺失的翻译 2ms 69 MB heap used
 ✓ src/components/home/showcase/__tests__/button-showcase.test.tsx > ButtonShowcase > 样式和布局 > 应该应用正确的CSS类 4ms 70 MB heap used
 ✓ src/components/home/showcase/__tests__/button-showcase.test.tsx > ButtonShowcase > 样式和布局 > 应该包含不同尺寸的按钮 2ms 71 MB heap used
 ✓ src/components/home/showcase/__tests__/button-showcase.test.tsx > ButtonShowcase > 组件结构 > 应该使用Card组件包装 2ms 72 MB heap used
 ✓ src/components/home/showcase/__tests__/button-showcase.test.tsx > ButtonShowcase > 组件结构 > 应该包含CardHeader和CardContent 3ms 73 MB heap used
 ✓ src/components/home/showcase/__tests__/button-showcase.test.tsx > ButtonShowcase > 可访问性 > 所有按钮应该可以通过键盘访问 2ms 73 MB heap used
 ✓ src/components/home/showcase/__tests__/button-showcase.test.tsx > ButtonShowcase > 可访问性 > 按钮应该有正确的角色属性 9ms 76 MB heap used
 ✓ src/components/home/showcase/__tests__/button-showcase.test.tsx > ButtonShowcase > 边界条件 > 应该处理空的翻译函数 2ms 77 MB heap used
 ✓ src/components/home/showcase/__tests__/button-showcase.test.tsx > ButtonShowcase > 边界条件 > 应该处理翻译函数抛出错误 4ms 77 MB heap used
 ✓ src/app/[locale]/contact/__tests__/page-rendering.test.tsx > Contact Page - Main Rendering Tests > 核心渲染功能验证 > 应该正确渲染页面的基本结构 22ms 60 MB heap used
 ✓ src/app/[locale]/contact/__tests__/page-rendering.test.tsx > Contact Page - Main Rendering Tests > 核心渲染功能验证 > 应该渲染联系表单 5ms 61 MB heap used
 ✓ src/app/[locale]/contact/__tests__/page-rendering.test.tsx > Contact Page - Main Rendering Tests > 核心渲染功能验证 > 应该渲染联系信息卡片 6ms 63 MB heap used
 ✓ src/app/[locale]/contact/__tests__/page-rendering.test.tsx > Contact Page - Main Rendering Tests > 核心渲染功能验证 > 应该渲染营业时间信息 6ms 66 MB heap used
 ✓ src/app/[locale]/contact/__tests__/page-rendering.test.tsx > Contact Page - Main Rendering Tests > 核心渲染功能验证 > 应该有正确的页面标题 32ms 69 MB heap used
 ✓ src/app/[locale]/contact/__tests__/page-rendering.test.tsx > Contact Page - Main Rendering Tests > 基本渲染测试 > 应该有正确的页面布局 4ms 70 MB heap used
 ✓ src/app/[locale]/contact/__tests__/page-rendering.test.tsx > Contact Page - Main Rendering Tests > 基本渲染测试 > 应该有响应式网格布局 3ms 71 MB heap used
 ✓ src/app/[locale]/contact/__tests__/page-rendering.test.tsx > Contact Page - Main Rendering Tests > 基本渲染测试 > 应该渲染SVG图标 3ms 72 MB heap used
 ✓ src/app/[locale]/contact/__tests__/page-rendering.test.tsx > Contact Page - Main Rendering Tests > 基本渲染测试 > 应该有正确的标题容器样式 6ms 75 MB heap used
 ✓ src/app/[locale]/contact/__tests__/page-rendering.test.tsx > Contact Page - Main Rendering Tests > 基本渲染测试 > 应该有正确的描述样式 3ms 75 MB heap used
 ✓ src/app/[locale]/contact/__tests__/page-rendering.test.tsx > Contact Page - Main Rendering Tests > 基本渲染测试 > 应该有正确的联系信息布局 4ms 76 MB heap used
 ✓ src/app/[locale]/contact/__tests__/page-rendering.test.tsx > Contact Page - Main Rendering Tests > 基本渲染测试 > 应该有正确的营业时间布局 3ms 78 MB heap used
 ✓ src/app/[locale]/contact/__tests__/page-rendering.test.tsx > Contact Page - Main Rendering Tests > 基本渲染测试 > 应该有正确的时间显示样式 2ms 79 MB heap used
 ✓ src/app/[locale]/contact/__tests__/page-rendering.test.tsx > Contact Page - Main Rendering Tests > 基本渲染测试 > 应该有正确的卡片数量 3ms 80 MB heap used
 ✓ src/app/[locale]/contact/__tests__/page-rendering.test.tsx > Contact Page - Main Rendering Tests > 错误处理验证 > 应该处理翻译错误 2ms 81 MB heap used
 ✓ src/app/[locale]/contact/__tests__/page-rendering.test.tsx > Contact Page - Main Rendering Tests > 错误处理验证 > 应该处理参数错误 2ms 82 MB heap used
 ✓ src/app/[locale]/contact/__tests__/page-rendering.test.tsx > Contact Page - Main Rendering Tests > 错误处理验证 > 应该处理组件渲染错误 1ms 82 MB heap used
 ✓ src/app/[locale]/contact/__tests__/page-rendering.test.tsx > Contact Page - Main Rendering Tests > 错误处理验证 > 应该有正确的元数据生成 0ms 82 MB heap used
 ✓ src/app/[locale]/contact/__tests__/page-rendering.test.tsx > Contact Page - Main Rendering Tests > 错误处理验证 > 应该处理空翻译 2ms 83 MB heap used
 ✓ src/components/ui/__tests__/social-icons-mapper-links.test.tsx > Social Icons Mapper & Links Tests - Index > Basic SocialIconMapper > renders Twitter icon for "twitter" input 16ms 61 MB heap used
 ✓ src/components/ui/__tests__/social-icons-mapper-links.test.tsx > Social Icons Mapper & Links Tests - Index > Basic SocialIconMapper > renders LinkedIn icon for "linkedin" input 2ms 61 MB heap used
 ✓ src/components/ui/__tests__/social-icons-mapper-links.test.tsx > Social Icons Mapper & Links Tests - Index > Basic SocialIconMapper > renders external link icon for unknown platform 2ms 62 MB heap used
 ✓ src/components/ui/__tests__/social-icons-mapper-links.test.tsx > Social Icons Mapper & Links Tests - Index > Basic SocialIconMapper > handles case insensitive platform names 1ms 62 MB heap used
 ✓ src/components/ui/__tests__/social-icons-mapper-links.test.tsx > Social Icons Mapper & Links Tests - Index > Basic SocialIconMapper > passes through className to mapped icon 3ms 63 MB heap used
 ✓ src/components/ui/__tests__/social-icons-mapper-links.test.tsx > Social Icons Mapper & Links Tests - Index > Basic SocialIconMapper > passes through other props to mapped icon 1ms 64 MB heap used
 ✓ src/components/ui/__tests__/social-icons-mapper-links.test.tsx > Social Icons Mapper & Links Tests - Index > Basic SocialIconMapper > handles empty platform gracefully 1ms 64 MB heap used
 ✓ src/components/ui/__tests__/social-icons-mapper-links.test.tsx > Social Icons Mapper & Links Tests - Index > Basic SocialIconMapper > handles null platform gracefully 1ms 64 MB heap used
 ✓ src/components/ui/__tests__/social-icons-mapper-links.test.tsx > Social Icons Mapper & Links Tests - Index > Basic SocialIconMapper > supports all known platforms 2ms 66 MB heap used
 ✓ src/components/ui/__tests__/social-icons-mapper-links.test.tsx > Social Icons Mapper & Links Tests - Index > Basic SocialIconMapper > maintains consistent sizing across platforms 2ms 66 MB heap used
 ✓ src/components/ui/__tests__/social-icons-mapper-links.test.tsx > Social Icons Mapper & Links Tests - Index > Basic SocialIconLink > renders link with icon 2ms 67 MB heap used
 ✓ src/components/ui/__tests__/social-icons-mapper-links.test.tsx > Social Icons Mapper & Links Tests - Index > Basic SocialIconLink > applies correct href 1ms 67 MB heap used
 ✓ src/components/ui/__tests__/social-icons-mapper-links.test.tsx > Social Icons Mapper & Links Tests - Index > Basic SocialIconLink > applies aria-label 1ms 68 MB heap used
 ✓ src/components/ui/__tests__/social-icons-mapper-links.test.tsx > Social Icons Mapper & Links Tests - Index > Basic SocialIconLink > opens in new tab by default 1ms 68 MB heap used
 ✓ src/components/ui/__tests__/social-icons-mapper-links.test.tsx > Social Icons Mapper & Links Tests - Index > Basic SocialIconLink > supports custom target 1ms 69 MB heap used
 ✓ src/components/ui/__tests__/social-icons-mapper-links.test.tsx > Social Icons Mapper & Links Tests - Index > Basic SocialIconLink > supports custom rel 1ms 69 MB heap used
 ✓ src/components/ui/__tests__/social-icons-mapper-links.test.tsx > Social Icons Mapper & Links Tests - Index > Basic SocialIconLink > applies default classes 1ms 70 MB heap used
 ✓ src/components/ui/__tests__/social-icons-mapper-links.test.tsx > Social Icons Mapper & Links Tests - Index > Basic SocialIconLink > supports custom className 1ms 70 MB heap used
 ✓ src/components/ui/__tests__/social-icons-mapper-links.test.tsx > Social Icons Mapper & Links Tests - Index > Basic SocialIconLink > supports different platforms 1ms 70 MB heap used
 ✓ src/components/ui/__tests__/social-icons-mapper-links.test.tsx > Social Icons Mapper & Links Tests - Index > Basic SocialIconLink > handles keyboard navigation 34ms 74 MB heap used
 ✓ src/components/ui/__tests__/social-icons-mapper-links.test.tsx > Social Icons Mapper & Links Tests - Index > Basic SocialIconLink > supports focus styles 1ms 74 MB heap used
 ✓ src/components/ui/__tests__/social-icons-mapper-links.test.tsx > Social Icons Mapper & Links Tests - Index > Basic SocialIconLink > handles disabled state 1ms 75 MB heap used
 ✓ src/components/ui/__tests__/social-icons-mapper-links.test.tsx > Social Icons Mapper & Links Tests - Index > Basic SocialIconLink > supports custom icon size 1ms 75 MB heap used
 ✓ src/components/ui/__tests__/social-icons-mapper-links.test.tsx > Social Icons Mapper & Links Tests - Index > Basic SocialIconLink > handles external link security 1ms 76 MB heap used
 ✓ src/components/ui/__tests__/social-icons-mapper-links.test.tsx > Social Icons Mapper & Links Tests - Index > Basic SocialIconLink > maintains accessibility standards 1ms 76 MB heap used
 ✓ src/components/ui/__tests__/label.test.tsx > Label Component > Basic Rendering > renders label with default props 19ms 60 MB heap used
 ✓ src/components/ui/__tests__/label.test.tsx > Label Component > Basic Rendering > renders label with custom text 2ms 60 MB heap used
 ✓ src/components/ui/__tests__/label.test.tsx > Label Component > Basic Rendering > applies default label styles 2ms 61 MB heap used
 ✓ src/components/ui/__tests__/label.test.tsx > Label Component > Custom Props > applies custom className 2ms 61 MB heap used
 ✓ src/components/ui/__tests__/label.test.tsx > Label Component > Custom Props > merges custom className with default classes 1ms 62 MB heap used
 ✓ src/components/ui/__tests__/label.test.tsx > Label Component > Custom Props > passes through HTML label props 1ms 62 MB heap used
 ✓ src/components/ui/__tests__/label.test.tsx > Label Component > Content Rendering > renders text content 1ms 63 MB heap used
 ✓ src/components/ui/__tests__/label.test.tsx > Label Component > Content Rendering > renders with icon content 3ms 63 MB heap used
 ✓ src/components/ui/__tests__/label.test.tsx > Label Component > Content Rendering > renders complex content 7ms 64 MB heap used
 ✓ src/components/ui/__tests__/label.test.tsx > Label Component > Content Rendering > renders with nested elements 2ms 64 MB heap used
 ✓ src/components/ui/__tests__/label.test.tsx > Label Component > Form Association > associates with input using htmlFor 24ms 67 MB heap used
 ✓ src/components/ui/__tests__/label.test.tsx > Label Component > Form Association > works with implicit association 3ms 68 MB heap used
 ✓ src/components/ui/__tests__/label.test.tsx > Label Component > Form Association > clicking label focuses associated input 3ms 69 MB heap used
 ✓ src/components/ui/__tests__/label.test.tsx > Label Component > Disabled States > applies disabled styles when in disabled group 1ms 70 MB heap used
 ✓ src/components/ui/__tests__/label.test.tsx > Label Component > Disabled States > applies disabled styles when peer is disabled 1ms 70 MB heap used
 ✓ src/components/ui/__tests__/label.test.tsx > Label Component > Disabled States > handles disabled input association 3ms 71 MB heap used
 ✓ src/components/ui/__tests__/label.test.tsx > Label Component > Accessibility > supports aria attributes 1ms 71 MB heap used
 ✓ src/components/ui/__tests__/label.test.tsx > Label Component > Accessibility > works with screen readers 2ms 72 MB heap used
 ✓ src/components/ui/__tests__/label.test.tsx > Label Component > Accessibility > supports required field indication 1ms 72 MB heap used
 ✓ src/components/ui/__tests__/label.test.tsx > Label Component > Event Handling > handles click events 3ms 72 MB heap used
 ✓ src/components/ui/__tests__/label.test.tsx > Label Component > Event Handling > handles keyboard events 1ms 73 MB heap used
 ✓ src/components/ui/__tests__/label.test.tsx > Label Component > Event Handling > handles mouse events 1ms 73 MB heap used
 ✓ src/components/ui/__tests__/label.test.tsx > Label Component > Responsive Behavior > maintains consistent styling across screen sizes 1ms 74 MB heap used
 ✓ src/components/ui/__tests__/label.test.tsx > Label Component > Responsive Behavior > handles long text gracefully 1ms 74 MB heap used
 ✓ src/components/ui/__tests__/label.test.tsx > Label Component > Edge Cases > renders empty label 1ms 74 MB heap used
 ✓ src/components/ui/__tests__/label.test.tsx > Label Component > Edge Cases > handles special characters in content 1ms 75 MB heap used
 ✓ src/components/ui/__tests__/label.test.tsx > Label Component > Edge Cases > handles numeric content 1ms 75 MB heap used
 ✓ src/components/ui/__tests__/label.test.tsx > Label Component > Edge Cases > handles undefined className gracefully 1ms 75 MB heap used
 ✓ src/components/ui/__tests__/label.test.tsx > Label Component > Form Integration > works in complete form structure 7ms 77 MB heap used
 ✓ src/components/ui/__tests__/label.test.tsx > Label Component > Form Integration > supports fieldset and legend structure 2ms 77 MB heap used
stderr | src/components/ui/__tests__/animated-counter-formatters.test.tsx > AnimatedCounter - Formatters and Easing > Formatters > handles formatter that throws error
AnimatedCounter: Formatter error, using fallback {
  error: Error: Formatter error
      at errorFormatter [90m(/Users/Data/Warehouse/Focus/tucsenberg-web-frontier/[39msrc/components/ui/__tests__/animated-counter-formatters.test.tsx:342:15[90m)[39m
      at [90m/Users/Data/Warehouse/Focus/tucsenberg-web-frontier/[39msrc/components/ui/animated-counter.tsx:299:20
      at AnimatedCounter [90m(/Users/Data/Warehouse/Focus/tucsenberg-web-frontier/[39msrc/components/ui/animated-counter.tsx:307:9[90m)[39m
      at Object.react_stack_bottom_frame [90m(/Users/Data/Warehouse/Focus/tucsenberg-web-frontier/[39mnode_modules/[4m.pnpm[24m/react-dom@19.1.1_react@19.1.1/node_modules/[4mreact-dom[24m/cjs/react-dom-client.development.js:23863:20[90m)[39m
      at renderWithHooks [90m(/Users/Data/Warehouse/Focus/tucsenberg-web-frontier/[39mnode_modules/[4m.pnpm[24m/react-dom@19.1.1_react@19.1.1/node_modules/[4mreact-dom[24m/cjs/react-dom-client.development.js:5529:22[90m)[39m
      at updateForwardRef [90m(/Users/Data/Warehouse/Focus/tucsenberg-web-frontier/[39mnode_modules/[4m.pnpm[24m/react-dom@19.1.1_react@19.1.1/node_modules/[4mreact-dom[24m/cjs/react-dom-client.development.js:8645:19[90m)[39m
      at beginWork [90m(/Users/Data/Warehouse/Focus/tucsenberg-web-frontier/[39mnode_modules/[4m.pnpm[24m/react-dom@19.1.1_react@19.1.1/node_modules/[4mreact-dom[24m/cjs/react-dom-client.development.js:10861:18[90m)[39m
      at runWithFiberInDEV [90m(/Users/Data/Warehouse/Focus/tucsenberg-web-frontier/[39mnode_modules/[4m.pnpm[24m/react-dom@19.1.1_react@19.1.1/node_modules/[4mreact-dom[24m/cjs/react-dom-client.development.js:1522:13[90m)[39m
      at performUnitOfWork [90m(/Users/Data/Warehouse/Focus/tucsenberg-web-frontier/[39mnode_modules/[4m.pnpm[24m/react-dom@19.1.1_react@19.1.1/node_modules/[4mreact-dom[24m/cjs/react-dom-client.development.js:15140:22[90m)[39m
      at workLoopSync [90m(/Users/Data/Warehouse/Focus/tucsenberg-web-frontier/[39mnode_modules/[4m.pnpm[24m/react-dom@19.1.1_react@19.1.1/node_modules/[4mreact-dom[24m/cjs/react-dom-client.development.js:14956:41[90m)[39m
}
AnimatedCounter: Formatter error, using fallback {
  error: Error: Formatter error
      at errorFormatter [90m(/Users/Data/Warehouse/Focus/tucsenberg-web-frontier/[39msrc/components/ui/__tests__/animated-counter-formatters.test.tsx:342:15[90m)[39m
      at [90m/Users/Data/Warehouse/Focus/tucsenberg-web-frontier/[39msrc/components/ui/animated-counter.tsx:299:20
      at AnimatedCounter [90m(/Users/Data/Warehouse/Focus/tucsenberg-web-frontier/[39msrc/components/ui/animated-counter.tsx:307:9[90m)[39m
      at Object.react_stack_bottom_frame [90m(/Users/Data/Warehouse/Focus/tucsenberg-web-frontier/[39mnode_modules/[4m.pnpm[24m/react-dom@19.1.1_react@19.1.1/node_modules/[4mreact-dom[24m/cjs/react-dom-client.development.js:23863:20[90m)[39m
      at renderWithHooks [90m(/Users/Data/Warehouse/Focus/tucsenberg-web-frontier/[39mnode_modules/[4m.pnpm[24m/react-dom@19.1.1_react@19.1.1/node_modules/[4mreact-dom[24m/cjs/react-dom-client.development.js:5529:22[90m)[39m
      at updateForwardRef [90m(/Users/Data/Warehouse/Focus/tucsenberg-web-frontier/[39mnode_modules/[4m.pnpm[24m/react-dom@19.1.1_react@19.1.1/node_modules/[4mreact-dom[24m/cjs/react-dom-client.development.js:8645:19[90m)[39m
      at beginWork [90m(/Users/Data/Warehouse/Focus/tucsenberg-web-frontier/[39mnode_modules/[4m.pnpm[24m/react-dom@19.1.1_react@19.1.1/node_modules/[4mreact-dom[24m/cjs/react-dom-client.development.js:10861:18[90m)[39m
      at runWithFiberInDEV [90m(/Users/Data/Warehouse/Focus/tucsenberg-web-frontier/[39mnode_modules/[4m.pnpm[24m/react-dom@19.1.1_react@19.1.1/node_modules/[4mreact-dom[24m/cjs/react-dom-client.development.js:1522:13[90m)[39m
      at performUnitOfWork [90m(/Users/Data/Warehouse/Focus/tucsenberg-web-frontier/[39mnode_modules/[4m.pnpm[24m/react-dom@19.1.1_react@19.1.1/node_modules/[4mreact-dom[24m/cjs/react-dom-client.development.js:15140:22[90m)[39m
      at workLoopSync [90m(/Users/Data/Warehouse/Focus/tucsenberg-web-frontier/[39mnode_modules/[4m.pnpm[24m/react-dom@19.1.1_react@19.1.1/node_modules/[4mreact-dom[24m/cjs/react-dom-client.development.js:14956:41[90m)[39m
}

 ✓ src/components/ui/__tests__/animated-counter-formatters.test.tsx > AnimatedCounter - Formatters and Easing > Easing Functions > linear easing function works correctly 46ms 63 MB heap used
 ✓ src/components/ui/__tests__/animated-counter-formatters.test.tsx > AnimatedCounter - Formatters and Easing > Easing Functions > ease-in easing function works correctly 4ms 64 MB heap used
 ✓ src/components/ui/__tests__/animated-counter-formatters.test.tsx > AnimatedCounter - Formatters and Easing > Easing Functions > ease-out easing function works correctly 3ms 65 MB heap used
 ✓ src/components/ui/__tests__/animated-counter-formatters.test.tsx > AnimatedCounter - Formatters and Easing > Easing Functions > custom complex easing function works correctly 2ms 66 MB heap used
 ✓ src/components/ui/__tests__/animated-counter-formatters.test.tsx > AnimatedCounter - Formatters and Easing > Easing Functions > handles easing function that returns values outside [0,1] 2ms 66 MB heap used
 ✓ src/components/ui/__tests__/animated-counter-formatters.test.tsx > AnimatedCounter - Formatters and Easing > Formatters > default formatter works correctly 2ms 67 MB heap used
 ✓ src/components/ui/__tests__/animated-counter-formatters.test.tsx > AnimatedCounter - Formatters and Easing > Formatters > integer formatter works correctly 2ms 68 MB heap used
 ✓ src/components/ui/__tests__/animated-counter-formatters.test.tsx > AnimatedCounter - Formatters and Easing > Formatters > currency formatter works correctly 2ms 69 MB heap used
 ✓ src/components/ui/__tests__/animated-counter-formatters.test.tsx > AnimatedCounter - Formatters and Easing > Formatters > percentage formatter works correctly 2ms 70 MB heap used
 ✓ src/components/ui/__tests__/animated-counter-formatters.test.tsx > AnimatedCounter - Formatters and Easing > Formatters > thousand separator formatter works correctly 5ms 70 MB heap used
 ✓ src/components/ui/__tests__/animated-counter-formatters.test.tsx > AnimatedCounter - Formatters and Easing > Formatters > custom unit formatter works correctly 2ms 71 MB heap used
 ✓ src/components/ui/__tests__/animated-counter-formatters.test.tsx > AnimatedCounter - Formatters and Easing > Formatters > scientific notation formatter works correctly 2ms 72 MB heap used
 ✓ src/components/ui/__tests__/animated-counter-formatters.test.tsx > AnimatedCounter - Formatters and Easing > Formatters > handles formatter that returns empty string 2ms 72 MB heap used
 ✓ src/components/ui/__tests__/animated-counter-formatters.test.tsx > AnimatedCounter - Formatters and Easing > Formatters > handles formatter that throws error 5ms 74 MB heap used
 ✓ src/components/ui/__tests__/animated-counter-formatters.test.tsx > AnimatedCounter - Formatters and Easing > Formatters > handles formatter with complex logic 2ms 75 MB heap used
 ✓ src/components/ui/__tests__/animated-counter-formatters.test.tsx > AnimatedCounter - Formatters and Easing > Formatters > formatter receives correct value during animation 1ms 75 MB heap used
 ✓ src/components/ui/__tests__/animated-counter-formatters.test.tsx > AnimatedCounter - Formatters and Easing > Formatters > handles formatter change during animation 2ms 76 MB heap used
 ✓ src/components/ui/__tests__/animated-counter-formatters.test.tsx > AnimatedCounter - Formatters and Easing > Formatters > handles locale-specific formatting 2ms 77 MB heap used
 ✓ src/components/ui/__tests__/animated-counter-formatters.test.tsx > AnimatedCounter - Formatters and Easing > Formatters > handles very large numbers in formatter 2ms 78 MB heap used
 ✓ src/components/ui/__tests__/animated-counter-formatters.test.tsx > AnimatedCounter - Formatters and Easing > Formatters > handles negative numbers in formatter 2ms 78 MB heap used
 ✓ src/components/ui/__tests__/card-accessibility-features-core.test.tsx > Card Accessibility Features - Core Tests > 核心可访问性功能 > supports semantic HTML structure 47ms 62 MB heap used
 ✓ src/components/ui/__tests__/card-accessibility-features-core.test.tsx > Card Accessibility Features - Core Tests > 核心可访问性功能 > supports ARIA attributes 3ms 63 MB heap used
 ✓ src/components/ui/__tests__/card-accessibility-features-core.test.tsx > Card Accessibility Features - Core Tests > 核心可访问性功能 > maintains focus management 5ms 65 MB heap used
 ✓ src/components/ui/__tests__/card-accessibility-features-core.test.tsx > Card Accessibility Features - Core Tests > 核心可访问性功能 > supports keyboard navigation 4ms 66 MB heap used
 ✓ src/components/ui/__tests__/card-accessibility-features-core.test.tsx > Card Accessibility Features - Core Tests > 核心可访问性功能 > provides proper heading hierarchy 4ms 68 MB heap used
 ✓ src/components/ui/__tests__/card-accessibility-features-core.test.tsx > Card Accessibility Features - Core Tests > 核心可访问性功能 > supports screen reader announcements 2ms 68 MB heap used
 ✓ src/components/ui/__tests__/card-accessibility-features-core.test.tsx > Card Accessibility Features - Core Tests > 核心可访问性功能 > handles high contrast mode 1ms 69 MB heap used
 ✓ src/components/ui/__tests__/card-accessibility-features-core.test.tsx > Card Accessibility Features - Core Tests > 核心可访问性功能 > supports reduced motion preferences 1ms 70 MB heap used
 ✓ src/components/ui/__tests__/card-accessibility-features-core.test.tsx > Card Accessibility Features - Core Tests > 核心可访问性功能 > provides alternative text for images 2ms 70 MB heap used
 ✓ src/components/ui/__tests__/card-accessibility-features-core.test.tsx > Card Accessibility Features - Core Tests > 核心可访问性功能 > supports internationalization 1ms 70 MB heap used
 ✓ src/components/ui/__tests__/card-accessibility-features-core.test.tsx > Card Accessibility Features - Core Tests > 核心可访问性功能 > handles right-to-left languages 1ms 71 MB heap used
 ✓ src/components/ui/__tests__/card-accessibility-features-core.test.tsx > Card Accessibility Features - Core Tests > 核心可访问性功能 > supports color contrast requirements 1ms 72 MB heap used
 ✓ src/components/ui/__tests__/card-accessibility-features-core.test.tsx > Card Accessibility Features - Core Tests > 核心可访问性功能 > provides skip links for complex cards 2ms 72 MB heap used
 ✓ src/components/ui/__tests__/card-accessibility-features-core.test.tsx > Card Accessibility Features - Core Tests > 核心可访问性功能 > supports assistive technology landmarks 2ms 72 MB heap used
 ✓ src/components/ui/__tests__/card-accessibility-features-core.test.tsx > Card Accessibility Features - Core Tests > 核心可访问性功能 > handles focus indicators properly 3ms 74 MB heap used
 ✓ src/components/ui/__tests__/card-accessibility-features-core.test.tsx > Card Accessibility Features - Core Tests > 核心可访问性功能 > supports voice control commands 1ms 74 MB heap used
 ✓ src/components/ui/__tests__/card-accessibility-features-core.test.tsx > Card Accessibility Features - Core Tests > 核心可访问性功能 > provides status updates for dynamic content 2ms 75 MB heap used
 ✓ src/components/ui/__tests__/card-accessibility-features-core.test.tsx > Card Accessibility Features - Core Tests > 核心可访问性功能 > handles error states accessibly 2ms 76 MB heap used
 ✓ src/components/ui/__tests__/badge-basic-variants.test.tsx > Badge Basic Rendering & Variants Tests - Index > renders badge with default props 18ms 60 MB heap used
 ✓ src/components/ui/__tests__/badge-basic-variants.test.tsx > Badge Basic Rendering & Variants Tests - Index > renders badge with custom text 2ms 61 MB heap used
 ✓ src/components/ui/__tests__/badge-basic-variants.test.tsx > Badge Basic Rendering & Variants Tests - Index > renders badge with default classes 2ms 61 MB heap used
 ✓ src/components/ui/__tests__/badge-basic-variants.test.tsx > Badge Basic Rendering & Variants Tests - Index > renders as div element by default 2ms 62 MB heap used
 ✓ src/components/ui/__tests__/badge-basic-variants.test.tsx > Badge Basic Rendering & Variants Tests - Index > renders default variant correctly 2ms 62 MB heap used
 ✓ src/components/ui/__tests__/badge-basic-variants.test.tsx > Badge Basic Rendering & Variants Tests - Index > renders secondary variant correctly 1ms 62 MB heap used
 ✓ src/components/ui/__tests__/badge-basic-variants.test.tsx > Badge Basic Rendering & Variants Tests - Index > renders destructive variant correctly 1ms 63 MB heap used
 ✓ src/components/ui/__tests__/badge-basic-variants.test.tsx > Badge Basic Rendering & Variants Tests - Index > renders outline variant correctly 1ms 63 MB heap used
 ✓ src/components/ui/__tests__/badge-basic-variants.test.tsx > Badge Basic Rendering & Variants Tests - Index > defaults to primary variant when no variant specified 1ms 64 MB heap used
 ✓ src/components/ui/__tests__/badge-basic-variants.test.tsx > Badge Basic Rendering & Variants Tests - Index > handles invalid variant gracefully 1ms 64 MB heap used
 ✓ src/components/ui/__tests__/badge-basic-variants.test.tsx > Badge Basic Rendering & Variants Tests - Index > combines variant with base classes 1ms 65 MB heap used
 ✓ src/components/ui/__tests__/badge-basic-variants.test.tsx > Badge Basic Rendering & Variants Tests - Index > applies hover styles for default variant 1ms 65 MB heap used
 ✓ src/components/ui/__tests__/badge-basic-variants.test.tsx > Badge Basic Rendering & Variants Tests - Index > applies hover styles for secondary variant 1ms 65 MB heap used
 ✓ src/components/ui/__tests__/badge-basic-variants.test.tsx > Badge Basic Rendering & Variants Tests - Index > applies hover styles for destructive variant 1ms 66 MB heap used
 ✓ src/components/ui/__tests__/badge-basic-variants.test.tsx > Badge Basic Rendering & Variants Tests - Index > applies hover styles for outline variant 1ms 66 MB heap used
 ✓ src/components/ui/__tests__/badge-basic-variants.test.tsx > Badge Basic Rendering & Variants Tests - Index > applies custom className 1ms 66 MB heap used
 ✓ src/components/ui/__tests__/badge-basic-variants.test.tsx > Badge Basic Rendering & Variants Tests - Index > merges custom className with default classes 1ms 67 MB heap used
 ✓ src/components/ui/__tests__/badge-basic-variants.test.tsx > Badge Basic Rendering & Variants Tests - Index > supports additional HTML attributes 1ms 67 MB heap used
 ✓ src/components/ui/__tests__/badge-basic-variants.test.tsx > Badge Basic Rendering & Variants Tests - Index > supports style prop 27ms 70 MB heap used
 ✓ src/components/ui/__tests__/badge-basic-variants.test.tsx > Badge Basic Rendering & Variants Tests - Index > supports onClick handler 3ms 70 MB heap used
 ✓ src/components/ui/__tests__/badge-basic-variants.test.tsx > Badge Basic Rendering & Variants Tests - Index > supports onMouseEnter and onMouseLeave handlers 2ms 71 MB heap used
 ✓ src/components/ui/__tests__/badge-basic-variants.test.tsx > Badge Basic Rendering & Variants Tests - Index > supports onFocus and onBlur handlers 2ms 71 MB heap used
 ✓ src/components/ui/__tests__/badge-basic-variants.test.tsx > Badge Basic Rendering & Variants Tests - Index > forwards ref correctly 1ms 72 MB heap used
 ✓ src/components/ui/__tests__/badge-basic-variants.test.tsx > Badge Basic Rendering & Variants Tests - Index > supports tabIndex for keyboard navigation 1ms 72 MB heap used
 ✓ src/components/ui/__tests__/badge-basic-variants.test.tsx > Badge Basic Rendering & Variants Tests - Index > supports ARIA attributes for accessibility 1ms 72 MB heap used
 ✓ src/components/ui/__tests__/badge-basic-variants.test.tsx > Badge Basic Rendering & Variants Tests - Index > supports custom data attributes 1ms 73 MB heap used
 ✓ src/components/ui/__tests__/badge-basic-variants.test.tsx > Badge Basic Rendering & Variants Tests - Index > handles boolean attributes correctly 1ms 73 MB heap used
 ✓ src/components/ui/__tests__/badge-basic-variants.test.tsx > Badge Basic Rendering & Variants Tests - Index > supports title attribute for tooltips 1ms 73 MB heap used
 ✓ src/components/ui/__tests__/badge-basic-variants.test.tsx > Badge Basic Rendering & Variants Tests - Index > renders text content 1ms 74 MB heap used
 ✓ src/components/ui/__tests__/badge-basic-variants.test.tsx > Badge Basic Rendering & Variants Tests - Index > renders numeric content 1ms 74 MB heap used
 ✓ src/components/ui/__tests__/badge-basic-variants.test.tsx > Badge Basic Rendering & Variants Tests - Index > renders zero as content 1ms 74 MB heap used
 ✓ src/components/ui/__tests__/badge-basic-variants.test.tsx > Badge Basic Rendering & Variants Tests - Index > renders boolean content 1ms 75 MB heap used
 ✓ src/components/ui/__tests__/badge-basic-variants.test.tsx > Badge Basic Rendering & Variants Tests - Index > renders JSX content 1ms 75 MB heap used
 ✓ src/components/ui/__tests__/badge-basic-variants.test.tsx > Badge Basic Rendering & Variants Tests - Index > renders multiple children 1ms 75 MB heap used
 ✓ src/components/ui/__tests__/badge-basic-variants.test.tsx > Badge Basic Rendering & Variants Tests - Index > renders with icons 1ms 76 MB heap used
 ✓ src/components/ui/__tests__/badge-basic-variants.test.tsx > Badge Basic Rendering & Variants Tests - Index > renders long text content 1ms 76 MB heap used
 ✓ src/components/ui/__tests__/badge-basic-variants.test.tsx > Badge Basic Rendering & Variants Tests - Index > renders special characters 1ms 76 MB heap used
 ✓ src/components/ui/__tests__/badge-basic-variants.test.tsx > Badge Basic Rendering & Variants Tests - Index > renders unicode characters 1ms 77 MB heap used
 ✓ src/components/ui/__tests__/badge-basic-variants.test.tsx > Badge Basic Rendering & Variants Tests - Index > renders HTML entities correctly 1ms 77 MB heap used
 ✓ src/components/ui/__tests__/badge-basic-variants.test.tsx > Badge Basic Rendering & Variants Tests - Index > renders nested components 1ms 77 MB heap used
 ✓ src/components/ui/__tests__/badge-basic-variants.test.tsx > Badge Basic Rendering & Variants Tests - Index > handles whitespace correctly 1ms 78 MB heap used
 ✓ src/components/ui/__tests__/badge-basic-variants.test.tsx > Badge Basic Rendering & Variants Tests - Index > renders conditional content 1ms 78 MB heap used
 ✓ src/components/ui/__tests__/badge-basic-variants.test.tsx > Badge Basic Rendering & Variants Tests - Index > renders array of elements 1ms 79 MB heap used
 ✓ src/components/theme/__tests__/theme-menu-item.test.tsx > ThemeMenuItem > Basic Rendering > renders theme menu item with correct label 17ms 58 MB heap used
 ✓ src/components/theme/__tests__/theme-menu-item.test.tsx > ThemeMenuItem > Basic Rendering > renders with correct icon 25ms 62 MB heap used
 ✓ src/components/theme/__tests__/theme-menu-item.test.tsx > ThemeMenuItem > Basic Rendering > applies correct role and aria-label 2ms 63 MB heap used
 ✓ src/components/theme/__tests__/theme-menu-item.test.tsx > ThemeMenuItem > Basic Rendering > renders with different icons correctly 4ms 64 MB heap used
 ✓ src/components/theme/__tests__/theme-menu-item.test.tsx > ThemeMenuItem > Selection State > shows selected indicator when theme matches currentTheme 2ms 64 MB heap used
 ✓ src/components/theme/__tests__/theme-menu-item.test.tsx > ThemeMenuItem > Selection State > does not show selected indicator when theme does not match currentTheme 1ms 64 MB heap used
 ✓ src/components/theme/__tests__/theme-menu-item.test.tsx > ThemeMenuItem > Selection State > applies selected styling when theme matches currentTheme 2ms 65 MB heap used
 ✓ src/components/theme/__tests__/theme-menu-item.test.tsx > ThemeMenuItem > Selection State > does not apply selected styling when theme does not match 2ms 66 MB heap used
 ✓ src/components/theme/__tests__/theme-menu-item.test.tsx > ThemeMenuItem > View Transitions Support > shows view transitions indicator when supportsViewTransitions is true 1ms 67 MB heap used
 ✓ src/components/theme/__tests__/theme-menu-item.test.tsx > ThemeMenuItem > View Transitions Support > does not show view transitions indicator when supportsViewTransitions is false 1ms 67 MB heap used
 ✓ src/components/theme/__tests__/theme-menu-item.test.tsx > ThemeMenuItem > View Transitions Support > applies transition classes when supportsViewTransitions is true and prefersReducedMotion is false 1ms 68 MB heap used
 ✓ src/components/theme/__tests__/theme-menu-item.test.tsx > ThemeMenuItem > View Transitions Support > does not apply transition classes when prefersReducedMotion is true 1ms 68 MB heap used
 ✓ src/components/theme/__tests__/theme-menu-item.test.tsx > ThemeMenuItem > View Transitions Support > does not apply transition classes when supportsViewTransitions is false 1ms 69 MB heap used
 ✓ src/components/theme/__tests__/theme-menu-item.test.tsx > ThemeMenuItem > Event Handling > calls onClick handler when clicked 4ms 70 MB heap used
 ✓ src/components/theme/__tests__/theme-menu-item.test.tsx > ThemeMenuItem > Event Handling > calls onKeyDown handler when key is pressed 2ms 70 MB heap used
 ✓ src/components/theme/__tests__/theme-menu-item.test.tsx > ThemeMenuItem > Event Handling > handles keyboard navigation with Space key 2ms 71 MB heap used
 ✓ src/components/theme/__tests__/theme-menu-item.test.tsx > ThemeMenuItem > Accessibility > applies focus styles 2ms 72 MB heap used
 ✓ src/components/theme/__tests__/theme-menu-item.test.tsx > ThemeMenuItem > Accessibility > has proper icon accessibility attributes 1ms 72 MB heap used
 ✓ src/components/theme/__tests__/theme-menu-item.test.tsx > ThemeMenuItem > Accessibility > provides accessible selected state information 1ms 73 MB heap used
 ✓ src/components/theme/__tests__/theme-menu-item.test.tsx > ThemeMenuItem > Different Theme Configurations > renders light theme configuration correctly 1ms 73 MB heap used
 ✓ src/components/theme/__tests__/theme-menu-item.test.tsx > ThemeMenuItem > Different Theme Configurations > renders dark theme configuration correctly 1ms 74 MB heap used
 ✓ src/components/theme/__tests__/theme-menu-item.test.tsx > ThemeMenuItem > Different Theme Configurations > renders system theme configuration correctly 1ms 75 MB heap used
 ✓ src/components/theme/__tests__/theme-menu-item.test.tsx > ThemeMenuItem > Complex State Combinations > handles selected item with view transitions correctly 2ms 75 MB heap used
 ✓ src/components/theme/__tests__/theme-menu-item.test.tsx > ThemeMenuItem > Complex State Combinations > handles non-selected item with reduced motion correctly 1ms 76 MB heap used
 ✓ src/components/theme/__tests__/theme-menu-item.test.tsx > ThemeMenuItem > Edge Cases > handles undefined currentTheme gracefully 1ms 77 MB heap used
 ✓ src/components/theme/__tests__/theme-menu-item.test.tsx > ThemeMenuItem > Edge Cases > handles empty label gracefully 1ms 77 MB heap used
 ✓ src/components/ui/__tests__/social-icons-link-basic.test.tsx > Social Icons Link - Basic Tests > 基本渲染 > renders link with icon 16ms 57 MB heap used
 ✓ src/components/ui/__tests__/social-icons-link-basic.test.tsx > Social Icons Link - Basic Tests > 基本渲染 > applies correct href 2ms 58 MB heap used
 ✓ src/components/ui/__tests__/social-icons-link-basic.test.tsx > Social Icons Link - Basic Tests > 基本渲染 > applies aria-label 2ms 59 MB heap used
 ✓ src/components/ui/__tests__/social-icons-link-basic.test.tsx > Social Icons Link - Basic Tests > 基本渲染 > opens in new tab by default 2ms 59 MB heap used
 ✓ src/components/ui/__tests__/social-icons-link-basic.test.tsx > Social Icons Link - Basic Tests > 基本渲染 > uses secure target="_blank" by default 2ms 60 MB heap used
 ✓ src/components/ui/__tests__/social-icons-link-basic.test.tsx > Social Icons Link - Basic Tests > 基本渲染 > uses secure rel="noopener noreferrer" by default 1ms 60 MB heap used
 ✓ src/components/ui/__tests__/social-icons-link-basic.test.tsx > Social Icons Link - Basic Tests > 样式类 > applies default classes 2ms 61 MB heap used
 ✓ src/components/ui/__tests__/social-icons-link-basic.test.tsx > Social Icons Link - Basic Tests > 样式类 > supports custom className 1ms 61 MB heap used
 ✓ src/components/ui/__tests__/social-icons-link-basic.test.tsx > Social Icons Link - Basic Tests > 样式类 > merges custom className with defaults 1ms 62 MB heap used
 ✓ src/components/ui/__tests__/social-icons-link-basic.test.tsx > Social Icons Link - Basic Tests > 样式类 > supports focus styles 1ms 62 MB heap used
 ✓ src/components/ui/__tests__/social-icons-link-basic.test.tsx > Social Icons Link - Basic Tests > 样式类 > handles disabled state 1ms 63 MB heap used
 ✓ src/components/ui/__tests__/social-icons-link-basic.test.tsx > Social Icons Link - Basic Tests > 样式类 > supports custom icon size 1ms 63 MB heap used
 ✓ src/components/ui/__tests__/social-icons-link-basic.test.tsx > Social Icons Link - Basic Tests > 平台支持 > supports different platforms 3ms 64 MB heap used
 ✓ src/components/ui/__tests__/social-icons-link-basic.test.tsx > Social Icons Link - Basic Tests > 键盘导航 > handles keyboard navigation 42ms 46 MB heap used
 ✓ src/components/ui/__tests__/social-icons-link-basic.test.tsx > Social Icons Link - Basic Tests > 安全性 > handles external link security 1ms 46 MB heap used
 ✓ src/components/ui/__tests__/social-icons-link-basic.test.tsx > Social Icons Link - Basic Tests > HTML属性支持 > supports core anchor attributes 1ms 47 MB heap used
 ✓ src/components/ui/__tests__/social-icons-link-basic.test.tsx > Social Icons Link - Basic Tests > HTML属性支持 > handles component lifecycle correctly 3ms 47 MB heap used
 ✓ src/components/ui/__tests__/social-icons-link-basic.test.tsx > Social Icons Link - Basic Tests > HTML属性支持 > supports data-testid attribute 1ms 48 MB heap used
 ✓ src/components/ui/__tests__/social-icons-link-basic.test.tsx > Social Icons Link - Basic Tests > HTML属性支持 > applies default styling classes 1ms 48 MB heap used
 ✓ src/components/ui/__tests__/social-icons-link.test.tsx > Social Icons Link - Main Tests > 核心链接功能验证 > renders link with icon 17ms 61 MB heap used
 ✓ src/components/ui/__tests__/social-icons-link.test.tsx > Social Icons Link - Main Tests > 核心链接功能验证 > applies correct href 3ms 61 MB heap used
 ✓ src/components/ui/__tests__/social-icons-link.test.tsx > Social Icons Link - Main Tests > 核心链接功能验证 > applies aria-label 2ms 61 MB heap used
 ✓ src/components/ui/__tests__/social-icons-link.test.tsx > Social Icons Link - Main Tests > 核心链接功能验证 > opens in new tab by default 2ms 62 MB heap used
 ✓ src/components/ui/__tests__/social-icons-link.test.tsx > Social Icons Link - Main Tests > 核心链接功能验证 > uses secure target="_blank" by default 2ms 62 MB heap used
 ✓ src/components/ui/__tests__/social-icons-link.test.tsx > Social Icons Link - Main Tests > 核心链接功能验证 > uses secure rel="noopener noreferrer" by default 2ms 64 MB heap used
 ✓ src/components/ui/__tests__/social-icons-link.test.tsx > Social Icons Link - Main Tests > 基本链接测试 > applies default classes 2ms 64 MB heap used
 ✓ src/components/ui/__tests__/social-icons-link.test.tsx > Social Icons Link - Main Tests > 基本链接测试 > supports custom className 1ms 65 MB heap used
 ✓ src/components/ui/__tests__/social-icons-link.test.tsx > Social Icons Link - Main Tests > 基本链接测试 > merges custom className with defaults 1ms 65 MB heap used
 ✓ src/components/ui/__tests__/social-icons-link.test.tsx > Social Icons Link - Main Tests > 基本链接测试 > handles keyboard navigation 44ms 69 MB heap used
 ✓ src/components/ui/__tests__/social-icons-link.test.tsx > Social Icons Link - Main Tests > 基本链接测试 > supports focus styles 2ms 69 MB heap used
 ✓ src/components/ui/__tests__/social-icons-link.test.tsx > Social Icons Link - Main Tests > 基本链接测试 > handles disabled state 1ms 69 MB heap used
 ✓ src/components/ui/__tests__/social-icons-link.test.tsx > Social Icons Link - Main Tests > 基本链接测试 > supports custom icon size 2ms 70 MB heap used
 ✓ src/components/ui/__tests__/social-icons-link.test.tsx > Social Icons Link - Main Tests > 基本链接测试 > handles external link security 1ms 70 MB heap used
 ✓ src/components/ui/__tests__/social-icons-link.test.tsx > Social Icons Link - Main Tests > 基本链接测试 > supports core anchor attributes 2ms 71 MB heap used
 ✓ src/components/ui/__tests__/social-icons-link.test.tsx > Social Icons Link - Main Tests > 错误处理验证 > maintains accessibility standards 1ms 71 MB heap used
 ✓ src/components/ui/__tests__/social-icons-link.test.tsx > Social Icons Link - Main Tests > 错误处理验证 > supports responsive design 1ms 71 MB heap used
 ✓ src/components/ui/__tests__/social-icons-link.test.tsx > Social Icons Link - Main Tests > 错误处理验证 > handles hover and active states 1ms 72 MB heap used
 ✓ src/components/ui/__tests__/social-icons-link.test.tsx > Social Icons Link - Main Tests > 错误处理验证 > handles empty href gracefully 1ms 72 MB heap used
 ✓ src/components/ui/__tests__/social-icons-link.test.tsx > Social Icons Link - Main Tests > 错误处理验证 > handles missing aria-label gracefully 1ms 72 MB heap used
 ✓ tests/integration/components/header.test.tsx > Header Integration Tests > Component Integration > should render all child components correctly 19ms 52 MB heap used
 ✓ tests/integration/components/header.test.tsx > Header Integration Tests > Component Integration > should have correct default structure and classes 27ms 55 MB heap used
 ✓ tests/integration/components/header.test.tsx > Header Integration Tests > Component Integration > should apply custom className 3ms 57 MB heap used
 ✓ tests/integration/components/header.test.tsx > Header Integration Tests > Variant Behavior > should apply default variant styles 3ms 58 MB heap used
 ✓ tests/integration/components/header.test.tsx > Header Integration Tests > Variant Behavior > should apply minimal variant styles 2ms 58 MB heap used
 ✓ tests/integration/components/header.test.tsx > Header Integration Tests > Variant Behavior > should apply transparent variant styles 2ms 59 MB heap used
 ✓ tests/integration/components/header.test.tsx > Header Integration Tests > Variant Behavior > should handle sticky prop correctly 3ms 60 MB heap used
 ✓ tests/integration/components/header.test.tsx > Header Integration Tests > Variant Behavior > should override sticky prop for transparent variant 2ms 61 MB heap used
 ✓ tests/integration/components/header.test.tsx > Header Integration Tests > Responsive Behavior > should contain responsive container 2ms 62 MB heap used
 ✓ tests/integration/components/header.test.tsx > Header Integration Tests > Responsive Behavior > should render both desktop and mobile navigation 1ms 63 MB heap used
 ✓ tests/integration/components/header.test.tsx > Header Integration Tests > Accessibility > should have proper semantic structure 2ms 63 MB heap used
 ✓ tests/integration/components/header.test.tsx > Header Integration Tests > Accessibility > should be keyboard navigable 2ms 64 MB heap used
 ✓ tests/integration/components/header.test.tsx > Header Integration Tests > Component Interaction > should maintain component hierarchy 2ms 65 MB heap used
 ✓ tests/integration/components/header.test.tsx > Header Integration Tests > Component Interaction > should handle component updates correctly 2ms 66 MB heap used
 ✓ tests/integration/components/header.test.tsx > Header Integration Tests > Error Handling > should render gracefully with undefined props 1ms 67 MB heap used
 ✓ tests/integration/components/header.test.tsx > Header Integration Tests > Error Handling > should handle invalid variant gracefully 2ms 68 MB heap used
 ✓ tests/integration/components/header.test.tsx > Header Integration Tests > Performance > should render efficiently without unnecessary re-renders 3ms 69 MB heap used
 ✓ src/components/ui/__tests__/social-icons-accessibility-features.test.tsx > Social Icons Accessibility Features - Main Tests > 核心可访问性功能验证 > should have basic ARIA attributes 17ms 57 MB heap used
 ✓ src/components/ui/__tests__/social-icons-accessibility-features.test.tsx > Social Icons Accessibility Features - Main Tests > 核心可访问性功能验证 > should support keyboard navigation 43ms 61 MB heap used
 ✓ src/components/ui/__tests__/social-icons-accessibility-features.test.tsx > Social Icons Accessibility Features - Main Tests > 核心可访问性功能验证 > should handle keyboard activation 8ms 62 MB heap used
 ✓ src/components/ui/__tests__/social-icons-accessibility-features.test.tsx > Social Icons Accessibility Features - Main Tests > 核心可访问性功能验证 > should have proper external link attributes 2ms 62 MB heap used
 ✓ src/components/ui/__tests__/social-icons-accessibility-features.test.tsx > Social Icons Accessibility Features - Main Tests > 核心可访问性功能验证 > should support focus indicators 2ms 63 MB heap used
 ✓ src/components/ui/__tests__/social-icons-accessibility-features.test.tsx > Social Icons Accessibility Features - Main Tests > 基本ARIA属性测试 > should support aria-label override 2ms 64 MB heap used
 ✓ src/components/ui/__tests__/social-icons-accessibility-features.test.tsx > Social Icons Accessibility Features - Main Tests > 基本ARIA属性测试 > should support aria-hidden override 1ms 64 MB heap used
 ✓ src/components/ui/__tests__/social-icons-accessibility-features.test.tsx > Social Icons Accessibility Features - Main Tests > 基本ARIA属性测试 > should support aria-describedby 2ms 65 MB heap used
 ✓ src/components/ui/__tests__/social-icons-accessibility-features.test.tsx > Social Icons Accessibility Features - Main Tests > 基本ARIA属性测试 > should support role attributes 2ms 65 MB heap used
 ✓ src/components/ui/__tests__/social-icons-accessibility-features.test.tsx > Social Icons Accessibility Features - Main Tests > 基本ARIA属性测试 > should support aria-expanded 2ms 66 MB heap used
 ✓ src/components/ui/__tests__/social-icons-accessibility-features.test.tsx > Social Icons Accessibility Features - Main Tests > 错误处理验证 > should handle missing href gracefully 1ms 66 MB heap used
 ✓ src/components/ui/__tests__/social-icons-accessibility-features.test.tsx > Social Icons Accessibility Features - Main Tests > 错误处理验证 > should handle missing aria-label gracefully 1ms 66 MB heap used
 ✓ src/components/ui/__tests__/social-icons-accessibility-features.test.tsx > Social Icons Accessibility Features - Main Tests > 高级功能测试 > should support high contrast mode 1ms 67 MB heap used
 ✓ src/components/ui/__tests__/social-icons-accessibility-features.test.tsx > Social Icons Accessibility Features - Main Tests > 高级功能测试 > should support reduced motion preferences 1ms 68 MB heap used
 ✓ src/components/ui/__tests__/social-icons-accessibility-features.test.tsx > Social Icons Accessibility Features - Main Tests > 高级功能测试 > should support color contrast requirements 1ms 68 MB heap used
 ✓ src/components/ui/__tests__/social-icons-accessibility-features.test.tsx > Social Icons Accessibility Features - Main Tests > 国际化基础测试 > should support basic internationalization 1ms 68 MB heap used
 ✓ src/components/ui/__tests__/social-icons-accessibility-features.test.tsx > Social Icons Accessibility Features - Main Tests > 国际化基础测试 > should support RTL languages 2ms 69 MB heap used
 ✓ src/app/[locale]/contact/__tests__/page-i18n.test.tsx > Contact Page I18n - Main Tests > 核心国际化功能验证 > 应该正确使用翻译 4ms 58 MB heap used
 ✓ src/app/[locale]/contact/__tests__/page-i18n.test.tsx > Contact Page I18n - Main Tests > 核心国际化功能验证 > 应该处理不同的locale 1ms 58 MB heap used
 ✓ src/app/[locale]/contact/__tests__/page-i18n.test.tsx > Contact Page I18n - Main Tests > 核心国际化功能验证 > 应该处理缺失的翻译键 20ms 60 MB heap used
 ✓ src/app/[locale]/contact/__tests__/page-i18n.test.tsx > Contact Page I18n - Main Tests > 核心国际化功能验证 > 应该处理特殊字符的locale 1ms 61 MB heap used
 ✓ src/app/[locale]/contact/__tests__/page-i18n.test.tsx > Contact Page I18n - Main Tests > 核心国际化功能验证 > 应该处理空的翻译值 32ms 65 MB heap used
 ✓ src/app/[locale]/contact/__tests__/page-i18n.test.tsx > Contact Page I18n - Main Tests > 基本翻译测试 > 应该正确生成页面元数据 1ms 65 MB heap used
 ✓ src/app/[locale]/contact/__tests__/page-i18n.test.tsx > Contact Page I18n - Main Tests > 基本翻译测试 > 应该处理不同locale的元数据 0ms 65 MB heap used
 ✓ src/app/[locale]/contact/__tests__/page-i18n.test.tsx > Contact Page I18n - Main Tests > 基本翻译测试 > 应该处理元数据生成错误 1ms 65 MB heap used
 ✓ src/app/[locale]/contact/__tests__/page-i18n.test.tsx > Contact Page I18n - Main Tests > 基本翻译测试 > 应该生成正确的元数据结构 1ms 66 MB heap used
 ✓ src/app/[locale]/contact/__tests__/page-i18n.test.tsx > Contact Page I18n - Main Tests > 基本翻译测试 > 应该支持英文locale 3ms 67 MB heap used
 ✓ src/app/[locale]/contact/__tests__/page-i18n.test.tsx > Contact Page I18n - Main Tests > 基本翻译测试 > 应该支持中文locale 3ms 67 MB heap used
 ✓ src/app/[locale]/contact/__tests__/page-i18n.test.tsx > Contact Page I18n - Main Tests > 基本翻译测试 > 应该支持繁体中文locale 3ms 68 MB heap used
 ✓ src/app/[locale]/contact/__tests__/page-i18n.test.tsx > Contact Page I18n - Main Tests > 基本翻译测试 > 应该处理未知locale 2ms 69 MB heap used
 ✓ src/app/[locale]/contact/__tests__/page-i18n.test.tsx > Contact Page I18n - Main Tests > 基本翻译测试 > 应该使用正确的命名空间 1ms 70 MB heap used
 ✓ src/app/[locale]/contact/__tests__/page-i18n.test.tsx > Contact Page I18n - Main Tests > 基本翻译测试 > 应该处理长文本内容 4ms 71 MB heap used
 ✓ src/app/[locale]/contact/__tests__/page-i18n.test.tsx > Contact Page I18n - Main Tests > 错误处理验证 > 应该处理getTranslations错误 0ms 71 MB heap used
 ✓ src/app/[locale]/contact/__tests__/page-i18n.test.tsx > Contact Page I18n - Main Tests > 错误处理验证 > 应该处理params解析错误 0ms 72 MB heap used
 ✓ src/app/[locale]/contact/__tests__/page-i18n.test.tsx > Contact Page I18n - Main Tests > 错误处理验证 > 应该处理翻译函数返回错误 0ms 71 MB heap used
 ✓ src/app/[locale]/contact/__tests__/page-i18n.test.tsx > Contact Page I18n - Main Tests > 错误处理验证 > 应该处理异步翻译错误 0ms 71 MB heap used
 ✓ src/app/[locale]/contact/__tests__/page-i18n.test.tsx > Contact Page I18n - Main Tests > 错误处理验证 > 应该是异步服务器组件 1ms 72 MB heap used
 ✓ src/app/[locale]/contact/__tests__/page-i18n.test.tsx > Contact Page I18n - Main Tests > 错误处理验证 > 应该正确处理异步参数 11ms 72 MB heap used
 ✓ src/app/[locale]/contact/__tests__/page-i18n.test.tsx > Contact Page I18n - Main Tests > 错误处理验证 > 应该缓存翻译结果 1ms 72 MB heap used
 ✓ src/components/ui/__tests__/badge-custom-props.test.tsx > Badge Custom Props - Advanced Tests > Advanced Custom Properties > handles complex className combinations with variants 19ms 59 MB heap used
 ✓ src/components/ui/__tests__/badge-custom-props.test.tsx > Badge Custom Props - Advanced Tests > Advanced Custom Properties > handles performance optimization with complex prop combinations 16ms 60 MB heap used
 ✓ src/components/ui/__tests__/badge-custom-props.test.tsx > Badge Custom Props - Advanced Tests > Event Handlers > supports onMouseEnter and onMouseLeave handlers 3ms 61 MB heap used
 ✓ src/components/ui/__tests__/badge-custom-props.test.tsx > Badge Custom Props - Advanced Tests > Event Handlers > supports onFocus and onBlur handlers 2ms 61 MB heap used
 ✓ src/components/ui/__tests__/badge-custom-props.test.tsx > Badge Custom Props - Advanced Tests > Event Handlers > forwards ref correctly 1ms 62 MB heap used
 ✓ src/components/ui/__tests__/badge-custom-props.test.tsx > Badge Custom Props - Advanced Tests > Event Handlers > supports tabIndex for keyboard navigation 1ms 62 MB heap used
 ✓ src/components/ui/__tests__/badge-custom-props.test.tsx > Badge Custom Props - Advanced Tests > Event Handlers > supports ARIA attributes for accessibility 1ms 63 MB heap used
 ✓ src/components/ui/__tests__/badge-custom-props.test.tsx > Badge Custom Props - Advanced Tests > Event Handlers > supports custom data attributes 1ms 63 MB heap used
 ✓ src/components/ui/__tests__/badge-custom-props.test.tsx > Badge Custom Props - Advanced Tests > Event Handlers > handles boolean attributes correctly 1ms 64 MB heap used
 ✓ src/components/ui/__tests__/badge-custom-props.test.tsx > Badge Custom Props - Advanced Tests > Event Handlers > supports title attribute for tooltips 1ms 64 MB heap used
 ✓ src/components/ui/__tests__/badge-custom-props.test.tsx > Badge Custom Props - Advanced Tests > Event Handlers > supports multiple className values 1ms 64 MB heap used
 ✓ src/components/ui/__tests__/badge-custom-props.test.tsx > Badge Custom Props - Advanced Tests > Event Handlers > supports conditional className 1ms 65 MB heap used
 ✓ src/components/ui/__tests__/badge-custom-props.test.tsx > Badge Custom Props - Advanced Tests > Event Handlers > supports className as array 1ms 65 MB heap used
 ✓ src/components/ui/__tests__/badge-custom-props.test.tsx > Badge Custom Props - Advanced Tests > Event Handlers > supports dynamic style updates 12ms 67 MB heap used
 ✓ src/components/ui/__tests__/badge-custom-props.test.tsx > Badge Custom Props - Advanced Tests > Event Handlers > supports complex style objects 3ms 68 MB heap used
 ✓ src/components/ui/__tests__/badge-custom-props.test.tsx > Badge Custom Props - Advanced Tests > Event Handlers > supports CSS custom properties 1ms 69 MB heap used
 ✓ src/components/ui/__tests__/badge-custom-props.test.tsx > Badge Custom Props - Advanced Tests > Event Handlers > handles event propagation correctly 1ms 69 MB heap used
 ✓ src/components/ui/__tests__/badge-custom-props.test.tsx > Badge Custom Props - Advanced Tests > Event Handlers > supports keyboard event handlers 1ms 69 MB heap used
 ✓ src/components/ui/__tests__/badge-custom-props.test.tsx > Badge Custom Props - Advanced Tests > Event Handlers > supports form-related attributes 1ms 70 MB heap used
 ✓ src/components/ui/__tests__/badge-custom-props.test.tsx > Badge Custom Props - Advanced Tests > Event Handlers > supports drag and drop attributes 1ms 70 MB heap used
 ✓ src/components/ui/__tests__/badge-custom-props.test.tsx > Badge Custom Props - Advanced Tests > Event Handlers > supports internationalization attributes 1ms 71 MB heap used
 ✓ src/components/ui/__tests__/badge-custom-props.test.tsx > Badge Custom Props - Advanced Tests > Event Handlers > supports microdata attributes 1ms 71 MB heap used
 ✓ src/components/ui/__tests__/badge-custom-props.test.tsx > Badge Custom Props - Advanced Tests > Event Handlers > supports spellcheck attribute 1ms 71 MB heap used
 ✓ src/components/ui/__tests__/badge-custom-props.test.tsx > Badge Custom Props - Advanced Tests > Event Handlers > supports autocomplete attribute 1ms 72 MB heap used
 ✓ src/components/ui/__tests__/card.test.tsx > Card Components > Card > renders card with default props 20ms 59 MB heap used
 ✓ src/components/ui/__tests__/card.test.tsx > Card Components > Card > applies default card styles 2ms 60 MB heap used
 ✓ src/components/ui/__tests__/card.test.tsx > Card Components > Card > applies custom className 2ms 61 MB heap used
 ✓ src/components/ui/__tests__/card.test.tsx > Card Components > Card > passes through HTML div props 2ms 61 MB heap used
 ✓ src/components/ui/__tests__/card.test.tsx > Card Components > CardHeader > renders card header with default props 1ms 62 MB heap used
 ✓ src/components/ui/__tests__/card.test.tsx > Card Components > CardHeader > applies default header styles 1ms 62 MB heap used
 ✓ src/components/ui/__tests__/card.test.tsx > Card Components > CardHeader > applies custom className 1ms 62 MB heap used
 ✓ src/components/ui/__tests__/card.test.tsx > Card Components > CardTitle > renders card title with default props 1ms 62 MB heap used
 ✓ src/components/ui/__tests__/card.test.tsx > Card Components > CardTitle > applies default title styles 1ms 63 MB heap used
 ✓ src/components/ui/__tests__/card.test.tsx > Card Components > CardTitle > applies custom className 1ms 63 MB heap used
 ✓ src/components/ui/__tests__/card.test.tsx > Card Components > CardDescription > renders card description with default props 1ms 64 MB heap used
 ✓ src/components/ui/__tests__/card.test.tsx > Card Components > CardDescription > applies default description styles 1ms 64 MB heap used
 ✓ src/components/ui/__tests__/card.test.tsx > Card Components > CardDescription > applies custom className 1ms 64 MB heap used
 ✓ src/components/ui/__tests__/card.test.tsx > Card Components > CardAction > renders card action with default props 1ms 65 MB heap used
 ✓ src/components/ui/__tests__/card.test.tsx > Card Components > CardAction > applies default action styles 1ms 65 MB heap used
 ✓ src/components/ui/__tests__/card.test.tsx > Card Components > CardAction > applies custom className 1ms 65 MB heap used
 ✓ src/components/ui/__tests__/card.test.tsx > Card Components > CardContent > renders card content with default props 1ms 66 MB heap used
 ✓ src/components/ui/__tests__/card.test.tsx > Card Components > CardContent > applies default content styles 1ms 66 MB heap used
 ✓ src/components/ui/__tests__/card.test.tsx > Card Components > CardContent > applies custom className 1ms 66 MB heap used
 ✓ src/components/ui/__tests__/card.test.tsx > Card Components > CardFooter > renders card footer with default props 1ms 67 MB heap used
 ✓ src/components/ui/__tests__/card.test.tsx > Card Components > CardFooter > applies default footer styles 1ms 67 MB heap used
 ✓ src/components/ui/__tests__/card.test.tsx > Card Components > CardFooter > applies custom className 1ms 67 MB heap used
 ✓ src/components/ui/__tests__/card.test.tsx > Card Components > Complete Card Structure > renders a complete card with all components 35ms 72 MB heap used
 ✓ src/components/ui/__tests__/card.test.tsx > Card Components > Complete Card Structure > maintains proper component hierarchy 2ms 73 MB heap used
 ✓ src/components/ui/__tests__/card.test.tsx > Card Components > Accessibility > supports semantic HTML structure 4ms 74 MB heap used
 ✓ src/components/ui/__tests__/card.test.tsx > Card Components > Accessibility > supports ARIA attributes 2ms 74 MB heap used
 ✓ src/components/ui/__tests__/animated-counter-animation.test.tsx > AnimatedCounter - Animation Behavior > Animation Behavior > starts animation when autoStart is true 16ms 55 MB heap used
 ✓ src/components/ui/__tests__/animated-counter-animation.test.tsx > AnimatedCounter - Animation Behavior > Animation Behavior > does not start animation when autoStart is false and triggerOnVisible is false 2ms 56 MB heap used
 ✓ src/components/ui/__tests__/animated-counter-animation.test.tsx > AnimatedCounter - Animation Behavior > Animation Behavior > animates from 0 to target value 31ms 59 MB heap used
 ✓ src/components/ui/__tests__/animated-counter-animation.test.tsx > AnimatedCounter - Animation Behavior > Animation Behavior > handles value changes during animation 5ms 60 MB heap used
 ✓ src/components/ui/__tests__/animated-counter-animation.test.tsx > AnimatedCounter - Animation Behavior > Animation Behavior > respects custom duration 3ms 61 MB heap used
 ✓ src/components/ui/__tests__/animated-counter-animation.test.tsx > AnimatedCounter - Animation Behavior > Animation Behavior > handles zero duration 3ms 62 MB heap used
 ✓ src/components/ui/__tests__/animated-counter-animation.test.tsx > AnimatedCounter - Animation Behavior > Animation Behavior > handles negative duration gracefully 3ms 62 MB heap used
 ✓ src/components/ui/__tests__/animated-counter-animation.test.tsx > AnimatedCounter - Animation Behavior > Animation Behavior > cancels previous animation when value changes 1ms 63 MB heap used
 ✓ src/components/ui/__tests__/animated-counter-animation.test.tsx > AnimatedCounter - Animation Behavior > Animation Behavior > prevents multiple simultaneous animations 2ms 64 MB heap used
 ✓ src/components/ui/__tests__/animated-counter-animation.test.tsx > AnimatedCounter - Animation Behavior > Animation Behavior > handles component unmounting during animation 2ms 64 MB heap used
 ✓ src/components/ui/__tests__/animated-counter-animation.test.tsx > AnimatedCounter - Animation Behavior > Animation Behavior > animates backwards when new value is smaller 3ms 65 MB heap used
 ✓ src/components/ui/__tests__/animated-counter-animation.test.tsx > AnimatedCounter - Animation Behavior > Animation Behavior > handles rapid value changes 7ms 67 MB heap used
 ✓ src/components/ui/__tests__/animated-counter-animation.test.tsx > AnimatedCounter - Animation Behavior > Animation Behavior > maintains smooth animation with custom easing 2ms 68 MB heap used
 ✓ src/components/ui/__tests__/animated-counter-animation.test.tsx > AnimatedCounter - Animation Behavior > Animation Behavior > handles animation with delay 3ms 69 MB heap used
 ✓ src/components/ui/__tests__/animated-counter-animation.test.tsx > AnimatedCounter - Animation Behavior > Animation Behavior > handles very short durations 2ms 69 MB heap used
 ✓ src/components/ui/__tests__/animated-counter-animation.test.tsx > AnimatedCounter - Animation Behavior > Animation Behavior > handles very long durations 4ms 45 MB heap used
 ✓ src/components/ui/__tests__/input-basic.test.tsx > Input - Basic Rendering & Types > Basic Rendering > renders input with default props 45ms 62 MB heap used
 ✓ src/components/ui/__tests__/input-basic.test.tsx > Input - Basic Rendering & Types > Basic Rendering > applies default classes 2ms 62 MB heap used
 ✓ src/components/ui/__tests__/input-basic.test.tsx > Input - Basic Rendering & Types > Basic Rendering > renders as input element 1ms 63 MB heap used
 ✓ src/components/ui/__tests__/input-basic.test.tsx > Input - Basic Rendering & Types > Basic Rendering > has correct default attributes 1ms 63 MB heap used
 ✓ src/components/ui/__tests__/input-basic.test.tsx > Input - Basic Rendering & Types > Basic Rendering > handles empty props gracefully 5ms 64 MB heap used
 ✓ src/components/ui/__tests__/input-basic.test.tsx > Input - Basic Rendering & Types > Basic Rendering > renders with minimal configuration 1ms 64 MB heap used
 ✓ src/components/ui/__tests__/input-basic.test.tsx > Input - Basic Rendering & Types > Input Types > renders text input by default 1ms 65 MB heap used
 ✓ src/components/ui/__tests__/input-basic.test.tsx > Input - Basic Rendering & Types > Input Types > renders email input 1ms 65 MB heap used
 ✓ src/components/ui/__tests__/input-basic.test.tsx > Input - Basic Rendering & Types > Input Types > renders password input 3ms 66 MB heap used
 ✓ src/components/ui/__tests__/input-basic.test.tsx > Input - Basic Rendering & Types > Input Types > renders number input 1ms 66 MB heap used
 ✓ src/components/ui/__tests__/input-basic.test.tsx > Input - Basic Rendering & Types > Input Types > renders tel input 1ms 66 MB heap used
 ✓ src/components/ui/__tests__/input-basic.test.tsx > Input - Basic Rendering & Types > Input Types > renders url input 1ms 67 MB heap used
 ✓ src/components/ui/__tests__/input-basic.test.tsx > Input - Basic Rendering & Types > Input Types > renders search input 1ms 67 MB heap used
 ✓ src/components/ui/__tests__/input-basic.test.tsx > Input - Basic Rendering & Types > Input Types > renders date input 1ms 67 MB heap used
 ✓ src/components/ui/__tests__/input-basic.test.tsx > Input - Basic Rendering & Types > Input Types > renders time input 1ms 68 MB heap used
 ✓ src/components/ui/__tests__/input-basic.test.tsx > Input - Basic Rendering & Types > Input Types > renders datetime-local input 1ms 68 MB heap used
 ✓ src/components/ui/__tests__/input-basic.test.tsx > Input - Basic Rendering & Types > Input Types > renders month input 1ms 69 MB heap used
 ✓ src/components/ui/__tests__/input-basic.test.tsx > Input - Basic Rendering & Types > Input Types > renders week input 1ms 69 MB heap used
 ✓ src/components/ui/__tests__/input-basic.test.tsx > Input - Basic Rendering & Types > Input Types > renders color input 1ms 69 MB heap used
 ✓ src/components/ui/__tests__/input-basic.test.tsx > Input - Basic Rendering & Types > Input Types > renders range input 1ms 70 MB heap used
 ✓ src/components/ui/__tests__/input-basic.test.tsx > Input - Basic Rendering & Types > Input Types > renders hidden input 0ms 70 MB heap used
 ✓ src/components/ui/__tests__/input-basic.test.tsx > Input - Basic Rendering & Types > Input Types > handles file input type 1ms 70 MB heap used
 ✓ src/components/ui/__tests__/input-basic.test.tsx > Input - Basic Rendering & Types > Input Types > applies type-specific styling 1ms 71 MB heap used
 ✓ src/components/ui/__tests__/input-basic.test.tsx > Input - Basic Rendering & Types > Input Types > handles invalid input types gracefully 0ms 71 MB heap used
 ✓ src/components/ui/__tests__/input-basic.test.tsx > Input - Basic Rendering & Types > Input Types > supports all HTML5 input types 5ms 74 MB heap used
 ✓ src/components/ui/__tests__/input-basic.test.tsx > Input - Basic Rendering & Types > Input Types > maintains consistent styling across types 1ms 75 MB heap used
 ✓ src/components/ui/__tests__/input-basic.test.tsx > Input - Basic Rendering & Types > Input Types > handles type changes dynamically 1ms 76 MB heap used
 ✓ src/components/ui/__tests__/input-basic.test.tsx > Input - Basic Rendering & Types > Input Types > supports type-specific attributes 1ms 76 MB heap used
 ✓ src/components/ui/__tests__/input-basic.test.tsx > Input - Basic Rendering & Types > Input Types > supports file input attributes 1ms 76 MB heap used
 ✓ src/components/ui/__tests__/input-basic.test.tsx > Input - Basic Rendering & Types > Input Types > supports date input attributes 0ms 77 MB heap used
 ✓ src/components/ui/__tests__/input-basic.test.tsx > Input - Basic Rendering & Types > Input Types > supports text input attributes 1ms 77 MB heap used
 ✓ src/components/theme/__tests__/theme-menu-item-rendering.test.tsx > Theme Menu Item - Rendering Tests > 基本渲染 > renders theme menu item with correct label 17ms 53 MB heap used
 ✓ src/components/theme/__tests__/theme-menu-item-rendering.test.tsx > Theme Menu Item - Rendering Tests > 基本渲染 > renders with correct icon 26ms 56 MB heap used
 ✓ src/components/theme/__tests__/theme-menu-item-rendering.test.tsx > Theme Menu Item - Rendering Tests > 基本渲染 > applies correct role and aria-label 3ms 57 MB heap used
 ✓ src/components/theme/__tests__/theme-menu-item-rendering.test.tsx > Theme Menu Item - Rendering Tests > 基本渲染 > renders with different icons correctly 4ms 58 MB heap used
 ✓ src/components/theme/__tests__/theme-menu-item-rendering.test.tsx > Theme Menu Item - Rendering Tests > 基本渲染 > renders with custom label 2ms 59 MB heap used
 ✓ src/components/theme/__tests__/theme-menu-item-rendering.test.tsx > Theme Menu Item - Rendering Tests > 基本渲染 > renders with custom aria-label 2ms 59 MB heap used
 ✓ src/components/theme/__tests__/theme-menu-item-rendering.test.tsx > Theme Menu Item - Rendering Tests > 选择状态 > shows selected indicator when theme matches currentTheme 2ms 59 MB heap used
 ✓ src/components/theme/__tests__/theme-menu-item-rendering.test.tsx > Theme Menu Item - Rendering Tests > 选择状态 > does not show selected indicator when theme does not match currentTheme 1ms 60 MB heap used
 ✓ src/components/theme/__tests__/theme-menu-item-rendering.test.tsx > Theme Menu Item - Rendering Tests > 选择状态 > applies selected styling when theme matches currentTheme 2ms 61 MB heap used
 ✓ src/components/theme/__tests__/theme-menu-item-rendering.test.tsx > Theme Menu Item - Rendering Tests > 选择状态 > does not apply selected styling when theme does not match 3ms 61 MB heap used
 ✓ src/components/theme/__tests__/theme-menu-item-rendering.test.tsx > Theme Menu Item - Rendering Tests > 选择状态 > handles system theme selection correctly 2ms 62 MB heap used
 ✓ src/components/theme/__tests__/theme-menu-item-rendering.test.tsx > Theme Menu Item - Rendering Tests > 样式应用 > applies focus styles 2ms 63 MB heap used
 ✓ src/components/theme/__tests__/theme-menu-item-rendering.test.tsx > Theme Menu Item - Rendering Tests > 样式应用 > has proper icon accessibility attributes 2ms 63 MB heap used
 ✓ src/components/theme/__tests__/theme-menu-item-rendering.test.tsx > Theme Menu Item - Rendering Tests > 样式应用 > provides accessible selected state information 2ms 64 MB heap used
 ✓ src/components/theme/__tests__/theme-menu-item-rendering.test.tsx > Theme Menu Item - Rendering Tests > 样式应用 > applies base menu item classes 2ms 64 MB heap used
 ✓ src/components/theme/__tests__/theme-menu-item-rendering.test.tsx > Theme Menu Item - Rendering Tests > 样式应用 > handles different theme styling correctly 2ms 65 MB heap used
 ✓ src/components/theme/__tests__/theme-menu-item-rendering.test.tsx > Theme Menu Item - Rendering Tests > 图标显示 > renders Sun icon for light theme 2ms 66 MB heap used
 ✓ src/components/theme/__tests__/theme-menu-item-rendering.test.tsx > Theme Menu Item - Rendering Tests > 图标显示 > renders Moon icon for dark theme 3ms 66 MB heap used
 ✓ src/components/theme/__tests__/theme-menu-item-rendering.test.tsx > Theme Menu Item - Rendering Tests > 图标显示 > handles missing icon gracefully 3ms 67 MB heap used
 ✓ src/components/theme/__tests__/theme-menu-item-rendering.test.tsx > Theme Menu Item - Rendering Tests > 图标显示 > applies correct icon styling 1ms 68 MB heap used
 ✓ src/components/theme/__tests__/theme-menu-item-rendering.test.tsx > Theme Menu Item - Rendering Tests > 边界情况 > handles undefined currentTheme gracefully 1ms 69 MB heap used
 ✓ src/components/theme/__tests__/theme-menu-item-rendering.test.tsx > Theme Menu Item - Rendering Tests > 边界情况 > handles empty label gracefully 2ms 69 MB heap used
 ✓ src/components/theme/__tests__/theme-menu-item-rendering.test.tsx > Theme Menu Item - Rendering Tests > 边界情况 > handles missing aria-label gracefully 4ms 44 MB heap used
 ✓ src/components/ui/__tests__/badge.test.tsx > Badge Component > Basic Rendering > renders badge with default props 19ms 60 MB heap used
 ✓ src/components/ui/__tests__/badge.test.tsx > Badge Component > Basic Rendering > renders badge with custom text 2ms 60 MB heap used
 ✓ src/components/ui/__tests__/badge.test.tsx > Badge Component > Basic Rendering > applies default base classes 2ms 60 MB heap used
 ✓ src/components/ui/__tests__/badge.test.tsx > Badge Component > Variant Props > applies default variant styles 1ms 61 MB heap used
 ✓ src/components/ui/__tests__/badge.test.tsx > Badge Component > Variant Props > applies secondary variant styles 2ms 62 MB heap used
 ✓ src/components/ui/__tests__/badge.test.tsx > Badge Component > Variant Props > applies destructive variant styles 1ms 62 MB heap used
 ✓ src/components/ui/__tests__/badge.test.tsx > Badge Component > Variant Props > applies outline variant styles 1ms 62 MB heap used
 ✓ src/components/ui/__tests__/badge.test.tsx > Badge Component > Custom Props > applies custom className 1ms 62 MB heap used
 ✓ src/components/ui/__tests__/badge.test.tsx > Badge Component > Custom Props > merges custom className with variant classes 1ms 63 MB heap used
 ✓ src/components/ui/__tests__/badge.test.tsx > Badge Component > Custom Props > passes through HTML div props 2ms 63 MB heap used
 ✓ src/components/ui/__tests__/badge.test.tsx > Badge Component > Content Rendering > renders text content 1ms 63 MB heap used
 ✓ src/components/ui/__tests__/badge.test.tsx > Badge Component > Content Rendering > renders numeric content 2ms 64 MB heap used
 ✓ src/components/ui/__tests__/badge.test.tsx > Badge Component > Content Rendering > renders with icon content 2ms 65 MB heap used
 ✓ src/components/ui/__tests__/badge.test.tsx > Badge Component > Content Rendering > renders icon-only badge 2ms 65 MB heap used
 ✓ src/components/ui/__tests__/badge.test.tsx > Badge Component > Accessibility > has proper focus styles 1ms 65 MB heap used
 ✓ src/components/ui/__tests__/badge.test.tsx > Badge Component > Accessibility > supports aria attributes 1ms 66 MB heap used
 ✓ src/components/ui/__tests__/badge.test.tsx > Badge Component > Accessibility > works as a status indicator 25ms 68 MB heap used
 ✓ src/components/ui/__tests__/badge.test.tsx > Badge Component > Hover and Interactive States > applies hover styles for default variant 1ms 69 MB heap used
 ✓ src/components/ui/__tests__/badge.test.tsx > Badge Component > Hover and Interactive States > applies hover styles for secondary variant 1ms 69 MB heap used
 ✓ src/components/ui/__tests__/badge.test.tsx > Badge Component > Hover and Interactive States > applies hover styles for destructive variant 1ms 69 MB heap used
 ✓ src/components/ui/__tests__/badge.test.tsx > Badge Component > Hover and Interactive States > does not apply hover styles for outline variant 1ms 70 MB heap used
 ✓ src/components/ui/__tests__/badge.test.tsx > Badge Component > Responsive Behavior > maintains consistent sizing across variants 3ms 71 MB heap used
 ✓ src/components/ui/__tests__/badge.test.tsx > Badge Component > Responsive Behavior > handles long text content gracefully 1ms 71 MB heap used
 ✓ src/components/ui/__tests__/badge.test.tsx > Badge Component > Edge Cases > renders empty badge 1ms 72 MB heap used
 ✓ src/components/ui/__tests__/badge.test.tsx > Badge Component > Edge Cases > handles undefined variant gracefully 1ms 72 MB heap used
 ✓ src/components/ui/__tests__/badge.test.tsx > Badge Component > Edge Cases > handles special characters in content 1ms 72 MB heap used
 ✓ src/components/forms/__tests__/contact-form-container.test.tsx > ContactFormContainer - 剩余高级测试 > 状态消息组件 > idle 状态不应该显示消息 27ms 49 MB heap used
 ✓ src/components/forms/__tests__/contact-form-container.test.tsx > ContactFormContainer - 剩余高级测试 > 状态消息组件 > 应该显示正确的状态消息样式 30ms 53 MB heap used
 ✓ src/components/forms/__tests__/contact-form-container.test.tsx > ContactFormContainer - 剩余高级测试 > 状态消息组件 > 应该显示错误状态消息样式 7ms 56 MB heap used
 ✓ src/components/ui/__tests__/badge-custom-props-core.test.tsx > Badge Custom Props - Core Tests > Basic Custom Properties > applies custom className 20ms 55 MB heap used
 ✓ src/components/ui/__tests__/badge-custom-props-core.test.tsx > Badge Custom Props - Core Tests > Basic Custom Properties > merges multiple classNames 2ms 55 MB heap used
 ✓ src/components/ui/__tests__/badge-custom-props-core.test.tsx > Badge Custom Props - Core Tests > Basic Custom Properties > applies inline styles 27ms 59 MB heap used
 ✓ src/components/ui/__tests__/badge-custom-props-core.test.tsx > Badge Custom Props - Core Tests > Basic Custom Properties > supports data attributes 2ms 58 MB heap used
 ✓ src/components/ui/__tests__/badge-custom-props-core.test.tsx > Badge Custom Props - Core Tests > Basic Custom Properties > supports aria attributes 1ms 59 MB heap used
 ✓ src/components/ui/__tests__/badge-custom-props-core.test.tsx > Badge Custom Props - Core Tests > Event Handling > handles click events 3ms 59 MB heap used
 ✓ src/components/ui/__tests__/badge-custom-props-core.test.tsx > Badge Custom Props - Core Tests > Event Handling > handles mouse events 2ms 60 MB heap used
 ✓ src/components/ui/__tests__/badge-custom-props-core.test.tsx > Badge Custom Props - Core Tests > Event Handling > handles keyboard events 1ms 60 MB heap used
 ✓ src/components/ui/__tests__/badge-custom-props-core.test.tsx > Badge Custom Props - Core Tests > Event Handling > handles focus events 1ms 61 MB heap used
 ✓ src/components/ui/__tests__/badge-custom-props-core.test.tsx > Badge Custom Props - Core Tests > Ref Forwarding > forwards ref to DOM element 1ms 61 MB heap used
 ✓ src/components/ui/__tests__/badge-custom-props-core.test.tsx > Badge Custom Props - Core Tests > Ref Forwarding > allows ref manipulation 3ms 62 MB heap used
 ✓ src/components/ui/__tests__/badge-custom-props-core.test.tsx > Badge Custom Props - Core Tests > HTML Attributes > supports id attribute 1ms 63 MB heap used
 ✓ src/components/ui/__tests__/badge-custom-props-core.test.tsx > Badge Custom Props - Core Tests > HTML Attributes > supports title attribute 1ms 63 MB heap used
 ✓ src/components/ui/__tests__/badge-custom-props-core.test.tsx > Badge Custom Props - Core Tests > HTML Attributes > supports role attribute 1ms 63 MB heap used
 ✓ src/components/ui/__tests__/badge-custom-props-core.test.tsx > Badge Custom Props - Core Tests > HTML Attributes > supports tabIndex attribute 1ms 64 MB heap used
 ✓ src/components/ui/__tests__/badge-custom-props-core.test.tsx > Badge Custom Props - Core Tests > Boolean Attributes > supports hidden attribute 1ms 64 MB heap used
 ✓ src/components/ui/__tests__/badge-custom-props-core.test.tsx > Badge Custom Props - Core Tests > Boolean Attributes > supports disabled-like behavior with aria-disabled 1ms 64 MB heap used
 ✓ src/components/ui/__tests__/badge-custom-props-core.test.tsx > Badge Custom Props - Core Tests > Complex Prop Combinations > handles multiple props together 3ms 65 MB heap used
 ✓ src/components/ui/__tests__/badge-custom-props-core.test.tsx > Badge Custom Props - Core Tests > Complex Prop Combinations > handles prop precedence correctly 1ms 65 MB heap used
 ✓ src/components/ui/__tests__/badge-custom-props-core.test.tsx > Badge Custom Props - Core Tests > Edge Cases > handles undefined props gracefully 1ms 66 MB heap used
 ✓ src/components/ui/__tests__/badge-custom-props-core.test.tsx > Badge Custom Props - Core Tests > Edge Cases > handles empty string props 1ms 66 MB heap used
 ✓ src/components/ui/__tests__/badge-custom-props-core.test.tsx > Badge Custom Props - Core Tests > Edge Cases > handles null event handlers 1ms 66 MB heap used
 ✓ src/components/ui/__tests__/badge-custom-props-core.test.tsx > Badge Custom Props - Core Tests > Performance Considerations > renders efficiently with many props 1ms 67 MB heap used
 ✓ src/components/ui/__tests__/badge-custom-props-core.test.tsx > Badge Custom Props - Core Tests > Performance Considerations > handles re-renders without issues 2ms 67 MB heap used
 ✓ src/app/[locale]/__tests__/layout-structured-data.test.ts > Layout Structured Data Generation > generatePageStructuredData函数 > 应该为英文locale生成组织和网站结构化数据 4ms 63 MB heap used
 ✓ src/app/[locale]/__tests__/layout-structured-data.test.ts > Layout Structured Data Generation > generatePageStructuredData函数 > 应该为中文locale生成结构化数据 1ms 64 MB heap used
 ✓ src/app/[locale]/__tests__/layout-structured-data.test.ts > Layout Structured Data Generation > generatePageStructuredData函数 > 应该返回正确的数据结构 1ms 64 MB heap used
 ✓ src/app/[locale]/__tests__/layout-structured-data.test.ts > Layout Structured Data Generation > 结构化数据类型 > 应该生成Organization类型的结构化数据 1ms 64 MB heap used
 ✓ src/app/[locale]/__tests__/layout-structured-data.test.ts > Layout Structured Data Generation > 结构化数据类型 > 应该生成WebSite类型的结构化数据 0ms 64 MB heap used
 ✓ src/app/[locale]/__tests__/layout-structured-data.test.ts > Layout Structured Data Generation > 结构化数据类型 > 应该为两种类型传递空的配置对象 0ms 64 MB heap used
 ✓ src/app/[locale]/__tests__/layout-structured-data.test.ts > Layout Structured Data Generation > 异步处理 > 应该正确处理异步的结构化数据生成 33ms 64 MB heap used
 ✓ src/app/[locale]/__tests__/layout-structured-data.test.ts > Layout Structured Data Generation > 异步处理 > 应该并行处理两个结构化数据生成 22ms 64 MB heap used
 ✓ src/app/[locale]/__tests__/layout-structured-data.test.ts > Layout Structured Data Generation > 错误处理 > 应该处理Organization数据生成失败 1ms 65 MB heap used
 ✓ src/app/[locale]/__tests__/layout-structured-data.test.ts > Layout Structured Data Generation > 错误处理 > 应该处理WebSite数据生成失败 1ms 65 MB heap used
 ✓ src/app/[locale]/__tests__/layout-structured-data.test.ts > Layout Structured Data Generation > 错误处理 > 应该处理两个数据生成都失败的情况 0ms 65 MB heap used
 ✓ src/app/[locale]/__tests__/layout-structured-data.test.ts > Layout Structured Data Generation > 返回值验证 > 应该返回包含organizationData和websiteData的对象 0ms 65 MB heap used
 ✓ src/app/[locale]/__tests__/layout-structured-data.test.ts > Layout Structured Data Generation > 返回值验证 > organizationData应该是一个对象 0ms 65 MB heap used
 ✓ src/app/[locale]/__tests__/layout-structured-data.test.ts > Layout Structured Data Generation > 返回值验证 > websiteData应该是一个对象 0ms 65 MB heap used
 ✓ src/app/[locale]/__tests__/layout-structured-data.test.ts > Layout Structured Data Generation > locale参数处理 > 应该正确传递locale参数给两个生成函数 0ms 65 MB heap used
 ✓ src/app/[locale]/__tests__/layout-structured-data.test.ts > Layout Structured Data Generation > locale参数处理 > 应该为不同locale调用相同的生成逻辑 0ms 66 MB heap used
 ✓ src/app/[locale]/__tests__/layout-structured-data.test.ts > Layout Structured Data Generation > 接口类型验证 > 应该符合PageStructuredData接口 1ms 66 MB heap used
 ✓ src/components/ui/__tests__/label-basic.test.tsx > Label - Basic Rendering > Basic Rendering > renders label with default props 18ms 59 MB heap used
 ✓ src/components/ui/__tests__/label-basic.test.tsx > Label - Basic Rendering > Basic Rendering > applies default classes 2ms 60 MB heap used
 ✓ src/components/ui/__tests__/label-basic.test.tsx > Label - Basic Rendering > Basic Rendering > renders as label element by default 2ms 61 MB heap used
 ✓ src/components/ui/__tests__/label-basic.test.tsx > Label - Basic Rendering > Basic Rendering > renders with correct default attributes 1ms 61 MB heap used
 ✓ src/components/ui/__tests__/label-basic.test.tsx > Label - Basic Rendering > Basic Rendering > handles empty content gracefully 1ms 62 MB heap used
 ✓ src/components/ui/__tests__/label-basic.test.tsx > Label - Basic Rendering > Basic Rendering > renders with minimal props 1ms 62 MB heap used
 ✓ src/components/ui/__tests__/label-basic.test.tsx > Label - Basic Rendering > Custom Props > applies custom className 1ms 62 MB heap used
 ✓ src/components/ui/__tests__/label-basic.test.tsx > Label - Basic Rendering > Custom Props > supports custom id 1ms 62 MB heap used
 ✓ src/components/ui/__tests__/label-basic.test.tsx > Label - Basic Rendering > Custom Props > supports custom data attributes 1ms 63 MB heap used
 ✓ src/components/ui/__tests__/label-basic.test.tsx > Label - Basic Rendering > Custom Props > supports custom style 25ms 66 MB heap used
 ✓ src/components/ui/__tests__/label-basic.test.tsx > Label - Basic Rendering > Custom Props > supports title attribute 1ms 66 MB heap used
 ✓ src/components/ui/__tests__/label-basic.test.tsx > Label - Basic Rendering > Custom Props > supports tabIndex 1ms 66 MB heap used
 ✓ src/components/ui/__tests__/label-basic.test.tsx > Label - Basic Rendering > Custom Props > supports role attribute 1ms 67 MB heap used
 ✓ src/components/ui/__tests__/label-basic.test.tsx > Label - Basic Rendering > Custom Props > merges multiple classNames correctly 1ms 67 MB heap used
 ✓ src/components/ui/__tests__/label-basic.test.tsx > Label - Basic Rendering > Custom Props > handles undefined className gracefully 1ms 67 MB heap used
 ✓ src/components/ui/__tests__/label-basic.test.tsx > Label - Basic Rendering > Custom Props > supports all standard HTML label attributes 1ms 68 MB heap used
 ✓ src/components/ui/__tests__/label-basic.test.tsx > Label - Basic Rendering > Content Rendering > renders text content 1ms 69 MB heap used
 ✓ src/components/ui/__tests__/label-basic.test.tsx > Label - Basic Rendering > Content Rendering > renders with React elements as children 1ms 69 MB heap used
 ✓ src/components/ui/__tests__/label-basic.test.tsx > Label - Basic Rendering > Content Rendering > renders with multiple children 1ms 69 MB heap used
 ✓ src/components/ui/__tests__/label-basic.test.tsx > Label - Basic Rendering > Content Rendering > renders with mixed content 1ms 70 MB heap used
 ✓ src/components/ui/__tests__/label-basic.test.tsx > Label - Basic Rendering > Content Rendering > renders with complex nested structure 1ms 70 MB heap used
 ✓ src/components/ui/__tests__/label-basic.test.tsx > Label - Basic Rendering > Content Rendering > handles special characters in content 1ms 70 MB heap used
 ✓ src/components/ui/__tests__/label-basic.test.tsx > Label - Basic Rendering > Content Rendering > renders with numeric content 1ms 71 MB heap used
 ✓ src/components/ui/__tests__/label-basic.test.tsx > Label - Basic Rendering > Content Rendering > renders with boolean content converted to string 1ms 71 MB heap used
 ✓ src/components/ui/__tests__/label-basic.test.tsx > Label - Basic Rendering > Content Rendering > handles null and undefined children gracefully 1ms 71 MB heap used
 ✓ src/components/ui/__tests__/label-basic.test.tsx > Label - Basic Rendering > Content Rendering > renders with conditional content 1ms 72 MB heap used
 ✓ src/components/ui/__tests__/label-basic.test.tsx > Label - Basic Rendering > Content Rendering > preserves whitespace in content 1ms 72 MB heap used
 ✓ src/components/ui/__tests__/label-basic.test.tsx > Label - Basic Rendering > Content Rendering > renders with line breaks 2ms 72 MB heap used
 ✓ src/components/ui/__tests__/label-basic.test.tsx > Label - Basic Rendering > Content Rendering > renders with HTML entities 1ms 73 MB heap used
 ✓ src/app/[locale]/products/__tests__/page.test.tsx > ProductsPage > 基础渲染测试 > 应该正确渲染Products页面 17ms 55 MB heap used
 ✓ src/app/[locale]/products/__tests__/page.test.tsx > ProductsPage > 基础渲染测试 > 应该传递正确的props给UnderConstruction组件 8ms 56 MB heap used
 ✓ src/app/[locale]/products/__tests__/page.test.tsx > ProductsPage > 元数据生成测试 > 应该正确生成页面元数据 1ms 56 MB heap used
 ✓ src/app/[locale]/products/__tests__/page.test.tsx > ProductsPage > 元数据生成测试 > 应该调用正确的翻译命名空间 1ms 56 MB heap used
 ✓ src/app/[locale]/products/__tests__/page.test.tsx > ProductsPage > 元数据生成测试 > 应该处理不同locale的元数据 0ms 56 MB heap used
 ✓ src/app/[locale]/products/__tests__/page.test.tsx > ProductsPage > 国际化测试 > 应该正确处理英文locale 1ms 56 MB heap used
 ✓ src/app/[locale]/products/__tests__/page.test.tsx > ProductsPage > 国际化测试 > 应该正确处理中文locale 0ms 57 MB heap used
 ✓ src/app/[locale]/products/__tests__/page.test.tsx > ProductsPage > 异步参数处理测试 > 应该正确处理Promise形式的params 12ms 57 MB heap used
 ✓ src/app/[locale]/products/__tests__/page.test.tsx > ProductsPage > 异步参数处理测试 > 应该处理params解析错误 1ms 57 MB heap used
 ✓ src/app/[locale]/products/__tests__/page.test.tsx > ProductsPage > 边缘情况测试 > 应该处理空的翻译值 1ms 57 MB heap used
 ✓ src/app/[locale]/products/__tests__/page.test.tsx > ProductsPage > 边缘情况测试 > 应该处理翻译函数抛出错误 0ms 57 MB heap used
 ✓ src/app/[locale]/products/__tests__/page.test.tsx > ProductsPage > 边缘情况测试 > 应该处理特殊字符的locale 0ms 57 MB heap used
 ✓ src/app/[locale]/products/__tests__/page.test.tsx > ProductsPage > 组件属性验证 > 应该使用正确的pageType 6ms 58 MB heap used
 ✓ src/app/[locale]/products/__tests__/page.test.tsx > ProductsPage > 组件属性验证 > 应该使用正确的currentStep 4ms 59 MB heap used
 ✓ src/app/[locale]/products/__tests__/page.test.tsx > ProductsPage > 组件属性验证 > 应该使用正确的expectedDate 4ms 59 MB heap used
 ✓ src/app/[locale]/products/__tests__/page.test.tsx > ProductsPage > 组件属性验证 > 应该启用progress显示 2ms 60 MB heap used
 ✓ src/app/[locale]/products/__tests__/page.test.tsx > ProductsPage > 开发状态验证 > 应该显示正确的开发阶段 3ms 60 MB heap used
 ✓ src/app/[locale]/products/__tests__/page.test.tsx > ProductsPage > 开发状态验证 > 应该显示正确的预期完成时间 2ms 61 MB heap used
 ✓ src/app/[locale]/products/__tests__/page.test.tsx > ProductsPage > 性能测试 > 应该是同步组件 1ms 60 MB heap used
 ✓ src/app/[locale]/products/__tests__/page.test.tsx > ProductsPage > 性能测试 > 应该快速渲染 2ms 61 MB heap used
 ✓ src/app/[locale]/products/__tests__/page.test.tsx > ProductsPage > 可访问性测试 > 应该渲染可访问的内容 28ms 63 MB heap used
 ✓ src/app/[locale]/blog/__tests__/page.test.tsx > BlogPage > 基础渲染测试 > 应该正确渲染Blog页面 16ms 41 MB heap used
 ✓ src/app/[locale]/blog/__tests__/page.test.tsx > BlogPage > 基础渲染测试 > 应该传递正确的props给UnderConstruction组件 2ms 42 MB heap used
 ✓ src/app/[locale]/blog/__tests__/page.test.tsx > BlogPage > 元数据生成测试 > 应该正确生成页面元数据 1ms 42 MB heap used
 ✓ src/app/[locale]/blog/__tests__/page.test.tsx > BlogPage > 元数据生成测试 > 应该调用正确的翻译命名空间 1ms 42 MB heap used
 ✓ src/app/[locale]/blog/__tests__/page.test.tsx > BlogPage > 元数据生成测试 > 应该处理不同locale的元数据 1ms 42 MB heap used
 ✓ src/app/[locale]/blog/__tests__/page.test.tsx > BlogPage > 国际化测试 > 应该正确处理英文locale 1ms 42 MB heap used
 ✓ src/app/[locale]/blog/__tests__/page.test.tsx > BlogPage > 国际化测试 > 应该正确处理中文locale 0ms 42 MB heap used
 ✓ src/app/[locale]/blog/__tests__/page.test.tsx > BlogPage > 异步参数处理测试 > 应该正确处理Promise形式的params 12ms 43 MB heap used
 ✓ src/app/[locale]/blog/__tests__/page.test.tsx > BlogPage > 异步参数处理测试 > 应该处理params解析错误 2ms 43 MB heap used
 ✓ src/app/[locale]/blog/__tests__/page.test.tsx > BlogPage > 边缘情况测试 > 应该处理空的翻译值 1ms 43 MB heap used
 ✓ src/app/[locale]/blog/__tests__/page.test.tsx > BlogPage > 边缘情况测试 > 应该处理翻译函数抛出错误 0ms 43 MB heap used
 ✓ src/app/[locale]/blog/__tests__/page.test.tsx > BlogPage > 边缘情况测试 > 应该处理特殊字符的locale 0ms 43 MB heap used
 ✓ src/app/[locale]/blog/__tests__/page.test.tsx > BlogPage > 组件属性验证 > 应该使用正确的pageType 1ms 44 MB heap used
 ✓ src/app/[locale]/blog/__tests__/page.test.tsx > BlogPage > 组件属性验证 > 应该使用正确的currentStep 1ms 44 MB heap used
 ✓ src/app/[locale]/blog/__tests__/page.test.tsx > BlogPage > 组件属性验证 > 应该使用正确的expectedDate 1ms 45 MB heap used
 ✓ src/app/[locale]/blog/__tests__/page.test.tsx > BlogPage > 组件属性验证 > 应该启用progress显示 1ms 45 MB heap used
 ✓ src/app/[locale]/blog/__tests__/page.test.tsx > BlogPage > 开发状态验证 > 应该显示正确的开发阶段 1ms 46 MB heap used
 ✓ src/app/[locale]/blog/__tests__/page.test.tsx > BlogPage > 开发状态验证 > 应该显示正确的预期完成时间 1ms 46 MB heap used
 ✓ src/app/[locale]/blog/__tests__/page.test.tsx > BlogPage > 性能测试 > 应该是同步组件 0ms 46 MB heap used
 ✓ src/app/[locale]/blog/__tests__/page.test.tsx > BlogPage > 性能测试 > 应该快速渲染 1ms 47 MB heap used
 ✓ src/app/[locale]/blog/__tests__/page.test.tsx > BlogPage > 可访问性测试 > 应该渲染可访问的内容 23ms 49 MB heap used
 ✓ src/components/ui/__tests__/navigation-menu-basic.test.tsx > NavigationMenu - Basic Components > NavigationMenu > renders navigation menu with default props 29ms 45 MB heap used
 ✓ src/components/ui/__tests__/navigation-menu-basic.test.tsx > NavigationMenu - Basic Components > NavigationMenu > renders without viewport when viewport=false 6ms 47 MB heap used
 ✓ src/components/ui/__tests__/navigation-menu-basic.test.tsx > NavigationMenu - Basic Components > NavigationMenu > applies custom className 5ms 48 MB heap used
 ✓ src/components/ui/__tests__/navigation-menu-basic.test.tsx > NavigationMenu - Basic Components > NavigationMenu > passes through additional props 4ms 48 MB heap used
 ✓ src/components/ui/__tests__/navigation-menu-basic.test.tsx > NavigationMenu - Basic Components > NavigationMenuList > renders navigation menu list 5ms 50 MB heap used
 ✓ src/components/ui/__tests__/navigation-menu-basic.test.tsx > NavigationMenu - Basic Components > NavigationMenuList > applies default classes 5ms 50 MB heap used
 ✓ src/components/ui/__tests__/navigation-menu-basic.test.tsx > NavigationMenu - Basic Components > NavigationMenuList > applies custom className 4ms 51 MB heap used
 ✓ src/components/ui/__tests__/navigation-menu-basic.test.tsx > NavigationMenu - Basic Components > NavigationMenuItem > renders navigation menu item 4ms 52 MB heap used
 ✓ src/components/ui/__tests__/navigation-menu-basic.test.tsx > NavigationMenu - Basic Components > NavigationMenuItem > applies default classes 4ms 53 MB heap used
 ✓ src/components/ui/__tests__/navigation-menu-basic.test.tsx > NavigationMenu - Basic Components > NavigationMenuItem > applies custom className 4ms 54 MB heap used
 ✓ src/components/ui/__tests__/navigation-menu-basic.test.tsx > NavigationMenu - Basic Components > navigationMenuTriggerStyle > returns trigger style classes 1ms 54 MB heap used
 ✓ src/components/ui/__tests__/navigation-menu-basic.test.tsx > NavigationMenu - Basic Components > navigationMenuTriggerStyle > accepts variant options 0ms 54 MB heap used
stderr | src/components/ui/__tests__/animated-counter.test.tsx > AnimatedCounter Component > 极端边缘情况 > should handle custom formatter that throws error
AnimatedCounter: Formatter error, using fallback {
  error: Error: Formatter error
      at errorFormatter [90m(/Users/Data/Warehouse/Focus/tucsenberg-web-frontier/[39msrc/components/ui/__tests__/animated-counter.test.tsx:704:15[90m)[39m
      at [90m/Users/Data/Warehouse/Focus/tucsenberg-web-frontier/[39msrc/components/ui/animated-counter.tsx:299:20
      at AnimatedCounter [90m(/Users/Data/Warehouse/Focus/tucsenberg-web-frontier/[39msrc/components/ui/animated-counter.tsx:307:9[90m)[39m
      at Object.react_stack_bottom_frame [90m(/Users/Data/Warehouse/Focus/tucsenberg-web-frontier/[39mnode_modules/[4m.pnpm[24m/react-dom@19.1.1_react@19.1.1/node_modules/[4mreact-dom[24m/cjs/react-dom-client.development.js:23863:20[90m)[39m
      at renderWithHooks [90m(/Users/Data/Warehouse/Focus/tucsenberg-web-frontier/[39mnode_modules/[4m.pnpm[24m/react-dom@19.1.1_react@19.1.1/node_modules/[4mreact-dom[24m/cjs/react-dom-client.development.js:5529:22[90m)[39m
      at updateForwardRef [90m(/Users/Data/Warehouse/Focus/tucsenberg-web-frontier/[39mnode_modules/[4m.pnpm[24m/react-dom@19.1.1_react@19.1.1/node_modules/[4mreact-dom[24m/cjs/react-dom-client.development.js:8645:19[90m)[39m
      at beginWork [90m(/Users/Data/Warehouse/Focus/tucsenberg-web-frontier/[39mnode_modules/[4m.pnpm[24m/react-dom@19.1.1_react@19.1.1/node_modules/[4mreact-dom[24m/cjs/react-dom-client.development.js:10861:18[90m)[39m
      at runWithFiberInDEV [90m(/Users/Data/Warehouse/Focus/tucsenberg-web-frontier/[39mnode_modules/[4m.pnpm[24m/react-dom@19.1.1_react@19.1.1/node_modules/[4mreact-dom[24m/cjs/react-dom-client.development.js:1522:13[90m)[39m
      at performUnitOfWork [90m(/Users/Data/Warehouse/Focus/tucsenberg-web-frontier/[39mnode_modules/[4m.pnpm[24m/react-dom@19.1.1_react@19.1.1/node_modules/[4mreact-dom[24m/cjs/react-dom-client.development.js:15140:22[90m)[39m
      at workLoopSync [90m(/Users/Data/Warehouse/Focus/tucsenberg-web-frontier/[39mnode_modules/[4m.pnpm[24m/react-dom@19.1.1_react@19.1.1/node_modules/[4mreact-dom[24m/cjs/react-dom-client.development.js:14956:41[90m)[39m
}
AnimatedCounter: Formatter error, using fallback {
  error: Error: Formatter error
      at errorFormatter [90m(/Users/Data/Warehouse/Focus/tucsenberg-web-frontier/[39msrc/components/ui/__tests__/animated-counter.test.tsx:704:15[90m)[39m
      at [90m/Users/Data/Warehouse/Focus/tucsenberg-web-frontier/[39msrc/components/ui/animated-counter.tsx:299:20
      at AnimatedCounter [90m(/Users/Data/Warehouse/Focus/tucsenberg-web-frontier/[39msrc/components/ui/animated-counter.tsx:307:9[90m)[39m
      at Object.react_stack_bottom_frame [90m(/Users/Data/Warehouse/Focus/tucsenberg-web-frontier/[39mnode_modules/[4m.pnpm[24m/react-dom@19.1.1_react@19.1.1/node_modules/[4mreact-dom[24m/cjs/react-dom-client.development.js:23863:20[90m)[39m
      at renderWithHooks [90m(/Users/Data/Warehouse/Focus/tucsenberg-web-frontier/[39mnode_modules/[4m.pnpm[24m/react-dom@19.1.1_react@19.1.1/node_modules/[4mreact-dom[24m/cjs/react-dom-client.development.js:5529:22[90m)[39m
      at updateForwardRef [90m(/Users/Data/Warehouse/Focus/tucsenberg-web-frontier/[39mnode_modules/[4m.pnpm[24m/react-dom@19.1.1_react@19.1.1/node_modules/[4mreact-dom[24m/cjs/react-dom-client.development.js:8645:19[90m)[39m
      at beginWork [90m(/Users/Data/Warehouse/Focus/tucsenberg-web-frontier/[39mnode_modules/[4m.pnpm[24m/react-dom@19.1.1_react@19.1.1/node_modules/[4mreact-dom[24m/cjs/react-dom-client.development.js:10861:18[90m)[39m
      at runWithFiberInDEV [90m(/Users/Data/Warehouse/Focus/tucsenberg-web-frontier/[39mnode_modules/[4m.pnpm[24m/react-dom@19.1.1_react@19.1.1/node_modules/[4mreact-dom[24m/cjs/react-dom-client.development.js:1522:13[90m)[39m
      at performUnitOfWork [90m(/Users/Data/Warehouse/Focus/tucsenberg-web-frontier/[39mnode_modules/[4m.pnpm[24m/react-dom@19.1.1_react@19.1.1/node_modules/[4mreact-dom[24m/cjs/react-dom-client.development.js:15140:22[90m)[39m
      at workLoopSync [90m(/Users/Data/Warehouse/Focus/tucsenberg-web-frontier/[39mnode_modules/[4m.pnpm[24m/react-dom@19.1.1_react@19.1.1/node_modules/[4mreact-dom[24m/cjs/react-dom-client.development.js:14956:41[90m)[39m
}

 ✓ src/components/ui/__tests__/animated-counter.test.tsx > AnimatedCounter Component > Basic Rendering > renders with default props 20ms 66 MB heap used
 ✓ src/components/ui/__tests__/animated-counter.test.tsx > AnimatedCounter Component > Basic Rendering > applies default classes 3ms 66 MB heap used
 ✓ src/components/ui/__tests__/animated-counter.test.tsx > AnimatedCounter Component > Basic Rendering > applies custom className 2ms 67 MB heap used
 ✓ src/components/ui/__tests__/animated-counter.test.tsx > AnimatedCounter Component > Basic Rendering > passes through HTML props 3ms 67 MB heap used
 ✓ src/components/ui/__tests__/animated-counter.test.tsx > AnimatedCounter Component > Easing Functions > linear easing function works correctly 0ms 68 MB heap used
 ✓ src/components/ui/__tests__/animated-counter.test.tsx > AnimatedCounter Component > Easing Functions > easeOut function works correctly 0ms 68 MB heap used
 ✓ src/components/ui/__tests__/animated-counter.test.tsx > AnimatedCounter Component > Easing Functions > easeIn function works correctly 0ms 68 MB heap used
 ✓ src/components/ui/__tests__/animated-counter.test.tsx > AnimatedCounter Component > Easing Functions > easeInOut function works correctly 0ms 68 MB heap used
 ✓ src/components/ui/__tests__/animated-counter.test.tsx > AnimatedCounter Component > Formatters > default formatter works correctly 0ms 68 MB heap used
 ✓ src/components/ui/__tests__/animated-counter.test.tsx > AnimatedCounter Component > Formatters > thousands formatter works correctly 1ms 69 MB heap used
 ✓ src/components/ui/__tests__/animated-counter.test.tsx > AnimatedCounter Component > Formatters > percentage formatter works correctly 0ms 69 MB heap used
 ✓ src/components/ui/__tests__/animated-counter.test.tsx > AnimatedCounter Component > Formatters > currency formatter works correctly 0ms 69 MB heap used
 ✓ src/components/ui/__tests__/animated-counter.test.tsx > AnimatedCounter Component > Formatters > decimal formatter works correctly 0ms 69 MB heap used
 ✓ src/components/ui/__tests__/animated-counter.test.tsx > AnimatedCounter Component > Animation Behavior > starts animation when autoStart is true 2ms 69 MB heap used
 ✓ src/components/ui/__tests__/animated-counter.test.tsx > AnimatedCounter Component > Animation Behavior > does not start animation when autoStart is false 1ms 70 MB heap used
 ✓ src/components/ui/__tests__/animated-counter.test.tsx > AnimatedCounter Component > Animation Behavior > applies animate-pulse class during animation 2ms 70 MB heap used
 ✓ src/components/ui/__tests__/animated-counter.test.tsx > AnimatedCounter Component > Animation Behavior > handles animation with custom duration 1ms 71 MB heap used
 ✓ src/components/ui/__tests__/animated-counter.test.tsx > AnimatedCounter Component > Custom Formatters > uses custom formatter function 1ms 71 MB heap used
 ✓ src/components/ui/__tests__/animated-counter.test.tsx > AnimatedCounter Component > Custom Formatters > works with percentage formatter 1ms 71 MB heap used
 ✓ src/components/ui/__tests__/animated-counter.test.tsx > AnimatedCounter Component > Custom Formatters > works with currency formatter 1ms 72 MB heap used
 ✓ src/components/ui/__tests__/animated-counter.test.tsx > AnimatedCounter Component > Accessibility > supports ARIA attributes 1ms 72 MB heap used
 ✓ src/components/ui/__tests__/animated-counter.test.tsx > AnimatedCounter Component > Accessibility > uses tabular-nums for consistent spacing 1ms 73 MB heap used
 ✓ src/components/ui/__tests__/animated-counter.test.tsx > AnimatedCounter Component > Accessibility > handles accessibility preferences gracefully 1ms 73 MB heap used
 ✓ src/components/ui/__tests__/animated-counter.test.tsx > AnimatedCounter Component > Trigger Options > handles triggerOnVisible prop 1ms 73 MB heap used
 ✓ src/components/ui/__tests__/animated-counter.test.tsx > AnimatedCounter Component > Trigger Options > handles observer options prop 1ms 74 MB heap used
 ✓ src/components/ui/__tests__/animated-counter.test.tsx > AnimatedCounter Component > Delay Functionality > handles delay prop correctly 1ms 74 MB heap used
 ✓ src/components/ui/__tests__/animated-counter.test.tsx > AnimatedCounter Component > Delay Functionality > cleans up delay timer on unmount 2ms 75 MB heap used
 ✓ src/components/ui/__tests__/animated-counter.test.tsx > AnimatedCounter Component > Edge Cases > handles zero duration 1ms 75 MB heap used
 ✓ src/components/ui/__tests__/animated-counter.test.tsx > AnimatedCounter Component > Edge Cases > handles negative values 1ms 75 MB heap used
 ✓ src/components/ui/__tests__/animated-counter.test.tsx > AnimatedCounter Component > Edge Cases > handles same from and to values 1ms 76 MB heap used
 ✓ src/components/ui/__tests__/animated-counter.test.tsx > AnimatedCounter Component > Edge Cases > handles very large numbers 1ms 76 MB heap used
 ✓ src/components/ui/__tests__/animated-counter.test.tsx > AnimatedCounter Component > Edge Cases > handles decimal values correctly 1ms 76 MB heap used
 ✓ src/components/ui/__tests__/animated-counter.test.tsx > AnimatedCounter Component > Animation State Management > prevents multiple simultaneous animations 1ms 77 MB heap used
 ✓ src/components/ui/__tests__/animated-counter.test.tsx > AnimatedCounter Component > Animation State Management > resets animation when key props change 1ms 77 MB heap used
 ✓ src/components/ui/__tests__/animated-counter.test.tsx > AnimatedCounter Component > Animation State Management > handles component unmount during animation 1ms 78 MB heap used
 ✓ src/components/ui/__tests__/animated-counter.test.tsx > AnimatedCounter Component > Ref Handling > forwards ref correctly 1ms 78 MB heap used
 ✓ src/components/ui/__tests__/animated-counter.test.tsx > AnimatedCounter Component > Ref Handling > handles function ref correctly 1ms 78 MB heap used
 ✓ src/components/ui/__tests__/animated-counter.test.tsx > AnimatedCounter Component > Ref Handling > combines refs with intersection observer 1ms 79 MB heap used
 ✓ src/components/ui/__tests__/animated-counter.test.tsx > AnimatedCounter Component > Performance > uses requestAnimationFrame for smooth animation 1ms 79 MB heap used
 ✓ src/components/ui/__tests__/animated-counter.test.tsx > AnimatedCounter Component > Performance > cleans up animation frames properly 1ms 79 MB heap used
 ✓ src/components/ui/__tests__/animated-counter.test.tsx > AnimatedCounter Component > Performance > handles rapid prop changes efficiently 2ms 80 MB heap used
 ✓ src/components/ui/__tests__/animated-counter.test.tsx > AnimatedCounter Component > 极端边缘情况 > should handle Infinity values gracefully 1ms 81 MB heap used
 ✓ src/components/ui/__tests__/animated-counter.test.tsx > AnimatedCounter Component > 极端边缘情况 > should handle NaN values gracefully 1ms 81 MB heap used
 ✓ src/components/ui/__tests__/animated-counter.test.tsx > AnimatedCounter Component > 极端边缘情况 > should handle extremely small decimal values 1ms 82 MB heap used
 ✓ src/components/ui/__tests__/animated-counter.test.tsx > AnimatedCounter Component > 极端边缘情况 > should handle custom formatter that throws error 4ms 83 MB heap used
 ✓ src/components/ui/__tests__/animated-counter.test.tsx > AnimatedCounter Component > 极端边缘情况 > should handle missing requestAnimationFrame 1ms 84 MB heap used
 ✓ src/components/ui/__tests__/animated-counter.test.tsx > AnimatedCounter Component > 极端边缘情况 > should handle missing performance.now 1ms 84 MB heap used
 ✓ src/components/__tests__/language-toggle.test.tsx > LanguageToggle Component > Basic Rendering > should render without errors 15ms 59 MB heap used
 ✓ src/components/__tests__/language-toggle.test.tsx > LanguageToggle Component > Basic Rendering > should render language toggle button 7ms 60 MB heap used
 ✓ src/components/__tests__/language-toggle.test.tsx > LanguageToggle Component > Basic Rendering > should render dropdown menu structure 3ms 61 MB heap used
 ✓ src/components/__tests__/language-toggle.test.tsx > LanguageToggle Component > Basic Rendering > should display current language correctly 2ms 62 MB heap used
 ✓ src/components/__tests__/language-toggle.test.tsx > LanguageToggle Component > Language Switching > should handle English language selection 7ms 63 MB heap used
 ✓ src/components/__tests__/language-toggle.test.tsx > LanguageToggle Component > Language Switching > should handle Chinese language selection 4ms 64 MB heap used
 ✓ src/components/__tests__/language-toggle.test.tsx > LanguageToggle Component > Language Switching > should maintain current path when switching languages 4ms 65 MB heap used
 ✓ src/components/__tests__/language-toggle.test.tsx > LanguageToggle Component > Accessibility > should have proper ARIA attributes 2ms 66 MB heap used
 ✓ src/components/__tests__/language-toggle.test.tsx > LanguageToggle Component > Accessibility > should be keyboard accessible 3ms 67 MB heap used
 ✓ src/components/__tests__/language-toggle.test.tsx > LanguageToggle Component > Internationalization > should use correct translations 2ms 67 MB heap used
 ✓ src/components/__tests__/language-toggle.test.tsx > LanguageToggle Component > Internationalization > should handle missing translations gracefully 1ms 68 MB heap used
 ✓ src/components/__tests__/language-toggle.test.tsx > LanguageToggle Component > Edge Cases > should handle invalid locale gracefully 2ms 69 MB heap used
 ✓ src/components/__tests__/language-toggle.test.tsx > LanguageToggle Component > Edge Cases > should handle navigation errors 2ms 69 MB heap used
 ✓ src/components/__tests__/language-toggle.test.tsx > LanguageToggle Component > Edge Cases > should handle component unmounting 1ms 70 MB heap used
 ✓ src/app/[locale]/about/__tests__/page.test.tsx > AboutPage > 基础渲染测试 > 应该正确渲染About页面 15ms 59 MB heap used
 ✓ src/app/[locale]/about/__tests__/page.test.tsx > AboutPage > 基础渲染测试 > 应该传递正确的props给UnderConstruction组件 3ms 60 MB heap used
 ✓ src/app/[locale]/about/__tests__/page.test.tsx > AboutPage > 元数据生成测试 > 应该正确生成页面元数据 1ms 60 MB heap used
 ✓ src/app/[locale]/about/__tests__/page.test.tsx > AboutPage > 元数据生成测试 > 应该调用正确的翻译命名空间 1ms 60 MB heap used
 ✓ src/app/[locale]/about/__tests__/page.test.tsx > AboutPage > 元数据生成测试 > 应该处理不同locale的元数据 0ms 60 MB heap used
 ✓ src/app/[locale]/about/__tests__/page.test.tsx > AboutPage > 国际化测试 > 应该正确处理英文locale 0ms 60 MB heap used
 ✓ src/app/[locale]/about/__tests__/page.test.tsx > AboutPage > 国际化测试 > 应该正确处理中文locale 0ms 61 MB heap used
 ✓ src/app/[locale]/about/__tests__/page.test.tsx > AboutPage > 异步参数处理测试 > 应该正确处理Promise形式的params 12ms 60 MB heap used
 ✓ src/app/[locale]/about/__tests__/page.test.tsx > AboutPage > 异步参数处理测试 > 应该处理params解析错误 2ms 61 MB heap used
 ✓ src/app/[locale]/about/__tests__/page.test.tsx > AboutPage > 边缘情况测试 > 应该处理空的翻译值 1ms 61 MB heap used
 ✓ src/app/[locale]/about/__tests__/page.test.tsx > AboutPage > 边缘情况测试 > 应该处理翻译函数抛出错误 0ms 61 MB heap used
 ✓ src/app/[locale]/about/__tests__/page.test.tsx > AboutPage > 边缘情况测试 > 应该处理特殊字符的locale 0ms 61 MB heap used
 ✓ src/app/[locale]/about/__tests__/page.test.tsx > AboutPage > 组件属性验证 > 应该使用正确的pageType 2ms 62 MB heap used
 ✓ src/app/[locale]/about/__tests__/page.test.tsx > AboutPage > 组件属性验证 > 应该使用正确的currentStep 1ms 62 MB heap used
 ✓ src/app/[locale]/about/__tests__/page.test.tsx > AboutPage > 组件属性验证 > 应该使用正确的expectedDate 1ms 63 MB heap used
 ✓ src/app/[locale]/about/__tests__/page.test.tsx > AboutPage > 组件属性验证 > 应该启用progress显示 1ms 63 MB heap used
 ✓ src/app/[locale]/about/__tests__/page.test.tsx > AboutPage > 性能测试 > 应该是同步组件 0ms 63 MB heap used
 ✓ src/app/[locale]/about/__tests__/page.test.tsx > AboutPage > 性能测试 > 应该快速渲染 1ms 64 MB heap used
 ✓ src/app/[locale]/about/__tests__/page.test.tsx > AboutPage > 可访问性测试 > 应该渲染可访问的内容 26ms 66 MB heap used
 ✓ src/app/[locale]/contact/__tests__/page-rendering-basic.test.tsx > Contact Page Rendering - Advanced Tests > 高级时间格式测试 > 应该渲染营业时间信息 25ms 60 MB heap used
 ✓ src/app/[locale]/contact/__tests__/page-rendering-basic.test.tsx > Contact Page Rendering - Advanced Tests > 高级时间格式测试 > 应该有正确的页面标题 31ms 64 MB heap used
 ✓ src/app/[locale]/contact/__tests__/page-rendering-basic.test.tsx > Contact Page Rendering - Advanced Tests > 高级图标容器样式测试 > 应该有正确的图标容器样式 6ms 66 MB heap used
 ✓ src/app/[locale]/contact/__tests__/page-rendering-basic.test.tsx > Contact Page Rendering - Advanced Tests > 高级图标容器样式测试 > 应该渲染所有必要的图标 3ms 66 MB heap used
 ✓ src/app/[locale]/contact/__tests__/page-rendering-basic.test.tsx > Contact Page Rendering - Advanced Tests > 高级响应式设计测试 > 应该有响应式文本大小 3ms 68 MB heap used
 ✓ src/components/ui/__tests__/card-basic-components.test.tsx > Card - Basic Components > Card > renders card with default props 19ms 59 MB heap used
 ✓ src/components/ui/__tests__/card-basic-components.test.tsx > Card - Basic Components > Card > applies custom className 2ms 59 MB heap used
 ✓ src/components/ui/__tests__/card-basic-components.test.tsx > Card - Basic Components > Card > forwards ref correctly 1ms 60 MB heap used
 ✓ src/components/ui/__tests__/card-basic-components.test.tsx > Card - Basic Components > Card > renders with correct default classes 1ms 60 MB heap used
 ✓ src/components/ui/__tests__/card-basic-components.test.tsx > Card - Basic Components > Card > supports additional props 2ms 61 MB heap used
 ✓ src/components/ui/__tests__/card-basic-components.test.tsx > Card - Basic Components > Card > renders as div element by default 1ms 61 MB heap used
 ✓ src/components/ui/__tests__/card-basic-components.test.tsx > Card - Basic Components > Card > handles empty content 1ms 62 MB heap used
 ✓ src/components/ui/__tests__/card-basic-components.test.tsx > Card - Basic Components > Card > supports nested content 1ms 62 MB heap used
 ✓ src/components/ui/__tests__/card-basic-components.test.tsx > Card - Basic Components > CardHeader > renders card header with default props 1ms 63 MB heap used
 ✓ src/components/ui/__tests__/card-basic-components.test.tsx > Card - Basic Components > CardHeader > applies custom className 1ms 63 MB heap used
 ✓ src/components/ui/__tests__/card-basic-components.test.tsx > Card - Basic Components > CardHeader > forwards ref correctly 1ms 63 MB heap used
 ✓ src/components/ui/__tests__/card-basic-components.test.tsx > Card - Basic Components > CardHeader > renders with correct default classes 1ms 64 MB heap used
 ✓ src/components/ui/__tests__/card-basic-components.test.tsx > Card - Basic Components > CardHeader > supports additional props 1ms 64 MB heap used
 ✓ src/components/ui/__tests__/card-basic-components.test.tsx > Card - Basic Components > CardHeader > renders as div element by default 1ms 64 MB heap used
 ✓ src/components/ui/__tests__/card-basic-components.test.tsx > Card - Basic Components > CardHeader > handles empty content 1ms 65 MB heap used
 ✓ src/components/ui/__tests__/card-basic-components.test.tsx > Card - Basic Components > CardTitle > renders card title with default props 1ms 65 MB heap used
 ✓ src/components/ui/__tests__/card-basic-components.test.tsx > Card - Basic Components > CardTitle > applies custom className 1ms 66 MB heap used
 ✓ src/components/ui/__tests__/card-basic-components.test.tsx > Card - Basic Components > CardTitle > forwards ref correctly 0ms 66 MB heap used
 ✓ src/components/ui/__tests__/card-basic-components.test.tsx > Card - Basic Components > CardTitle > renders with correct default classes 1ms 67 MB heap used
 ✓ src/components/ui/__tests__/card-basic-components.test.tsx > Card - Basic Components > CardTitle > renders as div element by default 1ms 66 MB heap used
 ✓ src/components/ui/__tests__/card-basic-components.test.tsx > Card - Basic Components > CardTitle > supports additional props 1ms 67 MB heap used
 ✓ src/components/ui/__tests__/card-basic-components.test.tsx > Card - Basic Components > CardTitle > handles empty content 1ms 67 MB heap used
 ✓ src/components/ui/__tests__/card-basic-components.test.tsx > Card - Basic Components > CardDescription > renders card description with default props 1ms 67 MB heap used
 ✓ src/components/ui/__tests__/card-basic-components.test.tsx > Card - Basic Components > CardDescription > applies custom className 1ms 68 MB heap used
 ✓ src/components/ui/__tests__/card-basic-components.test.tsx > Card - Basic Components > CardDescription > forwards ref correctly 3ms 44 MB heap used
 ✓ src/components/ui/__tests__/card-basic-components.test.tsx > Card - Basic Components > CardDescription > renders with correct default classes 1ms 45 MB heap used
 ✓ src/components/ui/__tests__/card-basic-components.test.tsx > Card - Basic Components > CardDescription > renders as div element by default 1ms 45 MB heap used
 ✓ src/components/ui/__tests__/card-basic-components.test.tsx > Card - Basic Components > CardDescription > supports additional props 0ms 46 MB heap used
 ✓ src/components/ui/__tests__/card-basic-components.test.tsx > Card - Basic Components > CardDescription > handles empty content 1ms 46 MB heap used
 ✓ src/components/ui/__tests__/card-basic-components.test.tsx > Card - Basic Components > CardDescription > supports long text content 0ms 46 MB heap used
 ✓ src/components/ui/__tests__/card-basic-components.test.tsx > Card - Basic Components > CardAction > renders card action with default props 1ms 46 MB heap used
 ✓ src/components/ui/__tests__/card-basic-components.test.tsx > Card - Basic Components > CardAction > applies custom className 1ms 47 MB heap used
 ✓ src/components/ui/__tests__/card-basic-components.test.tsx > Card - Basic Components > CardAction > forwards ref correctly 0ms 47 MB heap used
 ✓ src/components/ui/__tests__/card-basic-components.test.tsx > Card - Basic Components > CardAction > renders with correct default classes 1ms 47 MB heap used
 ✓ src/components/ui/__tests__/card-basic-components.test.tsx > Card - Basic Components > CardAction > renders as div element by default 0ms 48 MB heap used
 ✓ src/components/ui/__tests__/card-basic-components.test.tsx > Card - Basic Components > CardAction > supports additional props 0ms 48 MB heap used
 ✓ src/components/ui/__tests__/card-basic-components.test.tsx > Card - Basic Components > CardAction > handles empty content 0ms 49 MB heap used
 ✓ src/components/ui/__tests__/card-basic-components.test.tsx > Card - Basic Components > CardAction > supports multiple action elements 1ms 49 MB heap used
 ✓ src/components/ui/__tests__/card-basic-components.test.tsx > Card - Basic Components > CardContent > renders card content with default props 1ms 49 MB heap used
 ✓ src/components/ui/__tests__/card-basic-components.test.tsx > Card - Basic Components > CardContent > applies custom className 0ms 49 MB heap used
 ✓ src/components/ui/__tests__/card-basic-components.test.tsx > Card - Basic Components > CardContent > forwards ref correctly 0ms 50 MB heap used
 ✓ src/components/ui/__tests__/card-basic-components.test.tsx > Card - Basic Components > CardContent > renders with correct default classes 0ms 50 MB heap used
 ✓ src/components/ui/__tests__/card-basic-components.test.tsx > Card - Basic Components > CardContent > renders as div element by default 1ms 51 MB heap used
 ✓ src/components/ui/__tests__/card-basic-components.test.tsx > Card - Basic Components > CardContent > supports additional props 1ms 51 MB heap used
 ✓ src/components/ui/__tests__/card-basic-components.test.tsx > Card - Basic Components > CardContent > handles empty content 1ms 51 MB heap used
 ✓ src/components/ui/__tests__/card-basic-components.test.tsx > Card - Basic Components > CardContent > supports complex nested content 2ms 52 MB heap used
 ✓ src/components/ui/__tests__/card-basic-components.test.tsx > Card - Basic Components > CardFooter > renders card footer with default props 1ms 52 MB heap used
 ✓ src/components/ui/__tests__/card-basic-components.test.tsx > Card - Basic Components > CardFooter > applies custom className 1ms 52 MB heap used
 ✓ src/components/ui/__tests__/card-basic-components.test.tsx > Card - Basic Components > CardFooter > forwards ref correctly 0ms 53 MB heap used
 ✓ src/components/ui/__tests__/card-basic-components.test.tsx > Card - Basic Components > CardFooter > renders with correct default classes 0ms 53 MB heap used
 ✓ src/components/ui/__tests__/card-basic-components.test.tsx > Card - Basic Components > CardFooter > renders as div element by default 0ms 53 MB heap used
 ✓ src/components/ui/__tests__/card-basic-components.test.tsx > Card - Basic Components > CardFooter > supports additional props 0ms 54 MB heap used
 ✓ src/components/ui/__tests__/card-basic-components.test.tsx > Card - Basic Components > CardFooter > handles empty content 0ms 54 MB heap used
 ✓ src/components/ui/__tests__/card-basic-components.test.tsx > Card - Basic Components > CardFooter > supports action buttons in footer 1ms 54 MB heap used
 ✓ src/components/ui/__tests__/social-icons.test.tsx > Social Icons Components > TwitterIcon > renders Twitter icon with default props 15ms 59 MB heap used
 ✓ src/components/ui/__tests__/social-icons.test.tsx > Social Icons Components > TwitterIcon > applies custom size 2ms 60 MB heap used
 ✓ src/components/ui/__tests__/social-icons.test.tsx > Social Icons Components > TwitterIcon > applies custom className 2ms 60 MB heap used
 ✓ src/components/ui/__tests__/social-icons.test.tsx > Social Icons Components > TwitterIcon > has correct viewBox and fill 2ms 61 MB heap used
 ✓ src/components/ui/__tests__/social-icons.test.tsx > Social Icons Components > TwitterIcon > contains path element 3ms 61 MB heap used
 ✓ src/components/ui/__tests__/social-icons.test.tsx > Social Icons Components > LinkedInIcon > renders LinkedIn icon with default props 1ms 61 MB heap used
 ✓ src/components/ui/__tests__/social-icons.test.tsx > Social Icons Components > LinkedInIcon > applies custom size 1ms 62 MB heap used
 ✓ src/components/ui/__tests__/social-icons.test.tsx > Social Icons Components > LinkedInIcon > applies custom className 1ms 62 MB heap used
 ✓ src/components/ui/__tests__/social-icons.test.tsx > Social Icons Components > LinkedInIcon > has correct viewBox and fill 1ms 63 MB heap used
 ✓ src/components/ui/__tests__/social-icons.test.tsx > Social Icons Components > ExternalLinkIcon > renders external link icon with default props 2ms 64 MB heap used
 ✓ src/components/ui/__tests__/social-icons.test.tsx > Social Icons Components > ExternalLinkIcon > has stroke-based styling 1ms 64 MB heap used
 ✓ src/components/ui/__tests__/social-icons.test.tsx > Social Icons Components > ExternalLinkIcon > applies custom size 1ms 64 MB heap used
 ✓ src/components/ui/__tests__/social-icons.test.tsx > Social Icons Components > ExternalLinkIcon > contains correct path elements 1ms 64 MB heap used
 ✓ src/components/ui/__tests__/social-icons.test.tsx > Social Icons Components > SocialIconMapper > renders Twitter icon for "twitter" input 1ms 65 MB heap used
 ✓ src/components/ui/__tests__/social-icons.test.tsx > Social Icons Components > SocialIconMapper > renders Twitter icon for "x" input 1ms 65 MB heap used
 ✓ src/components/ui/__tests__/social-icons.test.tsx > Social Icons Components > SocialIconMapper > renders LinkedIn icon for "linkedin" input 1ms 65 MB heap used
 ✓ src/components/ui/__tests__/social-icons.test.tsx > Social Icons Components > SocialIconMapper > handles case insensitive input 1ms 66 MB heap used
 ✓ src/components/ui/__tests__/social-icons.test.tsx > Social Icons Components > SocialIconMapper > returns ExternalLinkIcon for unknown platform 1ms 66 MB heap used
 ✓ src/components/ui/__tests__/social-icons.test.tsx > Social Icons Components > SocialIconMapper > passes through className prop 1ms 67 MB heap used
 ✓ src/components/ui/__tests__/social-icons.test.tsx > Social Icons Components > SocialIconMapper > passes through size prop 1ms 67 MB heap used
 ✓ src/components/ui/__tests__/social-icons.test.tsx > Social Icons Components > SocialIconMapper > handles conditional props correctly 1ms 68 MB heap used
 ✓ src/components/ui/__tests__/social-icons.test.tsx > Social Icons Components > SocialIconLink > renders social icon link with all elements 3ms 68 MB heap used
 ✓ src/components/ui/__tests__/social-icons.test.tsx > Social Icons Components > SocialIconLink > applies correct link attributes 1ms 69 MB heap used
 ✓ src/components/ui/__tests__/social-icons.test.tsx > Social Icons Components > SocialIconLink > applies default styling classes 1ms 69 MB heap used
 ✓ src/components/ui/__tests__/social-icons.test.tsx > Social Icons Components > SocialIconLink > applies custom className 2ms 70 MB heap used
 ✓ src/components/ui/__tests__/social-icons.test.tsx > Social Icons Components > SocialIconLink > passes iconSize to SocialIconMapper 1ms 70 MB heap used
 ✓ src/components/ui/__tests__/social-icons.test.tsx > Social Icons Components > SocialIconLink > renders with LinkedIn icon 1ms 70 MB heap used
 ✓ src/components/ui/__tests__/social-icons.test.tsx > Social Icons Components > SocialIconLink > handles unknown icon gracefully 1ms 71 MB heap used
 ✓ src/components/ui/__tests__/social-icons.test.tsx > Social Icons Components > SocialIconLink > applies text styling to label 1ms 71 MB heap used
 ✓ src/components/ui/__tests__/social-icons.test.tsx > Social Icons Components > Accessibility > all icons have aria-hidden attribute 1ms 72 MB heap used
 ✓ src/components/ui/__tests__/social-icons.test.tsx > Social Icons Components > Accessibility > SocialIconLink provides proper aria-label 1ms 73 MB heap used
 ✓ src/components/ui/__tests__/social-icons.test.tsx > Social Icons Components > Accessibility > external links have proper security attributes 1ms 73 MB heap used
 ✓ src/components/__tests__/accessibility.test.tsx > Accessibility Tests > AccessibleButton Component > should render with proper semantic markup 15ms 52 MB heap used
 ✓ src/components/__tests__/accessibility.test.tsx > Accessibility Tests > AccessibleButton Component > should support ARIA labels 2ms 53 MB heap used
 ✓ src/components/__tests__/accessibility.test.tsx > Accessibility Tests > AccessibleButton Component > should support ARIA descriptions 3ms 53 MB heap used
 ✓ src/components/__tests__/accessibility.test.tsx > Accessibility Tests > AccessibleButton Component > should handle disabled state correctly 2ms 53 MB heap used
 ✓ src/components/__tests__/accessibility.test.tsx > Accessibility Tests > AccessibleButton Component > should be keyboard accessible 3ms 54 MB heap used
 ✓ src/components/__tests__/accessibility.test.tsx > Accessibility Tests > AccessibleForm Component > should render with proper form semantics 6ms 55 MB heap used
 ✓ src/components/__tests__/accessibility.test.tsx > Accessibility Tests > AccessibleForm Component > should have properly associated labels and inputs 3ms 56 MB heap used
 ✓ src/components/__tests__/accessibility.test.tsx > Accessibility Tests > AccessibleForm Component > should have proper ARIA attributes for required fields 3ms 57 MB heap used
 ✓ src/components/__tests__/accessibility.test.tsx > Accessibility Tests > AccessibleForm Component > should have help text properly associated with inputs 3ms 58 MB heap used
 ✓ src/components/__tests__/accessibility.test.tsx > Accessibility Tests > AccessibleForm Component > should use fieldset and legend for grouped controls 3ms 59 MB heap used
 ✓ src/components/__tests__/accessibility.test.tsx > Accessibility Tests > AccessibleForm Component > should have properly associated checkbox labels 3ms 60 MB heap used
 ✓ src/components/__tests__/accessibility.test.tsx > Accessibility Tests > AccessibleForm Component > should support keyboard navigation 3ms 61 MB heap used
 ✓ src/components/__tests__/accessibility.test.tsx > Accessibility Tests > Color Contrast and Visual Accessibility > should not rely solely on color for information 2ms 62 MB heap used
 ✓ src/components/__tests__/accessibility.test.tsx > Accessibility Tests > Color Contrast and Visual Accessibility > should provide sufficient context for screen readers 2ms 62 MB heap used
 ✓ src/components/__tests__/accessibility.test.tsx > Accessibility Tests > Focus Management > should maintain logical tab order 3ms 64 MB heap used
 ✓ src/components/__tests__/accessibility.test.tsx > Accessibility Tests > Focus Management > should handle focus states appropriately 2ms 64 MB heap used
 ✓ src/components/ui/__tests__/badge-basic-rendering.test.tsx > Badge Basic Rendering Tests > Basic Rendering > renders badge with default props 19ms 51 MB heap used
 ✓ src/components/ui/__tests__/badge-basic-rendering.test.tsx > Badge Basic Rendering Tests > Basic Rendering > renders badge with custom text 2ms 52 MB heap used
 ✓ src/components/ui/__tests__/badge-basic-rendering.test.tsx > Badge Basic Rendering Tests > Basic Rendering > renders badge with default classes 1ms 52 MB heap used
 ✓ src/components/ui/__tests__/badge-basic-rendering.test.tsx > Badge Basic Rendering Tests > Basic Rendering > renders as div element by default 2ms 53 MB heap used
 ✓ src/components/ui/__tests__/badge-basic-rendering.test.tsx > Badge Basic Rendering Tests > Basic Rendering > renders with correct structure 1ms 53 MB heap used
 ✓ src/components/ui/__tests__/badge-basic-rendering.test.tsx > Badge Basic Rendering Tests > Variants > renders default variant correctly 1ms 54 MB heap used
 ✓ src/components/ui/__tests__/badge-basic-rendering.test.tsx > Badge Basic Rendering Tests > Variants > renders secondary variant correctly 1ms 54 MB heap used
 ✓ src/components/ui/__tests__/badge-basic-rendering.test.tsx > Badge Basic Rendering Tests > Variants > renders destructive variant correctly 1ms 54 MB heap used
 ✓ src/components/ui/__tests__/badge-basic-rendering.test.tsx > Badge Basic Rendering Tests > Variants > renders outline variant correctly 1ms 55 MB heap used
 ✓ src/components/ui/__tests__/badge-basic-rendering.test.tsx > Badge Basic Rendering Tests > Variants > defaults to primary variant when no variant specified 1ms 56 MB heap used
 ✓ src/components/ui/__tests__/badge-basic-rendering.test.tsx > Badge Basic Rendering Tests > Variants > handles invalid variant gracefully 1ms 56 MB heap used
 ✓ src/components/ui/__tests__/badge-basic-rendering.test.tsx > Badge Basic Rendering Tests > Variants > combines variant with base classes 1ms 56 MB heap used
 ✓ src/components/ui/__tests__/badge-basic-rendering.test.tsx > Badge Basic Rendering Tests > Variants > applies hover styles for default variant 1ms 56 MB heap used
 ✓ src/components/ui/__tests__/badge-basic-rendering.test.tsx > Badge Basic Rendering Tests > Variants > applies hover styles for secondary variant 1ms 57 MB heap used
 ✓ src/components/ui/__tests__/badge-basic-rendering.test.tsx > Badge Basic Rendering Tests > Variants > applies hover styles for destructive variant 1ms 57 MB heap used
 ✓ src/components/ui/__tests__/badge-basic-rendering.test.tsx > Badge Basic Rendering Tests > Variants > applies hover styles for outline variant 1ms 57 MB heap used
 ✓ src/components/ui/__tests__/badge-basic-rendering.test.tsx > Badge Basic Rendering Tests > Visual States > maintains consistent sizing across variants 3ms 59 MB heap used
 ✓ src/components/ui/__tests__/badge-basic-rendering.test.tsx > Badge Basic Rendering Tests > Visual States > applies focus styles consistently 1ms 59 MB heap used
 ✓ src/components/ui/__tests__/badge-basic-rendering.test.tsx > Badge Basic Rendering Tests > Visual States > applies transition classes for smooth interactions 1ms 59 MB heap used
 ✓ src/components/ui/__tests__/badge-basic-rendering.test.tsx > Badge Basic Rendering Tests > Visual States > maintains border radius consistency 1ms 60 MB heap used
 ✓ src/components/ui/__tests__/badge-basic-rendering.test.tsx > Badge Basic Rendering Tests > Visual States > applies correct font weight 0ms 60 MB heap used
 ✓ src/components/ui/__tests__/badge-basic-rendering.test.tsx > Badge Basic Rendering Tests > Visual States > uses inline-flex for proper alignment 1ms 60 MB heap used
 ✓ src/components/ui/__tests__/badge-basic-rendering.test.tsx > Badge Basic Rendering Tests > Visual States > applies border styles correctly 1ms 61 MB heap used
 ✓ src/components/ui/__tests__/badge-basic-rendering.test.tsx > Badge Basic Rendering Tests > Visual States > handles text size consistently 1ms 61 MB heap used
 ✓ src/components/ui/__tests__/badge-basic-rendering.test.tsx > Badge Basic Rendering Tests > Visual States > applies proper padding for content 1ms 61 MB heap used
 ✓ src/components/ui/__tests__/badge-basic-rendering.test.tsx > Badge Basic Rendering Tests > Visual States > maintains visual hierarchy with variants 1ms 62 MB heap used
 ✓ src/components/ui/__tests__/badge-basic-rendering.test.tsx > Badge Basic Rendering Tests > Visual States > supports responsive design patterns 1ms 62 MB heap used
 ✓ src/components/ui/__tests__/badge-basic-rendering.test.tsx > Badge Basic Rendering Tests > Visual States > works with dark mode classes 1ms 63 MB heap used
 ✓ src/components/ui/__tests__/badge-basic-rendering.test.tsx > Badge Basic Rendering Tests > Visual States > supports custom color schemes 1ms 63 MB heap used
 ✓ src/components/ui/__tests__/badge-basic-rendering.test.tsx > Badge Basic Rendering Tests > Visual States > maintains accessibility with custom styles 1ms 63 MB heap used
 ✓ src/components/ui/__tests__/badge-basic-rendering.test.tsx > Badge Basic Rendering Tests > Visual States > handles gradient backgrounds 1ms 64 MB heap used
 ✓ src/components/ui/__tests__/badge-basic-rendering.test.tsx > Badge Basic Rendering Tests > Visual States > supports shadow effects 1ms 64 MB heap used
 ✓ src/components/ui/__tests__/badge-basic-rendering.test.tsx > Badge Basic Rendering Tests > Visual States > works with animation classes 0ms 64 MB heap used
 ✓ src/hooks/__tests__/use-web-vitals-diagnostics.test.ts > useWebVitalsDiagnostics > initialization > should initialize with loading state 12ms 62 MB heap used
 ✓ src/hooks/__tests__/use-web-vitals-diagnostics.test.ts > useWebVitalsDiagnostics > initialization > should provide all required functions 2ms 63 MB heap used
 ✓ src/hooks/__tests__/use-web-vitals-diagnostics.test.ts > useWebVitalsDiagnostics > initialization > should load historical data from localStorage on mount 2ms 64 MB heap used
 ✓ src/hooks/__tests__/use-web-vitals-diagnostics.test.ts > useWebVitalsDiagnostics > refreshDiagnostics > should generate new diagnostic report 2ms 65 MB heap used
 ✓ src/hooks/__tests__/use-web-vitals-diagnostics.test.ts > useWebVitalsDiagnostics > refreshDiagnostics > should save report to localStorage 3ms 65 MB heap used
 ✓ src/hooks/__tests__/use-web-vitals-diagnostics.test.ts > useWebVitalsDiagnostics > refreshDiagnostics > should handle errors during report generation 1ms 66 MB heap used
 ✓ src/hooks/__tests__/use-web-vitals-diagnostics.test.ts > useWebVitalsDiagnostics > refreshDiagnostics > should handle unknown errors 1ms 66 MB heap used
 ✓ src/hooks/__tests__/use-web-vitals-diagnostics.test.ts > useWebVitalsDiagnostics > localStorage operations > should handle localStorage read errors gracefully 2ms 67 MB heap used
 ✓ src/hooks/__tests__/use-web-vitals-diagnostics.test.ts > useWebVitalsDiagnostics > localStorage operations > should handle invalid JSON in localStorage 2ms 68 MB heap used
 ✓ src/hooks/__tests__/use-web-vitals-diagnostics.test.ts > useWebVitalsDiagnostics > localStorage operations > should handle non-array data in localStorage 2ms 68 MB heap used
 ✓ src/hooks/__tests__/use-web-vitals-diagnostics.test.ts > useWebVitalsDiagnostics > localStorage operations > should handle localStorage write errors gracefully 1ms 68 MB heap used
 ✓ src/hooks/__tests__/use-web-vitals-diagnostics.test.ts > useWebVitalsDiagnostics > localStorage operations > should limit stored reports to 100 2ms 70 MB heap used
 ✓ src/hooks/__tests__/use-web-vitals-diagnostics.test.ts > useWebVitalsDiagnostics > performance trends analysis > should return null when insufficient data 1ms 70 MB heap used
 ✓ src/hooks/__tests__/use-web-vitals-diagnostics.test.ts > useWebVitalsDiagnostics > performance trends analysis > should calculate performance trends with sufficient data 2ms 71 MB heap used
 ✓ src/hooks/__tests__/use-web-vitals-diagnostics.test.ts > useWebVitalsDiagnostics > performance trends analysis > should handle empty metrics in trend calculation 2ms 71 MB heap used
 ✓ src/hooks/__tests__/use-web-vitals-diagnostics.test.ts > useWebVitalsDiagnostics > data export > should call exportReport function 8ms 73 MB heap used
 ✓ src/hooks/__tests__/use-web-vitals-diagnostics.test.ts > useWebVitalsDiagnostics > data export > should handle export with empty state 2ms 73 MB heap used
 ✓ src/hooks/__tests__/use-web-vitals-diagnostics.test.ts > useWebVitalsDiagnostics > clear history > should clear historical data 2ms 74 MB heap used
 ✓ src/hooks/__tests__/use-web-vitals-diagnostics.test.ts > useWebVitalsDiagnostics > edge cases > should handle multiple rapid refresh calls 1ms 74 MB heap used
 ✓ src/hooks/__tests__/use-web-vitals-diagnostics.test.ts > useWebVitalsDiagnostics > edge cases > should handle component unmounting during async operation 1ms 75 MB heap used
 ✓ src/components/ui/__tests__/card-structure-components.test.tsx > Card Structure and Components Tests > Complete Card Structure > renders a complete card with all components 23ms 53 MB heap used
 ✓ src/components/ui/__tests__/card-structure-components.test.tsx > Card Structure and Components Tests > Complete Card Structure > maintains proper hierarchy with nested components 3ms 53 MB heap used
 ✓ src/components/ui/__tests__/card-structure-components.test.tsx > Card Structure and Components Tests > Complete Card Structure > renders minimal card with just content 2ms 54 MB heap used
 ✓ src/components/ui/__tests__/card-structure-components.test.tsx > Card Structure and Components Tests > Complete Card Structure > renders card with only header and content 2ms 54 MB heap used
 ✓ src/components/ui/__tests__/card-structure-components.test.tsx > Card Structure and Components Tests > Complete Card Structure > renders card with complex nested content 4ms 56 MB heap used
 ✓ src/components/ui/__tests__/card-structure-components.test.tsx > Card Structure and Components Tests > Complete Card Structure > handles multiple cards in a container 2ms 56 MB heap used
 ✓ src/components/ui/__tests__/card-structure-components.test.tsx > Card Structure and Components Tests > Complete Card Structure > supports custom content in header actions 2ms 57 MB heap used
 ✓ src/components/ui/__tests__/card-structure-components.test.tsx > Card Structure and Components Tests > Complete Card Structure > renders card with image content 3ms 58 MB heap used
 ✓ src/components/ui/__tests__/card-structure-components.test.tsx > Card Structure and Components Tests > Complete Card Structure > handles empty components gracefully 2ms 58 MB heap used
 ✓ src/components/ui/__tests__/card-structure-components.test.tsx > Card Structure and Components Tests > Complete Card Structure > supports conditional rendering of components 3ms 59 MB heap used
 ✓ src/components/ui/__tests__/card-structure-components.test.tsx > Card Structure and Components Tests > Complete Card Structure > maintains component order regardless of rendering order 1ms 60 MB heap used
 ✓ src/components/ui/__tests__/card-structure-components.test.tsx > Card Structure and Components Tests > Complete Card Structure > supports nested card structures 2ms 60 MB heap used
 ✓ src/components/ui/__tests__/card-structure-components.test.tsx > Card Structure and Components Tests > Complete Card Structure > handles dynamic content updates 2ms 61 MB heap used
 ✓ src/components/ui/__tests__/card-structure-components.test.tsx > Card Structure and Components Tests > Complete Card Structure > supports cards with different layouts 2ms 61 MB heap used
 ✓ src/components/ui/__tests__/badge-content-special.test.tsx > Badge Content - Special Characters Tests > 特殊字符渲染 > renders special characters 19ms 42 MB heap used
 ✓ src/components/ui/__tests__/badge-content-special.test.tsx > Badge Content - Special Characters Tests > 特殊字符渲染 > renders unicode characters 2ms 42 MB heap used
 ✓ src/components/ui/__tests__/badge-content-special.test.tsx > Badge Content - Special Characters Tests > 特殊字符渲染 > renders HTML entities correctly 1ms 43 MB heap used
 ✓ src/components/ui/__tests__/badge-content-special.test.tsx > Badge Content - Special Characters Tests > 特殊字符渲染 > renders mathematical symbols 1ms 43 MB heap used
 ✓ src/components/ui/__tests__/badge-content-special.test.tsx > Badge Content - Special Characters Tests > 特殊字符渲染 > renders currency symbols 1ms 44 MB heap used
 ✓ src/components/ui/__tests__/badge-content-special.test.tsx > Badge Content - Special Characters Tests > 特殊字符渲染 > renders punctuation marks 1ms 44 MB heap used
 ✓ src/components/ui/__tests__/badge-content-special.test.tsx > Badge Content - Special Characters Tests > 特殊字符渲染 > renders quotation marks 1ms 45 MB heap used
 ✓ src/components/ui/__tests__/badge-content-special.test.tsx > Badge Content - Special Characters Tests > 特殊字符渲染 > renders brackets and parentheses 2ms 45 MB heap used
 ✓ src/components/ui/__tests__/badge-content-special.test.tsx > Badge Content - Special Characters Tests > 特殊字符渲染 > renders operators 1ms 46 MB heap used
 ✓ src/components/ui/__tests__/badge-content-special.test.tsx > Badge Content - Special Characters Tests > 特殊字符渲染 > renders comparison operators 1ms 46 MB heap used
 ✓ src/components/ui/__tests__/badge-content-special.test.tsx > Badge Content - Special Characters Tests > 国际化字符 > renders Chinese characters 1ms 46 MB heap used
 ✓ src/components/ui/__tests__/badge-content-special.test.tsx > Badge Content - Special Characters Tests > 国际化字符 > renders Japanese characters 1ms 47 MB heap used
 ✓ src/components/ui/__tests__/badge-content-special.test.tsx > Badge Content - Special Characters Tests > 国际化字符 > renders Korean characters 1ms 47 MB heap used
 ✓ src/components/ui/__tests__/badge-content-special.test.tsx > Badge Content - Special Characters Tests > 国际化字符 > renders Arabic characters 1ms 47 MB heap used
 ✓ src/components/ui/__tests__/badge-content-special.test.tsx > Badge Content - Special Characters Tests > 国际化字符 > renders Hebrew characters 1ms 48 MB heap used
 ✓ src/components/ui/__tests__/badge-content-special.test.tsx > Badge Content - Special Characters Tests > 国际化字符 > renders Russian characters 1ms 48 MB heap used
 ✓ src/components/ui/__tests__/badge-content-special.test.tsx > Badge Content - Special Characters Tests > 国际化字符 > renders Greek characters 1ms 48 MB heap used
 ✓ src/components/ui/__tests__/badge-content-special.test.tsx > Badge Content - Special Characters Tests > 国际化字符 > renders accented characters 1ms 49 MB heap used
 ✓ src/components/ui/__tests__/badge-content-special.test.tsx > Badge Content - Special Characters Tests > 国际化字符 > renders mixed languages 0ms 49 MB heap used
 ✓ src/components/ui/__tests__/badge-content-special.test.tsx > Badge Content - Special Characters Tests > 符号和图标 > renders arrow symbols 0ms 49 MB heap used
 ✓ src/components/ui/__tests__/badge-content-special.test.tsx > Badge Content - Special Characters Tests > 符号和图标 > renders geometric shapes 1ms 50 MB heap used
 ✓ src/components/ui/__tests__/badge-content-special.test.tsx > Badge Content - Special Characters Tests > 符号和图标 > renders checkmarks and crosses 1ms 50 MB heap used
 ✓ src/components/ui/__tests__/badge-content-special.test.tsx > Badge Content - Special Characters Tests > 符号和图标 > renders weather symbols 1ms 50 MB heap used
 ✓ src/components/ui/__tests__/badge-content-special.test.tsx > Badge Content - Special Characters Tests > 符号和图标 > renders music symbols 1ms 51 MB heap used
 ✓ src/components/ui/__tests__/badge-content-special.test.tsx > Badge Content - Special Characters Tests > 符号和图标 > renders card suits 1ms 51 MB heap used
 ✓ src/components/ui/__tests__/badge-content-special.test.tsx > Badge Content - Special Characters Tests > 符号和图标 > renders zodiac symbols 1ms 51 MB heap used
 ✓ src/components/ui/__tests__/badge-content-special.test.tsx > Badge Content - Special Characters Tests > 符号和图标 > renders miscellaneous symbols 1ms 52 MB heap used
 ✓ src/components/ui/__tests__/badge-content-special.test.tsx > Badge Content - Special Characters Tests > 技术符号 > renders programming symbols 1ms 52 MB heap used
 ✓ src/components/ui/__tests__/badge-content-special.test.tsx > Badge Content - Special Characters Tests > 技术符号 > renders network symbols 1ms 52 MB heap used
 ✓ src/components/ui/__tests__/badge-content-special.test.tsx > Badge Content - Special Characters Tests > 技术符号 > renders file path separators 1ms 53 MB heap used
 ✓ src/components/ui/__tests__/badge-content-special.test.tsx > Badge Content - Special Characters Tests > 技术符号 > renders escape sequences 1ms 53 MB heap used
 ✓ src/components/ui/__tests__/badge-content-special.test.tsx > Badge Content - Special Characters Tests > 技术符号 > renders regex patterns 0ms 53 MB heap used
 ✓ src/components/ui/__tests__/badge-content-special.test.tsx > Badge Content - Special Characters Tests > 技术符号 > renders SQL operators 0ms 54 MB heap used
 ✓ src/components/ui/__tests__/badge-content-special.test.tsx > Badge Content - Special Characters Tests > 技术符号 > renders markdown syntax 0ms 54 MB heap used
 ✓ src/components/ui/__tests__/badge-content-special.test.tsx > Badge Content - Special Characters Tests > 技术符号 > renders URL components 1ms 54 MB heap used
 ✓ src/components/ui/__tests__/social-icons-integration-scenarios.test.tsx > Social Icons Integration Scenarios - Main Tests > 核心集成场景验证 > works in navigation menus 17ms 57 MB heap used
 ✓ src/components/ui/__tests__/social-icons-integration-scenarios.test.tsx > Social Icons Integration Scenarios - Main Tests > 核心集成场景验证 > works in footer sections 3ms 58 MB heap used
 ✓ src/components/ui/__tests__/social-icons-integration-scenarios.test.tsx > Social Icons Integration Scenarios - Main Tests > 核心集成场景验证 > works with dynamic platform mapping 2ms 59 MB heap used
 ✓ src/components/ui/__tests__/social-icons-integration-scenarios.test.tsx > Social Icons Integration Scenarios - Main Tests > 核心集成场景验证 > handles responsive layouts 2ms 59 MB heap used
 ✓ src/components/ui/__tests__/social-icons-integration-scenarios.test.tsx > Social Icons Integration Scenarios - Main Tests > 核心集成场景验证 > supports theming and customization 2ms 60 MB heap used
 ✓ src/components/ui/__tests__/social-icons-integration-scenarios.test.tsx > Social Icons Integration Scenarios - Main Tests > 核心集成场景验证 > works with form integration 3ms 60 MB heap used
 ✓ src/components/ui/__tests__/social-icons-integration-scenarios.test.tsx > Social Icons Integration Scenarios - Main Tests > 核心集成场景验证 > handles error states gracefully 2ms 61 MB heap used
 ✓ src/components/ui/__tests__/social-icons-integration-scenarios.test.tsx > Social Icons Integration Scenarios - Main Tests > 核心集成场景验证 > maintains performance with many icons 10ms 64 MB heap used
 ✓ src/components/ui/__tests__/social-icons-integration-scenarios.test.tsx > Social Icons Integration Scenarios - Main Tests > 核心集成场景验证 > handles loading states 3ms 65 MB heap used
 ✓ src/components/ui/__tests__/social-icons-integration-scenarios.test.tsx > Social Icons Integration Scenarios - Main Tests > 核心集成场景验证 > supports conditional rendering based on user preferences 2ms 65 MB heap used
 ✓ src/components/ui/__tests__/social-icons-integration-scenarios.test.tsx > Social Icons Integration Scenarios - Main Tests > 错误处理验证 > handles missing platform gracefully 1ms 66 MB heap used
 ✓ src/components/ui/__tests__/social-icons-integration-scenarios.test.tsx > Social Icons Integration Scenarios - Main Tests > 错误处理验证 > handles empty platform gracefully 1ms 66 MB heap used
 ✓ src/components/ui/__tests__/social-icons-integration-scenarios.test.tsx > Social Icons Integration Scenarios - Main Tests > 错误处理验证 > handles null platform gracefully 1ms 66 MB heap used
 ✓ src/components/ui/__tests__/social-icons-integration-scenarios.test.tsx > Social Icons Integration Scenarios - Main Tests > 错误处理验证 > handles invalid href gracefully 1ms 67 MB heap used
stdout | src/lib/__tests__/airtable-read-operations.test.ts > Airtable Service - Read Operations Tests > 获取联系人记录 > should throw error when service is not configured
Airtable service initialized successfully { tableName: [32m'test-table'[39m }

stderr | src/lib/__tests__/airtable-read-operations.test.ts > Airtable Service - Read Operations Tests > 获取联系人记录 > should throw error when service is not configured
Failed to fetch contact records { error: [32m"Cannot read properties of undefined (reading 'map')"[39m }

stderr | src/lib/__tests__/airtable-read-operations.test.ts > Airtable Service - Read Operations Tests > 获取联系人记录 > should handle retrieval errors gracefully
Failed to fetch contact records { error: [32m'Retrieval failed'[39m }

stderr | src/lib/__tests__/airtable-read-operations.test.ts > Airtable Service - Read Operations Tests > 获取联系人记录 > should handle network timeout during retrieval
Failed to fetch contact records { error: [32m'Request timeout'[39m }

stderr | src/lib/__tests__/airtable-read-operations.test.ts > Airtable Service - Read Operations Tests > 获取联系人记录 > should handle API rate limiting during retrieval
Failed to fetch contact records { error: [32m'Rate limit exceeded'[39m }

 ✓ src/lib/__tests__/airtable-read-operations.test.ts > Airtable Service - Read Operations Tests > 获取联系人记录 > should retrieve contact records successfully 21ms 70 MB heap used
 ✓ src/lib/__tests__/airtable-read-operations.test.ts > Airtable Service - Read Operations Tests > 获取联系人记录 > should handle query options 2ms 71 MB heap used
 ✓ src/lib/__tests__/airtable-read-operations.test.ts > Airtable Service - Read Operations Tests > 获取联系人记录 > should throw error when service is not configured 2ms 71 MB heap used
 ✓ src/lib/__tests__/airtable-read-operations.test.ts > Airtable Service - Read Operations Tests > 获取联系人记录 > should handle retrieval errors gracefully 1ms 72 MB heap used
 ✓ src/lib/__tests__/airtable-read-operations.test.ts > Airtable Service - Read Operations Tests > 获取联系人记录 > should handle empty results 1ms 72 MB heap used
 ✓ src/lib/__tests__/airtable-read-operations.test.ts > Airtable Service - Read Operations Tests > 获取联系人记录 > should handle complex query options 1ms 73 MB heap used
 ✓ src/lib/__tests__/airtable-read-operations.test.ts > Airtable Service - Read Operations Tests > 获取联系人记录 > should handle large result sets 12ms 64 MB heap used
 ✓ src/lib/__tests__/airtable-read-operations.test.ts > Airtable Service - Read Operations Tests > 获取联系人记录 > should handle pagination options 2ms 66 MB heap used
 ✓ src/lib/__tests__/airtable-read-operations.test.ts > Airtable Service - Read Operations Tests > 获取联系人记录 > should handle network timeout during retrieval 3ms 67 MB heap used
 ✓ src/lib/__tests__/airtable-read-operations.test.ts > Airtable Service - Read Operations Tests > 获取联系人记录 > should handle API rate limiting during retrieval 3ms 68 MB heap used
 ✓ src/lib/__tests__/airtable-read-operations.test.ts > Airtable Service - Read Operations Tests > 获取联系人记录 > should handle malformed response data 2ms 70 MB heap used
 ✓ src/lib/__tests__/airtable-read-operations.test.ts > Airtable Service - Read Operations Tests > 获取联系人记录 > should handle view-based queries 2ms 71 MB heap used
 ✓ src/lib/__tests__/locale-detection-exports.test.ts > locale-detection exports > should export all locale detection functionality 36ms 72 MB heap used
 ✓ src/lib/__tests__/locale-detection-exports.test.ts > locale-detection exports > should re-export locale constants 1ms 72 MB heap used
 ✓ src/lib/__tests__/locale-detection-exports.test.ts > locale-detection exports > should re-export locale detection types 1ms 72 MB heap used
 ✓ src/lib/__tests__/locale-detection-exports.test.ts > locale-detection exports > should re-export locale detection hooks 1ms 72 MB heap used
 ✓ src/lib/__tests__/locale-detection-exports.test.ts > locale-detection exports > should re-export SmartLocaleDetector class 1ms 72 MB heap used
 ✓ src/lib/__tests__/locale-detection-exports.test.ts > locale-detection exports > should handle module loading errors gracefully 0ms 72 MB heap used
 ✓ src/lib/__tests__/locale-detection-exports.test.ts > locale-detection exports > should maintain consistent exports structure 1ms 73 MB heap used
 ✓ src/components/ui/__tests__/card-structure-accessibility-core.test.tsx > Card Structure & Accessibility Tests - Core > 核心结构测试 > renders a complete card with all components 22ms 41 MB heap used
 ✓ src/components/ui/__tests__/card-structure-accessibility-core.test.tsx > Card Structure & Accessibility Tests - Core > 核心结构测试 > renders card with minimal structure 2ms 42 MB heap used
 ✓ src/components/ui/__tests__/card-structure-accessibility-core.test.tsx > Card Structure & Accessibility Tests - Core > 核心结构测试 > renders card header independently 2ms 42 MB heap used
 ✓ src/components/ui/__tests__/card-structure-accessibility-core.test.tsx > Card Structure & Accessibility Tests - Core > 核心结构测试 > renders card footer independently 1ms 42 MB heap used
 ✓ src/components/ui/__tests__/card-structure-accessibility-core.test.tsx > Card Structure & Accessibility Tests - Core > 核心可访问性测试 > has proper semantic structure 2ms 43 MB heap used
 ✓ src/components/ui/__tests__/card-structure-accessibility-core.test.tsx > Card Structure & Accessibility Tests - Core > 核心可访问性测试 > supports keyboard navigation 5ms 44 MB heap used
 ✓ src/components/ui/__tests__/card-structure-accessibility-core.test.tsx > Card Structure & Accessibility Tests - Core > 核心可访问性测试 > maintains proper heading hierarchy 1ms 44 MB heap used
 ✓ src/components/ui/__tests__/card-structure-accessibility-core.test.tsx > Card Structure & Accessibility Tests - Core > 核心组件集成测试 > integrates header and content properly 2ms 45 MB heap used
 ✓ src/components/ui/__tests__/card-structure-accessibility-core.test.tsx > Card Structure & Accessibility Tests - Core > 核心组件集成测试 > integrates content and footer properly 1ms 46 MB heap used
 ✓ src/components/ui/__tests__/card-structure-accessibility-core.test.tsx > Card Structure & Accessibility Tests - Core > 核心组件集成测试 > handles multiple actions in header 2ms 46 MB heap used
 ✓ src/components/ui/__tests__/card-structure-accessibility-core.test.tsx > Card Structure & Accessibility Tests - Core > 核心样式和类名测试 > applies correct CSS classes to card 1ms 46 MB heap used
 ✓ src/components/ui/__tests__/card-structure-accessibility-core.test.tsx > Card Structure & Accessibility Tests - Core > 核心样式和类名测试 > applies correct CSS classes to header 1ms 47 MB heap used
 ✓ src/components/ui/__tests__/card-structure-accessibility-core.test.tsx > Card Structure & Accessibility Tests - Core > 核心样式和类名测试 > applies correct CSS classes to content 1ms 47 MB heap used
 ✓ src/components/ui/__tests__/card-structure-accessibility-core.test.tsx > Card Structure & Accessibility Tests - Core > 核心样式和类名测试 > applies correct CSS classes to footer 1ms 48 MB heap used
 ✓ src/components/ui/__tests__/card-structure-accessibility-core.test.tsx > Card Structure & Accessibility Tests - Core > 边缘情况测试 > handles empty card gracefully 1ms 48 MB heap used
 ✓ src/components/ui/__tests__/card-structure-accessibility-core.test.tsx > Card Structure & Accessibility Tests - Core > 边缘情况测试 > handles card with only title 1ms 48 MB heap used
 ✓ src/components/ui/__tests__/card-structure-accessibility-core.test.tsx > Card Structure & Accessibility Tests - Core > 边缘情况测试 > handles card with only content 1ms 49 MB heap used
 ✓ src/components/ui/__tests__/card-structure-accessibility-core.test.tsx > Card Structure & Accessibility Tests - Core > 边缘情况测试 > handles nested content properly 1ms 49 MB heap used
 ✓ src/components/__tests__/responsive-layout.test.tsx > ResponsiveLayout > 基本渲染 > should render children correctly 19ms 54 MB heap used
 ✓ src/components/__tests__/responsive-layout.test.tsx > ResponsiveLayout > 基本渲染 > should apply default responsive classes 3ms 54 MB heap used
 ✓ src/components/__tests__/responsive-layout.test.tsx > ResponsiveLayout > 基本渲染 > should apply custom className 2ms 55 MB heap used
 ✓ src/components/__tests__/responsive-layout.test.tsx > ResponsiveLayout > 移动端布局 > should apply mobile-specific classes 2ms 55 MB heap used
 ✓ src/components/__tests__/responsive-layout.test.tsx > ResponsiveLayout > 移动端布局 > should render mobile navigation when provided 2ms 56 MB heap used
 ✓ src/components/__tests__/responsive-layout.test.tsx > ResponsiveLayout > 移动端布局 > should handle touch events on mobile 3ms 57 MB heap used
 ✓ src/components/__tests__/responsive-layout.test.tsx > ResponsiveLayout > 平板端布局 > should apply tablet-specific classes 1ms 57 MB heap used
 ✓ src/components/__tests__/responsive-layout.test.tsx > ResponsiveLayout > 平板端布局 > should render tablet sidebar when provided 1ms 58 MB heap used
 ✓ src/components/__tests__/responsive-layout.test.tsx > ResponsiveLayout > 桌面端布局 > should apply desktop-specific classes 1ms 59 MB heap used
 ✓ src/components/__tests__/responsive-layout.test.tsx > ResponsiveLayout > 桌面端布局 > should render desktop sidebar when provided 1ms 59 MB heap used
 ✓ src/components/__tests__/responsive-layout.test.tsx > ResponsiveLayout > 桌面端布局 > should handle mouse events on desktop 2ms 59 MB heap used
 ✓ src/components/__tests__/responsive-layout.test.tsx > ResponsiveLayout > 响应式断点变化 > should update layout when breakpoint changes 4ms 60 MB heap used
 ✓ src/components/__tests__/responsive-layout.test.tsx > ResponsiveLayout > 响应式断点变化 > should trigger layout change callback 3ms 61 MB heap used
 ✓ src/components/__tests__/responsive-layout.test.tsx > ResponsiveLayout > 无障碍功能 > should provide proper ARIA attributes 1ms 61 MB heap used
 ✓ src/components/__tests__/responsive-layout.test.tsx > ResponsiveLayout > 无障碍功能 > should handle reduced motion preference 1ms 61 MB heap used
 ✓ src/components/__tests__/responsive-layout.test.tsx > ResponsiveLayout > 无障碍功能 > should support keyboard navigation 2ms 62 MB heap used
 ✓ src/components/__tests__/responsive-layout.test.tsx > ResponsiveLayout > 性能优化 > should memoize layout calculations 1ms 62 MB heap used
 ✓ src/components/__tests__/responsive-layout.test.tsx > ResponsiveLayout > 性能优化 > should cleanup properly on unmount 1ms 63 MB heap used
 ✓ src/components/__tests__/responsive-layout.test.tsx > ResponsiveLayout > 边缘情况处理 > should handle missing breakpoint data 1ms 63 MB heap used
 ✓ src/components/__tests__/responsive-layout.test.tsx > ResponsiveLayout > 边缘情况处理 > should handle ResizeObserver errors gracefully 1ms 64 MB heap used
 ✓ src/components/__tests__/responsive-layout.test.tsx > ResponsiveLayout > 边缘情况处理 > should handle null children 1ms 64 MB heap used
 ✓ src/components/__tests__/responsive-layout.test.tsx > ResponsiveLayout > 边缘情况处理 > should handle undefined props gracefully 1ms 65 MB heap used
 ✓ src/components/ui/__tests__/social-icons-mapper.test.tsx > Social Icons Mapper Tests > SocialIconMapper > renders Twitter icon for "twitter" input 15ms 58 MB heap used
 ✓ src/components/ui/__tests__/social-icons-mapper.test.tsx > Social Icons Mapper Tests > SocialIconMapper > renders LinkedIn icon for "linkedin" input 2ms 58 MB heap used
 ✓ src/components/ui/__tests__/social-icons-mapper.test.tsx > Social Icons Mapper Tests > SocialIconMapper > renders GitHub icon for "github" input 1ms 58 MB heap used
 ✓ src/components/ui/__tests__/social-icons-mapper.test.tsx > Social Icons Mapper Tests > SocialIconMapper > renders Facebook icon for "facebook" input 2ms 59 MB heap used
 ✓ src/components/ui/__tests__/social-icons-mapper.test.tsx > Social Icons Mapper Tests > SocialIconMapper > renders Instagram icon for "instagram" input 1ms 60 MB heap used
 ✓ src/components/ui/__tests__/social-icons-mapper.test.tsx > Social Icons Mapper Tests > SocialIconMapper > renders YouTube icon for "youtube" input 2ms 60 MB heap used
 ✓ src/components/ui/__tests__/social-icons-mapper.test.tsx > Social Icons Mapper Tests > SocialIconMapper > renders external link icon for unknown platform 1ms 60 MB heap used
 ✓ src/components/ui/__tests__/social-icons-mapper.test.tsx > Social Icons Mapper Tests > SocialIconMapper > handles case insensitive platform names 1ms 61 MB heap used
 ✓ src/components/ui/__tests__/social-icons-mapper.test.tsx > Social Icons Mapper Tests > SocialIconMapper > handles mixed case platform names 1ms 62 MB heap used
 ✓ src/components/ui/__tests__/social-icons-mapper.test.tsx > Social Icons Mapper Tests > SocialIconMapper > applies custom className 1ms 62 MB heap used
 ✓ src/components/ui/__tests__/social-icons-mapper.test.tsx > Social Icons Mapper Tests > SocialIconMapper > applies default size attributes 1ms 62 MB heap used
 ✓ src/components/ui/__tests__/social-icons-mapper.test.tsx > Social Icons Mapper Tests > SocialIconMapper > supports custom sizing 1ms 62 MB heap used
 ✓ src/components/ui/__tests__/social-icons-mapper.test.tsx > Social Icons Mapper Tests > SocialIconMapper > maintains consistent sizing across platforms 3ms 63 MB heap used
 ✓ src/components/ui/__tests__/social-icons-mapper.test.tsx > Social Icons Mapper Tests > SocialIconMapper > supports aria-hidden attribute 1ms 64 MB heap used
 ✓ src/components/ui/__tests__/social-icons-mapper.test.tsx > Social Icons Mapper Tests > SocialIconMapper > supports data-testid attribute 1ms 64 MB heap used
 ✓ src/components/ui/__tests__/social-icons-mapper.test.tsx > Social Icons Mapper Tests > SocialIconMapper > handles empty platform gracefully 1ms 64 MB heap used
 ✓ src/components/ui/__tests__/social-icons-mapper.test.tsx > Social Icons Mapper Tests > SocialIconMapper > handles null platform gracefully 1ms 65 MB heap used
 ✓ src/components/ui/__tests__/social-icons-mapper.test.tsx > Social Icons Mapper Tests > SocialIconMapper > handles undefined platform gracefully 1ms 65 MB heap used
 ✓ src/components/ui/__tests__/social-icons-mapper.test.tsx > Social Icons Mapper Tests > SocialIconMapper > supports basic platform mapping 1ms 66 MB heap used
 ✓ src/components/ui/__tests__/social-icons-mapper.test.tsx > Social Icons Mapper Tests > SocialIconMapper > supports className prop 1ms 66 MB heap used
 ✓ src/components/ui/__tests__/social-icons-mapper.test.tsx > Social Icons Mapper Tests > SocialIconMapper > handles component lifecycle correctly 2ms 66 MB heap used
 ✓ src/components/ui/__tests__/social-icons-mapper.test.tsx > Social Icons Mapper Tests > SocialIconMapper > maintains performance with multiple renders 2ms 68 MB heap used
 ✓ src/components/ui/__tests__/social-icons-mapper.test.tsx > Social Icons Mapper Tests > SocialIconMapper > supports data-testid attribute 1ms 68 MB heap used
 ✓ src/components/ui/__tests__/social-icons-mapper.test.tsx > Social Icons Mapper Tests > SocialIconMapper > handles special characters in platform names 1ms 69 MB heap used
 ✓ src/components/ui/__tests__/social-icons-mapper.test.tsx > Social Icons Mapper Tests > SocialIconMapper > supports responsive classes 1ms 69 MB heap used
 ✓ src/components/ui/__tests__/social-icons-mapper.test.tsx > Social Icons Mapper Tests > SocialIconMapper > supports color customization 1ms 69 MB heap used
 ✓ src/components/ui/__tests__/social-icons-mapper.test.tsx > Social Icons Mapper Tests > SocialIconMapper > supports animation classes 1ms 70 MB heap used
 ✓ src/components/ui/__tests__/social-icons-mapper.test.tsx > Social Icons Mapper Tests > SocialIconMapper > handles platform name normalization 2ms 71 MB heap used
 ✓ src/components/__tests__/responsive-navigation.test.tsx > ResponsiveNavigation Component > Basic Rendering > should render without errors 13ms 57 MB heap used
 ✓ src/components/__tests__/responsive-navigation.test.tsx > ResponsiveNavigation Component > Basic Rendering > should render navigation container 6ms 58 MB heap used
 ✓ src/components/__tests__/responsive-navigation.test.tsx > ResponsiveNavigation Component > Basic Rendering > should render both desktop and mobile navigation elements 3ms 59 MB heap used
 ✓ src/components/__tests__/responsive-navigation.test.tsx > ResponsiveNavigation Component > Desktop Navigation > should display desktop navigation on large screens 2ms 59 MB heap used
 ✓ src/components/__tests__/responsive-navigation.test.tsx > ResponsiveNavigation Component > Desktop Navigation > should have proper CSS classes for desktop display 2ms 60 MB heap used
 ✓ src/components/__tests__/responsive-navigation.test.tsx > ResponsiveNavigation Component > Mobile Navigation > should display mobile navigation toggle button 2ms 61 MB heap used
 ✓ src/components/__tests__/responsive-navigation.test.tsx > ResponsiveNavigation Component > Mobile Navigation > should have proper CSS classes for mobile display 2ms 61 MB heap used
 ✓ src/components/__tests__/responsive-navigation.test.tsx > ResponsiveNavigation Component > Mobile Navigation > should toggle mobile menu on button click 6ms 62 MB heap used
 ✓ src/components/__tests__/responsive-navigation.test.tsx > ResponsiveNavigation Component > Mobile Navigation > should update aria-expanded attribute correctly 3ms 63 MB heap used
 ✓ src/components/__tests__/responsive-navigation.test.tsx > ResponsiveNavigation Component > Responsive Behavior > should handle viewport size changes 2ms 63 MB heap used
 ✓ src/components/__tests__/responsive-navigation.test.tsx > ResponsiveNavigation Component > Responsive Behavior > should maintain state during viewport changes 2ms 65 MB heap used
 ✓ src/components/__tests__/responsive-navigation.test.tsx > ResponsiveNavigation Component > Accessibility > should have proper ARIA attributes 1ms 65 MB heap used
 ✓ src/components/__tests__/responsive-navigation.test.tsx > ResponsiveNavigation Component > Accessibility > should be keyboard accessible 3ms 65 MB heap used
 ✓ src/components/__tests__/responsive-navigation.test.tsx > ResponsiveNavigation Component > Accessibility > should support screen readers 1ms 66 MB heap used
 ✓ src/components/__tests__/responsive-navigation.test.tsx > ResponsiveNavigation Component > Edge Cases > should handle rapid toggle clicks 3ms 66 MB heap used
 ✓ src/components/__tests__/responsive-navigation.test.tsx > ResponsiveNavigation Component > Edge Cases > should handle component unmounting with open menu 2ms 67 MB heap used
 ✓ src/components/__tests__/responsive-navigation.test.tsx > ResponsiveNavigation Component > Edge Cases > should handle missing matchMedia gracefully 2ms 67 MB heap used
 ✓ src/components/home/showcase/__tests__/badge-showcase.test.tsx > BadgeShowcase > 基础渲染 > 应该正确渲染Badge展示组件 23ms 54 MB heap used
 ✓ src/components/home/showcase/__tests__/badge-showcase.test.tsx > BadgeShowcase > 基础渲染 > 应该渲染所有Badge变体 4ms 55 MB heap used
 ✓ src/components/home/showcase/__tests__/badge-showcase.test.tsx > BadgeShowcase > 基础渲染 > 应该渲染自定义颜色的Badge 3ms 56 MB heap used
 ✓ src/components/home/showcase/__tests__/badge-showcase.test.tsx > BadgeShowcase > 翻译功能 > 应该调用翻译函数获取所有文本 3ms 57 MB heap used
 ✓ src/components/home/showcase/__tests__/badge-showcase.test.tsx > BadgeShowcase > 翻译功能 > 应该处理缺失的翻译 3ms 58 MB heap used
 ✓ src/components/home/showcase/__tests__/badge-showcase.test.tsx > BadgeShowcase > 样式和布局 > 应该应用正确的CSS类 3ms 59 MB heap used
 ✓ src/components/home/showcase/__tests__/badge-showcase.test.tsx > BadgeShowcase > 样式和布局 > 应该包含自定义背景色的Badge 3ms 59 MB heap used
 ✓ src/components/home/showcase/__tests__/badge-showcase.test.tsx > BadgeShowcase > 组件结构 > 应该使用Card组件包装 3ms 60 MB heap used
 ✓ src/components/home/showcase/__tests__/badge-showcase.test.tsx > BadgeShowcase > 组件结构 > 应该包含CardHeader和CardContent 3ms 61 MB heap used
 ✓ src/components/home/showcase/__tests__/badge-showcase.test.tsx > BadgeShowcase > 边界条件 > 应该处理空的翻译函数 2ms 61 MB heap used
 ✓ src/components/home/showcase/__tests__/badge-showcase.test.tsx > BadgeShowcase > 边界条件 > 应该处理翻译函数抛出错误 3ms 62 MB heap used
 ✓ src/components/theme/__tests__/theme-menu-item-interactions-basic.test.tsx > Theme Menu Item - Advanced Interactions Tests > 高级动画效果 > handles selected item with view transitions correctly 40ms 74 MB heap used
 ✓ src/components/theme/__tests__/theme-menu-item-interactions-basic.test.tsx > Theme Menu Item - Advanced Interactions Tests > 高级动画效果 > handles non-selected item with reduced motion correctly 3ms 76 MB heap used
 ✓ src/components/theme/__tests__/theme-menu-item-interactions-basic.test.tsx > Theme Menu Item - Advanced Interactions Tests > 高级动画效果 > handles animation preferences correctly 4ms 77 MB heap used
 ✓ src/lib/__tests__/airtable-configuration.test.ts > Airtable Service - Configuration Tests > 环境变量配置 > should configure Airtable with valid environment variables 19ms 48 MB heap used
 ✓ src/lib/__tests__/airtable-configuration.test.ts > Airtable Service - Configuration Tests > 环境变量配置 > should use default table name when not provided 2ms 48 MB heap used
 ✓ src/lib/__tests__/airtable-configuration.test.ts > Airtable Service - Configuration Tests > 环境变量配置 > should handle missing API key gracefully 1ms 49 MB heap used
 ✓ src/lib/__tests__/airtable-configuration.test.ts > Airtable Service - Configuration Tests > 环境变量配置 > should handle missing base ID gracefully 1ms 50 MB heap used
 ✓ src/lib/__tests__/airtable-configuration.test.ts > Airtable Service - Configuration Tests > 环境变量配置 > should handle empty environment variables 1ms 50 MB heap used
 ✓ src/lib/__tests__/airtable-configuration.test.ts > Airtable Service - Configuration Tests > 服务初始化 > should initialize service with proper configuration 1ms 51 MB heap used
 ✓ src/lib/__tests__/airtable-configuration.test.ts > Airtable Service - Configuration Tests > 服务初始化 > should create base instance correctly 1ms 51 MB heap used
 ✓ src/lib/__tests__/airtable-configuration.test.ts > Airtable Service - Configuration Tests > 服务初始化 > should handle initialization errors gracefully 1ms 52 MB heap used
 ✓ src/lib/__tests__/airtable-configuration.test.ts > Airtable Service - Configuration Tests > 配置验证 > should validate required configuration fields 1ms 53 MB heap used
 ✓ src/lib/__tests__/airtable-configuration.test.ts > Airtable Service - Configuration Tests > 配置验证 > should check base instance availability 1ms 53 MB heap used
 ✓ src/lib/__tests__/airtable-configuration.test.ts > Airtable Service - Configuration Tests > 配置验证 > should validate table instance 1ms 54 MB heap used
 ✓ src/lib/__tests__/airtable-configuration.test.ts > Airtable Service - Configuration Tests > 默认值处理 > should use default table name when not specified 1ms 54 MB heap used
 ✓ src/lib/__tests__/airtable-configuration.test.ts > Airtable Service - Configuration Tests > 默认值处理 > should handle undefined environment variables 1ms 55 MB heap used
 ✓ src/lib/__tests__/airtable-configuration.test.ts > Airtable Service - Configuration Tests > 默认值处理 > should handle null environment variables 1ms 55 MB heap used
 ✓ src/lib/__tests__/airtable-configuration.test.ts > Airtable Service - Configuration Tests > 错误处理 > should handle configuration errors gracefully 1ms 56 MB heap used
 ✓ src/lib/__tests__/airtable-configuration.test.ts > Airtable Service - Configuration Tests > 错误处理 > should handle base creation errors 1ms 56 MB heap used
 ✓ src/lib/__tests__/airtable-configuration.test.ts > Airtable Service - Configuration Tests > 错误处理 > should handle table creation errors 1ms 57 MB heap used
 ✓ src/components/ui/__tests__/separator.test.tsx > Separator Component > Basic Rendering > renders separator with default props 18ms 41 MB heap used
 ✓ src/components/ui/__tests__/separator.test.tsx > Separator Component > Basic Rendering > applies default horizontal orientation 2ms 42 MB heap used
 ✓ src/components/ui/__tests__/separator.test.tsx > Separator Component > Basic Rendering > applies default base classes 1ms 42 MB heap used
 ✓ src/components/ui/__tests__/separator.test.tsx > Separator Component > Orientation Props > renders horizontal separator correctly 1ms 42 MB heap used
 ✓ src/components/ui/__tests__/separator.test.tsx > Separator Component > Orientation Props > renders vertical separator correctly 1ms 43 MB heap used
 ✓ src/components/ui/__tests__/separator.test.tsx > Separator Component > Orientation Props > handles undefined orientation as horizontal 1ms 43 MB heap used
 ✓ src/components/ui/__tests__/separator.test.tsx > Separator Component > Custom Props > applies custom className 1ms 43 MB heap used
 ✓ src/components/ui/__tests__/separator.test.tsx > Separator Component > Custom Props > merges custom className with orientation classes 1ms 44 MB heap used
 ✓ src/components/ui/__tests__/separator.test.tsx > Separator Component > Custom Props > passes through HTML div props 2ms 45 MB heap used
 ✓ src/components/ui/__tests__/separator.test.tsx > Separator Component > Custom Props > handles style prop 7ms 45 MB heap used
 ✓ src/components/ui/__tests__/separator.test.tsx > Separator Component > Ref Handling > forwards ref correctly 2ms 45 MB heap used
 ✓ src/components/ui/__tests__/separator.test.tsx > Separator Component > Ref Handling > handles function ref correctly 1ms 46 MB heap used
 ✓ src/components/ui/__tests__/separator.test.tsx > Separator Component > Accessibility > supports ARIA attributes 1ms 46 MB heap used
 ✓ src/components/ui/__tests__/separator.test.tsx > Separator Component > Accessibility > works with semantic HTML structure 2ms 47 MB heap used
 ✓ src/components/ui/__tests__/separator.test.tsx > Separator Component > Layout Integration > works in flex container horizontally 1ms 47 MB heap used
 ✓ src/components/ui/__tests__/separator.test.tsx > Separator Component > Layout Integration > works in flex container vertically 1ms 47 MB heap used
 ✓ src/components/ui/__tests__/separator.test.tsx > Separator Component > Layout Integration > maintains shrink-0 class for layout stability 1ms 48 MB heap used
 ✓ src/components/ui/__tests__/separator.test.tsx > Separator Component > Edge Cases > handles empty className gracefully 1ms 48 MB heap used
 ✓ src/components/ui/__tests__/separator.test.tsx > Separator Component > Edge Cases > handles null className gracefully 1ms 48 MB heap used
 ✓ src/components/ui/__tests__/separator.test.tsx > Separator Component > Edge Cases > handles multiple custom classes 1ms 49 MB heap used
 ✓ src/components/ui/__tests__/separator.test.tsx > Separator Component > Component Display Name > has correct display name 0ms 49 MB heap used
 ✓ src/components/ui/__tests__/separator.test.tsx > Separator Component > TypeScript Props > accepts all valid orientation values 1ms 50 MB heap used
 ✓ src/components/ui/__tests__/separator.test.tsx > Separator Component > TypeScript Props > extends HTMLDivElement props 1ms 49 MB heap used
 ✓ src/components/ui/__tests__/social-icons-integration-scenarios-basic.test.tsx > Social Icons Integration Scenarios - Advanced Tests > 高级集成场景 > works in navigation menus 17ms 49 MB heap used
 ✓ src/components/ui/__tests__/social-icons-integration-scenarios-basic.test.tsx > Social Icons Integration Scenarios - Advanced Tests > 高级集成场景 > works in footer sections 2ms 50 MB heap used
 ✓ src/components/ui/__tests__/social-icons-integration-scenarios-basic.test.tsx > Social Icons Integration Scenarios - Advanced Tests > 高级集成场景 > works with dynamic platform mapping 2ms 51 MB heap used
 ✓ src/components/ui/__tests__/social-icons-integration-scenarios-basic.test.tsx > Social Icons Integration Scenarios - Advanced Tests > 高级集成场景 > handles responsive layouts 2ms 51 MB heap used
 ✓ src/components/ui/__tests__/social-icons-integration-scenarios-basic.test.tsx > Social Icons Integration Scenarios - Advanced Tests > 高级集成场景 > supports theming and customization 1ms 51 MB heap used
 ✓ src/components/ui/__tests__/social-icons-integration-scenarios-basic.test.tsx > Social Icons Integration Scenarios - Advanced Tests > 高级集成场景 > works with form integration 3ms 52 MB heap used
 ✓ src/components/ui/__tests__/social-icons-integration-scenarios-basic.test.tsx > Social Icons Integration Scenarios - Advanced Tests > 高级集成场景 > handles error states gracefully 2ms 52 MB heap used
 ✓ src/components/ui/__tests__/social-icons-integration-scenarios-basic.test.tsx > Social Icons Integration Scenarios - Advanced Tests > 高级集成场景 > supports server-side rendering 3ms 53 MB heap used
 ✓ src/components/ui/__tests__/social-icons-integration-scenarios-basic.test.tsx > Social Icons Integration Scenarios - Advanced Tests > 高级集成场景 > maintains performance with many icons 6ms 56 MB heap used
 ✓ src/components/ui/__tests__/badge-content-basic.test.tsx > Badge Content - Basic Tests > 基本内容渲染 > renders text content 19ms 59 MB heap used
 ✓ src/components/ui/__tests__/badge-content-basic.test.tsx > Badge Content - Basic Tests > 基本内容渲染 > renders numeric content 2ms 60 MB heap used
 ✓ src/components/ui/__tests__/badge-content-basic.test.tsx > Badge Content - Basic Tests > 基本内容渲染 > renders zero as content 2ms 61 MB heap used
 ✓ src/components/ui/__tests__/badge-content-basic.test.tsx > Badge Content - Basic Tests > 基本内容渲染 > renders boolean content 2ms 61 MB heap used
 ✓ src/components/ui/__tests__/badge-content-basic.test.tsx > Badge Content - Basic Tests > 基本内容渲染 > renders JSX content 2ms 62 MB heap used
 ✓ src/components/ui/__tests__/badge-content-basic.test.tsx > Badge Content - Basic Tests > 基本内容渲染 > renders multiple children 2ms 62 MB heap used
 ✓ src/components/ui/__tests__/badge-content-basic.test.tsx > Badge Content - Basic Tests > 基本内容渲染 > renders with icons 2ms 62 MB heap used
 ✓ src/components/ui/__tests__/badge-content-basic.test.tsx > Badge Content - Basic Tests > 基本内容渲染 > renders long text content 1ms 63 MB heap used
 ✓ src/components/ui/__tests__/badge-content-basic.test.tsx > Badge Content - Basic Tests > 基本内容渲染 > renders nested components 2ms 64 MB heap used
 ✓ src/components/ui/__tests__/badge-content-basic.test.tsx > Badge Content - Basic Tests > 基本内容渲染 > handles whitespace correctly 1ms 64 MB heap used
 ✓ src/components/ui/__tests__/badge-content-basic.test.tsx > Badge Content - Basic Tests > 条件内容渲染 > renders conditional content 1ms 64 MB heap used
 ✓ src/components/ui/__tests__/badge-content-basic.test.tsx > Badge Content - Basic Tests > 条件内容渲染 > renders array of elements 1ms 65 MB heap used
 ✓ src/components/ui/__tests__/badge-content-basic.test.tsx > Badge Content - Basic Tests > 条件内容渲染 > renders mixed content types 1ms 65 MB heap used
 ✓ src/components/ui/__tests__/badge-content-basic.test.tsx > Badge Content - Basic Tests > 条件内容渲染 > renders with React fragments 1ms 65 MB heap used
 ✓ src/components/ui/__tests__/badge-content-basic.test.tsx > Badge Content - Basic Tests > 条件内容渲染 > renders with conditional operators 1ms 66 MB heap used
 ✓ src/components/ui/__tests__/badge-content-basic.test.tsx > Badge Content - Basic Tests > 空内容处理 > renders empty content gracefully 1ms 66 MB heap used
 ✓ src/components/ui/__tests__/badge-content-basic.test.tsx > Badge Content - Basic Tests > 空内容处理 > renders null content gracefully 1ms 66 MB heap used
 ✓ src/components/ui/__tests__/badge-content-basic.test.tsx > Badge Content - Basic Tests > 空内容处理 > renders undefined content gracefully 1ms 67 MB heap used
 ✓ src/components/ui/__tests__/badge-content-basic.test.tsx > Badge Content - Basic Tests > 空内容处理 > renders false content gracefully 1ms 67 MB heap used
 ✓ src/components/ui/__tests__/badge-content-basic.test.tsx > Badge Content - Basic Tests > 格式化内容 > renders content with line breaks 1ms 67 MB heap used
 ✓ src/components/ui/__tests__/badge-content-basic.test.tsx > Badge Content - Basic Tests > 格式化内容 > renders content with tabs 1ms 68 MB heap used
 ✓ src/components/ui/__tests__/badge-content-basic.test.tsx > Badge Content - Basic Tests > 格式化内容 > renders with template literals 1ms 68 MB heap used
 ✓ src/components/ui/__tests__/badge-content-basic.test.tsx > Badge Content - Basic Tests > 格式化内容 > renders with function calls 1ms 68 MB heap used
 ✓ src/components/ui/__tests__/badge-content-basic.test.tsx > Badge Content - Basic Tests > 特殊内容类型 > renders with regular expressions 1ms 69 MB heap used
 ✓ src/components/ui/__tests__/badge-content-basic.test.tsx > Badge Content - Basic Tests > 特殊内容类型 > renders with JSON strings 1ms 69 MB heap used
 ✓ src/components/ui/__tests__/badge-content-basic.test.tsx > Badge Content - Basic Tests > 特殊内容类型 > renders with encoded URIs 1ms 69 MB heap used
 ✓ src/components/ui/__tests__/badge-content-basic.test.tsx > Badge Content - Basic Tests > 特殊内容类型 > renders with base64 encoded content 1ms 70 MB heap used
 ✓ src/components/ui/__tests__/badge-content-basic.test.tsx > Badge Content - Basic Tests > 特殊内容类型 > renders with CSS class names as content 1ms 70 MB heap used
 ✓ src/components/ui/__tests__/badge-content-basic.test.tsx > Badge Content - Basic Tests > 特殊内容类型 > renders with HTML tag names as content 1ms 71 MB heap used
 ✓ src/components/ui/__tests__/badge-content-basic.test.tsx > Badge Content - Basic Tests > 特殊内容类型 > renders with code snippets 1ms 71 MB heap used
 ✓ src/hooks/__tests__/use-enhanced-translations.test.ts > useEnhancedTranslations > basic functionality > should return enhanced translation functions 10ms 57 MB heap used
 ✓ src/hooks/__tests__/use-enhanced-translations.test.ts > useEnhancedTranslations > basic functionality > should translate simple keys 2ms 58 MB heap used
 ✓ src/hooks/__tests__/use-enhanced-translations.test.ts > useEnhancedTranslations > basic functionality > should translate keys with values 2ms 58 MB heap used
 ✓ src/hooks/__tests__/use-enhanced-translations.test.ts > useEnhancedTranslations > basic functionality > should handle namespace option 1ms 59 MB heap used
 ✓ src/hooks/__tests__/use-enhanced-translations.test.ts > useEnhancedTranslations > error handling and fallbacks > should handle translation errors with fallback 1ms 60 MB heap used
 ✓ src/hooks/__tests__/use-enhanced-translations.test.ts > useEnhancedTranslations > error handling and fallbacks > should handle translation errors without fallback 1ms 59 MB heap used
 ✓ src/hooks/__tests__/use-enhanced-translations.test.ts > useEnhancedTranslations > error handling and fallbacks > should handle fallback keys 1ms 60 MB heap used
 ✓ src/hooks/__tests__/use-enhanced-translations.test.ts > useEnhancedTranslations > error handling and fallbacks > should handle rich text translation errors 1ms 60 MB heap used
 ✓ src/hooks/__tests__/use-enhanced-translations.test.ts > useEnhancedTranslations > batch translations > should translate multiple keys 1ms 61 MB heap used
 ✓ src/hooks/__tests__/use-enhanced-translations.test.ts > useEnhancedTranslations > batch translations > should handle batch translations with values 1ms 62 MB heap used
 ✓ src/hooks/__tests__/use-enhanced-translations.test.ts > useEnhancedTranslations > batch translations > should handle empty batch translations 1ms 61 MB heap used
 ✓ src/hooks/__tests__/use-enhanced-translations.test.ts > useEnhancedTranslations > conditional translations > should return true key when condition is true 1ms 62 MB heap used
 ✓ src/hooks/__tests__/use-enhanced-translations.test.ts > useEnhancedTranslations > conditional translations > should return false key when condition is false 1ms 62 MB heap used
 ✓ src/hooks/__tests__/use-enhanced-translations.test.ts > useEnhancedTranslations > conditional translations > should handle conditional translations with values 1ms 62 MB heap used
 ✓ src/hooks/__tests__/use-enhanced-translations.test.ts > useEnhancedTranslations > rich text translations > should handle rich text translations 1ms 63 MB heap used
 ✓ src/hooks/__tests__/use-enhanced-translations.test.ts > useEnhancedTranslations > rich text translations > should handle rich text without fallback 1ms 63 MB heap used
 ✓ src/hooks/__tests__/use-enhanced-translations.test.ts > useEnhancedTranslations > translation existence check > should check if translation exists 1ms 63 MB heap used
 ✓ src/hooks/__tests__/use-enhanced-translations.test.ts > useEnhancedTranslations > translation existence check > should handle translation existence check errors 1ms 64 MB heap used
 ✓ src/hooks/__tests__/use-enhanced-translations.test.ts > useEnhancedTranslations > formatting functions > should format numbers 1ms 64 MB heap used
 ✓ src/hooks/__tests__/use-enhanced-translations.test.ts > useEnhancedTranslations > formatting functions > should format numbers with options 1ms 64 MB heap used
 ✓ src/hooks/__tests__/use-enhanced-translations.test.ts > useEnhancedTranslations > formatting functions > should handle number formatting errors 1ms 65 MB heap used
 ✓ src/hooks/__tests__/use-enhanced-translations.test.ts > useEnhancedTranslations > formatting functions > should format dates 1ms 65 MB heap used
 ✓ src/hooks/__tests__/use-enhanced-translations.test.ts > useEnhancedTranslations > formatting functions > should handle date formatting errors 1ms 65 MB heap used
 ✓ src/hooks/__tests__/use-enhanced-translations.test.ts > useEnhancedTranslations > formatting functions > should format relative time 1ms 66 MB heap used
 ✓ src/hooks/__tests__/use-enhanced-translations.test.ts > useEnhancedTranslations > formatting functions > should handle relative time formatting errors 1ms 66 MB heap used
 ✓ src/hooks/__tests__/use-enhanced-translations.test.ts > useEnhancedTranslations > performance monitoring > should record performance metrics when analytics enabled 3ms 43 MB heap used
 ✓ src/hooks/__tests__/use-enhanced-translations.test.ts > useEnhancedTranslations > performance monitoring > should not record performance metrics when analytics disabled 1ms 44 MB heap used
 ✓ src/hooks/__tests__/use-enhanced-translations.test.ts > useEnhancedTranslations > performance monitoring > should record errors when analytics enabled 1ms 44 MB heap used
 ✓ src/hooks/__tests__/use-enhanced-translations.test.ts > useEnhancedTranslations > performance monitoring > should get performance metrics 1ms 45 MB heap used
 ✓ src/hooks/__tests__/use-enhanced-translations.test.ts > useEnhancedTranslations > preloading > should preload specified keys 1ms 45 MB heap used
 ✓ src/hooks/__tests__/use-enhanced-translations.test.ts > useEnhancedTranslations > preloading > should handle preload errors gracefully 1ms 45 MB heap used
 ✓ src/hooks/__tests__/use-enhanced-translations.test.ts > useEnhancedTranslations > preloading > should handle empty preload array 1ms 46 MB heap used
 ✓ src/hooks/__tests__/use-enhanced-translations.test.ts > useI18nPerformance > should provide performance monitoring functions 1ms 46 MB heap used
 ✓ src/hooks/__tests__/use-enhanced-translations.test.ts > useI18nPerformance > should get performance metrics 1ms 46 MB heap used
 ✓ src/hooks/__tests__/use-enhanced-translations.test.ts > useI18nPerformance > should reset performance metrics 1ms 46 MB heap used
stdout | src/components/forms/__tests__/contact-form-validation.test.tsx
Resend email service initialized successfully { from: [32m'test@example.com'[39m, replyTo: [32m'reply@example.com'[39m }

 ✓ src/components/forms/__tests__/contact-form-validation.test.tsx > ContactFormContainer - 验证逻辑 > 字段长度验证 > 应该验证姓名长度 28ms 71 MB heap used
 ✓ src/components/forms/__tests__/contact-form-validation.test.tsx > ContactFormContainer - 验证逻辑 > 字段长度验证 > 应该验证消息长度 5ms 73 MB heap used
 ✓ src/components/forms/__tests__/contact-form-validation.test.tsx > ContactFormContainer - 验证逻辑 > 字段长度验证 > 应该处理极长的输入 4ms 75 MB heap used
 ✓ src/components/forms/__tests__/contact-form-validation.test.tsx > ContactFormContainer - 验证逻辑 > 格式验证 > 应该验证电话号码格式 4ms 76 MB heap used
 ✓ src/components/forms/__tests__/contact-form-validation.test.tsx > ContactFormContainer - 验证逻辑 > 格式验证 > 应该正确处理特殊字符 5ms 78 MB heap used
stdout | src/lib/__tests__/airtable-operations.test.ts > Airtable Service - Main Operations Tests > 基本操作集成测试 > should handle basic contact creation
Contact record created successfully {
  recordId: [32m'rec123456'[39m,
  email: [32m'john.doe@example.com'[39m,
  company: [32m'Test Company'[39m
}

stdout | src/lib/__tests__/airtable-operations.test.ts > Airtable Service - Main Operations Tests > 基本操作集成测试 > should handle contact status updates
Contact record status updated { recordId: [32m'rec123456'[39m, newStatus: [32m'Completed'[39m }

stdout | src/lib/__tests__/airtable-operations.test.ts > Airtable Service - Main Operations Tests > 基本操作集成测试 > should handle contact deletion
Contact record deleted { recordId: [32m'rec123456'[39m }

stderr | src/lib/__tests__/airtable-operations.test.ts > Airtable Service - Main Operations Tests > 错误处理验证 > should handle API errors gracefully
Failed to create contact record { error: [32m'API Error'[39m, email: [32m'john.doe@example.com'[39m }

stderr | src/lib/__tests__/airtable-operations.test.ts > Airtable Service - Main Operations Tests > 错误处理验证 > should handle retrieval errors gracefully
Failed to fetch contact records { error: [32m'Retrieval failed'[39m }

stderr | src/lib/__tests__/airtable-operations.test.ts > Airtable Service - Main Operations Tests > 错误处理验证 > should handle update errors gracefully
Failed to update contact record status { error: [32m'Update failed'[39m, recordId: [32m'rec123456'[39m, status: [32m'Completed'[39m }

stderr | src/lib/__tests__/airtable-operations.test.ts > Airtable Service - Main Operations Tests > 错误处理验证 > should handle deletion errors gracefully
Failed to delete contact record { error: [32m'Deletion failed'[39m, recordId: [32m'rec123456'[39m }

 ✓ src/lib/__tests__/airtable-operations.test.ts > Airtable Service - Main Operations Tests > 核心服务导出验证 > should export AirtableService class 22ms 56 MB heap used
 ✓ src/lib/__tests__/airtable-operations.test.ts > Airtable Service - Main Operations Tests > 核心服务导出验证 > should create AirtableService instance 2ms 57 MB heap used
 ✓ src/lib/__tests__/airtable-operations.test.ts > Airtable Service - Main Operations Tests > 基本操作集成测试 > should handle basic contact creation 2ms 57 MB heap used
 ✓ src/lib/__tests__/airtable-operations.test.ts > Airtable Service - Main Operations Tests > 基本操作集成测试 > should handle basic contact retrieval 1ms 58 MB heap used
 ✓ src/lib/__tests__/airtable-operations.test.ts > Airtable Service - Main Operations Tests > 基本操作集成测试 > should handle contact status updates 1ms 59 MB heap used
 ✓ src/lib/__tests__/airtable-operations.test.ts > Airtable Service - Main Operations Tests > 基本操作集成测试 > should handle contact deletion 1ms 59 MB heap used
 ✓ src/lib/__tests__/airtable-operations.test.ts > Airtable Service - Main Operations Tests > 基本操作集成测试 > should check service readiness correctly 1ms 60 MB heap used
 ✓ src/lib/__tests__/airtable-operations.test.ts > Airtable Service - Main Operations Tests > 错误处理验证 > should handle missing configuration gracefully 2ms 60 MB heap used
 ✓ src/lib/__tests__/airtable-operations.test.ts > Airtable Service - Main Operations Tests > 错误处理验证 > should handle API errors gracefully 2ms 61 MB heap used
 ✓ src/lib/__tests__/airtable-operations.test.ts > Airtable Service - Main Operations Tests > 错误处理验证 > should handle retrieval errors gracefully 1ms 62 MB heap used
 ✓ src/lib/__tests__/airtable-operations.test.ts > Airtable Service - Main Operations Tests > 错误处理验证 > should handle update errors gracefully 1ms 62 MB heap used
 ✓ src/lib/__tests__/airtable-operations.test.ts > Airtable Service - Main Operations Tests > 错误处理验证 > should handle deletion errors gracefully 1ms 63 MB heap used
 ✓ src/lib/__tests__/airtable-operations.test.ts > Airtable Service - Main Operations Tests > Mock验证 > should have proper mock setup 1ms 63 MB heap used
 ✓ src/lib/__tests__/airtable-operations.test.ts > Airtable Service - Main Operations Tests > Mock验证 > should reset mocks between tests 1ms 64 MB heap used
 ✓ src/lib/__tests__/airtable-operations.test.ts > Airtable Service - Main Operations Tests > 服务状态检查 > should return true when properly configured 1ms 65 MB heap used
 ✓ src/lib/__tests__/airtable-operations.test.ts > Airtable Service - Main Operations Tests > 服务状态检查 > should return false when not configured 1ms 65 MB heap used
 ✓ src/components/ui/__tests__/social-icons-basic.test.tsx > Social Icons - Basic Icons > TwitterIcon > renders Twitter icon with default props 15ms 58 MB heap used
 ✓ src/components/ui/__tests__/social-icons-basic.test.tsx > Social Icons - Basic Icons > TwitterIcon > applies default size attributes 2ms 59 MB heap used
 ✓ src/components/ui/__tests__/social-icons-basic.test.tsx > Social Icons - Basic Icons > TwitterIcon > supports custom className 2ms 60 MB heap used
 ✓ src/components/ui/__tests__/social-icons-basic.test.tsx > Social Icons - Basic Icons > TwitterIcon > supports custom size 1ms 61 MB heap used
 ✓ src/components/ui/__tests__/social-icons-basic.test.tsx > Social Icons - Basic Icons > TwitterIcon > has correct viewBox 2ms 60 MB heap used
 ✓ src/components/ui/__tests__/social-icons-basic.test.tsx > Social Icons - Basic Icons > TwitterIcon > has aria-hidden by default 1ms 61 MB heap used
 ✓ src/components/ui/__tests__/social-icons-basic.test.tsx > Social Icons - Basic Icons > TwitterIcon > has aria-hidden by default for decorative use 1ms 61 MB heap used
 ✓ src/components/ui/__tests__/social-icons-basic.test.tsx > Social Icons - Basic Icons > TwitterIcon > renders SVG path correctly 1ms 61 MB heap used
 ✓ src/components/ui/__tests__/social-icons-basic.test.tsx > Social Icons - Basic Icons > TwitterIcon > supports all HTML SVG attributes 1ms 62 MB heap used
 ✓ src/components/ui/__tests__/social-icons-basic.test.tsx > Social Icons - Basic Icons > LinkedInIcon > renders LinkedIn icon with default props 1ms 63 MB heap used
 ✓ src/components/ui/__tests__/social-icons-basic.test.tsx > Social Icons - Basic Icons > LinkedInIcon > applies default size attributes 1ms 63 MB heap used
 ✓ src/components/ui/__tests__/social-icons-basic.test.tsx > Social Icons - Basic Icons > LinkedInIcon > supports custom className 1ms 63 MB heap used
 ✓ src/components/ui/__tests__/social-icons-basic.test.tsx > Social Icons - Basic Icons > LinkedInIcon > supports custom size 1ms 63 MB heap used
 ✓ src/components/ui/__tests__/social-icons-basic.test.tsx > Social Icons - Basic Icons > LinkedInIcon > has correct viewBox 1ms 64 MB heap used
 ✓ src/components/ui/__tests__/social-icons-basic.test.tsx > Social Icons - Basic Icons > LinkedInIcon > has aria-hidden by default 1ms 64 MB heap used
 ✓ src/components/ui/__tests__/social-icons-basic.test.tsx > Social Icons - Basic Icons > LinkedInIcon > has aria-hidden by default for decorative use 1ms 64 MB heap used
 ✓ src/components/ui/__tests__/social-icons-basic.test.tsx > Social Icons - Basic Icons > LinkedInIcon > renders SVG path correctly 1ms 65 MB heap used
 ✓ src/components/ui/__tests__/social-icons-basic.test.tsx > Social Icons - Basic Icons > LinkedInIcon > supports different color schemes 1ms 65 MB heap used
 ✓ src/components/ui/__tests__/social-icons-basic.test.tsx > Social Icons - Basic Icons > LinkedInIcon > handles responsive sizing 1ms 65 MB heap used
 ✓ src/components/ui/__tests__/social-icons-basic.test.tsx > Social Icons - Basic Icons > ExternalLinkIcon > renders external link icon with default props 1ms 66 MB heap used
 ✓ src/components/ui/__tests__/social-icons-basic.test.tsx > Social Icons - Basic Icons > ExternalLinkIcon > applies default size attributes 1ms 66 MB heap used
 ✓ src/components/ui/__tests__/social-icons-basic.test.tsx > Social Icons - Basic Icons > ExternalLinkIcon > supports custom className 1ms 67 MB heap used
 ✓ src/components/ui/__tests__/social-icons-basic.test.tsx > Social Icons - Basic Icons > ExternalLinkIcon > supports custom size 1ms 67 MB heap used
 ✓ src/components/ui/__tests__/social-icons-basic.test.tsx > Social Icons - Basic Icons > ExternalLinkIcon > has correct viewBox 1ms 67 MB heap used
 ✓ src/components/ui/__tests__/social-icons-basic.test.tsx > Social Icons - Basic Icons > ExternalLinkIcon > has aria-hidden by default 1ms 68 MB heap used
 ✓ src/components/ui/__tests__/social-icons-basic.test.tsx > Social Icons - Basic Icons > ExternalLinkIcon > has aria-hidden by default for decorative use 1ms 68 MB heap used
 ✓ src/components/ui/__tests__/social-icons-basic.test.tsx > Social Icons - Basic Icons > ExternalLinkIcon > renders SVG paths correctly 1ms 68 MB heap used
 ✓ src/components/ui/__tests__/social-icons-basic.test.tsx > Social Icons - Basic Icons > ExternalLinkIcon > supports inline styling 1ms 69 MB heap used
 ✓ src/components/ui/__tests__/social-icons-basic.test.tsx > Social Icons - Basic Icons > ExternalLinkIcon > handles hover states 1ms 69 MB heap used
 ✓ src/components/ui/__tests__/social-icons-basic.test.tsx > Social Icons - Basic Icons > ExternalLinkIcon > supports focus states 1ms 69 MB heap used
 ✓ src/components/ui/__tests__/social-icons-basic.test.tsx > Social Icons - Basic Icons > ExternalLinkIcon > handles dark mode variants 2ms 70 MB heap used
 ✓ src/components/ui/__tests__/social-icons-basic.test.tsx > Social Icons - Basic Icons > Icon Consistency > all icons have consistent SVG structure 1ms 70 MB heap used
 ✓ src/components/ui/__tests__/social-icons-basic.test.tsx > Social Icons - Basic Icons > Icon Consistency > all icons support className prop 1ms 71 MB heap used
 ✓ src/components/ui/__tests__/social-icons-basic.test.tsx > Social Icons - Basic Icons > Icon Consistency > all icons render without errors 1ms 71 MB heap used
 ✓ src/components/ui/__tests__/social-icons-basic.test.tsx > Social Icons - Basic Icons > Icon Consistency > all icons handle component lifecycle correctly 1ms 72 MB heap used
 ✓ src/components/ui/__tests__/label-responsive-behavior.test.tsx > Label Responsive Behavior - Main Tests > 核心响应式功能验证 > maintains consistent styling across screen sizes 18ms 59 MB heap used
 ✓ src/components/ui/__tests__/label-responsive-behavior.test.tsx > Label Responsive Behavior - Main Tests > 核心响应式功能验证 > handles responsive spacing 2ms 60 MB heap used
 ✓ src/components/ui/__tests__/label-responsive-behavior.test.tsx > Label Responsive Behavior - Main Tests > 核心响应式功能验证 > adapts to container constraints 2ms 61 MB heap used
 ✓ src/components/ui/__tests__/label-responsive-behavior.test.tsx > Label Responsive Behavior - Main Tests > 核心响应式功能验证 > handles mobile touch targets 1ms 61 MB heap used
 ✓ src/components/ui/__tests__/label-responsive-behavior.test.tsx > Label Responsive Behavior - Main Tests > 核心响应式功能验证 > supports dark mode variants 1ms 62 MB heap used
 ✓ src/components/ui/__tests__/label-responsive-behavior.test.tsx > Label Responsive Behavior - Main Tests > 基本响应式测试 > handles responsive margins 1ms 62 MB heap used
 ✓ src/components/ui/__tests__/label-responsive-behavior.test.tsx > Label Responsive Behavior - Main Tests > 基本响应式测试 > handles responsive padding 1ms 62 MB heap used
 ✓ src/components/ui/__tests__/label-responsive-behavior.test.tsx > Label Responsive Behavior - Main Tests > 基本响应式测试 > handles responsive font weights 1ms 63 MB heap used
 ✓ src/components/ui/__tests__/label-responsive-behavior.test.tsx > Label Responsive Behavior - Main Tests > 基本响应式测试 > handles responsive colors 1ms 63 MB heap used
 ✓ src/components/ui/__tests__/label-responsive-behavior.test.tsx > Label Responsive Behavior - Main Tests > 基本响应式测试 > handles responsive borders 1ms 63 MB heap used
 ✓ src/components/ui/__tests__/label-responsive-behavior.test.tsx > Label Responsive Behavior - Main Tests > 基本响应式测试 > handles responsive shadows 1ms 64 MB heap used
 ✓ src/components/ui/__tests__/label-responsive-behavior.test.tsx > Label Responsive Behavior - Main Tests > 基本响应式测试 > handles responsive rounded corners 1ms 64 MB heap used
 ✓ src/components/ui/__tests__/label-responsive-behavior.test.tsx > Label Responsive Behavior - Main Tests > 基本响应式测试 > handles responsive display properties 1ms 64 MB heap used
 ✓ src/components/ui/__tests__/label-responsive-behavior.test.tsx > Label Responsive Behavior - Main Tests > 基本响应式测试 > handles responsive positioning 1ms 65 MB heap used
 ✓ src/components/ui/__tests__/label-responsive-behavior.test.tsx > Label Responsive Behavior - Main Tests > 基本响应式测试 > handles responsive width and height 1ms 65 MB heap used
 ✓ src/components/ui/__tests__/label-responsive-behavior.test.tsx > Label Responsive Behavior - Main Tests > 错误处理验证 > handles responsive flexbox properties 1ms 65 MB heap used
 ✓ src/components/ui/__tests__/label-responsive-behavior.test.tsx > Label Responsive Behavior - Main Tests > 错误处理验证 > handles responsive grid properties 1ms 66 MB heap used
 ✓ src/components/ui/__tests__/label-responsive-behavior.test.tsx > Label Responsive Behavior - Main Tests > 错误处理验证 > handles responsive opacity 1ms 66 MB heap used
 ✓ src/components/ui/__tests__/label-responsive-behavior.test.tsx > Label Responsive Behavior - Main Tests > 错误处理验证 > handles responsive transforms 1ms 66 MB heap used
 ✓ src/components/ui/__tests__/label-responsive-behavior.test.tsx > Label Responsive Behavior - Main Tests > 错误处理验证 > handles responsive z-index 1ms 67 MB heap used
 ✓ src/components/ui/__tests__/label-responsive-behavior.test.tsx > Label Responsive Behavior - Main Tests > 错误处理验证 > handles responsive overflow 0ms 67 MB heap used
 ✓ src/components/ui/__tests__/label-responsive-behavior.test.tsx > Label Responsive Behavior - Main Tests > 错误处理验证 > handles responsive cursor 0ms 67 MB heap used
 ✓ src/components/ui/__tests__/label-responsive-behavior.test.tsx > Label Responsive Behavior - Main Tests > 错误处理验证 > handles responsive user select 1ms 68 MB heap used
 ✓ src/components/ui/__tests__/label-responsive-behavior.test.tsx > Label Responsive Behavior - Main Tests > 错误处理验证 > handles responsive pointer events 0ms 68 MB heap used
 ✓ src/components/ui/__tests__/label-responsive-behavior.test.tsx > Label Responsive Behavior - Main Tests > 错误处理验证 > handles responsive visibility 0ms 68 MB heap used
stderr | src/hooks/__tests__/use-performance-monitor.test.ts > usePerformanceMonitor > 警报管理 > should handle alert system errors
An update to TestComponent inside a test was not wrapped in act(...).

When testing, code that causes React state updates should be wrapped into act(...):

act(() => {
  /* fire events that update state */
});
/* assert on the output */

This ensures that you're testing the behavior the user would see in the browser. Learn more at https://react.dev/link/wrap-tests-with-act

 ✓ src/hooks/__tests__/use-performance-monitor.test.ts > usePerformanceMonitor > 初始化 > should initialize with default state 10ms 61 MB heap used
 ✓ src/hooks/__tests__/use-performance-monitor.test.ts > usePerformanceMonitor > 初始化 > should provide all required functions 2ms 62 MB heap used
 ✓ src/hooks/__tests__/use-performance-monitor.test.ts > usePerformanceMonitor > 初始化 > should initialize with custom config 1ms 63 MB heap used
 ✓ src/hooks/__tests__/use-performance-monitor.test.ts > usePerformanceMonitor > 性能监控控制 > should start monitoring 2ms 63 MB heap used
 ✓ src/hooks/__tests__/use-performance-monitor.test.ts > usePerformanceMonitor > 性能监控控制 > should stop monitoring 2ms 63 MB heap used
 ✓ src/hooks/__tests__/use-performance-monitor.test.ts > usePerformanceMonitor > 性能监控控制 > should handle monitoring errors 1ms 64 MB heap used
 ✓ src/hooks/__tests__/use-performance-monitor.test.ts > usePerformanceMonitor > 性能监控控制 > should handle unknown errors 1ms 64 MB heap used
 ✓ src/hooks/__tests__/use-performance-monitor.test.ts > usePerformanceMonitor > 指标刷新 > should refresh metrics manually 1ms 65 MB heap used
 ✓ src/hooks/__tests__/use-performance-monitor.test.ts > usePerformanceMonitor > 指标刷新 > should handle refresh when not monitoring 1ms 65 MB heap used
 ✓ src/hooks/__tests__/use-performance-monitor.test.ts > usePerformanceMonitor > 自动监控 > should perform automatic monitoring when enabled 1ms 65 MB heap used
 ✓ src/hooks/__tests__/use-performance-monitor.test.ts > usePerformanceMonitor > 自动监控 > should not perform automatic monitoring when disabled 1ms 66 MB heap used
 ✓ src/hooks/__tests__/use-performance-monitor.test.ts > usePerformanceMonitor > 自动监控 > should clear interval when monitoring stops 1ms 66 MB heap used
 ✓ src/hooks/__tests__/use-performance-monitor.test.ts > usePerformanceMonitor > 警报管理 > should load alerts from alert system 1ms 67 MB heap used
 ✓ src/hooks/__tests__/use-performance-monitor.test.ts > usePerformanceMonitor > 警报管理 > should clear alerts 1ms 67 MB heap used
 ✓ src/hooks/__tests__/use-performance-monitor.test.ts > usePerformanceMonitor > 警报管理 > should handle alert system errors 2ms 67 MB heap used
 ✓ src/hooks/__tests__/use-performance-monitor.test.ts > usePerformanceMonitor > 组件卸载处理 > should cleanup on unmount 1ms 68 MB heap used
 ✓ src/hooks/__tests__/use-performance-monitor.test.ts > usePerformanceMonitor > 组件卸载处理 > should handle cleanup errors gracefully 1ms 68 MB heap used
 ✓ src/hooks/__tests__/use-performance-monitor.test.ts > usePerformanceMonitor > 边缘情况处理 > should handle multiple start monitoring calls 1ms 68 MB heap used
 ✓ src/hooks/__tests__/use-performance-monitor.test.ts > usePerformanceMonitor > 边缘情况处理 > should handle stop monitoring when not monitoring 1ms 69 MB heap used
 ✓ src/hooks/__tests__/use-performance-monitor.test.ts > usePerformanceMonitor > 边缘情况处理 > should handle refresh when not monitoring 1ms 69 MB heap used
 ✓ src/hooks/__tests__/use-performance-monitor.test.ts > usePerformanceMonitor > 内存监控深度测试 > should handle memory API variations 1ms 70 MB heap used
 ✓ src/hooks/__tests__/use-performance-monitor.test.ts > usePerformanceMonitor > 内存监控深度测试 > should handle performance.now errors 1ms 70 MB heap used
 ✓ src/hooks/__tests__/use-performance-monitor.test.ts > usePerformanceMonitor > 内存监控深度测试 > should handle missing performance object 2ms 70 MB heap used
 ✓ src/hooks/__tests__/use-performance-monitor.test.ts > usePerformanceMonitor > 配置验证和错误处理 > should handle invalid configuration gracefully 2ms 71 MB heap used
 ✓ src/hooks/__tests__/use-performance-monitor.test.ts > usePerformanceMonitor > 配置验证和错误处理 > should handle extremely high monitoring intervals 1ms 72 MB heap used
 ✓ src/hooks/__tests__/use-performance-monitor.test.ts > usePerformanceMonitor > 配置验证和错误处理 > should handle configuration changes during monitoring 1ms 72 MB heap used
 ✓ src/hooks/__tests__/use-performance-monitor.test.ts > usePerformanceMonitor > 并发和竞态条件 > should handle rapid start/stop cycles 1ms 73 MB heap used
 ✓ src/hooks/__tests__/use-performance-monitor.test.ts > usePerformanceMonitor > 并发和竞态条件 > should handle concurrent refresh calls 1ms 73 MB heap used
 ✓ src/hooks/__tests__/use-performance-monitor.test.ts > usePerformanceMonitor > 并发和竞态条件 > should handle monitoring state changes during refresh 1ms 73 MB heap used
 ✓ src/hooks/__tests__/use-performance-monitor.test.ts > usePerformanceMonitor > 性能警报系统边缘情况 > should handle alert system with missing memory API 1ms 74 MB heap used
 ✓ src/hooks/__tests__/use-performance-monitor.test.ts > usePerformanceMonitor > 性能警报系统边缘情况 > should handle alert threshold edge cases 1ms 74 MB heap used
 ✓ src/hooks/__tests__/use-performance-monitor.test.ts > usePerformanceMonitor > 自动基线功能测试 > should handle autoBaseline configuration 1ms 74 MB heap used
 ✓ src/hooks/__tests__/use-performance-monitor.test.ts > usePerformanceMonitor > 自动基线功能测试 > should handle missing alertConfig with autoBaseline 1ms 75 MB heap used
 ✓ src/hooks/__tests__/use-performance-monitor.test.ts > usePerformanceMonitor > 内存泄漏防护测试 > should not accumulate alerts indefinitely 1ms 76 MB heap used
 ✓ src/hooks/__tests__/use-performance-monitor.test.ts > usePerformanceMonitor > 内存泄漏防护测试 > should handle alert clearing 1ms 75 MB heap used
 ✓ src/components/__tests__/theme-toggle/theme-switching.test.tsx > ThemeToggle - Theme Switching > should render theme toggle button and be clickable 20ms 57 MB heap used
 ✓ src/components/__tests__/theme-toggle/theme-switching.test.tsx > ThemeToggle - Theme Switching > should have proper theme context and accessibility 4ms 58 MB heap used
 ✓ src/components/__tests__/theme-toggle/theme-switching.test.tsx > ThemeToggle - Theme Switching > should have correct visual styling and layout 4ms 60 MB heap used
 ✓ src/components/__tests__/theme-toggle/theme-switching.test.tsx > ThemeToggle - Theme Switching > should handle keyboard navigation properly 3ms 60 MB heap used
 ✓ src/components/__tests__/theme-toggle/theme-switching.test.tsx > ThemeToggle - Theme Switching > should maintain proper component structure 3ms 62 MB heap used
 ✓ src/components/__tests__/theme-toggle/theme-switching.test.tsx > ThemeToggle - Theme Switching > should have proper focus management 5ms 63 MB heap used
 ✓ src/components/__tests__/theme-toggle/theme-switching.test.tsx > ThemeToggle - Theme Switching > should render with proper theme state 3ms 63 MB heap used
 ✓ src/components/__tests__/theme-toggle/theme-switching.test.tsx > ThemeToggle - Theme Switching > should have screen reader support 3ms 65 MB heap used
 ✓ src/components/ui/__tests__/label-responsive-basic-core.test.tsx > Label Responsive - Core Basic Tests > 基本响应式样式 > maintains consistent styling across screen sizes 18ms 55 MB heap used
 ✓ src/components/ui/__tests__/label-responsive-basic-core.test.tsx > Label Responsive - Core Basic Tests > 基本响应式样式 > handles responsive spacing 2ms 56 MB heap used
 ✓ src/components/ui/__tests__/label-responsive-basic-core.test.tsx > Label Responsive - Core Basic Tests > 基本响应式样式 > adapts to container constraints 2ms 56 MB heap used
 ✓ src/components/ui/__tests__/label-responsive-basic-core.test.tsx > Label Responsive - Core Basic Tests > 基本响应式样式 > handles mobile touch targets 1ms 57 MB heap used
 ✓ src/components/ui/__tests__/label-responsive-basic-core.test.tsx > Label Responsive - Core Basic Tests > 核心间距响应式 > handles responsive margins 1ms 57 MB heap used
 ✓ src/components/ui/__tests__/label-responsive-basic-core.test.tsx > Label Responsive - Core Basic Tests > 核心间距响应式 > handles responsive padding 1ms 57 MB heap used
 ✓ src/components/ui/__tests__/label-responsive-basic-core.test.tsx > Label Responsive - Core Basic Tests > 核心间距响应式 > handles responsive font weights 1ms 58 MB heap used
 ✓ src/components/ui/__tests__/label-responsive-basic-core.test.tsx > Label Responsive - Core Basic Tests > 核心视觉效果响应式 > handles responsive shadows 1ms 58 MB heap used
 ✓ src/components/ui/__tests__/label-responsive-basic-core.test.tsx > Label Responsive - Core Basic Tests > 核心视觉效果响应式 > handles responsive rounded corners 1ms 59 MB heap used
 ✓ src/components/ui/__tests__/label-responsive-basic-core.test.tsx > Label Responsive - Core Basic Tests > 核心视觉效果响应式 > handles responsive width and height 1ms 59 MB heap used
 ✓ src/components/ui/__tests__/label-responsive-basic-core.test.tsx > Label Responsive - Core Basic Tests > 核心布局响应式 > handles responsive flexbox properties 1ms 59 MB heap used
 ✓ src/components/ui/__tests__/label-responsive-basic-core.test.tsx > Label Responsive - Core Basic Tests > 核心布局响应式 > handles responsive opacity 1ms 60 MB heap used
 ✓ src/components/ui/__tests__/label-responsive-basic-core.test.tsx > Label Responsive - Core Basic Tests > 核心文本响应式 > handles responsive line height 1ms 60 MB heap used
 ✓ src/components/ui/__tests__/label-responsive-basic-core.test.tsx > Label Responsive - Core Basic Tests > 核心文本响应式 > handles responsive text alignment 1ms 60 MB heap used
 ✓ src/components/ui/__tests__/label-responsive-basic-core.test.tsx > Label Responsive - Core Basic Tests > 核心文本响应式 > handles responsive text transform 1ms 61 MB heap used
 ✓ src/components/ui/__tests__/label-responsive-basic-core.test.tsx > Label Responsive - Core Basic Tests > 边缘情况 > handles empty responsive classes gracefully 1ms 61 MB heap used
 ✓ src/components/ui/__tests__/label-responsive-basic-core.test.tsx > Label Responsive - Core Basic Tests > 边缘情况 > handles mixed responsive and non-responsive classes 1ms 62 MB heap used
 ✓ tests/integration/pages/home.test.tsx > Home Page Integration Tests > Page Structure > should render all main sections in correct order 17ms 57 MB heap used
 ✓ tests/integration/pages/home.test.tsx > Home Page Integration Tests > Page Structure > should have correct page layout structure 3ms 58 MB heap used
 ✓ tests/integration/pages/home.test.tsx > Home Page Integration Tests > Page Structure > should maintain proper section hierarchy 4ms 59 MB heap used
 ✓ tests/integration/pages/home.test.tsx > Home Page Integration Tests > Component Integration > should render all components without errors 6ms 59 MB heap used
 ✓ tests/integration/pages/home.test.tsx > Home Page Integration Tests > Component Integration > should handle component loading states 2ms 60 MB heap used
 ✓ tests/integration/pages/home.test.tsx > Home Page Integration Tests > Responsive Design > should maintain layout on different screen sizes 2ms 61 MB heap used
 ✓ tests/integration/pages/home.test.tsx > Home Page Integration Tests > Accessibility > should have proper semantic structure 1ms 61 MB heap used
 ✓ tests/integration/pages/home.test.tsx > Home Page Integration Tests > Accessibility > should support keyboard navigation 1ms 62 MB heap used
 ✓ tests/integration/pages/home.test.tsx > Home Page Integration Tests > Performance > should render efficiently 2ms 63 MB heap used
 ✓ tests/integration/pages/home.test.tsx > Home Page Integration Tests > Performance > should handle multiple renders without issues 2ms 63 MB heap used
 ✓ tests/integration/pages/home.test.tsx > Home Page Integration Tests > Error Handling > should handle component errors gracefully 1ms 63 MB heap used
 ✓ tests/integration/pages/home.test.tsx > Home Page Integration Tests > Content Flow > should present content in logical order for user journey 1ms 64 MB heap used
 ✓ tests/integration/pages/home.test.tsx > Home Page Integration Tests > Content Flow > should maintain visual hierarchy 1ms 64 MB heap used
 ✓ src/components/ui/__tests__/social-icons-integration-scenarios-basic-core.test.tsx > Social Icons Integration Scenarios - Core Basic Tests > 核心导航菜单集成 > works in basic navigation menus 18ms 57 MB heap used
 ✓ src/components/ui/__tests__/social-icons-integration-scenarios-basic-core.test.tsx > Social Icons Integration Scenarios - Core Basic Tests > 核心导航菜单集成 > maintains accessibility in navigation context 2ms 58 MB heap used
 ✓ src/components/ui/__tests__/social-icons-integration-scenarios-basic-core.test.tsx > Social Icons Integration Scenarios - Core Basic Tests > 核心页脚集成 > works in basic footer layouts 2ms 59 MB heap used
 ✓ src/components/ui/__tests__/social-icons-integration-scenarios-basic-core.test.tsx > Social Icons Integration Scenarios - Core Basic Tests > 核心页脚集成 > handles footer responsive sizing 2ms 59 MB heap used
 ✓ src/components/ui/__tests__/social-icons-integration-scenarios-basic-core.test.tsx > Social Icons Integration Scenarios - Core Basic Tests > 核心平台映射 > maps basic platforms correctly 3ms 60 MB heap used
 ✓ src/components/ui/__tests__/social-icons-integration-scenarios-basic-core.test.tsx > Social Icons Integration Scenarios - Core Basic Tests > 核心平台映射 > handles unknown platforms gracefully 1ms 61 MB heap used
 ✓ src/components/ui/__tests__/social-icons-integration-scenarios-basic-core.test.tsx > Social Icons Integration Scenarios - Core Basic Tests > 基础响应式布局 > applies responsive classes correctly 1ms 61 MB heap used
 ✓ src/components/ui/__tests__/social-icons-integration-scenarios-basic-core.test.tsx > Social Icons Integration Scenarios - Core Basic Tests > 基础响应式布局 > maintains layout structure in responsive containers 2ms 62 MB heap used
 ✓ src/components/ui/__tests__/social-icons-integration-scenarios-basic-core.test.tsx > Social Icons Integration Scenarios - Core Basic Tests > 基础主题定制 > applies custom theme classes 1ms 62 MB heap used
 ✓ src/components/ui/__tests__/social-icons-integration-scenarios-basic-core.test.tsx > Social Icons Integration Scenarios - Core Basic Tests > 基础主题定制 > supports dark mode classes 1ms 63 MB heap used
 ✓ src/components/ui/__tests__/social-icons-integration-scenarios-basic-core.test.tsx > Social Icons Integration Scenarios - Core Basic Tests > 边缘情况测试 > handles empty href gracefully 1ms 63 MB heap used
 ✓ src/components/ui/__tests__/social-icons-integration-scenarios-basic-core.test.tsx > Social Icons Integration Scenarios - Core Basic Tests > 边缘情况测试 > handles missing platform gracefully 1ms 63 MB heap used
 ✓ src/components/ui/__tests__/social-icons-integration-scenarios-basic-core.test.tsx > Social Icons Integration Scenarios - Core Basic Tests > 边缘情况测试 > handles invalid size values 1ms 64 MB heap used
 ✓ src/components/ui/__tests__/social-icons-accessibility-i18n.test.tsx > Social Icons Accessibility - Internationalization Tests > 多语言支持 > supports internationalization 16ms 39 MB heap used
 ✓ src/components/ui/__tests__/social-icons-accessibility-i18n.test.tsx > Social Icons Accessibility - Internationalization Tests > 多语言支持 > supports French language labels 2ms 40 MB heap used
 ✓ src/components/ui/__tests__/social-icons-accessibility-i18n.test.tsx > Social Icons Accessibility - Internationalization Tests > 多语言支持 > supports German language labels 1ms 40 MB heap used
 ✓ src/components/ui/__tests__/social-icons-accessibility-i18n.test.tsx > Social Icons Accessibility - Internationalization Tests > 多语言支持 > supports Japanese language labels 1ms 41 MB heap used
 ✓ src/components/ui/__tests__/social-icons-accessibility-i18n.test.tsx > Social Icons Accessibility - Internationalization Tests > 多语言支持 > supports Chinese language labels 2ms 41 MB heap used
 ✓ src/components/ui/__tests__/social-icons-accessibility-i18n.test.tsx > Social Icons Accessibility - Internationalization Tests > 多语言支持 > supports Korean language labels 1ms 42 MB heap used
 ✓ src/components/ui/__tests__/social-icons-accessibility-i18n.test.tsx > Social Icons Accessibility - Internationalization Tests > 多语言支持 > supports Portuguese language labels 1ms 42 MB heap used
 ✓ src/components/ui/__tests__/social-icons-accessibility-i18n.test.tsx > Social Icons Accessibility - Internationalization Tests > 多语言支持 > supports Italian language labels 1ms 43 MB heap used
 ✓ src/components/ui/__tests__/social-icons-accessibility-i18n.test.tsx > Social Icons Accessibility - Internationalization Tests > 多语言支持 > supports Russian language labels 1ms 43 MB heap used
 ✓ src/components/ui/__tests__/social-icons-accessibility-i18n.test.tsx > Social Icons Accessibility - Internationalization Tests > 多语言支持 > supports Dutch language labels 1ms 44 MB heap used
 ✓ src/components/ui/__tests__/social-icons-accessibility-i18n.test.tsx > Social Icons Accessibility - Internationalization Tests > 右到左语言 > handles right-to-left languages 2ms 44 MB heap used
 ✓ src/components/ui/__tests__/social-icons-accessibility-i18n.test.tsx > Social Icons Accessibility - Internationalization Tests > 右到左语言 > supports Hebrew RTL layout 1ms 45 MB heap used
 ✓ src/components/ui/__tests__/social-icons-accessibility-i18n.test.tsx > Social Icons Accessibility - Internationalization Tests > 右到左语言 > supports Persian RTL layout 1ms 45 MB heap used
 ✓ src/components/ui/__tests__/social-icons-accessibility-i18n.test.tsx > Social Icons Accessibility - Internationalization Tests > 右到左语言 > supports Urdu RTL layout 1ms 46 MB heap used
 ✓ src/components/ui/__tests__/social-icons-accessibility-i18n.test.tsx > Social Icons Accessibility - Internationalization Tests > 语言特定的ARIA标签 > provides platform-specific labels in different languages 1ms 46 MB heap used
 ✓ src/components/ui/__tests__/social-icons-accessibility-i18n.test.tsx > Social Icons Accessibility - Internationalization Tests > 语言特定的ARIA标签 > supports multiple social platforms in different languages 1ms 46 MB heap used
 ✓ src/components/ui/__tests__/social-icons-accessibility-i18n.test.tsx > Social Icons Accessibility - Internationalization Tests > 文化适应性 > adapts to cultural reading patterns 1ms 47 MB heap used
 ✓ src/components/ui/__tests__/social-icons-accessibility-i18n.test.tsx > Social Icons Accessibility - Internationalization Tests > 文化适应性 > supports locale-specific formatting 1ms 47 MB heap used
 ✓ src/components/ui/__tests__/social-icons-accessibility-i18n.test.tsx > Social Icons Accessibility - Internationalization Tests > 文化适应性 > handles mixed language content 1ms 48 MB heap used
 ✓ src/hooks/__tests__/use-keyboard-navigation-dom.test.ts > useKeyboardNavigation DOM Tests > 实际DOM交互测试 > should work with real DOM elements 13ms 58 MB heap used
 ✓ src/hooks/__tests__/use-keyboard-navigation-dom.test.ts > useKeyboardNavigation DOM Tests > 实际DOM交互测试 > should find focusable elements in container 10ms 59 MB heap used
 ✓ src/hooks/__tests__/use-keyboard-navigation-dom.test.ts > useKeyboardNavigation DOM Tests > 实际DOM交互测试 > should handle focus on different element types 4ms 61 MB heap used
 ✓ src/hooks/__tests__/use-keyboard-navigation-dom.test.ts > useKeyboardNavigation DOM Tests > 键盘事件模拟测试 > should handle real keyboard events 3ms 61 MB heap used
 ✓ src/hooks/__tests__/use-keyboard-navigation-dom.test.ts > useKeyboardNavigation DOM Tests > 键盘事件模拟测试 > should navigate through elements with arrow keys 3ms 62 MB heap used
 ✓ src/hooks/__tests__/use-keyboard-navigation-dom.test.ts > useKeyboardNavigation DOM Tests > 键盘事件模拟测试 > should handle direct focus by index 2ms 62 MB heap used
 ✓ src/hooks/__tests__/use-keyboard-navigation-dom.test.ts > useKeyboardNavigation DOM Tests > 动态DOM变化测试 > should handle dynamically added elements 2ms 63 MB heap used
 ✓ src/hooks/__tests__/use-keyboard-navigation-dom.test.ts > useKeyboardNavigation DOM Tests > 动态DOM变化测试 > should handle dynamically removed elements 1ms 63 MB heap used
stdout | src/lib/__tests__/airtable-advanced.test.ts > Airtable Advanced Tests > Edge Cases > should handle very large form data
Contact record created successfully {
  recordId: [32m'rec123456'[39m,
  email: [32m'john.doe@example.com'[39m,
  company: [32m'Test Company'[39m
}

stdout | src/lib/__tests__/airtable-advanced.test.ts > Airtable Advanced Tests > Edge Cases > should handle special characters in form data
Contact record created successfully {
  recordId: [32m'rec123456'[39m,
  email: [32m'jose.garcia@example.com'[39m,
  company: [32m'Tëst Çömpäny'[39m
}

stdout | src/lib/__tests__/airtable-advanced.test.ts > Airtable Advanced Tests > Edge Cases > should handle concurrent operations
Contact record created successfully {
  recordId: [32m'rec123456'[39m,
  email: [32m'john.doe@example.com'[39m,
  company: [32m'Test Company'[39m
}
Contact record created successfully {
  recordId: [32m'rec123456'[39m,
  email: [32m'john.doe@example.com'[39m,
  company: [32m'Test Company'[39m
}

 ✓ src/lib/__tests__/airtable-advanced.test.ts > Airtable Advanced Tests > Edge Cases > should handle very large form data 24ms 68 MB heap used
 ✓ src/lib/__tests__/airtable-advanced.test.ts > Airtable Advanced Tests > Edge Cases > should handle special characters in form data 9ms 58 MB heap used
 ✓ src/lib/__tests__/airtable-advanced.test.ts > Airtable Advanced Tests > Edge Cases > should handle concurrent operations 15ms 64 MB heap used
 ✓ src/lib/__tests__/theme-analytics.test.ts > ThemeAnalytics > Constructor and Configuration > should initialize with default config in production 4ms 47 MB heap used
 ✓ src/lib/__tests__/theme-analytics.test.ts > ThemeAnalytics > Constructor and Configuration > should initialize with custom config 1ms 47 MB heap used
 ✓ src/lib/__tests__/theme-analytics.test.ts > ThemeAnalytics > Constructor and Configuration > should initialize with development environment 1ms 47 MB heap used
 ✓ src/lib/__tests__/theme-analytics.test.ts > ThemeAnalytics > getCurrentTheme > should return current theme 0ms 48 MB heap used
 ✓ src/lib/__tests__/theme-analytics.test.ts > ThemeAnalytics > recordThemeSwitch > should record theme switch when enabled and sampled 1ms 48 MB heap used
 ✓ src/lib/__tests__/theme-analytics.test.ts > ThemeAnalytics > recordThemeSwitch > should not record when disabled 0ms 48 MB heap used
 ✓ src/lib/__tests__/theme-analytics.test.ts > ThemeAnalytics > recordThemeSwitch > should not record when not sampled 0ms 48 MB heap used
 ✓ src/lib/__tests__/theme-analytics.test.ts > ThemeAnalytics > recordThemeSwitch > should report performance issue when threshold exceeded 1ms 48 MB heap used
 ✓ src/lib/__tests__/theme-analytics.test.ts > ThemeAnalytics > recordThemeSwitch > should handle viewport size when window is available 1ms 49 MB heap used
 ✓ src/lib/__tests__/theme-analytics.test.ts > ThemeAnalytics > recordThemeSwitch > should analyze switch patterns when behavior analysis enabled 1ms 49 MB heap used
 ✓ src/lib/__tests__/theme-analytics.test.ts > ThemeAnalytics > recordThemePreference > should record theme preference when enabled 1ms 49 MB heap used
 ✓ src/lib/__tests__/theme-analytics.test.ts > ThemeAnalytics > recordThemePreference > should not record when disabled 0ms 49 MB heap used
 ✓ src/lib/__tests__/theme-analytics.test.ts > ThemeAnalytics > getPerformanceSummary > should return empty summary when no metrics 0ms 49 MB heap used
 ✓ src/lib/__tests__/theme-analytics.test.ts > ThemeAnalytics > getPerformanceSummary > should calculate correct summary with metrics 0ms 50 MB heap used
 ✓ src/lib/__tests__/theme-analytics.test.ts > ThemeAnalytics > getUsageStatistics > should return empty array when no usage stats 0ms 49 MB heap used
 ✓ src/lib/__tests__/theme-analytics.test.ts > ThemeAnalytics > getUsageStatistics > should return sorted usage statistics 1ms 50 MB heap used
 ✓ src/lib/__tests__/theme-analytics.test.ts > ThemeAnalytics > sendPerformanceReport > should send performance report when enabled 0ms 50 MB heap used
 ✓ src/lib/__tests__/theme-analytics.test.ts > ThemeAnalytics > sendPerformanceReport > should not send report when disabled 0ms 50 MB heap used
 ✓ src/lib/__tests__/theme-analytics.test.ts > ThemeAnalytics > sendPerformanceReport > should send all performance measurements 1ms 50 MB heap used
 ✓ src/lib/__tests__/theme-analytics.test.ts > ThemeAnalytics > Sampling Logic > should use crypto.getRandomValues when available 0ms 50 MB heap used
 ✓ src/lib/__tests__/theme-analytics.test.ts > ThemeAnalytics > Sampling Logic > should fallback to Math.random when crypto unavailable 0ms 50 MB heap used
 ✓ src/lib/__tests__/theme-analytics.test.ts > ThemeAnalytics > Data Cleanup > should cleanup old performance metrics 0ms 50 MB heap used
 ✓ src/lib/__tests__/theme-analytics.test.ts > ThemeAnalytics > Data Cleanup > should limit metrics to maximum count 12ms 46 MB heap used
 ✓ src/lib/__tests__/theme-analytics.test.ts > ThemeAnalytics > Global Instance and Convenience Functions > should export global instance 0ms 47 MB heap used
 ✓ src/lib/__tests__/theme-analytics.test.ts > ThemeAnalytics > Global Instance and Convenience Functions > should export bound convenience functions 0ms 47 MB heap used
 ✓ src/lib/__tests__/theme-analytics.test.ts > ThemeAnalytics > Global Instance and Convenience Functions > should call methods on global instance 0ms 47 MB heap used
 ✓ src/lib/__tests__/theme-analytics.test.ts > ThemeAnalytics > Global Instance and Convenience Functions > should handle recordThemeSwitch without duration parameter 0ms 47 MB heap used
 ✓ src/lib/__tests__/theme-analytics.test.ts > ThemeAnalytics > Global Instance and Convenience Functions > should handle recordThemeSwitch with supportsViewTransitions option 0ms 47 MB heap used
 ✓ src/lib/__tests__/theme-analytics.test.ts > ThemeAnalytics > Global Instance and Convenience Functions > should handle recordThemeSwitch without options parameter 0ms 48 MB heap used
 ✓ src/lib/__tests__/theme-analytics.test.ts > ThemeAnalytics > Global Instance and Convenience Functions > should handle recordThemeSwitch with undefined supportsViewTransitions 0ms 48 MB heap used
 ✓ src/lib/__tests__/theme-analytics.test.ts > ThemeAnalytics > Global Instance and Convenience Functions > should call recordThemePreference on global instance 0ms 48 MB heap used
 ✓ src/lib/__tests__/theme-analytics.test.ts > ThemeAnalytics > Global Instance and Convenience Functions > should call sendPerformanceReport on global instance 0ms 48 MB heap used
 ✓ src/lib/__tests__/theme-analytics.test.ts > ThemeAnalytics > Edge Cases and Error Handling > should handle navigator unavailable 0ms 48 MB heap used
 ✓ src/lib/__tests__/theme-analytics.test.ts > ThemeAnalytics > Edge Cases and Error Handling > should handle zero duration switches 0ms 48 MB heap used
 ✓ src/lib/__tests__/theme-analytics.test.ts > ThemeAnalytics > Edge Cases and Error Handling > should handle negative duration switches 0ms 48 MB heap used
 ✓ src/lib/__tests__/theme-analytics.test.ts > ThemeAnalytics > Edge Cases and Error Handling > should handle disabled behavior analysis 0ms 48 MB heap used
 ✓ src/lib/__tests__/theme-analytics.test.ts > ThemeAnalytics > Edge Cases and Error Handling > should handle disabled detailed tracking 0ms 48 MB heap used
 ✓ src/lib/__tests__/theme-analytics.test.ts > ThemeAnalytics > Edge Cases and Error Handling > should handle multiple rapid switches 0ms 49 MB heap used
 ✓ src/components/security/__tests__/turnstile.test.tsx > TurnstileWidget > 基础渲染 > 应该正确渲染TurnstileWidget组件 15ms 52 MB heap used
 ✓ src/components/security/__tests__/turnstile.test.tsx > TurnstileWidget > 基础渲染 > 应该调用Turnstile组件 2ms 53 MB heap used
 ✓ src/components/security/__tests__/turnstile.test.tsx > TurnstileWidget > 基础渲染 > 应该传递正确的siteKey 2ms 53 MB heap used
 ✓ src/components/security/__tests__/turnstile.test.tsx > TurnstileWidget > 组件配置 > 应该处理自定义主题 2ms 54 MB heap used
 ✓ src/components/security/__tests__/turnstile.test.tsx > TurnstileWidget > 组件配置 > 应该处理自定义尺寸 1ms 54 MB heap used
 ✓ src/components/security/__tests__/turnstile.test.tsx > TurnstileWidget > 组件配置 > 应该处理自定义className 1ms 54 MB heap used
 ✓ src/components/security/__tests__/turnstile.test.tsx > TurnstileWidget > 组件配置 > 应该处理自定义ID 1ms 55 MB heap used
 ✓ src/components/security/__tests__/turnstile.test.tsx > TurnstileWidget > 回调处理 > 应该接受onVerify回调 1ms 55 MB heap used
 ✓ src/components/security/__tests__/turnstile.test.tsx > TurnstileWidget > 回调处理 > 应该接受onError回调 1ms 56 MB heap used
 ✓ src/components/security/__tests__/turnstile.test.tsx > TurnstileWidget > 回调处理 > 应该接受onExpire回调 1ms 56 MB heap used
 ✓ src/components/security/__tests__/turnstile.test.tsx > TurnstileWidget > 错误处理 > 应该处理空的onVerify回调 1ms 57 MB heap used
 ✓ src/components/security/__tests__/turnstile.test.tsx > useTurnstile Hook > 应该返回初始状态 2ms 57 MB heap used
 ✓ src/components/security/__tests__/turnstile.test.tsx > useTurnstile Hook > 应该支持重置功能 1ms 58 MB heap used
 ✓ src/hooks/__tests__/use-enhanced-theme.test.ts > useEnhancedTheme > should return theme data from useTheme 10ms 54 MB heap used
 ✓ src/hooks/__tests__/use-enhanced-theme.test.ts > useEnhancedTheme > should provide setTheme function 4ms 55 MB heap used
 ✓ src/hooks/__tests__/use-enhanced-theme.test.ts > useEnhancedTheme > should provide setCircularTheme function 2ms 56 MB heap used
 ✓ src/hooks/__tests__/use-enhanced-theme.test.ts > useEnhancedTheme > should provide theme switching functions 1ms 56 MB heap used
 ✓ src/hooks/__tests__/use-enhanced-theme.test.ts > useEnhancedTheme > should handle theme switching without errors 2ms 56 MB heap used
 ✓ src/hooks/__tests__/use-enhanced-theme.test.ts > useEnhancedTheme > should handle circular transition without errors 1ms 57 MB heap used
 ✓ src/hooks/__tests__/use-enhanced-theme.test.ts > useEnhancedTheme > 主题状态管理 > should handle all theme states correctly 3ms 58 MB heap used
 ✓ src/hooks/__tests__/use-enhanced-theme.test.ts > useEnhancedTheme > 主题状态管理 > should handle undefined theme values gracefully 1ms 58 MB heap used
 ✓ src/hooks/__tests__/use-enhanced-theme.test.ts > useEnhancedTheme > 主题状态管理 > should handle custom theme names 1ms 59 MB heap used
 ✓ src/hooks/__tests__/use-enhanced-theme.test.ts > useEnhancedTheme > View Transitions API > should handle missing startViewTransition gracefully 1ms 59 MB heap used
 ✓ src/hooks/__tests__/use-enhanced-theme.test.ts > useEnhancedTheme > View Transitions API > should handle View Transitions API errors 1ms 60 MB heap used
 ✓ src/hooks/__tests__/use-enhanced-theme.test.ts > useEnhancedTheme > View Transitions API > should handle View Transitions with rejected promises 1ms 60 MB heap used
 ✓ src/hooks/__tests__/use-enhanced-theme.test.ts > useEnhancedTheme > 分析和性能 > should record theme analytics correctly 1ms 60 MB heap used
 ✓ src/hooks/__tests__/use-enhanced-theme.test.ts > useEnhancedTheme > 分析和性能 > should handle analytics errors gracefully 1ms 61 MB heap used
 ✓ src/hooks/__tests__/use-enhanced-theme.test.ts > useEnhancedTheme > 分析和性能 > should handle missing analytics functions 1ms 61 MB heap used
 ✓ src/hooks/__tests__/use-enhanced-theme.test.ts > useEnhancedTheme > 错误处理和边缘情况 > should handle setTheme function errors 1ms 62 MB heap used
 ✓ src/hooks/__tests__/use-enhanced-theme.test.ts > useEnhancedTheme > 错误处理和边缘情况 > should handle invalid theme values 1ms 62 MB heap used
 ✓ src/hooks/__tests__/use-enhanced-theme.test.ts > useEnhancedTheme > 错误处理和边缘情况 > should handle rapid theme switching 1ms 62 MB heap used
 ✓ src/hooks/__tests__/use-enhanced-theme.test.ts > useEnhancedTheme > 错误处理和边缘情况 > should handle component unmount during transition 1ms 63 MB heap used
 ✓ src/components/__tests__/theme-toggle/basic-rendering.test.tsx > ThemeToggle - Basic Rendering > should render without errors (architecture validation) 14ms 73 MB heap used
 ✓ src/components/__tests__/theme-toggle/basic-rendering.test.tsx > ThemeToggle - Basic Rendering > should render component with correct DOM structure 7ms 75 MB heap used
 ✓ src/components/__tests__/theme-toggle/basic-rendering.test.tsx > ThemeToggle - Basic Rendering > should render with correct accessibility attributes 3ms 76 MB heap used
 ✓ src/components/__tests__/theme-toggle/basic-rendering.test.tsx > ThemeToggle - Basic Rendering > should render theme toggle button with correct icons 4ms 77 MB heap used
 ✓ src/components/__tests__/theme-toggle/basic-rendering.test.tsx > ThemeToggle - Basic Rendering > should render theme toggle button and be ready for interaction 3ms 78 MB heap used
 ✓ src/lib/__tests__/structured-data.test.ts > Structured Data Generation > generateLocalizedStructuredData - Organization > should generate valid organization schema 4ms 47 MB heap used
 ✓ src/lib/__tests__/structured-data.test.ts > Structured Data Generation > generateLocalizedStructuredData - Organization > should handle different locales 1ms 47 MB heap used
 ✓ src/lib/__tests__/structured-data.test.ts > Structured Data Generation > generateLocalizedStructuredData - WebSite > should generate valid website schema 1ms 47 MB heap used
 ✓ src/lib/__tests__/structured-data.test.ts > Structured Data Generation > generateBreadcrumbSchema > should generate breadcrumb schema for nested pages 1ms 47 MB heap used
 ✓ src/lib/__tests__/structured-data.test.ts > Structured Data Generation > generateBreadcrumbSchema > should handle empty breadcrumbs 0ms 47 MB heap used
 ✓ src/lib/__tests__/structured-data.test.ts > Structured Data Generation > generateArticleSchema > should generate valid article schema 1ms 48 MB heap used
 ✓ src/lib/__tests__/structured-data.test.ts > Structured Data Generation > generateArticleSchema > should handle missing optional fields 1ms 48 MB heap used
 ✓ src/lib/__tests__/structured-data.test.ts > Structured Data Generation > generateProductSchema > should generate valid product schema 1ms 48 MB heap used
 ✓ src/lib/__tests__/structured-data.test.ts > Structured Data Generation > generateProductSchema > should generate product schema without offers when no price provided 1ms 49 MB heap used
 ✓ src/lib/__tests__/structured-data.test.ts > Structured Data Generation > generateFAQSchema > should generate valid FAQ schema 1ms 48 MB heap used
 ✓ src/lib/__tests__/structured-data.test.ts > Structured Data Generation > generateLocalBusinessSchema > should generate valid local business schema 0ms 49 MB heap used
 ✓ src/lib/__tests__/structured-data.test.ts > Structured Data Generation > generateStructuredData > should generate structured data for home page 1ms 49 MB heap used
 ✓ src/lib/__tests__/structured-data.test.ts > Structured Data Generation > generateStructuredData > should generate structured data for blog page 0ms 49 MB heap used
 ✓ src/lib/__tests__/structured-data.test.ts > Structured Data Generation > generateStructuredData > should generate structured data for products page 0ms 49 MB heap used
 ✓ src/lib/__tests__/structured-data.test.ts > Structured Data Generation > generateStructuredData > should handle unknown page types 0ms 49 MB heap used
 ✓ src/lib/__tests__/structured-data.test.ts > Structured Data Generation > 错误处理和边缘情况 > should handle translation errors gracefully 0ms 49 MB heap used
 ✓ src/lib/__tests__/structured-data.test.ts > Structured Data Generation > 错误处理和边缘情况 > should handle invalid structured data types 0ms 50 MB heap used
 ✓ src/lib/__tests__/structured-data.test.ts > Structured Data Generation > 错误处理和边缘情况 > should handle null and undefined data inputs 0ms 50 MB heap used
 ✓ src/lib/__tests__/structured-data.test.ts > Structured Data Generation > 错误处理和边缘情况 > should handle malformed article data 0ms 50 MB heap used
 ✓ src/lib/__tests__/structured-data.test.ts > Structured Data Generation > 错误处理和边缘情况 > should handle malformed product data 0ms 50 MB heap used
 ✓ src/lib/__tests__/structured-data.test.ts > Structured Data Generation > JSON-LD 生成测试 > should generate valid JSON-LD string 1ms 50 MB heap used
 ✓ src/lib/__tests__/structured-data.test.ts > Structured Data Generation > JSON-LD 生成测试 > should handle complex nested objects in JSON-LD 0ms 50 MB heap used
 ✓ src/lib/__tests__/structured-data.test.ts > Structured Data Generation > JSON-LD 生成测试 > should handle null and undefined values in JSON-LD 1ms 51 MB heap used
 ✓ src/lib/__tests__/structured-data.test.ts > Structured Data Generation > 性能和内存测试 > should handle repeated generation efficiently 3ms 55 MB heap used
 ✓ src/lib/__tests__/structured-data.test.ts > Structured Data Generation > 性能和内存测试 > should not create memory leaks with repeated calls 10ms 46 MB heap used
 ✓ src/lib/__tests__/structured-data.test.ts > Structured Data Generation > generateJSONLD > should generate valid JSON-LD string 1ms 46 MB heap used
 ✓ src/lib/__tests__/structured-data.test.ts > Structured Data Generation > generateJSONLD > should handle complex nested objects 0ms 46 MB heap used
 ✓ src/lib/__tests__/structured-data.test.ts > Structured Data Generation > generateJSONLD > should handle null and undefined values 0ms 46 MB heap used
 ✓ src/lib/__tests__/structured-data.test.ts > Structured Data Generation > generateJSONLD > should handle empty objects and arrays 0ms 46 MB heap used
 ✓ src/lib/__tests__/structured-data.test.ts > Structured Data Generation > generateLocalizedStructuredData - Error Handling > should handle translation errors gracefully 0ms 47 MB heap used
 ✓ src/lib/__tests__/structured-data.test.ts > Structured Data Generation > generateLocalizedStructuredData - Error Handling > should handle unknown structured data types 0ms 47 MB heap used
 ✓ src/lib/__tests__/structured-data.test.ts > Structured Data Generation > generateLocalizedStructuredData - Error Handling > should handle non-Error exceptions 0ms 47 MB heap used
 ✓ src/lib/__tests__/structured-data.test.ts > Structured Data Generation > generateLocalizedStructuredData - Error Handling > should record errors in I18nPerformanceMonitor 0ms 47 MB heap used
 ✓ src/lib/__tests__/structured-data.test.ts > Structured Data Generation > BreadcrumbList Generation > should generate breadcrumb structured data 1ms 47 MB heap used
stdout | src/lib/__tests__/airtable-create-operations.test.ts > Airtable Service - Create Operations Tests > 创建联系人记录 > should create contact record successfully
Contact record created successfully {
  recordId: [32m'rec123456'[39m,
  email: [32m'john.doe@example.com'[39m,
  company: [32m'Test Company'[39m
}

stdout | src/lib/__tests__/airtable-create-operations.test.ts > Airtable Service - Create Operations Tests > 创建联系人记录 > should include optional fields when provided
Contact record created successfully {
  recordId: [32m'rec123456'[39m,
  email: [32m'john.doe@example.com'[39m,
  company: [32m'Test Company'[39m
}

stderr | src/lib/__tests__/airtable-create-operations.test.ts > Airtable Service - Create Operations Tests > 创建联系人记录 > should handle creation errors gracefully
Failed to create contact record { error: [32m'Creation failed'[39m, email: [32m'john.doe@example.com'[39m }

stderr | src/lib/__tests__/airtable-create-operations.test.ts > Airtable Service - Create Operations Tests > 创建联系人记录 > should handle empty form data
Failed to create contact record { error: [32m'records is not iterable'[39m, email: [32m''[39m }

stdout | src/lib/__tests__/airtable-create-operations.test.ts > Airtable Service - Create Operations Tests > 创建联系人记录 > should handle special characters in form data
Contact record created successfully {
  recordId: [32m'rec123456'[39m,
  email: [32m'jose.garcia@example.com'[39m,
  company: [32m'Test & Co.'[39m
}

stdout | src/lib/__tests__/airtable-create-operations.test.ts > Airtable Service - Create Operations Tests > 创建联系人记录 > should handle long text content
Contact record created successfully {
  recordId: [32m'rec123456'[39m,
  email: [32m'john.doe@example.com'[39m,
  company: [32m'Test Company'[39m
}

stderr | src/lib/__tests__/airtable-create-operations.test.ts > Airtable Service - Create Operations Tests > 创建联系人记录 > should handle network timeout errors
Failed to create contact record { error: [32m'Request timeout'[39m, email: [32m'john.doe@example.com'[39m }

stderr | src/lib/__tests__/airtable-create-operations.test.ts > Airtable Service - Create Operations Tests > 创建联系人记录 > should handle rate limiting errors
Failed to create contact record { error: [32m'Rate limit exceeded'[39m, email: [32m'john.doe@example.com'[39m }

 ✓ src/lib/__tests__/airtable-create-operations.test.ts > Airtable Service - Create Operations Tests > 创建联系人记录 > should create contact record successfully 23ms 45 MB heap used
 ✓ src/lib/__tests__/airtable-create-operations.test.ts > Airtable Service - Create Operations Tests > 创建联系人记录 > should include optional fields when provided 2ms 45 MB heap used
 ✓ src/lib/__tests__/airtable-create-operations.test.ts > Airtable Service - Create Operations Tests > 创建联系人记录 > should throw error when service is not configured 2ms 46 MB heap used
 ✓ src/lib/__tests__/airtable-create-operations.test.ts > Airtable Service - Create Operations Tests > 创建联系人记录 > should handle creation errors gracefully 1ms 47 MB heap used
 ✓ src/lib/__tests__/airtable-create-operations.test.ts > Airtable Service - Create Operations Tests > 创建联系人记录 > should handle empty form data 2ms 47 MB heap used
 ✓ src/lib/__tests__/airtable-create-operations.test.ts > Airtable Service - Create Operations Tests > 创建联系人记录 > should handle special characters in form data 1ms 48 MB heap used
 ✓ src/lib/__tests__/airtable-create-operations.test.ts > Airtable Service - Create Operations Tests > 创建联系人记录 > should handle long text content 2ms 48 MB heap used
 ✓ src/lib/__tests__/airtable-create-operations.test.ts > Airtable Service - Create Operations Tests > 创建联系人记录 > should handle network timeout errors 1ms 49 MB heap used
 ✓ src/lib/__tests__/airtable-create-operations.test.ts > Airtable Service - Create Operations Tests > 创建联系人记录 > should handle rate limiting errors 1ms 50 MB heap used
 ✓ tests/integration/i18n-components.test.tsx > i18n 组件集成测试 > 基础翻译功能 > 应该正确显示英文翻译 16ms 73 MB heap used
 ✓ tests/integration/i18n-components.test.tsx > i18n 组件集成测试 > 基础翻译功能 > 应该正确显示中文翻译 2ms 74 MB heap used
 ✓ tests/integration/i18n-components.test.tsx > i18n 组件集成测试 > 基础翻译功能 > 应该支持不同的命名空间 2ms 75 MB heap used
 ✓ tests/integration/i18n-components.test.tsx > i18n 组件集成测试 > 导航组件翻译 > 应该正确显示英文导航 2ms 75 MB heap used
 ✓ tests/integration/i18n-components.test.tsx > i18n 组件集成测试 > 导航组件翻译 > 应该正确显示中文导航 2ms 76 MB heap used
 ✓ tests/integration/i18n-components.test.tsx > i18n 组件集成测试 > 语言切换功能 > 应该显示当前语言 2ms 76 MB heap used
 ✓ tests/integration/i18n-components.test.tsx > i18n 组件集成测试 > 语言切换功能 > 应该支持语言切换按钮点击 3ms 77 MB heap used
 ✓ tests/integration/i18n-components.test.tsx > i18n 组件集成测试 > 语言切换功能 > 应该显示语言选择相关文本 1ms 78 MB heap used
 ✓ src/hooks/__tests__/use-intersection-observer.test.ts > useIntersectionObserver > basic functionality > should initialize with default values 10ms 53 MB heap used
 ✓ src/hooks/__tests__/use-intersection-observer.test.ts > useIntersectionObserver > basic functionality > should use default options when none provided 1ms 54 MB heap used
 ✓ src/hooks/__tests__/use-intersection-observer.test.ts > useIntersectionObserver > basic functionality > should use custom options 0ms 54 MB heap used
 ✓ src/hooks/__tests__/use-intersection-observer.test.ts > useIntersectionObserver > intersection detection > should update visibility when element intersects 2ms 54 MB heap used
 ✓ src/hooks/__tests__/use-intersection-observer.test.ts > useIntersectionObserver > intersection detection > should handle element leaving viewport 2ms 55 MB heap used
 ✓ src/hooks/__tests__/use-intersection-observer.test.ts > useIntersectionObserver > triggerOnce behavior > should unobserve element when triggerOnce is true and element becomes visible 2ms 56 MB heap used
 ✓ src/hooks/__tests__/use-intersection-observer.test.ts > useIntersectionObserver > triggerOnce behavior > should continue observing when triggerOnce is false 1ms 56 MB heap used
 ✓ src/hooks/__tests__/use-intersection-observer.test.ts > useIntersectionObserver > accessibility and fallbacks > should set visible immediately when reduced motion is preferred 1ms 56 MB heap used
 ✓ src/hooks/__tests__/use-intersection-observer.test.ts > useIntersectionObserver > accessibility and fallbacks > should fallback gracefully when IntersectionObserver is not supported 1ms 57 MB heap used
 ↓ src/hooks/__tests__/use-intersection-observer.test.ts > useIntersectionObserver > accessibility and fallbacks > should handle server-side rendering
 ✓ src/hooks/__tests__/use-intersection-observer.test.ts > useIntersectionObserver > error handling > should handle IntersectionObserver constructor errors 2ms 57 MB heap used
 ✓ src/hooks/__tests__/use-intersection-observer.test.ts > useIntersectionObserver > cleanup > should cleanup observer on unmount 1ms 58 MB heap used
 ✓ src/hooks/__tests__/use-intersection-observer.test.ts > useIntersectionObserverWithDelay > should delay visibility change 2ms 58 MB heap used
 ✓ src/hooks/__tests__/use-intersection-observer.test.ts > useIntersectionObserverWithDelay > should show immediately when delay is 0 1ms 58 MB heap used
 ✓ src/i18n/__tests__/request.test.ts > i18n Request Configuration > 基础配置 > 应该正确配置getRequestConfig 21ms 66 MB heap used
 ✓ src/i18n/__tests__/request.test.ts > i18n Request Configuration > 基础配置 > 应该处理有效的locale 1ms 66 MB heap used
 ✓ src/i18n/__tests__/request.test.ts > i18n Request Configuration > 基础配置 > 应该处理中文locale 1ms 66 MB heap used
 ✓ src/i18n/__tests__/request.test.ts > i18n Request Configuration > 智能语言检测 > 应该使用检测到的locale 1ms 66 MB heap used
 ✓ src/i18n/__tests__/request.test.ts > i18n Request Configuration > 智能语言检测 > 应该回退到默认locale当检测失败时 0ms 67 MB heap used
 ✓ src/i18n/__tests__/request.test.ts > i18n Request Configuration > 智能语言检测 > 应该处理缺少检测头的情况 0ms 67 MB heap used
 ✓ src/i18n/__tests__/request.test.ts > i18n Request Configuration > 缓存处理 > 应该记录缓存命中 0ms 67 MB heap used
 ✓ src/i18n/__tests__/request.test.ts > i18n Request Configuration > 缓存处理 > 应该记录缓存未命中 0ms 67 MB heap used
 ✓ src/i18n/__tests__/request.test.ts > i18n Request Configuration > 格式配置 > 应该为英文配置正确的格式 0ms 67 MB heap used
 ✓ src/i18n/__tests__/request.test.ts > i18n Request Configuration > 格式配置 > 应该为中文配置正确的格式 0ms 68 MB heap used
 ✓ src/i18n/__tests__/request.test.ts > i18n Request Configuration > 错误处理 > 应该处理消息加载错误 0ms 68 MB heap used
 ✓ src/i18n/__tests__/request.test.ts > i18n Request Configuration > 错误处理 > 应该在错误时使用回退消息 1ms 68 MB heap used
 ✓ src/i18n/__tests__/request.test.ts > i18n Request Configuration > 性能监控 > 应该记录加载时间 0ms 68 MB heap used
 ✓ src/i18n/__tests__/request.test.ts > i18n Request Configuration > 性能监控 > 应该在元数据中包含性能信息 0ms 68 MB heap used
 ✓ src/i18n/__tests__/request.test.ts > i18n Request Configuration > 时区配置 > 应该为英文设置UTC时区 0ms 68 MB heap used
 ✓ src/i18n/__tests__/request.test.ts > i18n Request Configuration > 时区配置 > 应该为中文设置上海时区 0ms 68 MB heap used
 ✓ src/i18n/__tests__/request.test.ts > i18n Request Configuration > 边缘情况 > 应该处理无效的locale 0ms 68 MB heap used
 ✓ src/i18n/__tests__/request.test.ts > i18n Request Configuration > 边缘情况 > 应该处理空的requestLocale 0ms 68 MB heap used
 ✓ src/i18n/__tests__/request.test.ts > i18n Request Configuration > 边缘情况 > 应该处理undefined的requestLocale 0ms 69 MB heap used
stderr | src/lib/__tests__/locale-detector.test.ts > SmartLocaleDetector - Error Handling and Performance > 错误处理 > 应该处理检测过程中的异常
Error collecting detection results: Error: Detection error
    at SmartLocaleDetector.<anonymous> [90m(/Users/Data/Warehouse/Focus/tucsenberg-web-frontier/[39msrc/lib/__tests__/locale-detector.test.ts:546:15[90m)[39m
    at SmartLocaleDetector.mockCall [90m(file:///Users/Data/Warehouse/Focus/tucsenberg-web-frontier/[39mnode_modules/[4m.pnpm[24m/@vitest+spy@3.2.4/node_modules/[4m@vitest/spy[24m/dist/index.js:96:15[90m)[39m
    at SmartLocaleDetector.detectFromBrowser [90m(file:///Users/Data/Warehouse/Focus/tucsenberg-web-frontier/[39mnode_modules/[4m.pnpm[24m/tinyspy@4.0.4/node_modules/[4mtinyspy[24m/dist/index.js:47:80[90m)[39m
    at SmartLocaleDetector.collectAllDetectionResults [90m(/Users/Data/Warehouse/Focus/tucsenberg-web-frontier/[39msrc/lib/locale-detector-smart.ts:155:32[90m)[39m
    at SmartLocaleDetector.detectSmartLocale [90m(/Users/Data/Warehouse/Focus/tucsenberg-web-frontier/[39msrc/lib/locale-detector-smart.ts:67:41[90m)[39m
    at [90m/Users/Data/Warehouse/Focus/tucsenberg-web-frontier/[39msrc/lib/__tests__/locale-detector.test.ts:553:37
    at [90mfile:///Users/Data/Warehouse/Focus/tucsenberg-web-frontier/[39mnode_modules/[4m.pnpm[24m/@vitest+runner@3.2.4/node_modules/[4m@vitest/runner[24m/dist/chunk-hooks.js:155:11
    at [90mfile:///Users/Data/Warehouse/Focus/tucsenberg-web-frontier/[39mnode_modules/[4m.pnpm[24m/@vitest+runner@3.2.4/node_modules/[4m@vitest/runner[24m/dist/chunk-hooks.js:752:26
    at [90mfile:///Users/Data/Warehouse/Focus/tucsenberg-web-frontier/[39mnode_modules/[4m.pnpm[24m/@vitest+runner@3.2.4/node_modules/[4m@vitest/runner[24m/dist/chunk-hooks.js:1897:20
    at new Promise (<anonymous>)

 ✓ src/lib/__tests__/locale-detector.test.ts > SmartLocaleDetector - Initialization and Core Detection > 构造函数和初始化 > 应该正确初始化SmartLocaleDetector 3ms 68 MB heap used
 ✓ src/lib/__tests__/locale-detector.test.ts > SmartLocaleDetector - Initialization and Core Detection > 构造函数和初始化 > 应该有正确的默认配置 1ms 69 MB heap used
 ✓ src/lib/__tests__/locale-detector.test.ts > SmartLocaleDetector - Initialization and Core Detection > detectSmartLocale > 应该优先返回用户手动设置的语言 1ms 69 MB heap used
 ✓ src/lib/__tests__/locale-detector.test.ts > SmartLocaleDetector - Initialization and Core Detection > detectSmartLocale > 应该忽略无效的用户设置语言 1ms 69 MB heap used
 ✓ src/lib/__tests__/locale-detector.test.ts > SmartLocaleDetector - Initialization and Core Detection > detectSmartLocale > 应该在没有用户设置时进行智能检测 1ms 69 MB heap used
 ✓ src/lib/__tests__/locale-detector.test.ts > SmartLocaleDetector - Browser and TimeZone Detection > detectFromBrowser > 应该正确检测浏览器语言偏好 0ms 70 MB heap used
 ✓ src/lib/__tests__/locale-detector.test.ts > SmartLocaleDetector - Browser and TimeZone Detection > detectFromBrowser > 应该处理不支持的浏览器语言 0ms 70 MB heap used
 ✓ src/lib/__tests__/locale-detector.test.ts > SmartLocaleDetector - Browser and TimeZone Detection > detectFromBrowser > 应该处理空的浏览器语言列表 0ms 70 MB heap used
 ✓ src/lib/__tests__/locale-detector.test.ts > SmartLocaleDetector - Browser and TimeZone Detection > detectFromBrowser > 应该正确映射浏览器语言代码 0ms 70 MB heap used
 ✓ src/lib/__tests__/locale-detector.test.ts > SmartLocaleDetector - Browser and TimeZone Detection > detectFromTimeZone > 应该根据时区检测语言 0ms 70 MB heap used
 ✓ src/lib/__tests__/locale-detector.test.ts > SmartLocaleDetector - Browser and TimeZone Detection > detectFromTimeZone > 应该处理未知时区 0ms 70 MB heap used
 ✓ src/lib/__tests__/locale-detector.test.ts > SmartLocaleDetector - Browser and TimeZone Detection > detectFromTimeZone > 应该处理Intl API不可用的情况 0ms 71 MB heap used
 ✓ src/lib/__tests__/locale-detector.test.ts > SmartLocaleDetector - Geolocation and Analysis > detectFromGeolocation > 应该处理地理位置检测成功 1ms 71 MB heap used
 ✓ src/lib/__tests__/locale-detector.test.ts > SmartLocaleDetector - Geolocation and Analysis > detectFromGeolocation > 应该处理地理位置检测失败 0ms 71 MB heap used
 ✓ src/lib/__tests__/locale-detector.test.ts > SmartLocaleDetector - Geolocation and Analysis > detectFromGeolocation > 应该处理地理位置API不可用 0ms 71 MB heap used
 ✓ src/lib/__tests__/locale-detector.test.ts > SmartLocaleDetector - Geolocation and Analysis > detectFromGeolocation > 应该处理地理位置检测超时 12ms 71 MB heap used
 ✓ src/lib/__tests__/locale-detector.test.ts > SmartLocaleDetector - Geolocation and Analysis > analyzeDetectionConsistency > 应该分析检测结果的一致性 1ms 71 MB heap used
 ✓ src/lib/__tests__/locale-detector.test.ts > SmartLocaleDetector - Error Handling and Performance > 错误处理 > 应该处理存储管理器错误 1ms 72 MB heap used
 ✓ src/lib/__tests__/locale-detector.test.ts > SmartLocaleDetector - Error Handling and Performance > 错误处理 > 应该处理检测过程中的异常 2ms 72 MB heap used
 ✓ src/lib/__tests__/locale-detector.test.ts > SmartLocaleDetector - Error Handling and Performance > 性能测试 > 应该在合理时间内完成检测 0ms 72 MB heap used
 ✓ src/lib/__tests__/locale-detector.test.ts > SmartLocaleDetector - Error Handling and Performance > 性能测试 > 应该缓存检测结果 0ms 73 MB heap used
 ✓ src/lib/__tests__/locale-detector.test.ts > SmartLocaleDetector - Error Handling and Performance > 边界条件测试 > 应该处理null和undefined输入 0ms 73 MB heap used
 ✓ src/lib/__tests__/locale-detector.test.ts > SmartLocaleDetector - Error Handling and Performance > 边界条件测试 > 应该处理空字符串语言代码 0ms 73 MB heap used
 ✓ src/lib/__tests__/locale-detector.test.ts > SmartLocaleDetector - Error Handling and Performance > 边界条件测试 > 应该处理格式错误的语言代码 0ms 73 MB heap used
 ✓ src/components/ui/__tests__/card-structure-accessibility.test.tsx > Card Structure & Accessibility Tests - Advanced > 高级可访问性特性 > supports ARIA attributes 21ms 51 MB heap used
 ✓ src/components/ui/__tests__/card-structure-accessibility.test.tsx > Card Structure & Accessibility Tests - Advanced > 高级可访问性特性 > supports keyboard navigation 4ms 52 MB heap used
 ✓ src/components/ui/__tests__/card-structure-accessibility.test.tsx > Card Structure & Accessibility Tests - Advanced > 高级国际化支持 > supports internationalization 2ms 53 MB heap used
 ✓ src/app/api/contact/__tests__/route.test.ts > Contact API Route > POST /api/contact > 应该成功处理有效的表单提交 8ms 58 MB heap used
 ✓ src/app/api/contact/__tests__/route.test.ts > Contact API Route > POST /api/contact > 应该处理无效的表单数据 2ms 59 MB heap used
 ✓ src/app/api/contact/__tests__/route.test.ts > Contact API Route > POST /api/contact > 应该处理速率限制 4ms 60 MB heap used
 ✓ src/app/api/contact/__tests__/route.test.ts > Contact API Route > POST /api/contact > 应该处理Turnstile验证失败 1ms 61 MB heap used
 ✓ src/app/api/contact/__tests__/route.test.ts > Contact API Route > POST /api/contact > 应该处理服务不可用的情况 1ms 62 MB heap used
 ✓ src/app/api/contact/__tests__/route.test.ts > Contact API Route > POST /api/contact > 应该处理JSON解析错误 1ms 62 MB heap used
 ✓ src/app/api/contact/__tests__/route.test.ts > Contact API Route > GET /api/contact > 应该返回统计信息（有效的管理员token） 2ms 63 MB heap used
 ✓ src/app/api/contact/__tests__/route.test.ts > Contact API Route > GET /api/contact > 应该拒绝无效的管理员token 1ms 64 MB heap used
 ✓ src/app/api/contact/__tests__/route.test.ts > Contact API Route > GET /api/contact > 应该处理缺少authorization header的情况 1ms 65 MB heap used
 ✓ src/app/api/contact/__tests__/route.test.ts > Contact API Route > GET /api/contact > 应该处理Airtable服务不可用的情况 1ms 65 MB heap used
 ✓ src/app/api/contact/__tests__/route.test.ts > Contact API Route > 错误处理 > 应该记录错误日志 1ms 66 MB heap used
 ✓ src/hooks/__tests__/use-keyboard-navigation-advanced.test.ts > useKeyboardNavigation Advanced Tests > 配置选项深度测试 > should handle all orientation options 12ms 59 MB heap used
 ✓ src/hooks/__tests__/use-keyboard-navigation-advanced.test.ts > useKeyboardNavigation Advanced Tests > 配置选项深度测试 > should handle enabled state changes 2ms 60 MB heap used
 ✓ src/hooks/__tests__/use-keyboard-navigation-advanced.test.ts > useKeyboardNavigation Advanced Tests > 配置选项深度测试 > should handle loop configuration changes 1ms 60 MB heap used
 ✓ src/hooks/__tests__/use-keyboard-navigation-advanced.test.ts > useKeyboardNavigation Advanced Tests > 内存泄漏和性能测试 > should handle multiple rapid focus changes 2ms 61 MB heap used
 ✓ src/hooks/__tests__/use-keyboard-navigation-advanced.test.ts > useKeyboardNavigation Advanced Tests > 内存泄漏和性能测试 > should handle rapid configuration changes 4ms 62 MB heap used
 ✓ src/hooks/__tests__/use-keyboard-navigation-advanced.test.ts > useKeyboardNavigation Advanced Tests > 内存泄漏和性能测试 > should handle multiple hook instances 3ms 64 MB heap used
 ✓ src/hooks/__tests__/use-keyboard-navigation-advanced.test.ts > useKeyboardNavigation Advanced Tests > 错误恢复和边界条件 > should handle focus errors on invalid elements 1ms 65 MB heap used
 ✓ src/hooks/__tests__/use-keyboard-navigation-advanced.test.ts > useKeyboardNavigation Advanced Tests > 错误恢复和边界条件 > should handle null container ref 1ms 65 MB heap used
 ✓ src/hooks/__tests__/use-keyboard-navigation-advanced.test.ts > useKeyboardNavigation Advanced Tests > 错误恢复和边界条件 > should handle invalid focus indices 1ms 66 MB heap used
 ✓ src/hooks/__tests__/use-keyboard-navigation-advanced.test.ts > useKeyboardNavigation Advanced Tests > 错误恢复和边界条件 > should handle malformed keyboard events 1ms 66 MB heap used
 ✓ src/hooks/__tests__/use-keyboard-navigation-advanced.test.ts > useKeyboardNavigation Advanced Tests > 复杂场景集成测试 > should handle complex navigation scenarios 1ms 67 MB heap used
 ✓ src/hooks/__tests__/use-keyboard-navigation-advanced.test.ts > useKeyboardNavigation Advanced Tests > 复杂场景集成测试 > should maintain state consistency during rapid changes 2ms 68 MB heap used
 ✓ src/hooks/__tests__/use-keyboard-navigation-advanced.test.ts > useKeyboardNavigation Advanced Tests > 自定义选择器高级测试 > should handle complex custom selectors 1ms 69 MB heap used
 ✓ src/hooks/__tests__/use-keyboard-navigation-advanced.test.ts > useKeyboardNavigation Advanced Tests > 自定义选择器高级测试 > should handle invalid selectors gracefully 1ms 70 MB heap used
stderr | src/app/api/verify-turnstile/__tests__/route.test.ts > Verify Turnstile API Route > POST /api/verify-turnstile > 应该成功验证有效的Turnstile token
Turnstile verification: {
  success: [33mtrue[39m,
  hostname: [32m'localhost'[39m,
  challenge_ts: [32m'2024-01-01T00:00:00.000Z'[39m,
  action: [32m'submit'[39m,
  clientIP: [32m'127.0.0.1'[39m,
  timestamp: [32m'2025-09-30T12:25:50.170Z'[39m
}

stderr | src/app/api/verify-turnstile/__tests__/route.test.ts > Verify Turnstile API Route > POST /api/verify-turnstile > 应该处理Turnstile验证失败
Turnstile verification: {
  success: [33mfalse[39m,
  hostname: [90mundefined[39m,
  challenge_ts: [90mundefined[39m,
  action: [90mundefined[39m,
  clientIP: [32m'unknown'[39m,
  timestamp: [32m'2025-09-30T12:25:50.174Z'[39m
}
Turnstile verification failed: {
  errorCodes: [ [32m'invalid-input-response'[39m ],
  clientIP: [32m'unknown'[39m,
  timestamp: [32m'2025-09-30T12:25:50.174Z'[39m
}

stderr | src/app/api/verify-turnstile/__tests__/route.test.ts > Verify Turnstile API Route > POST /api/verify-turnstile > 应该处理无效的JSON请求体
Error verifying Turnstile token {
  error: SyntaxError: Unexpected token 'i', "invalid-json" is not valid JSON
      at JSON.parse (<anonymous>)
  [90m    at parseJSONFromBytes (node:internal/deps/undici/undici:6221:19)[39m
  [90m    at successSteps (node:internal/deps/undici/undici:6202:27)[39m
  [90m    at readAllBytes (node:internal/deps/undici/undici:5164:13)[39m
}

stderr | src/app/api/verify-turnstile/__tests__/route.test.ts > Verify Turnstile API Route > POST /api/verify-turnstile > 应该处理Cloudflare API网络错误
Error verifying Turnstile token {
  error: Error: Network error
      at [90m/Users/Data/Warehouse/Focus/tucsenberg-web-frontier/[39msrc/app/api/verify-turnstile/__tests__/route.test.ts:164:35
      at [90mfile:///Users/Data/Warehouse/Focus/tucsenberg-web-frontier/[39mnode_modules/[4m.pnpm[24m/@vitest+runner@3.2.4/node_modules/[4m@vitest/runner[24m/dist/chunk-hooks.js:155:11
      at [90mfile:///Users/Data/Warehouse/Focus/tucsenberg-web-frontier/[39mnode_modules/[4m.pnpm[24m/@vitest+runner@3.2.4/node_modules/[4m@vitest/runner[24m/dist/chunk-hooks.js:752:26
      at [90mfile:///Users/Data/Warehouse/Focus/tucsenberg-web-frontier/[39mnode_modules/[4m.pnpm[24m/@vitest+runner@3.2.4/node_modules/[4m@vitest/runner[24m/dist/chunk-hooks.js:1897:20
      at new Promise (<anonymous>)
      at runWithTimeout [90m(file:///Users/Data/Warehouse/Focus/tucsenberg-web-frontier/[39mnode_modules/[4m.pnpm[24m/@vitest+runner@3.2.4/node_modules/[4m@vitest/runner[24m/dist/chunk-hooks.js:1863:10[90m)[39m
      at runTest [90m(file:///Users/Data/Warehouse/Focus/tucsenberg-web-frontier/[39mnode_modules/[4m.pnpm[24m/@vitest+runner@3.2.4/node_modules/[4m@vitest/runner[24m/dist/chunk-hooks.js:1574:12[90m)[39m
      at runSuite [90m(file:///Users/Data/Warehouse/Focus/tucsenberg-web-frontier/[39mnode_modules/[4m.pnpm[24m/@vitest+runner@3.2.4/node_modules/[4m@vitest/runner[24m/dist/chunk-hooks.js:1729:8[90m)[39m
      at runSuite [90m(file:///Users/Data/Warehouse/Focus/tucsenberg-web-frontier/[39mnode_modules/[4m.pnpm[24m/@vitest+runner@3.2.4/node_modules/[4m@vitest/runner[24m/dist/chunk-hooks.js:1729:8[90m)[39m
      at runSuite [90m(file:///Users/Data/Warehouse/Focus/tucsenberg-web-frontier/[39mnode_modules/[4m.pnpm[24m/@vitest+runner@3.2.4/node_modules/[4m@vitest/runner[24m/dist/chunk-hooks.js:1729:8[90m)[39m
}

stderr | src/app/api/verify-turnstile/__tests__/route.test.ts > Verify Turnstile API Route > POST /api/verify-turnstile > 应该处理Cloudflare API响应错误
Turnstile verification request failed { status: [33m500[39m }

stderr | src/app/api/verify-turnstile/__tests__/route.test.ts > Verify Turnstile API Route > POST /api/verify-turnstile > 应该正确提取客户端IP地址
Turnstile verification: {
  success: [33mtrue[39m,
  hostname: [90mundefined[39m,
  challenge_ts: [90mundefined[39m,
  action: [90mundefined[39m,
  clientIP: [32m'192.168.1.1, 10.0.0.1'[39m,
  timestamp: [32m'2025-09-30T12:25:50.183Z'[39m
}

stderr | src/app/api/verify-turnstile/__tests__/route.test.ts > Verify Turnstile API Route > POST /api/verify-turnstile > 应该使用提供的remoteip参数
Turnstile verification: {
  success: [33mtrue[39m,
  hostname: [90mundefined[39m,
  challenge_ts: [90mundefined[39m,
  action: [90mundefined[39m,
  clientIP: [32m'192.168.1.1'[39m,
  timestamp: [32m'2025-09-30T12:25:50.184Z'[39m
}

 ✓ src/app/api/verify-turnstile/__tests__/route.test.ts > Verify Turnstile API Route > POST /api/verify-turnstile > 应该成功验证有效的Turnstile token 10ms 65 MB heap used
 ✓ src/app/api/verify-turnstile/__tests__/route.test.ts > Verify Turnstile API Route > POST /api/verify-turnstile > 应该处理Turnstile验证失败 2ms 66 MB heap used
 ✓ src/app/api/verify-turnstile/__tests__/route.test.ts > Verify Turnstile API Route > POST /api/verify-turnstile > 应该处理缺少token的请求 1ms 66 MB heap used
 ✓ src/app/api/verify-turnstile/__tests__/route.test.ts > Verify Turnstile API Route > POST /api/verify-turnstile > 应该处理空token的请求 1ms 66 MB heap used
 ✓ src/app/api/verify-turnstile/__tests__/route.test.ts > Verify Turnstile API Route > POST /api/verify-turnstile > 应该处理无效的JSON请求体 2ms 67 MB heap used
 ✓ src/app/api/verify-turnstile/__tests__/route.test.ts > Verify Turnstile API Route > POST /api/verify-turnstile > 应该处理Cloudflare API网络错误 1ms 67 MB heap used
 ✓ src/app/api/verify-turnstile/__tests__/route.test.ts > Verify Turnstile API Route > POST /api/verify-turnstile > 应该处理Cloudflare API响应错误 1ms 68 MB heap used
 ✓ src/app/api/verify-turnstile/__tests__/route.test.ts > Verify Turnstile API Route > POST /api/verify-turnstile > 应该正确提取客户端IP地址 1ms 68 MB heap used
 ✓ src/app/api/verify-turnstile/__tests__/route.test.ts > Verify Turnstile API Route > POST /api/verify-turnstile > 应该使用提供的remoteip参数 1ms 69 MB heap used
 ✓ src/app/api/verify-turnstile/__tests__/route.test.ts > Verify Turnstile API Route > GET /api/verify-turnstile > 应该返回健康检查信息（配置已启用） 1ms 69 MB heap used
 ✓ src/app/api/verify-turnstile/__tests__/route.test.ts > Verify Turnstile API Route > 配置验证 > 应该处理未配置Turnstile的情况 1ms 69 MB heap used
 ✓ src/app/api/verify-turnstile/__tests__/route.test.ts > Verify Turnstile API Route > 安全性测试 > 应该记录验证尝试 1ms 69 MB heap used
 ✓ src/app/api/verify-turnstile/__tests__/route.test.ts > Verify Turnstile API Route > 安全性测试 > 应该记录验证失败 1ms 69 MB heap used
 ✓ src/components/ui/__tests__/label-responsive-basic.test.tsx > Label Responsive - Advanced Tests > 高级视觉效果 > supports dark mode variants 20ms 57 MB heap used
 ✓ src/components/ui/__tests__/label-responsive-basic.test.tsx > Label Responsive - Advanced Tests > 高级响应式颜色 > handles responsive colors 3ms 58 MB heap used
 ✓ src/components/ui/__tests__/label-responsive-basic.test.tsx > Label Responsive - Advanced Tests > 高级响应式颜色 > handles responsive borders 2ms 59 MB heap used
 ✓ src/components/ui/__tests__/label-responsive-basic.test.tsx > Label Responsive - Advanced Tests > 高级交互响应式 > handles responsive cursor 2ms 59 MB heap used
 ✓ src/components/ui/__tests__/label-responsive-basic.test.tsx > Label Responsive - Advanced Tests > 高级交互响应式 > handles responsive pointer events 1ms 60 MB heap used
 ✓ src/components/ui/__tests__/label-responsive-basic.test.tsx > Label Responsive - Advanced Tests > 高级交互响应式 > handles responsive visibility 1ms 60 MB heap used
 ✓ src/hooks/__tests__/use-keyboard-navigation-basic.test.ts > useKeyboardNavigation Basic Tests > 基本键盘导航功能 > should initialize with default configuration 10ms 54 MB heap used
 ✓ src/hooks/__tests__/use-keyboard-navigation-basic.test.ts > useKeyboardNavigation Basic Tests > 基本键盘导航功能 > should accept custom configuration 2ms 55 MB heap used
 ✓ src/hooks/__tests__/use-keyboard-navigation-basic.test.ts > useKeyboardNavigation Basic Tests > 基本键盘导航功能 > should provide all required navigation methods 2ms 55 MB heap used
 ✓ src/hooks/__tests__/use-keyboard-navigation-basic.test.ts > useKeyboardNavigation Basic Tests > 循环导航 > should provide loop navigation functionality 1ms 56 MB heap used
 ✓ src/hooks/__tests__/use-keyboard-navigation-basic.test.ts > useKeyboardNavigation Basic Tests > 循环导航 > should handle loop configuration changes 2ms 56 MB heap used
 ✓ src/hooks/__tests__/use-keyboard-navigation-basic.test.ts > useKeyboardNavigation Basic Tests > 焦点管理 > should track current focus index 1ms 57 MB heap used
 ✓ src/hooks/__tests__/use-keyboard-navigation-basic.test.ts > useKeyboardNavigation Basic Tests > 焦点管理 > should handle focus index changes 1ms 57 MB heap used
 ✓ src/hooks/__tests__/use-keyboard-navigation-basic.test.ts > useKeyboardNavigation Basic Tests > 焦点管理 > should handle invalid focus index 1ms 57 MB heap used
 ✓ src/hooks/__tests__/use-keyboard-navigation-basic.test.ts > useKeyboardNavigation Basic Tests > 自定义选择器 > should use custom focusable selector 1ms 58 MB heap used
 ✓ src/hooks/__tests__/use-keyboard-navigation-basic.test.ts > useKeyboardNavigation Basic Tests > 清理和内存管理 > should cleanup event listeners on unmount 1ms 58 MB heap used
 ✓ src/hooks/__tests__/use-keyboard-navigation-basic.test.ts > useKeyboardNavigation Basic Tests > 清理和内存管理 > should handle multiple unmounts gracefully 1ms 59 MB heap used
 ✓ src/hooks/__tests__/use-keyboard-navigation-basic.test.ts > useKeyboardNavigation Basic Tests > 边缘情况处理 > should handle empty focusable elements list 1ms 59 MB heap used
 ✓ src/hooks/__tests__/use-keyboard-navigation-basic.test.ts > useKeyboardNavigation Basic Tests > 边缘情况处理 > should handle disabled state 1ms 59 MB heap used
 ✓ src/hooks/__tests__/use-reduced-motion.test.ts > useReducedMotion > should return false by default when reduced motion is not preferred 11ms 50 MB heap used
 ✓ src/hooks/__tests__/use-reduced-motion.test.ts > useReducedMotion > should return true when reduced motion is preferred 1ms 51 MB heap used
 ✓ src/hooks/__tests__/use-reduced-motion.test.ts > useReducedMotion > should update when media query changes 2ms 52 MB heap used
 ✓ src/hooks/__tests__/use-reduced-motion.test.ts > useReducedMotion > should clean up event listener on unmount 1ms 52 MB heap used
 ✓ src/hooks/__tests__/use-reduced-motion.test.ts > useReducedMotion > should handle server-side rendering gracefully 1ms 53 MB heap used
 ✓ src/hooks/__tests__/use-reduced-motion.test.ts > useReducedMotion > should handle missing matchMedia gracefully 1ms 53 MB heap used
 ✓ src/hooks/__tests__/use-reduced-motion.test.ts > useReducedMotion > should handle multiple rapid changes correctly 1ms 53 MB heap used
 ✓ src/hooks/__tests__/use-reduced-motion.test.ts > useReducedMotion > should maintain consistent state across re-renders 1ms 54 MB heap used
 ✓ src/hooks/__tests__/use-reduced-motion.test.ts > useReducedMotion > should handle edge case where addEventListener is not available 1ms 54 MB heap used
 ✓ src/hooks/__tests__/use-reduced-motion.test.ts > useReducedMotion > should handle edge case where removeEventListener is not available 1ms 54 MB heap used
 ✓ src/hooks/__tests__/use-reduced-motion.test.ts > useReducedMotion > should handle malformed MediaQueryListEvent 1ms 55 MB heap used
 ✓ src/hooks/__tests__/use-reduced-motion.test.ts > useReducedMotion > should handle null MediaQueryList 0ms 55 MB heap used
 ✓ src/hooks/__tests__/use-reduced-motion.test.ts > useReducedMotion > should handle MediaQueryList with missing properties 0ms 55 MB heap used
 ✓ src/hooks/__tests__/use-reduced-motion.test.ts > useReducedMotion > should handle window object being undefined 0ms 56 MB heap used
 ✓ src/hooks/__tests__/use-breakpoint.test.ts > useBreakpoint > 基本断点检测 > should detect mobile breakpoint 10ms 61 MB heap used
 ✓ src/hooks/__tests__/use-breakpoint.test.ts > useBreakpoint > 基本断点检测 > should detect tablet breakpoint 2ms 62 MB heap used
 ✓ src/hooks/__tests__/use-breakpoint.test.ts > useBreakpoint > 基本断点检测 > should detect desktop breakpoint 1ms 63 MB heap used
 ✓ src/hooks/__tests__/use-breakpoint.test.ts > useBreakpoint > 基本断点检测 > should provide viewport width 1ms 63 MB heap used
 ✓ src/hooks/__tests__/use-breakpoint.test.ts > useBreakpoint > 响应式状态管理 > should update breakpoint on window resize 2ms 63 MB heap used
 ✓ src/hooks/__tests__/use-breakpoint.test.ts > useBreakpoint > 响应式状态管理 > should handle media query changes 1ms 64 MB heap used
 ✓ src/hooks/__tests__/use-breakpoint.test.ts > useBreakpoint > 自定义断点配置 > should accept custom breakpoint configuration 1ms 64 MB heap used
 ✓ src/hooks/__tests__/use-breakpoint.test.ts > useBreakpoint > 自定义断点配置 > should handle partial custom breakpoint gracefully 1ms 64 MB heap used
 ✓ src/hooks/__tests__/use-breakpoint.test.ts > useBreakpoint > 性能优化 > should debounce resize events 1ms 65 MB heap used
 ✓ src/hooks/__tests__/use-breakpoint.test.ts > useBreakpoint > 性能优化 > should cleanup event listeners on unmount 2ms 65 MB heap used
 ✓ src/hooks/__tests__/use-breakpoint.test.ts > useBreakpoint > 边缘情况处理 > should handle missing window object 1ms 65 MB heap used
 ✓ src/hooks/__tests__/use-breakpoint.test.ts > useBreakpoint > 边缘情况处理 > should handle matchMedia not supported 1ms 66 MB heap used
 ✓ src/hooks/__tests__/use-breakpoint.test.ts > useBreakpoint > 边缘情况处理 > should handle ResizeObserver not supported 1ms 66 MB heap used
 ✓ src/hooks/__tests__/use-breakpoint.test.ts > useBreakpoint > 边缘情况处理 > should handle invalid window dimensions 1ms 66 MB heap used
 ✓ src/hooks/__tests__/use-breakpoint.test.ts > useBreakpoint > TypeScript 类型安全 > should provide correct TypeScript types 1ms 67 MB heap used
 ✓ src/hooks/__tests__/use-breakpoint.test.ts > useBreakpoint > 极端边缘情况 > should handle extremely large window dimensions 1ms 67 MB heap used
 ✓ src/hooks/__tests__/use-breakpoint.test.ts > useBreakpoint > 极端边缘情况 > should handle zero window dimensions 1ms 67 MB heap used
 ✓ src/hooks/__tests__/use-breakpoint.test.ts > useBreakpoint > 极端边缘情况 > should handle rapid consecutive resize events 1ms 68 MB heap used
 ✓ src/lib/__tests__/colors.test.ts > OKLCH颜色系统 > oklchToCSS > should convert OKLCH color to CSS string without alpha 3ms 47 MB heap used
 ✓ src/lib/__tests__/colors.test.ts > OKLCH颜色系统 > oklchToCSS > should convert OKLCH color to CSS string with alpha 1ms 48 MB heap used
 ✓ src/lib/__tests__/colors.test.ts > OKLCH颜色系统 > oklchToCSS > should handle alpha value of 1 as no alpha 1ms 48 MB heap used
 ✓ src/lib/__tests__/colors.test.ts > OKLCH颜色系统 > oklchToCSS > should handle zero values correctly 1ms 48 MB heap used
 ✓ src/lib/__tests__/colors.test.ts > OKLCH颜色系统 > oklchToCSS > should handle extreme alpha boundary values 0ms 48 MB heap used
 ✓ src/lib/__tests__/colors.test.ts > OKLCH颜色系统 > oklchToCSS > should handle negative values gracefully 0ms 48 MB heap used
 ✓ src/lib/__tests__/colors.test.ts > OKLCH颜色系统 > oklchToCSS > should handle values greater than normal ranges 0ms 48 MB heap used
 ✓ src/lib/__tests__/colors.test.ts > OKLCH颜色系统 > oklchToCSS > should handle NaN values 0ms 48 MB heap used
 ✓ src/lib/__tests__/colors.test.ts > OKLCH颜色系统 > oklchToCSS > should handle Infinity values 0ms 48 MB heap used
 ✓ src/lib/__tests__/colors.test.ts > OKLCH颜色系统 > oklchToCSS > should handle missing alpha property 0ms 49 MB heap used
 ✓ src/lib/__tests__/colors.test.ts > OKLCH颜色系统 > oklchToCSS > should handle undefined alpha property 0ms 49 MB heap used
 ✓ src/lib/__tests__/colors.test.ts > OKLCH颜色系统 > oklchToCSS > should handle very precise decimal values 0ms 49 MB heap used
 ✓ src/lib/__tests__/colors.test.ts > OKLCH颜色系统 > calculateContrast > should calculate contrast between white and black correctly 0ms 49 MB heap used
 ✓ src/lib/__tests__/colors.test.ts > OKLCH颜色系统 > calculateContrast > should calculate contrast between similar colors 0ms 49 MB heap used
 ✓ src/lib/__tests__/colors.test.ts > OKLCH颜色系统 > calculateContrast > should handle identical colors 0ms 49 MB heap used
 ✓ src/lib/__tests__/colors.test.ts > OKLCH颜色系统 > calculateContrast > should be symmetric (order independent) 0ms 49 MB heap used
 ✓ src/lib/__tests__/colors.test.ts > OKLCH颜色系统 > calculateContrast > should handle edge case lightness values 1ms 49 MB heap used
 ✓ src/lib/__tests__/colors.test.ts > OKLCH颜色系统 > calculateContrast > should handle extreme lightness boundary values 0ms 49 MB heap used
 ✓ src/lib/__tests__/colors.test.ts > OKLCH颜色系统 > calculateContrast > should handle negative lightness values gracefully 0ms 49 MB heap used
 ✓ src/lib/__tests__/colors.test.ts > OKLCH颜色系统 > calculateContrast > should handle lightness values greater than 1 0ms 50 MB heap used
 ✓ src/lib/__tests__/colors.test.ts > OKLCH颜色系统 > calculateContrast > should handle very small lightness differences 0ms 50 MB heap used
 ✓ src/lib/__tests__/colors.test.ts > OKLCH颜色系统 > calculateContrast > should handle NaN lightness values 0ms 50 MB heap used
 ✓ src/lib/__tests__/colors.test.ts > OKLCH颜色系统 > calculateContrast > should handle Infinity lightness values 0ms 51 MB heap used
 ✓ src/lib/__tests__/colors.test.ts > OKLCH颜色系统 > calculateContrast > should handle colors with alpha channel 0ms 50 MB heap used
 ✓ src/lib/__tests__/colors.test.ts > OKLCH颜色系统 > calculateContrast > should handle colors with extreme chroma and hue values 0ms 50 MB heap used
 ✓ src/lib/__tests__/colors.test.ts > OKLCH颜色系统 > checkContrastCompliance > should pass AA compliance for high contrast colors 0ms 50 MB heap used
 ✓ src/lib/__tests__/colors.test.ts > OKLCH颜色系统 > checkContrastCompliance > should pass AAA compliance for very high contrast colors 0ms 50 MB heap used
 ✓ src/lib/__tests__/colors.test.ts > OKLCH颜色系统 > checkContrastCompliance > should fail compliance for low contrast colors 0ms 50 MB heap used
 ✓ src/lib/__tests__/colors.test.ts > OKLCH颜色系统 > checkContrastCompliance > should have stricter requirements for AAA than AA 0ms 50 MB heap used
 ✓ src/lib/__tests__/colors.test.ts > OKLCH颜色系统 > checkContrastCompliance > should handle extreme contrast boundary cases 0ms 51 MB heap used
 ✓ src/lib/__tests__/colors.test.ts > OKLCH颜色系统 > checkContrastCompliance > should handle invalid contrast level gracefully 0ms 51 MB heap used
 ✓ src/lib/__tests__/colors.test.ts > OKLCH颜色系统 > checkContrastCompliance > should handle colors with extreme alpha values 0ms 51 MB heap used
 ✓ src/lib/__tests__/colors.test.ts > OKLCH颜色系统 > checkContrastCompliance > should handle colors with NaN values 0ms 51 MB heap used
 ✓ src/lib/__tests__/colors.test.ts > OKLCH颜色系统 > checkContrastCompliance > should handle colors with Infinity values 0ms 51 MB heap used
 ✓ src/lib/__tests__/colors.test.ts > OKLCH颜色系统 > checkContrastCompliance > should handle missing color properties 0ms 51 MB heap used
 ✓ src/lib/__tests__/colors.test.ts > OKLCH颜色系统 > checkContrastCompliance > should handle null and undefined color objects 0ms 51 MB heap used
 ✓ src/lib/__tests__/colors.test.ts > OKLCH颜色系统 > checkContrastCompliance > should handle very precise contrast ratios near thresholds 0ms 51 MB heap used
 ✓ src/lib/__tests__/colors.test.ts > OKLCH颜色系统 > generateCSSVariables > should generate CSS variables with correct naming 1ms 51 MB heap used
 ✓ src/lib/__tests__/colors.test.ts > OKLCH颜色系统 > generateCSSVariables > should handle prefix correctly 0ms 52 MB heap used
 ✓ src/lib/__tests__/colors.test.ts > OKLCH颜色系统 > generateCSSVariables > should handle empty colors object 0ms 52 MB heap used
 ✓ src/lib/__tests__/colors.test.ts > OKLCH颜色系统 > generateCSSVariables > should handle colors with alpha values 0ms 52 MB heap used
 ✓ src/lib/__tests__/colors.test.ts > OKLCH颜色系统 > validateThemeContrast > should validate light theme contrast compliance 0ms 52 MB heap used
 ✓ src/lib/__tests__/colors.test.ts > OKLCH颜色系统 > validateThemeContrast > should validate dark theme contrast compliance 0ms 52 MB heap used
 ✓ src/lib/__tests__/colors.test.ts > OKLCH颜色系统 > validateThemeContrast > should identify non-compliant color combinations 0ms 52 MB heap used
 ✓ src/lib/__tests__/colors.test.ts > OKLCH颜色系统 > validateThemeContrast > should provide detailed issue descriptions 0ms 52 MB heap used
 ✓ src/lib/__tests__/colors.test.ts > OKLCH颜色系统 > ColorSystem工具类 > should provide access to light theme colors 0ms 52 MB heap used
 ✓ src/lib/__tests__/colors.test.ts > OKLCH颜色系统 > ColorSystem工具类 > should provide access to dark theme colors 0ms 53 MB heap used
 ✓ src/lib/__tests__/colors.test.ts > OKLCH颜色系统 > ColorSystem工具类 > should provide utility functions 0ms 52 MB heap used
 ✓ src/lib/__tests__/colors.test.ts > OKLCH颜色系统 > 主题颜色定义验证 > should have consistent color keys between light and dark themes 0ms 53 MB heap used
 ✓ src/lib/__tests__/colors.test.ts > OKLCH颜色系统 > 主题颜色定义验证 > should have valid OKLCH values in light theme 2ms 54 MB heap used
 ✓ src/lib/__tests__/colors.test.ts > OKLCH颜色系统 > 主题颜色定义验证 > should have valid OKLCH values in dark theme 2ms 54 MB heap used
 ✓ src/lib/__tests__/colors.test.ts > OKLCH颜色系统 > 主题颜色定义验证 > should have reasonable chroma values 1ms 55 MB heap used
 ✓ src/lib/__tests__/colors.test.ts > OKLCH颜色系统 > 边缘情况处理 > should handle extreme lightness values 0ms 55 MB heap used
 ✓ src/lib/__tests__/colors.test.ts > OKLCH颜色系统 > 边缘情况处理 > should handle high chroma values 0ms 55 MB heap used
 ✓ src/lib/__tests__/colors.test.ts > OKLCH颜色系统 > 边缘情况处理 > should handle hue values at boundaries 0ms 55 MB heap used
 ✓ src/lib/__tests__/colors.test.ts > OKLCH颜色系统 > 边缘情况处理 > should handle very small alpha values 0ms 55 MB heap used
 ✓ src/app/api/analytics/i18n/__tests__/route.test.ts > /api/analytics/i18n > POST /api/analytics/i18n > 应该成功处理有效的i18n分析数据 8ms 41 MB heap used
 ✓ src/app/api/analytics/i18n/__tests__/route.test.ts > /api/analytics/i18n > POST /api/analytics/i18n > 应该拒绝无效的数据格式 1ms 42 MB heap used
 ✓ src/app/api/analytics/i18n/__tests__/route.test.ts > /api/analytics/i18n > POST /api/analytics/i18n > 应该处理JSON解析错误 2ms 42 MB heap used
 ✓ src/app/api/analytics/i18n/__tests__/route.test.ts > /api/analytics/i18n > GET /api/analytics/i18n > 应该返回默认的i18n分析统计 2ms 42 MB heap used
 ✓ src/app/api/analytics/i18n/__tests__/route.test.ts > /api/analytics/i18n > GET /api/analytics/i18n > 应该根据查询参数过滤数据 1ms 43 MB heap used
 ✓ src/app/api/analytics/i18n/__tests__/route.test.ts > /api/analytics/i18n > GET /api/analytics/i18n > 应该处理GET请求错误 2ms 43 MB heap used
 ✓ src/app/api/analytics/i18n/__tests__/route.test.ts > /api/analytics/i18n > DELETE /api/analytics/i18n > 应该成功删除数据（带确认） 1ms 44 MB heap used
 ✓ src/app/api/analytics/i18n/__tests__/route.test.ts > /api/analytics/i18n > DELETE /api/analytics/i18n > 应该要求确认参数 1ms 44 MB heap used
 ✓ src/app/api/analytics/i18n/__tests__/route.test.ts > /api/analytics/i18n > DELETE /api/analytics/i18n > 应该处理DELETE请求错误 1ms 45 MB heap used
 ✓ src/app/api/analytics/i18n/__tests__/route.test.ts > /api/analytics/i18n > 数据验证 > 应该验证必需字段 2ms 45 MB heap used
 ✓ src/app/api/analytics/i18n/__tests__/route.test.ts > /api/analytics/i18n > 数据验证 > 应该接受完整的有效数据 1ms 46 MB heap used
 ✓ src/lib/__tests__/content-utils.test.ts > Content Utils > Constants > should define correct directory paths 4ms 57 MB heap used
 ✓ src/lib/__tests__/content-utils.test.ts > Content Utils > Constants > should define allowed file extensions 1ms 57 MB heap used
 ✓ src/lib/__tests__/content-utils.test.ts > Content Utils > validateFilePath > input validation > should throw error for empty file path 1ms 57 MB heap used
 ✓ src/lib/__tests__/content-utils.test.ts > Content Utils > validateFilePath > input validation > should throw error for null file path 1ms 58 MB heap used
 ✓ src/lib/__tests__/content-utils.test.ts > Content Utils > validateFilePath > input validation > should throw error for undefined file path 1ms 58 MB heap used
 ✓ src/lib/__tests__/content-utils.test.ts > Content Utils > validateFilePath > input validation > should throw error for non-string file path 1ms 59 MB heap used
 ✓ src/lib/__tests__/content-utils.test.ts > Content Utils > validateFilePath > directory traversal protection > should throw error for directory traversal attempts 1ms 59 MB heap used
 ✓ src/lib/__tests__/content-utils.test.ts > Content Utils > validateFilePath > directory traversal protection > should throw error for subtle directory traversal attempts 1ms 60 MB heap used
 ✓ src/lib/__tests__/content-utils.test.ts > Content Utils > validateFilePath > directory traversal protection > should allow legitimate relative paths 1ms 60 MB heap used
 ✓ src/lib/__tests__/content-utils.test.ts > Content Utils > validateFilePath > path outside base directory protection > should throw error when resolved path is outside base directory 1ms 61 MB heap used
 ✓ src/lib/__tests__/content-utils.test.ts > Content Utils > validateFilePath > path outside base directory protection > should allow paths within base directory 1ms 61 MB heap used
 ✓ src/lib/__tests__/content-utils.test.ts > Content Utils > validateFilePath > file extension validation > should allow files with permitted extensions 1ms 61 MB heap used
 ✓ src/lib/__tests__/content-utils.test.ts > Content Utils > validateFilePath > file extension validation > should throw error for files with forbidden extensions 1ms 62 MB heap used
 ✓ src/lib/__tests__/content-utils.test.ts > Content Utils > validateFilePath > file extension validation > should allow files without extensions 1ms 62 MB heap used
 ✓ src/lib/__tests__/content-utils.test.ts > Content Utils > validateFilePath > file extension validation > should handle multiple dots in filename correctly 1ms 63 MB heap used
 ✓ src/lib/__tests__/content-utils.test.ts > Content Utils > validateFilePath > path normalization > should normalize relative paths correctly 0ms 63 MB heap used
 ✓ src/lib/__tests__/content-utils.test.ts > Content Utils > validateFilePath > path normalization > should handle absolute paths correctly 0ms 63 MB heap used
 ✓ src/lib/__tests__/content-utils.test.ts > Content Utils > validateFilePath > path normalization > should return normalized absolute path 0ms 64 MB heap used
 ✓ src/lib/__tests__/content-utils.test.ts > Content Utils > validateFilePath > edge cases > should handle empty base directory 1ms 64 MB heap used
 ✓ src/lib/__tests__/content-utils.test.ts > Content Utils > validateFilePath > edge cases > should handle paths with special characters 1ms 65 MB heap used
 ✓ src/lib/__tests__/content-utils.test.ts > Content Utils > validateFilePath > edge cases > should handle very long paths 0ms 65 MB heap used
 ✓ src/lib/__tests__/content-utils.test.ts > Content Utils > getContentConfig > should return default config when config file does not exist 1ms 66 MB heap used
 ✓ src/lib/__tests__/content-utils.test.ts > Content Utils > getContentConfig > should load and merge custom config when file exists 1ms 66 MB heap used
 ✓ src/lib/__tests__/content-utils.test.ts > Content Utils > getContentConfig > should handle JSON parsing errors gracefully 2ms 67 MB heap used
 ✓ src/lib/__tests__/content-utils.test.ts > Content Utils > getContentConfig > should handle file system errors gracefully 1ms 67 MB heap used
 ✓ src/lib/__tests__/content-utils.test.ts > Content Utils > getContentConfig > should validate config file path for security 1ms 68 MB heap used
 ✓ src/lib/__tests__/content-utils.test.ts > Content Utils > getContentConfig > should handle empty config file 0ms 68 MB heap used
 ✓ src/lib/__tests__/content-utils.test.ts > Content Utils > getContentConfig > should handle partial config override 0ms 68 MB heap used
stderr | src/lib/__tests__/i18n-cache.test.ts > I18nCacheManager > persistence > should handle localStorage errors gracefully
Failed to load cache from storage: Error: Storage error
    at Object.<anonymous> [90m(/Users/Data/Warehouse/Focus/tucsenberg-web-frontier/[39msrc/lib/__tests__/i18n-cache.test.ts:377:15[90m)[39m
    at Object.mockCall [90m(file:///Users/Data/Warehouse/Focus/tucsenberg-web-frontier/[39mnode_modules/[4m.pnpm[24m/@vitest+spy@3.2.4/node_modules/[4m@vitest/spy[24m/dist/index.js:96:15[90m)[39m
    at Object.spy [as getItem] [90m(file:///Users/Data/Warehouse/Focus/tucsenberg-web-frontier/[39mnode_modules/[4m.pnpm[24m/tinyspy@4.0.4/node_modules/[4mtinyspy[24m/dist/index.js:47:80[90m)[39m
    at LRUCache.loadFromStorage [90m(/Users/Data/Warehouse/Focus/tucsenberg-web-frontier/[39msrc/lib/i18n-lru-cache.ts:267:35[90m)[39m
    at new LRUCache [90m(/Users/Data/Warehouse/Focus/tucsenberg-web-frontier/[39msrc/lib/i18n-lru-cache.ts:29:12[90m)[39m
    at new I18nCacheManager [90m(/Users/Data/Warehouse/Focus/tucsenberg-web-frontier/[39msrc/lib/i18n-cache-manager.ts:58:18[90m)[39m
    at [90m/Users/Data/Warehouse/Focus/tucsenberg-web-frontier/[39msrc/lib/__tests__/i18n-cache.test.ts:381:43
    at Proxy.assertThrows [90m(file:///Users/Data/Warehouse/Focus/tucsenberg-web-frontier/[39mnode_modules/[4m.pnpm[24m/chai@5.3.3/node_modules/[4mchai[24m/index.js:2767:5[90m)[39m
    at Proxy.methodWrapper [90m(file:///Users/Data/Warehouse/Focus/tucsenberg-web-frontier/[39mnode_modules/[4m.pnpm[24m/chai@5.3.3/node_modules/[4mchai[24m/index.js:1686:25[90m)[39m
    at Proxy.<anonymous> [90m(file:///Users/Data/Warehouse/Focus/tucsenberg-web-frontier/[39mnode_modules/[4m.pnpm[24m/@vitest+expect@3.2.4/node_modules/[4m@vitest/expect[24m/dist/index.js:1088:12[90m)[39m

stderr | src/lib/__tests__/i18n-cache.test.ts > I18nCacheManager > persistence > should handle invalid JSON in localStorage
Failed to load cache from storage: SyntaxError: Unexpected token 'i', "invalid json" is not valid JSON
    at JSON.parse (<anonymous>)
    at LRUCache.loadFromStorage [90m(/Users/Data/Warehouse/Focus/tucsenberg-web-frontier/[39msrc/lib/i18n-lru-cache.ts:269:27[90m)[39m
    at new LRUCache [90m(/Users/Data/Warehouse/Focus/tucsenberg-web-frontier/[39msrc/lib/i18n-lru-cache.ts:29:12[90m)[39m
    at new I18nCacheManager [90m(/Users/Data/Warehouse/Focus/tucsenberg-web-frontier/[39msrc/lib/i18n-cache-manager.ts:58:18[90m)[39m
    at [90m/Users/Data/Warehouse/Focus/tucsenberg-web-frontier/[39msrc/lib/__tests__/i18n-cache.test.ts:392:39
    at Proxy.assertThrows [90m(file:///Users/Data/Warehouse/Focus/tucsenberg-web-frontier/[39mnode_modules/[4m.pnpm[24m/chai@5.3.3/node_modules/[4mchai[24m/index.js:2767:5[90m)[39m
    at Proxy.methodWrapper [90m(file:///Users/Data/Warehouse/Focus/tucsenberg-web-frontier/[39mnode_modules/[4m.pnpm[24m/chai@5.3.3/node_modules/[4mchai[24m/index.js:1686:25[90m)[39m
    at Proxy.<anonymous> [90m(file:///Users/Data/Warehouse/Focus/tucsenberg-web-frontier/[39mnode_modules/[4m.pnpm[24m/@vitest+expect@3.2.4/node_modules/[4m@vitest/expect[24m/dist/index.js:1088:12[90m)[39m
    at Proxy.overwritingMethodWrapper [90m(file:///Users/Data/Warehouse/Focus/tucsenberg-web-frontier/[39mnode_modules/[4m.pnpm[24m/chai@5.3.3/node_modules/[4mchai[24m/index.js:1735:33[90m)[39m
    at Proxy.<anonymous> [90m(file:///Users/Data/Warehouse/Focus/tucsenberg-web-frontier/[39mnode_modules/[4m.pnpm[24m/@vitest+expect@3.2.4/node_modules/[4m@vitest/expect[24m/dist/index.js:1420:16[90m)[39m

stderr | src/lib/__tests__/i18n-cache.test.ts > I18nCacheManager > persistence > should handle development environment error logging for load failures
Failed to load cache from storage: Error: Storage error
    at Object.<anonymous> [90m(/Users/Data/Warehouse/Focus/tucsenberg-web-frontier/[39msrc/lib/__tests__/i18n-cache.test.ts:405:15[90m)[39m
    at Object.mockCall [90m(file:///Users/Data/Warehouse/Focus/tucsenberg-web-frontier/[39mnode_modules/[4m.pnpm[24m/@vitest+spy@3.2.4/node_modules/[4m@vitest/spy[24m/dist/index.js:96:15[90m)[39m
    at Object.spy [as getItem] [90m(file:///Users/Data/Warehouse/Focus/tucsenberg-web-frontier/[39mnode_modules/[4m.pnpm[24m/tinyspy@4.0.4/node_modules/[4mtinyspy[24m/dist/index.js:47:80[90m)[39m
    at LRUCache.loadFromStorage [90m(/Users/Data/Warehouse/Focus/tucsenberg-web-frontier/[39msrc/lib/i18n-lru-cache.ts:267:35[90m)[39m
    at new LRUCache [90m(/Users/Data/Warehouse/Focus/tucsenberg-web-frontier/[39msrc/lib/i18n-lru-cache.ts:29:12[90m)[39m
    at new I18nCacheManager [90m(/Users/Data/Warehouse/Focus/tucsenberg-web-frontier/[39msrc/lib/i18n-cache-manager.ts:58:18[90m)[39m
    at [90m/Users/Data/Warehouse/Focus/tucsenberg-web-frontier/[39msrc/lib/__tests__/i18n-cache.test.ts:410:38
    at Proxy.assertThrows [90m(file:///Users/Data/Warehouse/Focus/tucsenberg-web-frontier/[39mnode_modules/[4m.pnpm[24m/chai@5.3.3/node_modules/[4mchai[24m/index.js:2767:5[90m)[39m
    at Proxy.methodWrapper [90m(file:///Users/Data/Warehouse/Focus/tucsenberg-web-frontier/[39mnode_modules/[4m.pnpm[24m/chai@5.3.3/node_modules/[4mchai[24m/index.js:1686:25[90m)[39m
    at Proxy.<anonymous> [90m(file:///Users/Data/Warehouse/Focus/tucsenberg-web-frontier/[39mnode_modules/[4m.pnpm[24m/@vitest+expect@3.2.4/node_modules/[4m@vitest/expect[24m/dist/index.js:1088:12[90m)[39m

stderr | src/lib/__tests__/i18n-cache.test.ts > I18nCacheManager > persistence > should handle development environment error logging for save failures
Failed to save cache to storage: Error: Storage save error
    at Object.<anonymous> [90m(/Users/Data/Warehouse/Focus/tucsenberg-web-frontier/[39msrc/lib/__tests__/i18n-cache.test.ts:426:15[90m)[39m
    at Object.mockCall [90m(file:///Users/Data/Warehouse/Focus/tucsenberg-web-frontier/[39mnode_modules/[4m.pnpm[24m/@vitest+spy@3.2.4/node_modules/[4m@vitest/spy[24m/dist/index.js:96:15[90m)[39m
    at Object.spy [as setItem] [90m(file:///Users/Data/Warehouse/Focus/tucsenberg-web-frontier/[39mnode_modules/[4m.pnpm[24m/tinyspy@4.0.4/node_modules/[4mtinyspy[24m/dist/index.js:47:80[90m)[39m
    at LRUCache.saveToStorage [90m(/Users/Data/Warehouse/Focus/tucsenberg-web-frontier/[39msrc/lib/i18n-lru-cache.ts:295:20[90m)[39m
    at LRUCache.set [90m(/Users/Data/Warehouse/Focus/tucsenberg-web-frontier/[39msrc/lib/i18n-lru-cache.ts:86:12[90m)[39m
    at [90m/Users/Data/Warehouse/Focus/tucsenberg-web-frontier/[39msrc/lib/__tests__/i18n-cache.test.ts:434:36
    at [90mfile:///Users/Data/Warehouse/Focus/tucsenberg-web-frontier/[39mnode_modules/[4m.pnpm[24m/@vitest+runner@3.2.4/node_modules/[4m@vitest/runner[24m/dist/chunk-hooks.js:155:11
    at [90mfile:///Users/Data/Warehouse/Focus/tucsenberg-web-frontier/[39mnode_modules/[4m.pnpm[24m/@vitest+runner@3.2.4/node_modules/[4m@vitest/runner[24m/dist/chunk-hooks.js:752:26
    at [90mfile:///Users/Data/Warehouse/Focus/tucsenberg-web-frontier/[39mnode_modules/[4m.pnpm[24m/@vitest+runner@3.2.4/node_modules/[4m@vitest/runner[24m/dist/chunk-hooks.js:1897:20
    at new Promise (<anonymous>)

 ✓ src/lib/__tests__/i18n-cache.test.ts > I18nCacheManager > initialization > should create cache manager with default config 4ms 71 MB heap used
 ✓ src/lib/__tests__/i18n-cache.test.ts > I18nCacheManager > initialization > should create cache manager with custom config 1ms 71 MB heap used
 ✓ src/lib/__tests__/i18n-cache.test.ts > I18nCacheManager > initialization > should initialize metrics with default values 1ms 71 MB heap used
 ✓ src/lib/__tests__/i18n-cache.test.ts > I18nCacheManager > message loading and caching > should load and cache English messages 1ms 72 MB heap used
 ✓ src/lib/__tests__/i18n-cache.test.ts > I18nCacheManager > message loading and caching > should load and cache Chinese messages 1ms 72 MB heap used
 ✓ src/lib/__tests__/i18n-cache.test.ts > I18nCacheManager > message loading and caching > should return cached messages on subsequent requests 1ms 72 MB heap used
 ✓ src/lib/__tests__/i18n-cache.test.ts > I18nCacheManager > message loading and caching > should handle cache misses correctly 0ms 72 MB heap used
 ✓ src/lib/__tests__/i18n-cache.test.ts > I18nCacheManager > preloading functionality > should preload messages for specific locale 1ms 72 MB heap used
 ✓ src/lib/__tests__/i18n-cache.test.ts > I18nCacheManager > preloading functionality > should handle concurrent preload requests 1ms 73 MB heap used
 ✓ src/lib/__tests__/i18n-cache.test.ts > I18nCacheManager > preloading functionality > should warmup cache without throwing errors 1ms 73 MB heap used
 ✓ src/lib/__tests__/i18n-cache.test.ts > I18nCacheManager > metrics collection > should record locale usage 1ms 73 MB heap used
 ✓ src/lib/__tests__/i18n-cache.test.ts > I18nCacheManager > metrics collection > should calculate cache hit rate correctly 0ms 73 MB heap used
 ✓ src/lib/__tests__/i18n-cache.test.ts > I18nCacheManager > metrics collection > should record load times 0ms 73 MB heap used
 ✓ src/lib/__tests__/i18n-cache.test.ts > I18nCacheManager > metrics collection > should reset metrics correctly 0ms 74 MB heap used
 ✓ src/lib/__tests__/i18n-cache.test.ts > I18nCacheManager > cache management > should provide cache statistics 0ms 74 MB heap used
 ✓ src/lib/__tests__/i18n-cache.test.ts > I18nCacheManager > cache management > should clear cache correctly 0ms 74 MB heap used
 ✓ src/lib/__tests__/i18n-cache.test.ts > I18nCacheManager > cache management > should handle cache expiration 1ms 74 MB heap used
 ✓ src/lib/__tests__/i18n-cache.test.ts > I18nCacheManager > persistence > should save to localStorage when persistence is enabled 0ms 74 MB heap used
 ✓ src/lib/__tests__/i18n-cache.test.ts > I18nCacheManager > persistence > should load from localStorage on initialization 1ms 74 MB heap used
 ✓ src/lib/__tests__/i18n-cache.test.ts > I18nCacheManager > persistence > should handle localStorage errors gracefully 3ms 75 MB heap used
 ✓ src/lib/__tests__/i18n-cache.test.ts > I18nCacheManager > persistence > should handle invalid JSON in localStorage 1ms 76 MB heap used
 ✓ src/lib/__tests__/i18n-cache.test.ts > I18nCacheManager > persistence > should handle development environment error logging for load failures 1ms 76 MB heap used
 ✓ src/lib/__tests__/i18n-cache.test.ts > I18nCacheManager > persistence > should handle development environment error logging for save failures 1ms 76 MB heap used
 ✓ src/lib/__tests__/i18n-cache.test.ts > I18nCacheManager > error handling > should handle failed message loading 1ms 77 MB heap used
 ✓ src/lib/__tests__/i18n-cache.test.ts > I18nCacheManager > error handling > should handle concurrent error scenarios 0ms 77 MB heap used
 ✓ src/lib/__tests__/i18n-cache.test.ts > I18nCacheManager > global instance > should provide global cache instance 0ms 77 MB heap used
 ✓ src/lib/__tests__/i18n-cache.test.ts > I18nCacheManager > global instance > should initialize warmup in browser environment 0ms 77 MB heap used
 ✓ src/lib/__tests__/i18n-cache.test.ts > I18nCacheManager > LRU cache behavior > should evict oldest items when cache is full 0ms 77 MB heap used
 ✓ src/lib/__tests__/i18n-cache.test.ts > I18nCacheManager > LRU cache behavior > should update access order on cache hits 0ms 77 MB heap used
 ✓ src/app/api/csp-report/__tests__/route.test.ts > CSP Report API Route > POST /api/csp-report > 应该成功处理有效的CSP报告 8ms 65 MB heap used
 ✓ src/app/api/csp-report/__tests__/route.test.ts > CSP Report API Route > POST /api/csp-report > 应该拒绝无效的Content-Type 2ms 65 MB heap used
 ✓ src/app/api/csp-report/__tests__/route.test.ts > CSP Report API Route > POST /api/csp-report > 应该处理缺少Content-Type的请求 1ms 66 MB heap used
 ✓ src/app/api/csp-report/__tests__/route.test.ts > CSP Report API Route > POST /api/csp-report > 应该处理无效的JSON 1ms 66 MB heap used
 ✓ src/app/api/csp-report/__tests__/route.test.ts > CSP Report API Route > POST /api/csp-report > 应该处理缺少csp-report字段的请求 1ms 66 MB heap used
 ✓ src/app/api/csp-report/__tests__/route.test.ts > CSP Report API Route > POST /api/csp-report > 应该检测可疑的违规模式 1ms 67 MB heap used
 ✓ src/app/api/csp-report/__tests__/route.test.ts > CSP Report API Route > POST /api/csp-report > 应该在开发环境中忽略报告（当CSP_REPORT_URI未设置时） 1ms 67 MB heap used
 ✓ src/app/api/csp-report/__tests__/route.test.ts > CSP Report API Route > POST /api/csp-report > 应该正确提取客户端信息 1ms 68 MB heap used
 ✓ src/app/api/csp-report/__tests__/route.test.ts > CSP Report API Route > POST /api/csp-report > 应该处理生产环境的特殊日志记录 2ms 68 MB heap used
 ✓ src/app/api/csp-report/__tests__/route.test.ts > CSP Report API Route > POST /api/csp-report > 应该检测多种可疑模式 2ms 69 MB heap used
 ✓ src/app/api/csp-report/__tests__/route.test.ts > CSP Report API Route > GET /api/csp-report > 应该返回健康检查信息 0ms 69 MB heap used
 ✓ src/app/api/csp-report/__tests__/route.test.ts > CSP Report API Route > OPTIONS /api/csp-report > 应该返回正确的CORS headers 0ms 69 MB heap used
 ✓ src/app/api/csp-report/__tests__/route.test.ts > CSP Report API Route > 错误处理 > 应该处理请求体解析错误 0ms 69 MB heap used
 ✓ src/app/api/csp-report/__tests__/route.test.ts > CSP Report API Route > 错误处理 > 应该处理意外的错误 0ms 70 MB heap used
 ✓ src/app/api/csp-report/__tests__/route-get-options.test.ts > CSP Report API Route - GET & OPTIONS Tests > GET /api/csp-report > 应该返回健康检查信息 6ms 66 MB heap used
 ✓ src/app/api/csp-report/__tests__/route-get-options.test.ts > CSP Report API Route - GET & OPTIONS Tests > GET /api/csp-report > 应该返回正确的响应格式 1ms 66 MB heap used
 ✓ src/app/api/csp-report/__tests__/route-get-options.test.ts > CSP Report API Route - GET & OPTIONS Tests > GET /api/csp-report > 应该设置正确的Content-Type 1ms 66 MB heap used
 ✓ src/app/api/csp-report/__tests__/route-get-options.test.ts > CSP Report API Route - GET & OPTIONS Tests > GET /api/csp-report > 应该处理多次调用 1ms 67 MB heap used
 ✓ src/app/api/csp-report/__tests__/route-get-options.test.ts > CSP Report API Route - GET & OPTIONS Tests > OPTIONS /api/csp-report > 应该返回正确的CORS headers 1ms 67 MB heap used
 ✓ src/app/api/csp-report/__tests__/route-get-options.test.ts > CSP Report API Route - GET & OPTIONS Tests > OPTIONS /api/csp-report > 应该设置正确的Access-Control-Allow-Origin 1ms 67 MB heap used
 ✓ src/app/api/csp-report/__tests__/route-get-options.test.ts > CSP Report API Route - GET & OPTIONS Tests > OPTIONS /api/csp-report > 应该返回空的响应体 0ms 67 MB heap used
 ✓ src/app/api/csp-report/__tests__/route-get-options.test.ts > CSP Report API Route - GET & OPTIONS Tests > OPTIONS /api/csp-report > 应该处理预检请求 1ms 67 MB heap used
 ✓ src/app/api/csp-report/__tests__/route-get-options.test.ts > CSP Report API Route - GET & OPTIONS Tests > OPTIONS /api/csp-report > 应该支持多种HTTP方法 1ms 68 MB heap used
 ✓ src/app/api/csp-report/__tests__/route-get-options.test.ts > CSP Report API Route - GET & OPTIONS Tests > 错误处理 > 应该处理请求体解析错误 3ms 68 MB heap used
 ✓ src/app/api/csp-report/__tests__/route-get-options.test.ts > CSP Report API Route - GET & OPTIONS Tests > 错误处理 > 应该处理意外的错误 1ms 68 MB heap used
 ✓ src/app/api/csp-report/__tests__/route-get-options.test.ts > CSP Report API Route - GET & OPTIONS Tests > 错误处理 > 应该处理空请求体 1ms 69 MB heap used
 ✓ src/app/api/csp-report/__tests__/route-get-options.test.ts > CSP Report API Route - GET & OPTIONS Tests > 错误处理 > 应该处理null请求体 1ms 69 MB heap used
 ✓ src/app/api/csp-report/__tests__/route-get-options.test.ts > CSP Report API Route - GET & OPTIONS Tests > 响应格式验证 > GET响应应该包含必要字段 1ms 69 MB heap used
 ✓ src/app/api/csp-report/__tests__/route-get-options.test.ts > CSP Report API Route - GET & OPTIONS Tests > 响应格式验证 > OPTIONS响应应该包含正确的头部 1ms 69 MB heap used
 ✓ src/app/api/csp-report/__tests__/route-get-options.test.ts > CSP Report API Route - GET & OPTIONS Tests > 响应格式验证 > 错误响应应该包含错误信息 1ms 70 MB heap used
 ✓ src/app/api/csp-report/__tests__/route-get-options.test.ts > CSP Report API Route - GET & OPTIONS Tests > HTTP状态码验证 > GET请求应该返回200状态码 0ms 70 MB heap used
 ✓ src/app/api/csp-report/__tests__/route-get-options.test.ts > CSP Report API Route - GET & OPTIONS Tests > HTTP状态码验证 > OPTIONS请求应该返回200状态码 0ms 70 MB heap used
 ✓ src/app/api/csp-report/__tests__/route-get-options.test.ts > CSP Report API Route - GET & OPTIONS Tests > HTTP状态码验证 > 无效POST请求应该返回适当的错误状态码 1ms 70 MB heap used
 ✓ src/app/api/csp-report/__tests__/route-get-options.test.ts > CSP Report API Route - GET & OPTIONS Tests > 并发处理 > 应该处理并发GET请求 0ms 70 MB heap used
 ✓ src/app/api/csp-report/__tests__/route-get-options.test.ts > CSP Report API Route - GET & OPTIONS Tests > 并发处理 > 应该处理并发OPTIONS请求 0ms 71 MB heap used
 ✓ src/app/api/csp-report/__tests__/route-post-core.test.ts > CSP Report API Route - 核心功能测试 > 有效CSP报告处理 > 应该成功处理有效的CSP报告 8ms 65 MB heap used
 ✓ src/app/api/csp-report/__tests__/route-post-core.test.ts > CSP Report API Route - 核心功能测试 > 有效CSP报告处理 > 应该处理包含所有字段的完整CSP报告 2ms 65 MB heap used
 ✓ src/app/api/csp-report/__tests__/route-post-core.test.ts > CSP Report API Route - 核心功能测试 > 有效CSP报告处理 > 应该处理不同类型的违规指令 1ms 65 MB heap used
 ✓ src/app/api/csp-report/__tests__/route-post-core.test.ts > CSP Report API Route - 核心功能测试 > 基础验证 > 应该拒绝空请求体 1ms 65 MB heap used
 ✓ src/app/api/csp-report/__tests__/route-post-core.test.ts > CSP Report API Route - 核心功能测试 > 基础验证 > 应该拒绝无效的JSON 1ms 66 MB heap used
 ✓ src/app/api/csp-report/__tests__/route-post-core.test.ts > CSP Report API Route - 核心功能测试 > 基础验证 > 应该拒绝缺少csp-report字段的请求 1ms 66 MB heap used
 ✓ src/app/api/csp-report/__tests__/route-post-core.test.ts > CSP Report API Route - 核心功能测试 > 基础验证 > 应该拒绝空的csp-report对象 1ms 66 MB heap used
 ✓ src/app/api/csp-report/__tests__/route-post-core.test.ts > CSP Report API Route - 核心功能测试 > Content-Type验证 > 应该接受application/csp-report content type 1ms 67 MB heap used
 ✓ src/app/api/csp-report/__tests__/route-post-core.test.ts > CSP Report API Route - 核心功能测试 > Content-Type验证 > 应该接受application/json content type 1ms 67 MB heap used
 ✓ src/app/api/csp-report/__tests__/route-post-core.test.ts > CSP Report API Route - 核心功能测试 > Content-Type验证 > 应该拒绝不支持的content type 1ms 67 MB heap used
 ✓ src/app/api/csp-report/__tests__/route-post-core.test.ts > CSP Report API Route - 核心功能测试 > Content-Type验证 > 应该拒绝缺少content type的请求 1ms 68 MB heap used
 ✓ src/lib/__tests__/performance-analytics.test.ts > PerformanceBaselineManager > 基准数据管理 > should save baseline to localStorage 4ms 71 MB heap used
 ✓ src/lib/__tests__/performance-analytics.test.ts > PerformanceBaselineManager > 基准数据管理 > should load baselines from localStorage 1ms 72 MB heap used
 ✓ src/lib/__tests__/performance-analytics.test.ts > PerformanceBaselineManager > 基准数据管理 > should handle localStorage errors gracefully 1ms 72 MB heap used
 ✓ src/lib/__tests__/performance-analytics.test.ts > PerformanceBaselineManager > 基准数据管理 > should get most recent baseline 1ms 72 MB heap used
 ✓ src/lib/__tests__/performance-analytics.test.ts > PerformanceBaselineManager > 基准数据管理 > should return null when no baselines exist 0ms 72 MB heap used
 ✓ src/lib/__tests__/performance-analytics.test.ts > PerformanceBaselineManager > 基准数据管理 > should filter baselines by page and locale 0ms 72 MB heap used
 ✓ src/lib/__tests__/performance-analytics.test.ts > PerformanceBaselineManager > 基准数据管理 > should limit stored baselines to prevent memory issues 1ms 73 MB heap used
 ✓ src/lib/__tests__/performance-analytics.test.ts > PerformanceBaselineManager > 数据验证 > should validate baseline structure 0ms 74 MB heap used
 ✓ src/lib/__tests__/performance-analytics.test.ts > PerformanceBaselineManager > 数据验证 > should handle corrupted localStorage data 0ms 74 MB heap used
 ✓ src/lib/__tests__/performance-analytics.test.ts > PerformanceBaselineManager > 数据验证 > should handle non-array data in localStorage 0ms 74 MB heap used
 ✓ src/lib/__tests__/performance-analytics.test.ts > PerformanceRegressionDetector > 回归检测 > should detect performance regressions 1ms 74 MB heap used
 ✓ src/lib/__tests__/performance-analytics.test.ts > PerformanceRegressionDetector > 回归检测 > should not detect regression for good metrics 0ms 74 MB heap used
 ✓ src/lib/__tests__/performance-analytics.test.ts > PerformanceRegressionDetector > 回归检测 > should calculate correct regression percentages 0ms 74 MB heap used
 ✓ src/lib/__tests__/performance-analytics.test.ts > PerformanceRegressionDetector > 回归检测 > should categorize regression severity correctly 0ms 75 MB heap used
 ✓ src/lib/__tests__/performance-analytics.test.ts > PerformanceRegressionDetector > 回归检测 > should handle missing baseline metrics gracefully 0ms 75 MB heap used
 ✓ src/lib/__tests__/performance-analytics.test.ts > PerformanceRegressionDetector > 阈值配置 > should use configurable thresholds 0ms 75 MB heap used
 ✓ src/lib/__tests__/performance-analytics.test.ts > PerformanceRegressionDetector > 阈值配置 > should handle zero baseline values 0ms 75 MB heap used
 ✓ src/lib/__tests__/performance-analytics.test.ts > PerformanceAlertSystem > 警报配置 > should initialize with default configuration 0ms 75 MB heap used
 ✓ src/lib/__tests__/performance-analytics.test.ts > PerformanceAlertSystem > 警报配置 > should configure custom alert thresholds 0ms 76 MB heap used
 ✓ src/lib/__tests__/performance-analytics.test.ts > PerformanceAlertSystem > 警报配置 > should handle invalid configuration gracefully 0ms 76 MB heap used
 ✓ src/lib/__tests__/performance-analytics.test.ts > PerformanceAlertSystem > 性能警报检查 > should trigger alerts for poor performance 1ms 76 MB heap used
 ✓ src/lib/__tests__/performance-analytics.test.ts > PerformanceAlertSystem > 性能警报检查 > should not trigger alerts for good performance 0ms 77 MB heap used
 ✓ src/lib/__tests__/performance-analytics.test.ts > PerformanceAlertSystem > 性能警报检查 > should handle disabled alerts 0ms 76 MB heap used
 ✓ src/lib/__tests__/performance-analytics.test.ts > PerformanceAlertSystem > 通知系统 > should send console notifications when enabled 1ms 76 MB heap used
 ✓ src/lib/__tests__/performance-analytics.test.ts > PerformanceAlertSystem > 通知系统 > should handle webhook notifications 1ms 77 MB heap used
 ✓ src/lib/__tests__/performance-analytics.test.ts > PerformanceAlertSystem > 通知系统 > should handle webhook failures gracefully 1ms 77 MB heap used
 ✓ src/lib/__tests__/performance-analytics.test.ts > PerformanceAlertSystem > 警报历史记录 > should track alert history 0ms 77 MB heap used
 ✓ src/lib/__tests__/performance-analytics.test.ts > PerformanceAlertSystem > 警报历史记录 > should limit alert history size 0ms 77 MB heap used
 ✓ src/lib/__tests__/performance-analytics.test.ts > PerformanceAlertSystem > 警报历史记录 > should clear alert history 0ms 78 MB heap used
 ✓ src/lib/__tests__/enhanced-web-vitals-core.test.ts > Enhanced Web Vitals - Core Tests > Basic Functionality > should create collector instance 4ms 46 MB heap used
 ✓ src/lib/__tests__/enhanced-web-vitals-core.test.ts > Enhanced Web Vitals - Core Tests > Basic Functionality > should initialize with default options 1ms 47 MB heap used
 ✓ src/lib/__tests__/enhanced-web-vitals-core.test.ts > Enhanced Web Vitals - Core Tests > Basic Functionality > should start collecting metrics 1ms 47 MB heap used
 ✓ src/lib/__tests__/enhanced-web-vitals-core.test.ts > Enhanced Web Vitals - Core Tests > Basic Functionality > should stop collecting metrics 1ms 47 MB heap used
 ✓ src/lib/__tests__/enhanced-web-vitals-core.test.ts > Enhanced Web Vitals - Core Tests > Metric Collection > should collect CLS metric 2ms 47 MB heap used
 ✓ src/lib/__tests__/enhanced-web-vitals-core.test.ts > Enhanced Web Vitals - Core Tests > Metric Collection > should collect FID metric 1ms 48 MB heap used
 ✓ src/lib/__tests__/enhanced-web-vitals-core.test.ts > Enhanced Web Vitals - Core Tests > Metric Collection > should collect FCP metric 1ms 48 MB heap used
 ✓ src/lib/__tests__/enhanced-web-vitals-core.test.ts > Enhanced Web Vitals - Core Tests > Metric Collection > should collect LCP metric 1ms 48 MB heap used
 ✓ src/lib/__tests__/enhanced-web-vitals-core.test.ts > Enhanced Web Vitals - Core Tests > Metric Collection > should collect TTFB metric 1ms 49 MB heap used
 ✓ src/lib/__tests__/enhanced-web-vitals-core.test.ts > Enhanced Web Vitals - Core Tests > Metric Collection > should collect INP metric 1ms 49 MB heap used
 ✓ src/lib/__tests__/enhanced-web-vitals-core.test.ts > Enhanced Web Vitals - Core Tests > Performance Thresholds > should have correct CLS thresholds 0ms 49 MB heap used
 ✓ src/lib/__tests__/enhanced-web-vitals-core.test.ts > Enhanced Web Vitals - Core Tests > Performance Thresholds > should have correct FID thresholds 0ms 49 MB heap used
 ✓ src/lib/__tests__/enhanced-web-vitals-core.test.ts > Enhanced Web Vitals - Core Tests > Performance Thresholds > should have correct FCP thresholds 0ms 49 MB heap used
 ✓ src/lib/__tests__/enhanced-web-vitals-core.test.ts > Enhanced Web Vitals - Core Tests > Performance Thresholds > should have correct LCP thresholds 0ms 49 MB heap used
 ✓ src/lib/__tests__/enhanced-web-vitals-core.test.ts > Enhanced Web Vitals - Core Tests > Performance Thresholds > should have correct TTFB thresholds 1ms 50 MB heap used
 ✓ src/lib/__tests__/enhanced-web-vitals-core.test.ts > Enhanced Web Vitals - Core Tests > Performance Thresholds > should have correct INP thresholds 1ms 50 MB heap used
 ✓ src/lib/__tests__/enhanced-web-vitals-core.test.ts > Enhanced Web Vitals - Core Tests > Logging > should log good metrics 1ms 50 MB heap used
 ✓ src/lib/__tests__/enhanced-web-vitals-core.test.ts > Enhanced Web Vitals - Core Tests > Logging > should log poor metrics 0ms 50 MB heap used
 ✓ src/lib/__tests__/enhanced-web-vitals-core.test.ts > Enhanced Web Vitals - Core Tests > Error Handling > should handle missing web vitals gracefully 1ms 50 MB heap used
 ✓ src/lib/__tests__/enhanced-web-vitals-core.test.ts > Enhanced Web Vitals - Core Tests > Error Handling > should handle performance observer errors 1ms 51 MB heap used
 ✓ src/lib/__tests__/enhanced-web-vitals-core.test.ts > Enhanced Web Vitals - Core Tests > Configuration > should accept custom options 0ms 51 MB heap used
 ✓ src/lib/__tests__/enhanced-web-vitals-core.test.ts > Enhanced Web Vitals - Core Tests > Configuration > should handle invalid options gracefully 0ms 51 MB heap used
 ✓ src/lib/__tests__/enhanced-web-vitals-core.test.ts > Enhanced Web Vitals - Core Tests > Memory Management > should clean up resources on stop 1ms 51 MB heap used
 ✓ src/lib/__tests__/enhanced-web-vitals-core.test.ts > Enhanced Web Vitals - Core Tests > Memory Management > should handle multiple start/stop cycles 1ms 51 MB heap used
 ✓ src/lib/__tests__/i18n-validation.test.ts > i18n-validation Tests - Index > Basic validateTranslations > should validate complete translations successfully 5ms 66 MB heap used
 ✓ src/lib/__tests__/i18n-validation.test.ts > i18n-validation Tests - Index > Basic validateTranslations > should detect missing translation keys 1ms 66 MB heap used
 ✓ src/lib/__tests__/i18n-validation.test.ts > i18n-validation Tests - Index > Basic validateTranslations > should handle validation errors gracefully 1ms 66 MB heap used
 ✓ src/lib/__tests__/i18n-validation.test.ts > i18n-validation Tests - Index > Basic validateTranslations > should detect empty translation values 1ms 67 MB heap used
 ✓ src/lib/__tests__/i18n-validation.test.ts > i18n-validation Tests - Index > Basic validateTranslations > should handle nested translation structures 1ms 67 MB heap used
 ✓ src/lib/__tests__/i18n-validation.test.ts > i18n-validation Tests - Index > TranslationValidationResult interface > should have correct structure 1ms 68 MB heap used
 ✓ src/lib/__tests__/i18n-validation.test.ts > i18n-validation Tests - Index > TranslationValidationResult interface > should have correct error structure 1ms 68 MB heap used
 ✓ src/lib/__tests__/i18n-validation.test.ts > i18n-validation Tests - Index > Coverage calculation > should calculate coverage correctly for complete translations 1ms 68 MB heap used
 ✓ src/lib/__tests__/i18n-validation.test.ts > i18n-validation Tests - Index > Coverage calculation > should calculate coverage correctly for incomplete translations 1ms 69 MB heap used
 ✓ src/lib/__tests__/i18n-validation.test.ts > i18n-validation Tests - Index > Coverage calculation > should handle zero coverage gracefully 1ms 69 MB heap used
 ✓ src/lib/__tests__/i18n-validation.test.ts > i18n-validation Tests - Index > Error handling > should handle malformed translation files 1ms 69 MB heap used
 ✓ src/lib/__tests__/i18n-validation.test.ts > i18n-validation Tests - Index > Error handling > should handle missing translation files 1ms 69 MB heap used
 ✓ src/lib/__tests__/i18n-validation.test.ts > i18n-validation Tests - Index > Basic edge cases > should handle empty translation files 0ms 69 MB heap used
 ✓ src/lib/__tests__/i18n-validation.test.ts > i18n-validation Tests - Index > Basic edge cases > should handle null and undefined values 1ms 70 MB heap used
 ✓ src/lib/__tests__/i18n-validation.test.ts > i18n-validation Tests - Index > Basic edge cases > should handle mixed data types in translations 1ms 70 MB heap used
 ✓ src/lib/__tests__/i18n-validation.test.ts > i18n-validation Tests - Index > Performance tests > should handle large translation files efficiently 1ms 70 MB heap used
 ✓ src/constants/__tests__/index.test.ts > Constants Index Module > Module Exports > should be able to import the constants index module 4ms 62 MB heap used
 ✓ src/constants/__tests__/index.test.ts > Constants Index Module > Module Exports > should export all constant modules 9ms 64 MB heap used
 ✓ src/constants/__tests__/index.test.ts > Constants Index Module > Re-exported Constants > should re-export APP_CONSTANTS 1ms 64 MB heap used
 ✓ src/constants/__tests__/index.test.ts > Constants Index Module > Re-exported Constants > should re-export SECURITY_CONSTANTS 0ms 64 MB heap used
 ✓ src/constants/__tests__/index.test.ts > Constants Index Module > Re-exported Constants > should re-export SEO_CONSTANTS 0ms 64 MB heap used
 ✓ src/constants/__tests__/index.test.ts > Constants Index Module > Re-exported Constants > should re-export TEST_CONSTANTS 0ms 64 MB heap used
 ✓ src/constants/__tests__/index.test.ts > Constants Index Module > Module Structure > should have proper module structure 1ms 64 MB heap used
 ✓ src/constants/__tests__/index.test.ts > Constants Index Module > Module Structure > should have re-export statements 0ms 65 MB heap used
 ✓ src/constants/__tests__/index.test.ts > Constants Index Module > TypeScript Compilation > should compile without TypeScript errors 0ms 65 MB heap used
 ✓ src/constants/__tests__/index.test.ts > Constants Index Module > TypeScript Compilation > should import all modules successfully 1ms 65 MB heap used
 ✓ src/constants/__tests__/index.test.ts > Constants Index Module > Constants Availability > should make constants available through index 0ms 65 MB heap used
 ✓ src/constants/__tests__/index.test.ts > Constants Index Module > Constants Availability > should provide centralized access to all constants 0ms 65 MB heap used
 ✓ src/app/api/csp-report/__tests__/route-post-advanced.test.ts > CSP Report API Route - 高级功能测试 > 性能测试 > 应该在合理时间内处理大型报告 8ms 64 MB heap used
 ✓ src/app/api/csp-report/__tests__/route-post-advanced.test.ts > CSP Report API Route - 高级功能测试 > 性能测试 > 应该处理并发请求 6ms 66 MB heap used
 ✓ src/app/api/csp-report/__tests__/route-post-advanced.test.ts > CSP Report API Route - 高级功能测试 > 边界情况 > 应该处理null值 1ms 66 MB heap used
 ✓ src/app/api/csp-report/__tests__/route-post-advanced.test.ts > CSP Report API Route - 高级功能测试 > 边界情况 > 应该处理数字字段 1ms 67 MB heap used
 ✓ src/app/api/csp-report/__tests__/route-post-advanced.test.ts > CSP Report API Route - 高级功能测试 > 边界情况 > 应该处理布尔值字段 1ms 67 MB heap used
 ✓ src/app/api/csp-report/__tests__/route-post-advanced.test.ts > CSP Report API Route - 高级功能测试 > 边界情况 > 应该处理数组字段 1ms 68 MB heap used
 ✓ src/app/api/csp-report/__tests__/route-post-advanced.test.ts > CSP Report API Route - 高级功能测试 > Content-Type变体 > 应该处理带字符集的content type 1ms 68 MB heap used
 ✓ src/app/api/csp-report/__tests__/route-post-advanced.test.ts > CSP Report API Route - 高级功能测试 > Content-Type变体 > 应该处理大小写不敏感的content type 1ms 68 MB heap used
 ✓ src/app/api/csp-report/__tests__/route-post-advanced.test.ts > CSP Report API Route - 高级功能测试 > 日志记录 > 应该记录所有必要的CSP违规信息 2ms 68 MB heap used
 ✓ src/app/api/csp-report/__tests__/route-post-advanced.test.ts > CSP Report API Route - 高级功能测试 > 日志记录 > 应该记录处理统计信息 1ms 68 MB heap used
 ✓ src/lib/__tests__/colors-theme-validation.test.ts > Color Theme Validation and Edge Cases Tests > ColorSystem工具类 > should provide access to light theme colors 3ms 64 MB heap used
 ✓ src/lib/__tests__/colors-theme-validation.test.ts > Color Theme Validation and Edge Cases Tests > ColorSystem工具类 > should provide access to dark theme colors 1ms 65 MB heap used
 ✓ src/lib/__tests__/colors-theme-validation.test.ts > Color Theme Validation and Edge Cases Tests > ColorSystem工具类 > should provide utility functions 1ms 65 MB heap used
 ✓ src/lib/__tests__/colors-theme-validation.test.ts > Color Theme Validation and Edge Cases Tests > 主题颜色定义验证 > should have consistent color keys between light and dark themes 1ms 65 MB heap used
 ✓ src/lib/__tests__/colors-theme-validation.test.ts > Color Theme Validation and Edge Cases Tests > 主题颜色定义验证 > should have valid OKLCH values in light theme 3ms 67 MB heap used
 ✓ src/lib/__tests__/colors-theme-validation.test.ts > Color Theme Validation and Edge Cases Tests > 主题颜色定义验证 > should have valid OKLCH values in dark theme 3ms 69 MB heap used
 ✓ src/lib/__tests__/colors-theme-validation.test.ts > Color Theme Validation and Edge Cases Tests > 主题颜色定义验证 > should have reasonable lightness values 1ms 69 MB heap used
 ✓ src/lib/__tests__/colors-theme-validation.test.ts > Color Theme Validation and Edge Cases Tests > 主题颜色定义验证 > should have reasonable chroma values 1ms 69 MB heap used
 ✓ src/lib/__tests__/colors-theme-validation.test.ts > Color Theme Validation and Edge Cases Tests > 边缘情况处理 > should handle extreme lightness values 1ms 70 MB heap used
 ✓ src/lib/__tests__/colors-theme-validation.test.ts > Color Theme Validation and Edge Cases Tests > 边缘情况处理 > should handle extreme chroma values 0ms 70 MB heap used
 ✓ src/lib/__tests__/colors-theme-validation.test.ts > Color Theme Validation and Edge Cases Tests > 边缘情况处理 > should handle extreme hue values 0ms 70 MB heap used
 ✓ src/lib/__tests__/colors-theme-validation.test.ts > Color Theme Validation and Edge Cases Tests > 边缘情况处理 > should handle fractional alpha values 0ms 70 MB heap used
 ✓ src/lib/__tests__/colors-theme-validation.test.ts > Color Theme Validation and Edge Cases Tests > 边缘情况处理 > should handle very small numeric values 0ms 70 MB heap used
 ✓ src/lib/__tests__/colors-theme-validation.test.ts > Color Theme Validation and Edge Cases Tests > 边缘情况处理 > should handle very large numeric values 0ms 70 MB heap used
 ✓ src/lib/__tests__/colors-theme-validation.test.ts > Color Theme Validation and Edge Cases Tests > 边缘情况处理 > should handle scientific notation values 0ms 70 MB heap used
 ✓ src/lib/__tests__/colors-theme-validation.test.ts > Color Theme Validation and Edge Cases Tests > 边缘情况处理 > should handle mixed extreme values 0ms 70 MB heap used
 ✓ src/lib/__tests__/colors-theme-validation.test.ts > Color Theme Validation and Edge Cases Tests > 边缘情况处理 > should handle undefined properties gracefully 0ms 70 MB heap used
 ✓ src/lib/__tests__/colors-theme-validation.test.ts > Color Theme Validation and Edge Cases Tests > 边缘情况处理 > should handle null and undefined color objects 0ms 71 MB heap used
 ✓ src/lib/__tests__/colors-theme-validation.test.ts > Color Theme Validation and Edge Cases Tests > 边缘情况处理 > should handle empty color object 0ms 71 MB heap used
 ✓ src/lib/__tests__/colors-theme-validation.test.ts > Color Theme Validation and Edge Cases Tests > 边缘情况处理 > should handle color object with extra properties 0ms 71 MB heap used
 ✓ src/lib/__tests__/colors-theme-validation.test.ts > Color Theme Validation and Edge Cases Tests > 边缘情况处理 > should handle string values in numeric properties 0ms 71 MB heap used
 ✓ src/lib/__tests__/colors-theme-validation.test.ts > Color Theme Validation and Edge Cases Tests > 边缘情况处理 > should handle boolean values in numeric properties 0ms 71 MB heap used
 ✓ src/lib/__tests__/colors-theme-validation.test.ts > Color Theme Validation and Edge Cases Tests > 边缘情况处理 > should handle array values in numeric properties 0ms 71 MB heap used
 ✓ src/lib/__tests__/colors-theme-validation.test.ts > Color Theme Validation and Edge Cases Tests > 边缘情况处理 > should handle object values in numeric properties 0ms 71 MB heap used
 ✓ src/lib/__tests__/colors-theme-validation.test.ts > Color Theme Validation and Edge Cases Tests > 边缘情况处理 > should handle function values in numeric properties 0ms 71 MB heap used
 ✓ src/lib/__tests__/colors-theme-validation.test.ts > Color Theme Validation and Edge Cases Tests > 边缘情况处理 > should handle Symbol values in numeric properties 0ms 71 MB heap used
 ✓ src/lib/__tests__/colors-theme-validation.test.ts > Color Theme Validation and Edge Cases Tests > 边缘情况处理 > should handle BigInt values in numeric properties 0ms 71 MB heap used
 ✓ src/lib/__tests__/i18n-performance.test.ts > I18n Performance - Main Integration Tests > 核心函数导出验证 > should export all required functions 4ms 65 MB heap used
 ✓ src/lib/__tests__/i18n-performance.test.ts > I18n Performance - Main Integration Tests > 基本功能集成测试 > should load and cache messages for locale 1ms 65 MB heap used
 ✓ src/lib/__tests__/i18n-performance.test.ts > I18n Performance - Main Integration Tests > 基本功能集成测试 > should return cached messages on subsequent calls 1ms 65 MB heap used
 ✓ src/lib/__tests__/i18n-performance.test.ts > I18n Performance - Main Integration Tests > 基本功能集成测试 > should get all translations for locale 0ms 66 MB heap used
 ✓ src/lib/__tests__/i18n-performance.test.ts > I18n Performance - Main Integration Tests > 基本功能集成测试 > should get specific namespace translations 0ms 65 MB heap used
 ✓ src/lib/__tests__/i18n-performance.test.ts > I18n Performance - Main Integration Tests > 基本功能集成测试 > should preload translations for multiple locales 8ms 66 MB heap used
 ✓ src/lib/__tests__/i18n-performance.test.ts > I18n Performance - Main Integration Tests > 真实使用场景测试 > should work with real-world usage pattern 1ms 66 MB heap used
 ✓ src/lib/__tests__/i18n-performance.test.ts > I18n Performance - Main Integration Tests > 真实使用场景测试 > should handle cache warming scenario 1ms 66 MB heap used
 ✓ src/lib/__tests__/i18n-performance.test.ts > I18n Performance - Main Integration Tests > 真实使用场景测试 > should handle error scenarios gracefully 1ms 67 MB heap used
 ✓ src/lib/__tests__/i18n-performance.test.ts > I18n Performance - Main Integration Tests > 真实使用场景测试 > should maintain performance under load 2ms 68 MB heap used
 ✓ src/lib/__tests__/i18n-performance.test.ts > I18n Performance - Main Integration Tests > 真实使用场景测试 > should integrate with performance monitoring 0ms 68 MB heap used
 ✓ src/lib/__tests__/i18n-performance.test.ts > I18n Performance - Main Integration Tests > 错误处理和边界情况 > should handle empty locale array in preload 1ms 68 MB heap used
 ✓ src/lib/__tests__/i18n-performance.test.ts > I18n Performance - Main Integration Tests > 错误处理和边界情况 > should return empty object for non-existent namespace 0ms 68 MB heap used
 ✓ src/lib/__tests__/i18n-performance.test.ts > I18n Performance - Main Integration Tests > 错误处理和边界情况 > should handle missing locale gracefully 1ms 68 MB heap used
 ✓ src/lib/__tests__/content-parser.test.ts > content-parser > parseContentFile > should successfully parse a valid MDX file 7ms 71 MB heap used
 ✓ src/lib/__tests__/content-parser.test.ts > content-parser > parseContentFile > should throw ContentError when file does not exist 1ms 72 MB heap used
 ✓ src/lib/__tests__/content-parser.test.ts > content-parser > parseContentFile > should throw ContentError when file is too large 1ms 73 MB heap used
 ✓ src/lib/__tests__/content-parser.test.ts > content-parser > parseContentFile > should handle invalid file paths 1ms 73 MB heap used
 ✓ src/lib/__tests__/content-parser.test.ts > content-parser > parseContentFile > should handle file read errors 1ms 73 MB heap used
 ✓ src/lib/__tests__/content-parser.test.ts > content-parser > parseContentFile > should log warnings when content validation fails 1ms 74 MB heap used
 ✓ src/lib/__tests__/content-parser.test.ts > content-parser > parseContentFile > should extract slug from filename correctly 1ms 74 MB heap used
 ✓ src/lib/__tests__/content-parser.test.ts > content-parser > parseContentFile > should handle files without frontmatter 0ms 75 MB heap used
 ✓ src/lib/__tests__/content-parser.test.ts > content-parser > parseContentFile > should handle empty files 1ms 75 MB heap used
 ✓ src/lib/__tests__/content-parser.test.ts > content-parser > parseContentFile > should preserve file path in result 1ms 76 MB heap used
 ✓ src/lib/__tests__/content-parser.test.ts > content-parser > getContentFiles > should return all valid content files when no locale specified 1ms 76 MB heap used
 ✓ src/lib/__tests__/content-parser.test.ts > content-parser > getContentFiles > should filter files by locale when specified 0ms 76 MB heap used
 ✓ src/lib/__tests__/content-parser.test.ts > content-parser > getContentFiles > should filter Chinese locale files correctly 0ms 77 MB heap used
 ✓ src/lib/__tests__/content-parser.test.ts > content-parser > getContentFiles > should return empty array when directory does not exist 0ms 77 MB heap used
 ✓ src/lib/__tests__/content-parser.test.ts > content-parser > getContentFiles > should filter out non-markdown files 0ms 77 MB heap used
 ✓ src/lib/__tests__/content-parser.test.ts > content-parser > getContentFiles > should handle empty directory 0ms 78 MB heap used
 ✓ src/lib/__tests__/content-parser.test.ts > content-parser > getContentFiles > should handle directory read errors 1ms 78 MB heap used
 ✓ src/lib/__tests__/content-parser.test.ts > content-parser > getContentFiles > should validate content directory path 2ms 56 MB heap used
 ✓ src/hooks/__tests__/use-keyboard-navigation-events.test.ts > useKeyboardNavigation Events Tests > 键盘事件处理 > should handle keyboard navigation 10ms 52 MB heap used
 ✓ src/hooks/__tests__/use-keyboard-navigation-events.test.ts > useKeyboardNavigation Events Tests > 键盘事件处理 > should handle different arrow keys 2ms 53 MB heap used
 ✓ src/hooks/__tests__/use-keyboard-navigation-events.test.ts > useKeyboardNavigation Events Tests > 键盘事件处理 > should handle Home and End keys 1ms 53 MB heap used
 ✓ src/hooks/__tests__/use-keyboard-navigation-events.test.ts > useKeyboardNavigation Events Tests > 键盘事件处理 > should ignore non-navigation keys 1ms 54 MB heap used
 ✓ src/hooks/__tests__/use-keyboard-navigation-events.test.ts > useKeyboardNavigation Events Tests > 键盘事件处理 > should respect enabled state 1ms 55 MB heap used
 ✓ src/hooks/__tests__/use-keyboard-navigation-events.test.ts > useKeyboardNavigation Events Tests > 方向配置测试 > should handle horizontal orientation 1ms 55 MB heap used
 ✓ src/hooks/__tests__/use-keyboard-navigation-events.test.ts > useKeyboardNavigation Events Tests > 方向配置测试 > should handle vertical orientation 1ms 55 MB heap used
 ✓ src/hooks/__tests__/use-keyboard-navigation-events.test.ts > useKeyboardNavigation Events Tests > 方向配置测试 > should handle both orientation 1ms 55 MB heap used
 ✓ src/hooks/__tests__/use-keyboard-navigation-events.test.ts > useKeyboardNavigation Events Tests > 回调函数测试 > should call onNavigate callback 1ms 56 MB heap used
 ✓ src/hooks/__tests__/use-keyboard-navigation-events.test.ts > useKeyboardNavigation Events Tests > 回调函数测试 > should handle callback errors gracefully 1ms 56 MB heap used
 ✓ src/app/api/test-content/__tests__/route.test.ts > Test Content API Route > GET /api/test-content > 应该返回成功的内容管理系统状态 8ms 41 MB heap used
 ✓ src/app/api/test-content/__tests__/route.test.ts > Test Content API Route > GET /api/test-content > 应该返回正确的文章统计信息 2ms 41 MB heap used
 ✓ src/app/api/test-content/__tests__/route.test.ts > Test Content API Route > GET /api/test-content > 应该返回正确的页面统计信息 1ms 42 MB heap used
 ✓ src/app/api/test-content/__tests__/route.test.ts > Test Content API Route > GET /api/test-content > 应该返回内容统计信息 1ms 42 MB heap used
 ✓ src/app/api/test-content/__tests__/route.test.ts > Test Content API Route > GET /api/test-content > 应该返回功能特性信息 1ms 42 MB heap used
 ✓ src/app/api/test-content/__tests__/route.test.ts > Test Content API Route > GET /api/test-content > 应该处理空内容的情况 1ms 42 MB heap used
 ✓ src/app/api/test-content/__tests__/route.test.ts > Test Content API Route > GET /api/test-content > 应该处理缺失元数据的内容 1ms 42 MB heap used
 ✓ src/app/api/test-content/__tests__/route.test.ts > Test Content API Route > GET /api/test-content > 应该处理内容函数抛出错误的情况 1ms 43 MB heap used
 ✓ src/app/api/test-content/__tests__/route.test.ts > Test Content API Route > GET /api/test-content > 应该处理非Error类型的异常 1ms 43 MB heap used
 ✓ src/app/api/test-content/__tests__/route.test.ts > Test Content API Route > GET /api/test-content > 应该调用所有必需的内容函数 1ms 44 MB heap used
 ✓ src/app/api/test-content/__tests__/route.test.ts > Test Content API Route > GET /api/test-content > 应该返回NextResponse对象 1ms 44 MB heap used
 ✓ src/app/api/test-content/__tests__/route.test.ts > Test Content API Route > GET /api/test-content > 应该处理部分内容加载失败的情况 1ms 44 MB heap used
 ✓ src/app/api/test-content/__tests__/route.test.ts > Test Content API Route > 辅助函数测试 > getContentExample应该正确提取内容示例 1ms 44 MB heap used
 ✓ src/app/api/test-content/__tests__/route.test.ts > Test Content API Route > 辅助函数测试 > getPageExample应该正确提取页面示例 0ms 44 MB heap used
stderr | src/app/api/verify-turnstile/__tests__/route-core.test.ts > Verify Turnstile API Route - Core Tests > POST /api/verify-turnstile - Basic Functionality > 应该成功验证有效的Turnstile token
Turnstile verification: {
  success: [33mtrue[39m,
  hostname: [32m'localhost'[39m,
  challenge_ts: [32m'2023-01-01T00:00:00.000Z'[39m,
  action: [90mundefined[39m,
  clientIP: [32m'unknown'[39m,
  timestamp: [32m'2025-09-30T12:25:53.081Z'[39m
}

stderr | src/app/api/verify-turnstile/__tests__/route-core.test.ts > Verify Turnstile API Route - Core Tests > POST /api/verify-turnstile - Basic Functionality > 应该处理Turnstile验证失败
Turnstile verification: {
  success: [33mfalse[39m,
  hostname: [32m'localhost'[39m,
  challenge_ts: [1mnull[22m,
  action: [90mundefined[39m,
  clientIP: [32m'unknown'[39m,
  timestamp: [32m'2025-09-30T12:25:53.086Z'[39m
}
Turnstile verification failed: {
  errorCodes: [ [32m'invalid-input-response'[39m ],
  clientIP: [32m'unknown'[39m,
  timestamp: [32m'2025-09-30T12:25:53.086Z'[39m
}

stderr | src/app/api/verify-turnstile/__tests__/route-core.test.ts > Verify Turnstile API Route - Core Tests > Error Handling > 应该处理无效的JSON请求体
Error verifying Turnstile token {
  error: SyntaxError: Unexpected token 'i', "invalid-json" is not valid JSON
      at JSON.parse (<anonymous>)
  [90m    at parseJSONFromBytes (node:internal/deps/undici/undici:6221:19)[39m
  [90m    at successSteps (node:internal/deps/undici/undici:6202:27)[39m
  [90m    at readAllBytes (node:internal/deps/undici/undici:5164:13)[39m
}

stderr | src/app/api/verify-turnstile/__tests__/route-core.test.ts > Verify Turnstile API Route - Core Tests > Error Handling > 应该处理Cloudflare API网络错误
Error verifying Turnstile token {
  error: Error: Network error
      at [90m/Users/Data/Warehouse/Focus/tucsenberg-web-frontier/[39msrc/app/api/verify-turnstile/__tests__/route-core.test.ts:177:35
      at [90mfile:///Users/Data/Warehouse/Focus/tucsenberg-web-frontier/[39mnode_modules/[4m.pnpm[24m/@vitest+runner@3.2.4/node_modules/[4m@vitest/runner[24m/dist/chunk-hooks.js:155:11
      at [90mfile:///Users/Data/Warehouse/Focus/tucsenberg-web-frontier/[39mnode_modules/[4m.pnpm[24m/@vitest+runner@3.2.4/node_modules/[4m@vitest/runner[24m/dist/chunk-hooks.js:752:26
      at [90mfile:///Users/Data/Warehouse/Focus/tucsenberg-web-frontier/[39mnode_modules/[4m.pnpm[24m/@vitest+runner@3.2.4/node_modules/[4m@vitest/runner[24m/dist/chunk-hooks.js:1897:20
      at new Promise (<anonymous>)
      at runWithTimeout [90m(file:///Users/Data/Warehouse/Focus/tucsenberg-web-frontier/[39mnode_modules/[4m.pnpm[24m/@vitest+runner@3.2.4/node_modules/[4m@vitest/runner[24m/dist/chunk-hooks.js:1863:10[90m)[39m
      at runTest [90m(file:///Users/Data/Warehouse/Focus/tucsenberg-web-frontier/[39mnode_modules/[4m.pnpm[24m/@vitest+runner@3.2.4/node_modules/[4m@vitest/runner[24m/dist/chunk-hooks.js:1574:12[90m)[39m
      at runSuite [90m(file:///Users/Data/Warehouse/Focus/tucsenberg-web-frontier/[39mnode_modules/[4m.pnpm[24m/@vitest+runner@3.2.4/node_modules/[4m@vitest/runner[24m/dist/chunk-hooks.js:1729:8[90m)[39m
      at runSuite [90m(file:///Users/Data/Warehouse/Focus/tucsenberg-web-frontier/[39mnode_modules/[4m.pnpm[24m/@vitest+runner@3.2.4/node_modules/[4m@vitest/runner[24m/dist/chunk-hooks.js:1729:8[90m)[39m
      at runSuite [90m(file:///Users/Data/Warehouse/Focus/tucsenberg-web-frontier/[39mnode_modules/[4m.pnpm[24m/@vitest+runner@3.2.4/node_modules/[4m@vitest/runner[24m/dist/chunk-hooks.js:1729:8[90m)[39m
}

 ✓ src/app/api/verify-turnstile/__tests__/route-core.test.ts > Verify Turnstile API Route - Core Tests > POST /api/verify-turnstile - Basic Functionality > 应该成功验证有效的Turnstile token 9ms 40 MB heap used
 ✓ src/app/api/verify-turnstile/__tests__/route-core.test.ts > Verify Turnstile API Route - Core Tests > POST /api/verify-turnstile - Basic Functionality > 应该处理Turnstile验证失败 2ms 41 MB heap used
 ✓ src/app/api/verify-turnstile/__tests__/route-core.test.ts > Verify Turnstile API Route - Core Tests > POST /api/verify-turnstile - Basic Functionality > 应该处理缺少token的请求 1ms 41 MB heap used
 ✓ src/app/api/verify-turnstile/__tests__/route-core.test.ts > Verify Turnstile API Route - Core Tests > POST /api/verify-turnstile - Basic Functionality > 应该处理空token的请求 1ms 41 MB heap used
 ✓ src/app/api/verify-turnstile/__tests__/route-core.test.ts > Verify Turnstile API Route - Core Tests > GET /api/verify-turnstile - Health Check > 应该返回健康检查信息（配置已启用） 1ms 42 MB heap used
 ✓ src/app/api/verify-turnstile/__tests__/route-core.test.ts > Verify Turnstile API Route - Core Tests > Error Handling > 应该处理无效的JSON请求体 2ms 42 MB heap used
 ✓ src/app/api/verify-turnstile/__tests__/route-core.test.ts > Verify Turnstile API Route - Core Tests > Error Handling > 应该处理Cloudflare API网络错误 1ms 42 MB heap used
 ✓ src/lib/__tests__/validations.test.ts > validations - Schema Validation > contactFormSchema > should validate correct form data 4ms 58 MB heap used
 ✓ src/lib/__tests__/validations.test.ts > validations - Schema Validation > contactFormSchema > should reject form data with short first name 1ms 59 MB heap used
 ✓ src/lib/__tests__/validations.test.ts > validations - Schema Validation > contactFormSchema > should reject form data with long first name 1ms 59 MB heap used
 ✓ src/lib/__tests__/validations.test.ts > validations - Schema Validation > contactFormSchema > should reject form data with invalid first name characters 1ms 59 MB heap used
 ✓ src/lib/__tests__/validations.test.ts > validations - Schema Validation > contactFormSchema > should accept Chinese characters in names 0ms 59 MB heap used
 ✓ src/lib/__tests__/validations.test.ts > validations - Schema Validation > contactFormSchema > should reject invalid email format 0ms 59 MB heap used
 ✓ src/lib/__tests__/validations.test.ts > validations - Schema Validation > contactFormSchema > should convert email to lowercase 0ms 60 MB heap used
 ✓ src/lib/__tests__/validations.test.ts > validations - Schema Validation > contactFormSchema > should validate optional phone number 0ms 59 MB heap used
 ✓ src/lib/__tests__/validations.test.ts > validations - Schema Validation > contactFormSchema > should reject invalid phone number format 1ms 60 MB heap used
 ✓ src/lib/__tests__/validations.test.ts > validations - Schema Validation > contactFormSchema > should validate optional subject 1ms 60 MB heap used
 ✓ src/lib/__tests__/validations.test.ts > validations - Schema Validation > contactFormSchema > should reject subject that is too short 0ms 60 MB heap used
 ✓ src/lib/__tests__/validations.test.ts > validations - Schema Validation > contactFormSchema > should require privacy acceptance 0ms 60 MB heap used
 ✓ src/lib/__tests__/validations.test.ts > validations - Schema Validation > contactFormSchema > should validate optional marketing consent 0ms 60 MB heap used
 ✓ src/lib/__tests__/validations.test.ts > validations - Schema Validation > contactFormSchema > should reject honeypot field with content 0ms 60 MB heap used
 ✓ src/lib/__tests__/validations.test.ts > validations - API and Data Schemas > apiResponseSchema > should validate successful API response 0ms 60 MB heap used
 ✓ src/lib/__tests__/validations.test.ts > validations - API and Data Schemas > apiResponseSchema > should validate error API response 0ms 60 MB heap used
 ✓ src/lib/__tests__/validations.test.ts > validations - API and Data Schemas > apiResponseSchema > should validate minimal API response 0ms 60 MB heap used
 ✓ src/lib/__tests__/validations.test.ts > validations - API and Data Schemas > airtableRecordSchema > should validate correct Airtable record 1ms 61 MB heap used
 ✓ src/lib/__tests__/validations.test.ts > validations - API and Data Schemas > airtableRecordSchema > should set default status to New 0ms 61 MB heap used
 ✓ src/lib/__tests__/validations.test.ts > validations - API and Data Schemas > airtableRecordSchema > should set default source to Website Contact Form 0ms 61 MB heap used
 ✓ src/lib/__tests__/validations.test.ts > validations - API and Data Schemas > airtableRecordSchema > should validate with custom status 0ms 61 MB heap used
 ✓ src/lib/__tests__/validations.test.ts > validations - API and Data Schemas > emailTemplateDataSchema > should validate correct email template data 1ms 61 MB heap used
 ✓ src/lib/__tests__/validations.test.ts > validations - API and Data Schemas > emailTemplateDataSchema > should validate with optional fields 0ms 61 MB heap used
 ✓ src/lib/__tests__/validations.test.ts > validations - Helper Functions > validationHelpers > isEmailDomainAllowed > should allow all domains when no restrictions 0ms 61 MB heap used
 ✓ src/lib/__tests__/validations.test.ts > validations - Helper Functions > validationHelpers > isEmailDomainAllowed > should allow all domains when empty array provided 0ms 61 MB heap used
 ✓ src/lib/__tests__/validations.test.ts > validations - Helper Functions > validationHelpers > isEmailDomainAllowed > should allow email from allowed domain 0ms 62 MB heap used
 ✓ src/lib/__tests__/validations.test.ts > validations - Helper Functions > validationHelpers > isEmailDomainAllowed > should reject email from disallowed domain 0ms 62 MB heap used
 ✓ src/lib/__tests__/validations.test.ts > validations - Helper Functions > validationHelpers > isEmailDomainAllowed > should be case insensitive 0ms 62 MB heap used
 ✓ src/lib/__tests__/validations.test.ts > validations - Helper Functions > validationHelpers > sanitizeInput > should trim whitespace 0ms 62 MB heap used
 ✓ src/lib/__tests__/validations.test.ts > validations - Helper Functions > validationHelpers > sanitizeInput > should replace multiple spaces with single space 0ms 62 MB heap used
 ✓ src/lib/__tests__/validations.test.ts > validations - Helper Functions > validationHelpers > sanitizeInput > should remove HTML tags 0ms 62 MB heap used
 ✓ src/lib/__tests__/validations.test.ts > validations - Helper Functions > validationHelpers > isSpamContent > should detect spam keywords 0ms 62 MB heap used
 ✓ src/lib/__tests__/validations.test.ts > validations - Helper Functions > validationHelpers > isSpamContent > should be case insensitive 0ms 62 MB heap used
 ✓ src/lib/__tests__/validations.test.ts > validations - Helper Functions > validationHelpers > isSpamContent > should allow legitimate content 0ms 62 MB heap used
 ✓ src/lib/__tests__/validations.test.ts > validations - Helper Functions > validationHelpers > isSubmissionRateLimited > should not rate limit when no previous submission 1ms 62 MB heap used
 ✓ src/lib/__tests__/validations.test.ts > validations - Helper Functions > validationHelpers > isSubmissionRateLimited > should rate limit recent submissions 0ms 62 MB heap used
 ✓ src/lib/__tests__/validations.test.ts > validations - Helper Functions > validationHelpers > isSubmissionRateLimited > should not rate limit old submissions 0ms 63 MB heap used
 ✓ src/lib/__tests__/validations.test.ts > validations - Configuration and Types > validationConfig > should have correct default configuration 1ms 63 MB heap used
 ✓ src/lib/__tests__/validations.test.ts > validations - Configuration and Types > validationConfig > should have correct required fields 1ms 63 MB heap used
 ✓ src/lib/__tests__/validations.test.ts > validations - Configuration and Types > validationConfig > should have correct optional fields 0ms 63 MB heap used
 ✓ src/lib/__tests__/validations.test.ts > validations - Configuration and Types > TypeScript types > should infer correct ContactFormData type 0ms 63 MB heap used
 ✓ src/lib/__tests__/validations.test.ts > validations - Configuration and Types > TypeScript types > should define FormValidationError interface 0ms 63 MB heap used
 ✓ src/lib/__tests__/validations.test.ts > validations - Configuration and Types > TypeScript types > should define FormSubmissionStatus type 0ms 63 MB heap used
 ✓ src/app/api/csp-report/__tests__/route-post-security.test.ts > CSP Report API Route - 安全性测试 > 恶意输入处理 > 应该处理恶意的超长字符串 8ms 64 MB heap used
 ✓ src/app/api/csp-report/__tests__/route-post-security.test.ts > CSP Report API Route - 安全性测试 > 恶意输入处理 > 应该处理包含特殊字符的报告 2ms 64 MB heap used
 ✓ src/app/api/csp-report/__tests__/route-post-security.test.ts > CSP Report API Route - 安全性测试 > 恶意输入处理 > 应该处理Unicode字符 2ms 65 MB heap used
 ✓ src/app/api/csp-report/__tests__/route-post-security.test.ts > CSP Report API Route - 安全性测试 > 恶意输入处理 > 应该处理深度嵌套的对象 1ms 65 MB heap used
 ✓ src/app/api/csp-report/__tests__/route-post-security.test.ts > CSP Report API Route - 安全性测试 > 注入攻击防护 > 应该防护SQL注入尝试 1ms 65 MB heap used
 ✓ src/app/api/csp-report/__tests__/route-post-security.test.ts > CSP Report API Route - 安全性测试 > 注入攻击防护 > 应该防护NoSQL注入尝试 1ms 66 MB heap used
 ✓ src/app/api/csp-report/__tests__/route-post-security.test.ts > CSP Report API Route - 安全性测试 > 注入攻击防护 > 应该防护命令注入尝试 1ms 66 MB heap used
 ✓ src/app/api/contact/__tests__/route-post.test.ts > Contact API Route - POST Tests > 表单数据验证 > 应该成功处理有效的表单提交 8ms 64 MB heap used
 ✓ src/app/api/contact/__tests__/route-post.test.ts > Contact API Route - POST Tests > 表单数据验证 > 应该处理无效的表单数据 1ms 65 MB heap used
 ✓ src/app/api/contact/__tests__/route-post.test.ts > Contact API Route - POST Tests > 表单数据验证 > 应该处理JSON解析错误 2ms 65 MB heap used
 ✓ src/app/api/contact/__tests__/route-post.test.ts > Contact API Route - POST Tests > Turnstile安全验证 > 应该处理Turnstile验证失败 1ms 65 MB heap used
 ✓ src/app/api/contact/__tests__/route-post.test.ts > Contact API Route - POST Tests > Turnstile安全验证 > 应该处理Turnstile服务不可用 1ms 66 MB heap used
 ✓ src/app/api/contact/__tests__/route-post.test.ts > Contact API Route - POST Tests > 服务集成测试 > 应该处理服务不可用的情况 1ms 66 MB heap used
 ✓ src/app/api/contact/__tests__/route-post.test.ts > Contact API Route - POST Tests > 服务集成测试 > 应该处理Airtable服务错误 1ms 66 MB heap used
 ✓ src/app/api/contact/__tests__/route-post.test.ts > Contact API Route - POST Tests > 服务集成测试 > 应该处理Resend服务错误 1ms 66 MB heap used
 ✓ src/app/api/monitoring/dashboard/__tests__/route-core.test.ts > Monitoring Dashboard API Route - 核心功能测试 > 有效监控数据处理 > 应该成功处理Web Vitals数据 8ms 43 MB heap used
 ✓ src/app/api/monitoring/dashboard/__tests__/route-core.test.ts > Monitoring Dashboard API Route - 核心功能测试 > 有效监控数据处理 > 应该成功处理性能监控数据 2ms 44 MB heap used
 ✓ src/app/api/monitoring/dashboard/__tests__/route-core.test.ts > Monitoring Dashboard API Route - 核心功能测试 > 有效监控数据处理 > 应该成功处理错误监控数据 1ms 44 MB heap used
 ✓ src/app/api/monitoring/dashboard/__tests__/route-core.test.ts > Monitoring Dashboard API Route - 核心功能测试 > 基础验证 > 应该拒绝空请求体 2ms 45 MB heap used
 ✓ src/app/api/monitoring/dashboard/__tests__/route-core.test.ts > Monitoring Dashboard API Route - 核心功能测试 > 基础验证 > 应该拒绝无效的JSON 1ms 45 MB heap used
 ✓ src/app/api/monitoring/dashboard/__tests__/route-core.test.ts > Monitoring Dashboard API Route - 核心功能测试 > 基础验证 > 应该拒绝缺少必需字段的数据 2ms 45 MB heap used
 ✓ src/app/api/monitoring/dashboard/__tests__/route-core.test.ts > Monitoring Dashboard API Route - 核心功能测试 > 基础验证 > 应该拒绝无效的source值 1ms 45 MB heap used
 ✓ src/app/api/monitoring/dashboard/__tests__/route-core.test.ts > Monitoring Dashboard API Route - 核心功能测试 > Content-Type验证 > 应该接受application/json content type 1ms 46 MB heap used
 ✓ src/app/api/monitoring/dashboard/__tests__/route-core.test.ts > Monitoring Dashboard API Route - 核心功能测试 > Content-Type验证 > 应该拒绝不支持的content type 1ms 46 MB heap used
 ✓ src/app/api/monitoring/dashboard/__tests__/route-core.test.ts > Monitoring Dashboard API Route - 核心功能测试 > Content-Type验证 > 应该拒绝缺少content type的请求 1ms 46 MB heap used
stderr | src/lib/__tests__/i18n-cache-advanced.test.ts > I18nCacheManager - Advanced Functionality > persistence > should handle corrupted localStorage data gracefully
Failed to load cache from storage: SyntaxError: Unexpected token 'i', "invalid json" is not valid JSON
    at JSON.parse (<anonymous>)
    at LRUCache.loadFromStorage [90m(/Users/Data/Warehouse/Focus/tucsenberg-web-frontier/[39msrc/lib/i18n-lru-cache.ts:269:27[90m)[39m
    at new LRUCache [90m(/Users/Data/Warehouse/Focus/tucsenberg-web-frontier/[39msrc/lib/i18n-lru-cache.ts:29:12[90m)[39m
    at new I18nCacheManager [90m(/Users/Data/Warehouse/Focus/tucsenberg-web-frontier/[39msrc/lib/i18n-cache-manager.ts:58:18[90m)[39m
    at [90m/Users/Data/Warehouse/Focus/tucsenberg-web-frontier/[39msrc/lib/__tests__/i18n-cache-advanced.test.ts:311:9
    at Proxy.assertThrows [90m(file:///Users/Data/Warehouse/Focus/tucsenberg-web-frontier/[39mnode_modules/[4m.pnpm[24m/chai@5.3.3/node_modules/[4mchai[24m/index.js:2767:5[90m)[39m
    at Proxy.methodWrapper [90m(file:///Users/Data/Warehouse/Focus/tucsenberg-web-frontier/[39mnode_modules/[4m.pnpm[24m/chai@5.3.3/node_modules/[4mchai[24m/index.js:1686:25[90m)[39m
    at Proxy.<anonymous> [90m(file:///Users/Data/Warehouse/Focus/tucsenberg-web-frontier/[39mnode_modules/[4m.pnpm[24m/@vitest+expect@3.2.4/node_modules/[4m@vitest/expect[24m/dist/index.js:1088:12[90m)[39m
    at Proxy.overwritingMethodWrapper [90m(file:///Users/Data/Warehouse/Focus/tucsenberg-web-frontier/[39mnode_modules/[4m.pnpm[24m/chai@5.3.3/node_modules/[4mchai[24m/index.js:1735:33[90m)[39m
    at Proxy.<anonymous> [90m(file:///Users/Data/Warehouse/Focus/tucsenberg-web-frontier/[39mnode_modules/[4m.pnpm[24m/@vitest+expect@3.2.4/node_modules/[4m@vitest/expect[24m/dist/index.js:1420:16[90m)[39m

 ✓ src/lib/__tests__/i18n-cache-advanced.test.ts > I18nCacheManager - Advanced Functionality > preloading functionality > should preload messages for specific locale 4ms 44 MB heap used
 ✓ src/lib/__tests__/i18n-cache-advanced.test.ts > I18nCacheManager - Advanced Functionality > preloading functionality > should preload messages for all locales 1ms 45 MB heap used
 ✓ src/lib/__tests__/i18n-cache-advanced.test.ts > I18nCacheManager - Advanced Functionality > preloading functionality > should handle warmup cache without errors 1ms 44 MB heap used
 ✓ src/lib/__tests__/i18n-cache-advanced.test.ts > I18nCacheManager - Advanced Functionality > preloading functionality > should preload messages efficiently 1ms 45 MB heap used
 ✓ src/lib/__tests__/i18n-cache-advanced.test.ts > I18nCacheManager - Advanced Functionality > metrics collection > should record locale usage 1ms 45 MB heap used
 ✓ src/lib/__tests__/i18n-cache-advanced.test.ts > I18nCacheManager - Advanced Functionality > metrics collection > should calculate cache hit rate correctly 0ms 45 MB heap used
 ✓ src/lib/__tests__/i18n-cache-advanced.test.ts > I18nCacheManager - Advanced Functionality > metrics collection > should track translation coverage 0ms 45 MB heap used
 ✓ src/lib/__tests__/i18n-cache-advanced.test.ts > I18nCacheManager - Advanced Functionality > metrics collection > should measure load time performance 0ms 46 MB heap used
 ✓ src/lib/__tests__/i18n-cache-advanced.test.ts > I18nCacheManager - Advanced Functionality > metrics collection > should track error rate when errors occur 1ms 46 MB heap used
 ✓ src/lib/__tests__/i18n-cache-advanced.test.ts > I18nCacheManager - Advanced Functionality > persistence > should save to localStorage when persistence is enabled 1ms 46 MB heap used
 ✓ src/lib/__tests__/i18n-cache-advanced.test.ts > I18nCacheManager - Advanced Functionality > persistence > should load from localStorage when persistence is enabled 0ms 46 MB heap used
 ✓ src/lib/__tests__/i18n-cache-advanced.test.ts > I18nCacheManager - Advanced Functionality > persistence > should handle corrupted localStorage data gracefully 3ms 47 MB heap used
 ✓ src/lib/__tests__/i18n-cache-advanced.test.ts > I18nCacheManager - Advanced Functionality > persistence > should respect cache expiration in localStorage 1ms 47 MB heap used
 ✓ src/lib/__tests__/i18n-cache-advanced.test.ts > I18nCacheManager - Advanced Functionality > persistence > should handle localStorage quota exceeded 0ms 48 MB heap used
 ✓ src/lib/__tests__/i18n-cache-advanced.test.ts > I18nCacheManager - Advanced Functionality > persistence > should work in environments without localStorage 0ms 48 MB heap used
 ✓ src/lib/__tests__/i18n-cache-advanced.test.ts > I18nCacheManager - Advanced Functionality > performance optimization > should handle concurrent requests efficiently 0ms 48 MB heap used
 ✓ src/lib/__tests__/i18n-cache-advanced.test.ts > I18nCacheManager - Advanced Functionality > performance optimization > should maintain performance under load 1ms 48 MB heap used
 ✓ src/lib/__tests__/i18n-cache-advanced.test.ts > I18nCacheManager - Advanced Functionality > performance optimization > should optimize memory usage with LRU eviction 0ms 49 MB heap used
 ✓ src/lib/__tests__/i18n-cache-advanced.test.ts > I18nCacheManager - Advanced Functionality > performance optimization > should handle cache warming efficiently 1ms 49 MB heap used
 ✓ src/types/__tests__/index.test.ts > Types Index Module > Module Exports > should be able to import the types index module 3ms 60 MB heap used
 ✓ src/types/__tests__/index.test.ts > Types Index Module > Module Exports > should export types from global module 7ms 61 MB heap used
 ✓ src/types/__tests__/index.test.ts > Types Index Module > Module Exports > should export types from test-types module 1ms 61 MB heap used
 ✓ src/types/__tests__/index.test.ts > Types Index Module > Module Structure > should have proper module structure 1ms 61 MB heap used
 ✓ src/types/__tests__/index.test.ts > Types Index Module > Module Structure > should export from global types 0ms 61 MB heap used
 ✓ src/types/__tests__/index.test.ts > Types Index Module > Module Structure > should export from test-types 0ms 61 MB heap used
 ✓ src/types/__tests__/index.test.ts > Types Index Module > TypeScript Compilation > should compile without TypeScript errors 0ms 61 MB heap used
 ✓ src/lib/__tests__/content-validation.test.ts > content-validation > validateContentMetadata > required fields validation > should pass validation with all required fields 4ms 43 MB heap used
 ✓ src/lib/__tests__/content-validation.test.ts > content-validation > validateContentMetadata > required fields validation > should fail validation when title is missing 1ms 44 MB heap used
 ✓ src/lib/__tests__/content-validation.test.ts > content-validation > validateContentMetadata > required fields validation > should fail validation when publishedAt is missing 1ms 44 MB heap used
 ✓ src/lib/__tests__/content-validation.test.ts > content-validation > validateContentMetadata > required fields validation > should fail validation when both title and publishedAt are missing 1ms 44 MB heap used
 ✓ src/lib/__tests__/content-validation.test.ts > content-validation > validateContentMetadata > required fields validation > should handle empty string title as missing 0ms 44 MB heap used
 ✓ src/lib/__tests__/content-validation.test.ts > content-validation > validateContentMetadata > required fields validation > should handle null values as missing 0ms 44 MB heap used
 ✓ src/lib/__tests__/content-validation.test.ts > content-validation > validateContentMetadata > date validation > should pass validation with valid ISO date strings 1ms 44 MB heap used
 ✓ src/lib/__tests__/content-validation.test.ts > content-validation > validateContentMetadata > date validation > should pass validation with simple date strings 1ms 44 MB heap used
 ✓ src/lib/__tests__/content-validation.test.ts > content-validation > validateContentMetadata > date validation > should fail validation with invalid publishedAt date 1ms 45 MB heap used
 ✓ src/lib/__tests__/content-validation.test.ts > content-validation > validateContentMetadata > date validation > should fail validation with invalid updatedAt date 0ms 45 MB heap used
 ✓ src/lib/__tests__/content-validation.test.ts > content-validation > validateContentMetadata > date validation > should fail validation with both invalid dates 0ms 45 MB heap used
 ✓ src/lib/__tests__/content-validation.test.ts > content-validation > validateContentMetadata > date validation > should handle missing updatedAt gracefully 0ms 45 MB heap used
 ✓ src/lib/__tests__/content-validation.test.ts > content-validation > validateContentMetadata > type-specific validation > should warn about missing excerpt for blog posts 0ms 45 MB heap used
 ✓ src/lib/__tests__/content-validation.test.ts > content-validation > validateContentMetadata > type-specific validation > should warn about missing tags for blog posts 0ms 45 MB heap used
 ✓ src/lib/__tests__/content-validation.test.ts > content-validation > validateContentMetadata > type-specific validation > should warn about empty tags array for blog posts 0ms 45 MB heap used
 ✓ src/lib/__tests__/content-validation.test.ts > content-validation > validateContentMetadata > type-specific validation > should not warn about missing excerpt/tags for non-blog content 0ms 45 MB heap used
 ✓ src/lib/__tests__/content-validation.test.ts > content-validation > validateContentMetadata > type-specific validation > should handle different content types correctly 0ms 46 MB heap used
 ✓ src/lib/__tests__/content-validation.test.ts > content-validation > validateContentMetadata > SEO validation > should pass validation with proper SEO fields 1ms 46 MB heap used
 ✓ src/lib/__tests__/content-validation.test.ts > content-validation > validateContentMetadata > SEO validation > should warn about long SEO title 0ms 46 MB heap used
 ✓ src/lib/__tests__/content-validation.test.ts > content-validation > validateContentMetadata > SEO validation > should warn about long SEO description 0ms 46 MB heap used
 ✓ src/lib/__tests__/content-validation.test.ts > content-validation > validateContentMetadata > SEO validation > should handle missing SEO object gracefully 0ms 46 MB heap used
 ✓ src/lib/__tests__/content-validation.test.ts > content-validation > validateContentMetadata > SEO validation > should handle null SEO object 0ms 46 MB heap used
 ✓ src/lib/__tests__/content-validation.test.ts > content-validation > validateContentMetadata > SEO validation > should handle SEO object with missing fields 0ms 46 MB heap used
 ✓ src/lib/__tests__/content-validation.test.ts > content-validation > validateContentMetadata > SEO validation > should handle non-string SEO fields 0ms 46 MB heap used
 ✓ src/lib/__tests__/content-validation.test.ts > content-validation > validateContentMetadata > edge cases > should handle empty metadata object 0ms 46 MB heap used
 ✓ src/lib/__tests__/content-validation.test.ts > content-validation > validateContentMetadata > edge cases > should handle metadata with unexpected fields 0ms 47 MB heap used
 ✓ src/lib/__tests__/content-validation.test.ts > content-validation > validateContentMetadata > edge cases > should combine multiple errors and warnings 0ms 47 MB heap used
 ✓ src/lib/__tests__/i18n-cache-basic.test.ts > I18nCacheManager - Basic Functionality > initialization > should create cache manager with default config 4ms 67 MB heap used
 ✓ src/lib/__tests__/i18n-cache-basic.test.ts > I18nCacheManager - Basic Functionality > initialization > should create cache manager with custom config 1ms 67 MB heap used
 ✓ src/lib/__tests__/i18n-cache-basic.test.ts > I18nCacheManager - Basic Functionality > initialization > should initialize metrics with default values 1ms 67 MB heap used
 ✓ src/lib/__tests__/i18n-cache-basic.test.ts > I18nCacheManager - Basic Functionality > message loading and caching > should load and cache English messages 1ms 68 MB heap used
 ✓ src/lib/__tests__/i18n-cache-basic.test.ts > I18nCacheManager - Basic Functionality > message loading and caching > should load and cache Chinese messages 1ms 67 MB heap used
 ✓ src/lib/__tests__/i18n-cache-basic.test.ts > I18nCacheManager - Basic Functionality > message loading and caching > should return cached messages on subsequent calls 1ms 68 MB heap used
 ✓ src/lib/__tests__/i18n-cache-basic.test.ts > I18nCacheManager - Basic Functionality > message loading and caching > should handle multiple locales independently 1ms 68 MB heap used
 ✓ src/lib/__tests__/i18n-cache-basic.test.ts > I18nCacheManager - Basic Functionality > basic cache operations > should provide cache statistics 0ms 68 MB heap used
 ✓ src/lib/__tests__/i18n-cache-basic.test.ts > I18nCacheManager - Basic Functionality > basic cache operations > should clear cache when requested 1ms 69 MB heap used
 ✓ src/lib/__tests__/i18n-cache-basic.test.ts > I18nCacheManager - Basic Functionality > basic cache operations > should handle cache expiration with TTL 1ms 69 MB heap used
 ✓ src/lib/__tests__/i18n-cache-basic.test.ts > I18nCacheManager - Basic Functionality > basic cache operations > should handle cache size limits with LRU eviction 0ms 69 MB heap used
 ✓ src/lib/__tests__/i18n-cache-basic.test.ts > I18nCacheManager - Basic Functionality > basic cache operations > should track performance metrics correctly 0ms 69 MB heap used
 ✓ src/lib/__tests__/i18n-cache-basic.test.ts > I18nCacheManager - Basic Functionality > basic cache operations > should reset metrics when requested 0ms 69 MB heap used
 ✓ src/lib/__tests__/i18n-cache-basic.test.ts > I18nCacheManager - Basic Functionality > global instance > should provide global cache instance 0ms 69 MB heap used
 ✓ src/lib/__tests__/i18n-cache-basic.test.ts > I18nCacheManager - Basic Functionality > global instance > should allow access to global cache methods 1ms 70 MB heap used
 ✓ src/lib/__tests__/i18n-cache-basic.test.ts > I18nCacheManager - Basic Functionality > global instance > should maintain state across global instance calls 0ms 70 MB heap used
 ✓ src/app/api/monitoring/dashboard/__tests__/route-advanced.test.ts > Monitoring Dashboard API Route - 高级功能测试 > 复杂监控数据处理 > 应该处理包含多种指标的复合数据 8ms 44 MB heap used
 ✓ src/app/api/monitoring/dashboard/__tests__/route-advanced.test.ts > Monitoring Dashboard API Route - 高级功能测试 > 复杂监控数据处理 > 应该处理嵌套的监控数据结构 1ms 44 MB heap used
 ✓ src/app/api/monitoring/dashboard/__tests__/route-advanced.test.ts > Monitoring Dashboard API Route - 高级功能测试 > 复杂监控数据处理 > 应该处理批量监控数据 1ms 45 MB heap used
 ✓ src/app/api/monitoring/dashboard/__tests__/route-advanced.test.ts > Monitoring Dashboard API Route - 高级功能测试 > 边界情况处理 > 应该处理极大的数值 1ms 45 MB heap used
 ✓ src/app/api/monitoring/dashboard/__tests__/route-advanced.test.ts > Monitoring Dashboard API Route - 高级功能测试 > 边界情况处理 > 应该处理负数值 1ms 45 MB heap used
 ✓ src/app/api/monitoring/dashboard/__tests__/route-advanced.test.ts > Monitoring Dashboard API Route - 高级功能测试 > 边界情况处理 > 应该处理零值 1ms 46 MB heap used
 ✓ src/app/api/monitoring/dashboard/__tests__/route-advanced.test.ts > Monitoring Dashboard API Route - 高级功能测试 > 边界情况处理 > 应该处理浮点数精度问题 1ms 46 MB heap used
 ✓ src/lib/__tests__/web-vitals-monitor.test.ts > WebVitalsMonitor > 构造函数和初始化 > 应该正确初始化WebVitalsMonitor 4ms 38 MB heap used
 ✓ src/lib/__tests__/web-vitals-monitor.test.ts > WebVitalsMonitor > 构造函数和初始化 > 应该能够获取单例实例 1ms 39 MB heap used
 ✓ src/lib/__tests__/web-vitals-monitor.test.ts > WebVitalsMonitor > 性能指标收集 > 应该能够记录CLS指标 1ms 39 MB heap used
 ✓ src/lib/__tests__/web-vitals-monitor.test.ts > WebVitalsMonitor > 性能指标收集 > 应该能够记录FID指标 1ms 39 MB heap used
 ✓ src/lib/__tests__/web-vitals-monitor.test.ts > WebVitalsMonitor > 性能指标收集 > 应该能够记录LCP指标 1ms 39 MB heap used
 ✓ src/lib/__tests__/web-vitals-monitor.test.ts > WebVitalsMonitor > 性能指标收集 > 应该能够获取性能摘要 1ms 40 MB heap used
 ✓ src/lib/__tests__/web-vitals-monitor.test.ts > WebVitalsMonitor > 指标评级 > 应该正确评级CLS指标 1ms 40 MB heap used
 ✓ src/lib/__tests__/web-vitals-monitor.test.ts > WebVitalsMonitor > 指标评级 > 应该正确评级FID指标 1ms 40 MB heap used
 ✓ src/lib/__tests__/web-vitals-monitor.test.ts > WebVitalsMonitor > 指标评级 > 应该正确评级LCP指标 1ms 41 MB heap used
 ✓ src/lib/__tests__/web-vitals-monitor.test.ts > WebVitalsMonitor > 指标评级 > 应该能够发送性能报告 1ms 41 MB heap used
 ✓ src/lib/__tests__/web-vitals-monitor.test.ts > WebVitalsMonitor > 性能指标记录 > 应该能够记录FCP指标 1ms 42 MB heap used
 ✓ src/lib/__tests__/web-vitals-monitor.test.ts > WebVitalsMonitor > 性能指标记录 > 应该能够记录TTFB指标 1ms 42 MB heap used
 ✓ src/lib/__tests__/web-vitals-monitor.test.ts > WebVitalsMonitor > 性能指标记录 > 应该能够清理监控器 1ms 42 MB heap used
 ✓ src/lib/__tests__/web-vitals-monitor.test.ts > WebVitalsMonitor > 性能指标记录 > 应该能够处理多个指标 1ms 43 MB heap used
 ✓ src/lib/__tests__/web-vitals-monitor.test.ts > WebVitalsMonitor > 错误处理 > 应该处理浏览器环境检测 0ms 43 MB heap used
 ✓ src/lib/__tests__/web-vitals-monitor.test.ts > WebVitalsMonitor > 错误处理 > 应该处理无效的指标值 1ms 43 MB heap used
 ✓ src/lib/__tests__/web-vitals-monitor.test.ts > WebVitalsMonitor > 错误处理 > 应该处理极端指标值 1ms 44 MB heap used
 ✓ src/lib/__tests__/web-vitals-monitor.test.ts > WebVitalsMonitor > 性能摘要测试 > 应该能够生成完整的性能摘要 1ms 44 MB heap used
 ✓ src/lib/__tests__/web-vitals-monitor.test.ts > WebVitalsMonitor > 性能摘要测试 > 应该能够处理部分指标 1ms 45 MB heap used
 ✓ src/lib/__tests__/web-vitals-monitor.test.ts > WebVitalsMonitor > 性能摘要测试 > 应该能够计算正确的性能评分 0ms 45 MB heap used
 ✓ src/lib/__tests__/i18n-validation-basic.test.ts > i18n-validation Basic Tests > Basic validateTranslations > should validate complete translations successfully 5ms 65 MB heap used
 ✓ src/lib/__tests__/i18n-validation-basic.test.ts > i18n-validation Basic Tests > Basic validateTranslations > should detect missing translation keys 1ms 65 MB heap used
 ✓ src/lib/__tests__/i18n-validation-basic.test.ts > i18n-validation Basic Tests > Basic validateTranslations > should handle validation errors gracefully 1ms 65 MB heap used
 ✓ src/lib/__tests__/i18n-validation-basic.test.ts > i18n-validation Basic Tests > Basic validateTranslations > should identify inconsistent placeholder usage 1ms 66 MB heap used
 ✓ src/lib/__tests__/i18n-validation-basic.test.ts > i18n-validation Basic Tests > Basic validateTranslations > should detect empty translation values 0ms 66 MB heap used
 ✓ src/lib/__tests__/i18n-validation-basic.test.ts > i18n-validation Basic Tests > Basic validateTranslations > should handle nested translation structures 0ms 66 MB heap used
 ✓ src/lib/__tests__/i18n-validation-basic.test.ts > i18n-validation Basic Tests > Basic validateTranslations > should validate translation completeness across all locales 1ms 66 MB heap used
 ✓ src/lib/__tests__/i18n-validation-basic.test.ts > i18n-validation Basic Tests > TranslationValidationResult interface > should have correct structure 1ms 67 MB heap used
 ✓ src/lib/__tests__/i18n-validation-basic.test.ts > i18n-validation Basic Tests > TranslationValidationResult interface > should have correct error structure 1ms 68 MB heap used
 ✓ src/lib/__tests__/i18n-validation-basic.test.ts > i18n-validation Basic Tests > TranslationValidationResult interface > should have correct warning structure 1ms 68 MB heap used
 ✓ src/lib/__tests__/i18n-validation-basic.test.ts > i18n-validation Basic Tests > Coverage calculation > should calculate coverage correctly for complete translations 0ms 68 MB heap used
 ✓ src/lib/__tests__/i18n-validation-basic.test.ts > i18n-validation Basic Tests > Coverage calculation > should calculate coverage correctly for incomplete translations 0ms 68 MB heap used
 ✓ src/lib/__tests__/i18n-validation-basic.test.ts > i18n-validation Basic Tests > Coverage calculation > should handle zero coverage gracefully 0ms 68 MB heap used
 ✓ src/lib/__tests__/i18n-validation-basic.test.ts > i18n-validation Basic Tests > Error handling > should handle malformed translation files 1ms 69 MB heap used
 ✓ src/lib/__tests__/i18n-validation-basic.test.ts > i18n-validation Basic Tests > Error handling > should handle missing translation files 1ms 69 MB heap used
 ✓ src/lib/__tests__/locale-detection.test.ts > SmartLocaleDetector > detectFromBrowser > should detect English from browser language 3ms 68 MB heap used
 ✓ src/lib/__tests__/locale-detection.test.ts > SmartLocaleDetector > detectFromBrowser > should detect Chinese from browser language 1ms 69 MB heap used
 ✓ src/lib/__tests__/locale-detection.test.ts > SmartLocaleDetector > detectFromBrowser > should handle Chinese variants correctly 1ms 69 MB heap used
 ✓ src/lib/__tests__/locale-detection.test.ts > SmartLocaleDetector > detectFromBrowser > should handle English variants correctly 0ms 69 MB heap used
 ✓ src/lib/__tests__/locale-detection.test.ts > SmartLocaleDetector > detectFromBrowser > should fall back to default locale for unsupported languages 0ms 69 MB heap used
 ✓ src/lib/__tests__/locale-detection.test.ts > SmartLocaleDetector > detectFromBrowser > should handle missing navigator.language 0ms 69 MB heap used
 ✓ src/lib/__tests__/locale-detection.test.ts > SmartLocaleDetector > detectFromBrowser > should check navigator.languages array when primary language is unsupported 0ms 70 MB heap used
 ✓ src/lib/__tests__/locale-detection.test.ts > SmartLocaleDetector > detectFromGeolocation > should detect Chinese for China 1ms 70 MB heap used
 ✓ src/lib/__tests__/locale-detection.test.ts > SmartLocaleDetector > detectFromGeolocation > should detect English for US 0ms 70 MB heap used
 ✓ src/lib/__tests__/locale-detection.test.ts > SmartLocaleDetector > detectFromGeolocation > should handle geolocation permission denied 0ms 70 MB heap used
 ✓ src/lib/__tests__/locale-detection.test.ts > SmartLocaleDetector > detectFromGeolocation > should handle missing geolocation API 0ms 70 MB heap used
 ✓ src/lib/__tests__/locale-detection.test.ts > SmartLocaleDetector > detectFromGeolocation > should handle geolocation service API failure 0ms 70 MB heap used
 ✓ src/lib/__tests__/locale-detection.test.ts > SmartLocaleDetector > detectFromTimeZone > should detect Chinese for Asia/Shanghai timezone 0ms 70 MB heap used
 ✓ src/lib/__tests__/locale-detection.test.ts > SmartLocaleDetector > detectFromTimeZone > should detect English for America/New_York timezone 0ms 71 MB heap used
 ✓ src/lib/__tests__/locale-detection.test.ts > SmartLocaleDetector > detectFromTimeZone > should handle unknown timezone 0ms 71 MB heap used
 ✓ src/lib/__tests__/locale-detection.test.ts > SmartLocaleDetector > detectFromTimeZone > should handle timezone detection error 0ms 71 MB heap used
 ✓ src/lib/__tests__/locale-detection.test.ts > SmartLocaleDetector > detectSmartLocale > should prioritize stored user preference 0ms 71 MB heap used
 ✓ src/lib/__tests__/locale-detection.test.ts > SmartLocaleDetector > detectSmartLocale > should use browser detection when no stored preference 1ms 71 MB heap used
 ✓ src/lib/__tests__/locale-detection.test.ts > SmartLocaleDetector > detectSmartLocale > should combine multiple detection methods for higher confidence 0ms 71 MB heap used
 ✓ src/lib/__tests__/locale-detection.test.ts > SmartLocaleDetector > detectSmartLocale > should handle conflicting detection results 0ms 71 MB heap used
 ✓ src/lib/__tests__/locale-detection.test.ts > SmartLocaleDetector > detectBestLocale (compatibility method) > should prioritize stored user preference 0ms 72 MB heap used
 ✓ src/lib/__tests__/locale-detection.test.ts > SmartLocaleDetector > detectBestLocale (compatibility method) > should check user override when no stored preference 0ms 72 MB heap used
 ✓ src/lib/__tests__/locale-detection.test.ts > SmartLocaleDetector > detectBestLocale (compatibility method) > should fall back to geolocation detection 0ms 72 MB heap used
 ✓ src/lib/__tests__/locale-detection.test.ts > SmartLocaleDetector > detectBestLocale (compatibility method) > should fall back to browser detection 0ms 72 MB heap used
 ✓ src/lib/__tests__/locale-detection.test.ts > SmartLocaleDetector > detectBestLocale (compatibility method) > should use default locale as final fallback 0ms 72 MB heap used
 ✓ src/lib/__tests__/locale-detection.test.ts > SmartLocaleDetector > edge cases and error handling > should handle completely missing navigator object 0ms 72 MB heap used
 ✓ src/lib/__tests__/locale-detection.test.ts > SmartLocaleDetector > edge cases and error handling > should handle malformed language codes 0ms 72 MB heap used
 ✓ src/lib/__tests__/locale-detection.test.ts > SmartLocaleDetector > edge cases and error handling > should handle empty languages array 0ms 73 MB heap used
 ✓ src/lib/__tests__/web-vitals-collector.test.ts > EnhancedWebVitalsCollector > 初始化和配置 > should initialize with default configuration 4ms 47 MB heap used
 ✓ src/lib/__tests__/web-vitals-collector.test.ts > EnhancedWebVitalsCollector > 初始化和配置 > should set up performance observers on initialization 1ms 47 MB heap used
 ✓ src/lib/__tests__/web-vitals-collector.test.ts > EnhancedWebVitalsCollector > 初始化和配置 > should handle PerformanceObserver not being available 1ms 48 MB heap used
 ✓ src/lib/__tests__/web-vitals-collector.test.ts > EnhancedWebVitalsCollector > Web Vitals 指标收集 > should collect CLS (Cumulative Layout Shift) metrics 1ms 48 MB heap used
 ✓ src/lib/__tests__/web-vitals-collector.test.ts > EnhancedWebVitalsCollector > Web Vitals 指标收集 > should collect LCP (Largest Contentful Paint) metrics 1ms 48 MB heap used
 ✓ src/lib/__tests__/web-vitals-collector.test.ts > EnhancedWebVitalsCollector > Web Vitals 指标收集 > should collect FID (First Input Delay) metrics 1ms 48 MB heap used
 ✓ src/lib/__tests__/web-vitals-collector.test.ts > EnhancedWebVitalsCollector > Web Vitals 指标收集 > should handle missing performance entries gracefully 0ms 49 MB heap used
 ✓ src/lib/__tests__/web-vitals-collector.test.ts > EnhancedWebVitalsCollector > 设备和连接信息收集 > should collect device information 1ms 49 MB heap used
 ✓ src/lib/__tests__/web-vitals-collector.test.ts > EnhancedWebVitalsCollector > 设备和连接信息收集 > should collect connection information 1ms 49 MB heap used
 ✓ src/lib/__tests__/web-vitals-collector.test.ts > EnhancedWebVitalsCollector > 设备和连接信息收集 > should handle missing navigator properties gracefully 1ms 49 MB heap used
 ✓ src/lib/__tests__/web-vitals-collector.test.ts > EnhancedWebVitalsCollector > 页面信息收集 > should collect page information 1ms 49 MB heap used
 ✓ src/lib/__tests__/web-vitals-collector.test.ts > EnhancedWebVitalsCollector > 页面信息收集 > should handle missing window properties gracefully 0ms 50 MB heap used
 ✓ src/lib/__tests__/web-vitals-collector.test.ts > EnhancedWebVitalsCollector > 慢资源检测 > should detect slow loading resources 1ms 50 MB heap used
 ✓ src/lib/__tests__/web-vitals-collector.test.ts > EnhancedWebVitalsCollector > 慢资源检测 > should limit slow resources to maximum count 1ms 50 MB heap used
 ✓ src/lib/__tests__/web-vitals-collector.test.ts > EnhancedWebVitalsCollector > 慢资源检测 > should handle missing resource entries 1ms 50 MB heap used
 ✓ src/lib/__tests__/web-vitals-collector.test.ts > EnhancedWebVitalsCollector > 诊断报告生成 > should generate comprehensive diagnostic report 1ms 50 MB heap used
 ✓ src/lib/__tests__/web-vitals-collector.test.ts > EnhancedWebVitalsCollector > 诊断报告生成 > should identify performance issues in analysis 1ms 51 MB heap used
 ✓ src/lib/__tests__/web-vitals-collector.test.ts > EnhancedWebVitalsCollector > 诊断报告生成 > should provide good score for excellent metrics 0ms 51 MB heap used
 ✓ src/lib/__tests__/web-vitals-collector.test.ts > EnhancedWebVitalsCollector > 性能观察器错误处理 > should handle PerformanceObserver errors gracefully 0ms 51 MB heap used
 ✓ src/lib/__tests__/web-vitals-collector.test.ts > EnhancedWebVitalsCollector > 性能观察器错误处理 > should handle observer.observe errors 0ms 51 MB heap used
 ✓ src/lib/__tests__/web-vitals-collector.test.ts > EnhancedWebVitalsCollector > 性能观察器错误处理 > should handle callback errors in observers 0ms 51 MB heap used
 ✓ src/lib/__tests__/web-vitals-collector.test.ts > EnhancedWebVitalsCollector > 全局实例 > should provide global enhancedWebVitalsCollector instance 0ms 52 MB heap used
 ✓ src/lib/__tests__/web-vitals-collector.test.ts > EnhancedWebVitalsCollector > 全局实例 > should allow multiple instances 0ms 52 MB heap used
 ✓ src/lib/__tests__/web-vitals-collector.test.ts > EnhancedWebVitalsCollector > 边缘情况处理 > should handle null performance entries 0ms 52 MB heap used
 ✓ src/lib/__tests__/web-vitals-collector.test.ts > EnhancedWebVitalsCollector > 边缘情况处理 > should handle undefined performance API 0ms 52 MB heap used
 ✓ src/lib/__tests__/web-vitals-collector.test.ts > EnhancedWebVitalsCollector > 边缘情况处理 > should handle missing window object 0ms 52 MB heap used
stderr | src/lib/__tests__/accessibility-manager-exports.test.ts > AccessibilityManager Global Exports > useAccessibility hook > should return color contrast checker
checkColorContrast error: AssertionError: expected undefined to be defined
    at [90m/Users/Data/Warehouse/Focus/tucsenberg-web-frontier/[39msrc/lib/__tests__/accessibility-manager-exports.test.ts:198:24
    at [90mfile:///Users/Data/Warehouse/Focus/tucsenberg-web-frontier/[39mnode_modules/[4m.pnpm[24m/@vitest+runner@3.2.4/node_modules/[4m@vitest/runner[24m/dist/chunk-hooks.js:155:11
    at [90mfile:///Users/Data/Warehouse/Focus/tucsenberg-web-frontier/[39mnode_modules/[4m.pnpm[24m/@vitest+runner@3.2.4/node_modules/[4m@vitest/runner[24m/dist/chunk-hooks.js:752:26
    at [90mfile:///Users/Data/Warehouse/Focus/tucsenberg-web-frontier/[39mnode_modules/[4m.pnpm[24m/@vitest+runner@3.2.4/node_modules/[4m@vitest/runner[24m/dist/chunk-hooks.js:1897:20
    at new Promise (<anonymous>)
    at runWithTimeout [90m(file:///Users/Data/Warehouse/Focus/tucsenberg-web-frontier/[39mnode_modules/[4m.pnpm[24m/@vitest+runner@3.2.4/node_modules/[4m@vitest/runner[24m/dist/chunk-hooks.js:1863:10[90m)[39m
    at runTest [90m(file:///Users/Data/Warehouse/Focus/tucsenberg-web-frontier/[39mnode_modules/[4m.pnpm[24m/@vitest+runner@3.2.4/node_modules/[4m@vitest/runner[24m/dist/chunk-hooks.js:1574:12[90m)[39m
    at runSuite [90m(file:///Users/Data/Warehouse/Focus/tucsenberg-web-frontier/[39mnode_modules/[4m.pnpm[24m/@vitest+runner@3.2.4/node_modules/[4m@vitest/runner[24m/dist/chunk-hooks.js:1729:8[90m)[39m
    at runSuite [90m(file:///Users/Data/Warehouse/Focus/tucsenberg-web-frontier/[39mnode_modules/[4m.pnpm[24m/@vitest+runner@3.2.4/node_modules/[4m@vitest/runner[24m/dist/chunk-hooks.js:1729:8[90m)[39m
    at runSuite [90m(file:///Users/Data/Warehouse/Focus/tucsenberg-web-frontier/[39mnode_modules/[4m.pnpm[24m/@vitest+runner@3.2.4/node_modules/[4m@vitest/runner[24m/dist/chunk-hooks.js:1729:8[90m)[39m {
  actual: [90mundefined[39m,
  expected: [90mundefined[39m,
  showDiff: [33mfalse[39m,
  operator: [32m'strictEqual'[39m
}

 ✓ src/lib/__tests__/accessibility-manager-exports.test.ts > AccessibilityManager Global Exports > should export global accessibility manager instance 5ms 62 MB heap used
 ✓ src/lib/__tests__/accessibility-manager-exports.test.ts > AccessibilityManager Global Exports > should export bound convenience functions 1ms 62 MB heap used
 ✓ src/lib/__tests__/accessibility-manager-exports.test.ts > AccessibilityManager Global Exports > useAccessibility hook > should return accessibility utilities 1ms 62 MB heap used
 ✓ src/lib/__tests__/accessibility-manager-exports.test.ts > AccessibilityManager Global Exports > useAccessibility hook > should return functions that work correctly 1ms 63 MB heap used
 ✓ src/lib/__tests__/accessibility-manager-exports.test.ts > AccessibilityManager Global Exports > useAccessibility hook > should expose preference flags 1ms 63 MB heap used
 ✓ src/lib/__tests__/accessibility-manager-exports.test.ts > AccessibilityManager Global Exports > useAccessibility hook > should return keyboard navigation handler 1ms 63 MB heap used
 ✓ src/lib/__tests__/accessibility-manager-exports.test.ts > AccessibilityManager Global Exports > useAccessibility hook > should return focus management utilities 1ms 64 MB heap used
 ✓ src/lib/__tests__/accessibility-manager-exports.test.ts > AccessibilityManager Global Exports > useAccessibility hook > should return color contrast checker 2ms 64 MB heap used
 ✓ src/lib/__tests__/accessibility-manager-exports.test.ts > AccessibilityManager Global Exports > useAccessibility hook > should return ARIA attributes generator 1ms 64 MB heap used
 ✓ src/lib/__tests__/accessibility-manager-exports.test.ts > AccessibilityManager Global Exports > Bound convenience functions > should call announceThemeChange on global instance 1ms 65 MB heap used
 ✓ src/lib/__tests__/accessibility-manager-exports.test.ts > AccessibilityManager Global Exports > Bound convenience functions > should call announceSwitching on global instance 1ms 65 MB heap used
 ✓ src/lib/__tests__/locale-detection-hooks.test.ts > useClientLocaleDetection - User Override and Browser Detection > 用户覆盖检测 > 应该优先返回用户手动设置的语言 3ms 45 MB heap used
 ✓ src/lib/__tests__/locale-detection-hooks.test.ts > useClientLocaleDetection - User Override and Browser Detection > 用户覆盖检测 > 应该忽略无效的用户设置语言 1ms 44 MB heap used
 ✓ src/lib/__tests__/locale-detection-hooks.test.ts > useClientLocaleDetection - User Override and Browser Detection > 浏览器语言检测 > 应该正确检测中文浏览器语言 1ms 45 MB heap used
 ✓ src/lib/__tests__/locale-detection-hooks.test.ts > useClientLocaleDetection - User Override and Browser Detection > 浏览器语言检测 > 应该正确检测英文浏览器语言 0ms 45 MB heap used
 ✓ src/lib/__tests__/locale-detection-hooks.test.ts > useClientLocaleDetection - User Override and Browser Detection > 浏览器语言检测 > 应该处理不支持的浏览器语言 0ms 45 MB heap used
 ✓ src/lib/__tests__/locale-detection-hooks.test.ts > useClientLocaleDetection - User Override and Browser Detection > 浏览器语言检测 > 应该处理空的浏览器语言列表 1ms 45 MB heap used
 ✓ src/lib/__tests__/locale-detection-hooks.test.ts > useClientLocaleDetection - User Override and Browser Detection > 浏览器语言检测 > 应该正确映射浏览器语言代码 0ms 45 MB heap used
 ✓ src/lib/__tests__/locale-detection-hooks.test.ts > useClientLocaleDetection - Navigator API and Security > navigator API不可用的情况 > 应该处理navigator未定义的情况 0ms 46 MB heap used
 ✓ src/lib/__tests__/locale-detection-hooks.test.ts > useClientLocaleDetection - Navigator API and Security > navigator API不可用的情况 > 应该处理navigator.languages未定义的情况 0ms 46 MB heap used
 ✓ src/lib/__tests__/locale-detection-hooks.test.ts > useClientLocaleDetection - Navigator API and Security > 安全性测试 > 应该安全地处理对象注入攻击 0ms 46 MB heap used
 ✓ src/lib/__tests__/locale-detection-hooks.test.ts > useClientLocaleDetection - Navigator API and Security > 安全性测试 > 应该安全地处理constructor注入 0ms 46 MB heap used
 ✓ src/lib/__tests__/locale-detection-hooks.test.ts > useClientLocaleDetection - Confidence and Details > 置信度计算 > 用户覆盖应该有最高置信度 0ms 46 MB heap used
 ✓ src/lib/__tests__/locale-detection-hooks.test.ts > useClientLocaleDetection - Confidence and Details > 置信度计算 > 浏览器检测应该有合理的置信度 0ms 47 MB heap used
 ✓ src/lib/__tests__/locale-detection-hooks.test.ts > useClientLocaleDetection - Confidence and Details > 置信度计算 > 默认回退应该有最低置信度 0ms 47 MB heap used
 ✓ src/lib/__tests__/locale-detection-hooks.test.ts > useClientLocaleDetection - Confidence and Details > 详细信息记录 > 应该记录用户覆盖详细信息 0ms 47 MB heap used
 ✓ src/lib/__tests__/locale-detection-hooks.test.ts > useClientLocaleDetection - Confidence and Details > 详细信息记录 > 应该记录浏览器检测详细信息 0ms 47 MB heap used
 ✓ src/lib/__tests__/locale-detection-hooks.test.ts > useClientLocaleDetection - Confidence and Details > 详细信息记录 > 应该记录默认回退详细信息 0ms 47 MB heap used
 ✓ src/lib/__tests__/locale-detection-hooks.test.ts > useClientLocaleDetection - Confidence and Details > 边界条件测试 > 应该处理null和undefined输入 1ms 48 MB heap used
 ✓ src/lib/__tests__/locale-detection-hooks.test.ts > useClientLocaleDetection - Confidence and Details > 边界条件测试 > 应该处理空字符串语言代码 0ms 48 MB heap used
 ✓ src/lib/__tests__/locale-detection-hooks.test.ts > useClientLocaleDetection - Confidence and Details > 边界条件测试 > 应该处理格式错误的语言代码 0ms 48 MB heap used
 ✓ src/lib/__tests__/accessibility-manager-static-methods.test.ts > AccessibilityManager Static Methods > prefersReducedMotion > should return false in SSR environment 3ms 67 MB heap used
 ✓ src/lib/__tests__/accessibility-manager-static-methods.test.ts > AccessibilityManager Static Methods > prefersReducedMotion > should return true when user prefers reduced motion 1ms 67 MB heap used
 ✓ src/lib/__tests__/accessibility-manager-static-methods.test.ts > AccessibilityManager Static Methods > prefersReducedMotion > should return false when user does not prefer reduced motion 1ms 67 MB heap used
 ✓ src/lib/__tests__/accessibility-manager-static-methods.test.ts > AccessibilityManager Static Methods > prefersHighContrast > should return true when user prefers high contrast 1ms 68 MB heap used
 ✓ src/lib/__tests__/accessibility-manager-static-methods.test.ts > AccessibilityManager Static Methods > prefersHighContrast > should return false when user does not prefer high contrast 1ms 68 MB heap used
 ✓ src/lib/__tests__/accessibility-manager-static-methods.test.ts > AccessibilityManager Static Methods > prefersHighContrast > should handle SSR environment 0ms 68 MB heap used
 ✓ src/lib/__tests__/accessibility-manager-static-methods.test.ts > AccessibilityManager Static Methods > prefersHighContrast > should handle matchMedia not supported 0ms 68 MB heap used
 ✓ src/lib/__tests__/accessibility-manager-static-methods.test.ts > AccessibilityManager Static Methods > prefersDarkColorScheme > should return true when user prefers dark color scheme 0ms 68 MB heap used
 ✓ src/lib/__tests__/accessibility-manager-static-methods.test.ts > AccessibilityManager Static Methods > prefersDarkColorScheme > should return false when user does not prefer dark color scheme 0ms 69 MB heap used
 ✓ src/lib/__tests__/accessibility-manager-static-methods.test.ts > AccessibilityManager Static Methods > prefersDarkColorScheme > should handle SSR environment 0ms 69 MB heap used
 ✓ src/lib/__tests__/accessibility-manager-static-methods.test.ts > AccessibilityManager Static Methods > prefersDarkColorScheme > should handle matchMedia not supported 1ms 69 MB heap used
 ✓ src/lib/__tests__/accessibility-manager-static-methods.test.ts > AccessibilityManager Static Methods > getColorSchemePreference > should return "dark" when user prefers dark 1ms 69 MB heap used
 ✓ src/lib/__tests__/accessibility-manager-static-methods.test.ts > AccessibilityManager Static Methods > getColorSchemePreference > should return "light" when user prefers light 0ms 69 MB heap used
 ✓ src/lib/__tests__/accessibility-manager-static-methods.test.ts > AccessibilityManager Static Methods > getColorSchemePreference > should return "no-preference" when no preference 0ms 70 MB heap used
 ✓ src/lib/__tests__/accessibility-manager-static-methods.test.ts > AccessibilityManager Static Methods > checkColorContrast > should check contrast compliance 1ms 71 MB heap used
 ✓ src/lib/__tests__/accessibility-manager-static-methods.test.ts > AccessibilityManager Static Methods > checkColorContrast > should return false for invalid colors 0ms 70 MB heap used
 ✓ src/lib/__tests__/accessibility-manager-static-methods.test.ts > AccessibilityManager Static Methods > getAriaAttributes > should return correct ARIA attributes 1ms 70 MB heap used
 ✓ src/lib/__tests__/accessibility-manager-static-methods.test.ts > AccessibilityManager Static Methods > getAriaAttributes > should handle collapsed state 0ms 70 MB heap used
 ✓ src/lib/__tests__/i18n-performance-cache.test.ts > I18n Performance - Cache Tests > TranslationCache > should create singleton instance 4ms 63 MB heap used
 ✓ src/lib/__tests__/i18n-performance-cache.test.ts > I18n Performance - Cache Tests > TranslationCache > should cache and retrieve values 1ms 64 MB heap used
 ✓ src/lib/__tests__/i18n-performance-cache.test.ts > I18n Performance - Cache Tests > TranslationCache > should return null for non-existent keys 1ms 63 MB heap used
 ✓ src/lib/__tests__/i18n-performance-cache.test.ts > I18n Performance - Cache Tests > TranslationCache > should handle cache expiration 1ms 64 MB heap used
 ✓ src/lib/__tests__/i18n-performance-cache.test.ts > I18n Performance - Cache Tests > TranslationCache > should implement LRU eviction when cache is full 1ms 64 MB heap used
 ✓ src/lib/__tests__/i18n-performance-cache.test.ts > I18n Performance - Cache Tests > TranslationCache > should cleanup expired entries 0ms 64 MB heap used
 ✓ src/lib/__tests__/i18n-performance-cache.test.ts > I18n Performance - Cache Tests > TranslationCache > should provide cache statistics 0ms 64 MB heap used
 ✓ src/lib/__tests__/i18n-performance-cache.test.ts > I18n Performance - Cache Tests > TranslationCache > should handle concurrent access gracefully 1ms 65 MB heap used
 ✓ src/lib/__tests__/i18n-performance-cache.test.ts > I18n Performance - Cache Tests > TranslationCache > should handle memory pressure scenarios 1ms 70 MB heap used
 ✓ src/lib/__tests__/i18n-performance-cache.test.ts > I18n Performance - Cache Tests > TranslationCache > should handle edge cases with null and undefined values 1ms 70 MB heap used
 ✓ src/lib/__tests__/i18n-performance-cache.test.ts > I18n Performance - Cache Tests > TranslationCache > should maintain cache integrity during rapid operations 1ms 70 MB heap used
 ✓ src/lib/__tests__/i18n-cache-error-advanced.test.ts > I18nCacheManager - Advanced Error Handling > concurrent error handling > should handle concurrent failed requests 4ms 66 MB heap used
 ✓ src/lib/__tests__/i18n-cache-error-advanced.test.ts > I18nCacheManager - Advanced Error Handling > concurrent error handling > should maintain cache integrity during errors 1ms 67 MB heap used
 ✓ src/lib/__tests__/i18n-cache-error-advanced.test.ts > I18nCacheManager - Advanced Error Handling > concurrent error handling > should handle mixed success and failure scenarios 1ms 67 MB heap used
 ✓ src/lib/__tests__/i18n-cache-error-advanced.test.ts > I18nCacheManager - Advanced Error Handling > concurrent error handling > should handle rapid concurrent operations 1ms 67 MB heap used
 ✓ src/lib/__tests__/i18n-cache-error-advanced.test.ts > I18nCacheManager - Advanced Error Handling > memory and resource management > should handle memory pressure gracefully 1ms 67 MB heap used
 ✓ src/lib/__tests__/i18n-cache-error-advanced.test.ts > I18nCacheManager - Advanced Error Handling > memory and resource management > should clean up resources on cache clear 1ms 67 MB heap used
 ✓ src/lib/__tests__/i18n-cache-error-advanced.test.ts > I18nCacheManager - Advanced Error Handling > memory and resource management > should handle rapid cache operations 1ms 68 MB heap used
 ✓ src/lib/__tests__/i18n-cache-error-advanced.test.ts > I18nCacheManager - Advanced Error Handling > memory and resource management > should maintain consistency under stress 1ms 68 MB heap used
 ✓ src/lib/__tests__/i18n-cache-error-advanced.test.ts > I18nCacheManager - Advanced Error Handling > memory and resource management > should handle resource cleanup during errors 1ms 69 MB heap used
 ✓ src/lib/__tests__/i18n-cache-error-advanced.test.ts > I18nCacheManager - Advanced Error Handling > error propagation and isolation > should isolate errors between different cache instances 1ms 69 MB heap used
 ✓ src/lib/__tests__/i18n-cache-error-advanced.test.ts > I18nCacheManager - Advanced Error Handling > error propagation and isolation > should handle error cascades gracefully 1ms 69 MB heap used
 ✓ src/lib/__tests__/i18n-cache-error-advanced.test.ts > I18nCacheManager - Advanced Error Handling > error propagation and isolation > should maintain error boundaries between operations 0ms 69 MB heap used
 ✓ src/lib/__tests__/footer-config.test.ts > footer-config > interfaces and types > should have valid FooterLink structure 3ms 67 MB heap used
 ✓ src/lib/__tests__/footer-config.test.ts > footer-config > interfaces and types > should have valid FooterSection structure 1ms 67 MB heap used
 ✓ src/lib/__tests__/footer-config.test.ts > footer-config > interfaces and types > should have valid SocialLink structure 1ms 67 MB heap used
 ✓ src/lib/__tests__/footer-config.test.ts > footer-config > COMPANY_INFO > should have required company information 1ms 67 MB heap used
 ✓ src/lib/__tests__/footer-config.test.ts > footer-config > COMPANY_INFO > should have valid address information 0ms 67 MB heap used
 ✓ src/lib/__tests__/footer-config.test.ts > footer-config > COMPANY_INFO > should have valid contact information 0ms 68 MB heap used
 ✓ src/lib/__tests__/footer-config.test.ts > footer-config > FOOTER_SECTIONS > should have all required sections 1ms 67 MB heap used
 ✓ src/lib/__tests__/footer-config.test.ts > footer-config > FOOTER_SECTIONS > should have valid section structure 1ms 68 MB heap used
 ✓ src/lib/__tests__/footer-config.test.ts > footer-config > FOOTER_SECTIONS > should have valid links in each section 1ms 68 MB heap used
 ✓ src/lib/__tests__/footer-config.test.ts > footer-config > FOOTER_SECTIONS > should have product section with correct links 1ms 68 MB heap used
 ✓ src/lib/__tests__/footer-config.test.ts > footer-config > FOOTER_SECTIONS > should have company section with correct links 0ms 68 MB heap used
 ✓ src/lib/__tests__/footer-config.test.ts > footer-config > FOOTER_SECTIONS > should have resources section with correct links 0ms 69 MB heap used
 ✓ src/lib/__tests__/footer-config.test.ts > footer-config > SOCIAL_LINKS > should have social media links 0ms 69 MB heap used
 ✓ src/lib/__tests__/footer-config.test.ts > footer-config > SOCIAL_LINKS > should have valid social link structure 0ms 69 MB heap used
 ✓ src/lib/__tests__/footer-config.test.ts > footer-config > SOCIAL_LINKS > should have accessibility labels 0ms 69 MB heap used
 ✓ src/lib/__tests__/footer-config.test.ts > footer-config > FOOTER_CONFIG > should combine all footer configuration 0ms 69 MB heap used
 ✓ src/lib/__tests__/footer-config.test.ts > footer-config > utility functions > getFooterConfig > should return the footer configuration 0ms 69 MB heap used
 ✓ src/lib/__tests__/footer-config.test.ts > footer-config > utility functions > getCompanyInfo > should return company information 0ms 69 MB heap used
 ✓ src/lib/__tests__/footer-config.test.ts > footer-config > utility functions > getSocialLinks > should return social links 0ms 69 MB heap used
 ✓ src/lib/__tests__/footer-config.test.ts > footer-config > utility functions > getCurrentYear > should return current year 1ms 70 MB heap used
 ✓ src/lib/__tests__/footer-config.test.ts > footer-config > utility functions > getCurrentYear > should return different year when date changes 0ms 70 MB heap used
 ✓ src/lib/__tests__/footer-config.test.ts > footer-config > utility functions > getCopyrightText > should generate English copyright text by default 0ms 70 MB heap used
 ✓ src/lib/__tests__/footer-config.test.ts > footer-config > utility functions > getCopyrightText > should generate English copyright text explicitly 0ms 70 MB heap used
 ✓ src/lib/__tests__/footer-config.test.ts > footer-config > utility functions > getCopyrightText > should generate Chinese copyright text 0ms 70 MB heap used
 ✓ src/lib/__tests__/footer-config.test.ts > footer-config > utility functions > getCopyrightText > should include current year in copyright text 0ms 70 MB heap used
 ✓ src/lib/__tests__/footer-config.test.ts > footer-config > utility functions > getCopyrightText > should handle different years correctly 0ms 70 MB heap used
 ✓ src/lib/__tests__/footer-config.test.ts > footer-config > data validation > should have unique keys in footer sections 0ms 70 MB heap used
 ✓ src/lib/__tests__/footer-config.test.ts > footer-config > data validation > should have unique keys in social links 0ms 71 MB heap used
 ✓ src/lib/__tests__/footer-config.test.ts > footer-config > data validation > should have unique keys within each section links 0ms 71 MB heap used
 ✓ src/lib/__tests__/i18n-cache-error-basic.test.ts > I18nCacheManager - Basic Error Handling > module loading errors > should handle failed message loading 4ms 65 MB heap used
 ✓ src/lib/__tests__/i18n-cache-error-basic.test.ts > I18nCacheManager - Basic Error Handling > module loading errors > should handle malformed message files 1ms 66 MB heap used
 ✓ src/lib/__tests__/i18n-cache-error-basic.test.ts > I18nCacheManager - Basic Error Handling > module loading errors > should handle network timeouts gracefully 1ms 66 MB heap used
 ✓ src/lib/__tests__/i18n-cache-error-basic.test.ts > I18nCacheManager - Basic Error Handling > module loading errors > should update error metrics when loading fails 1ms 66 MB heap used
 ✓ src/lib/__tests__/i18n-cache-error-basic.test.ts > I18nCacheManager - Basic Error Handling > boundary conditions > should handle empty locale string 1ms 66 MB heap used
 ✓ src/lib/__tests__/i18n-cache-error-basic.test.ts > I18nCacheManager - Basic Error Handling > boundary conditions > should handle null/undefined locale 1ms 67 MB heap used
 ✓ src/lib/__tests__/i18n-cache-error-basic.test.ts > I18nCacheManager - Basic Error Handling > boundary conditions > should handle very long locale strings 0ms 67 MB heap used
 ✓ src/lib/__tests__/i18n-cache-error-basic.test.ts > I18nCacheManager - Basic Error Handling > boundary conditions > should handle special characters in locale 0ms 67 MB heap used
 ✓ src/lib/__tests__/i18n-cache-error-basic.test.ts > I18nCacheManager - Basic Error Handling > error recovery > should recover from temporary failures 1ms 68 MB heap used
 ✓ src/lib/__tests__/i18n-cache-error-basic.test.ts > I18nCacheManager - Basic Error Handling > error recovery > should maintain partial functionality during errors 1ms 68 MB heap used
 ✓ src/lib/__tests__/i18n-cache-error-basic.test.ts > I18nCacheManager - Basic Error Handling > error recovery > should handle cache integrity during mixed operations 0ms 68 MB heap used
 ✓ src/lib/__tests__/i18n-cache-error-basic.test.ts > I18nCacheManager - Basic Error Handling > error recovery > should maintain metrics consistency during errors 0ms 68 MB heap used
 ✓ src/config/__tests__/security.test.ts > Security Configuration > generateCSP > should generate basic CSP in development 3ms 41 MB heap used
 ✓ src/config/__tests__/security.test.ts > Security Configuration > generateCSP > should generate strict CSP in production 1ms 41 MB heap used
 ✓ src/config/__tests__/security.test.ts > Security Configuration > generateCSP > should include nonce when provided 0ms 41 MB heap used
 ✓ src/config/__tests__/security.test.ts > Security Configuration > generateCSP > should include required external domains 0ms 42 MB heap used
 ✓ src/config/__tests__/security.test.ts > Security Configuration > generateCSP > should set frame-ancestors to none 0ms 42 MB heap used
 ✓ src/config/__tests__/security.test.ts > Security Configuration > getSecurityHeaders > should return security headers when enabled 1ms 42 MB heap used
 ✓ src/config/__tests__/security.test.ts > Security Configuration > getSecurityHeaders > should return empty array when disabled 0ms 42 MB heap used
 ✓ src/config/__tests__/security.test.ts > Security Configuration > getSecurityHeaders > should include nonce in CSP header 0ms 42 MB heap used
 ✓ src/config/__tests__/security.test.ts > Security Configuration > getSecurityHeaders > should set correct X-Frame-Options 0ms 43 MB heap used
 ✓ src/config/__tests__/security.test.ts > Security Configuration > getSecurityHeaders > should set correct HSTS header 0ms 43 MB heap used
 ✓ src/config/__tests__/security.test.ts > Security Configuration > generateNonce > should generate a nonce 0ms 43 MB heap used
 ✓ src/config/__tests__/security.test.ts > Security Configuration > generateNonce > should generate different nonces 0ms 43 MB heap used
 ✓ src/config/__tests__/security.test.ts > Security Configuration > generateNonce > should generate alphanumeric nonces 0ms 43 MB heap used
 ✓ src/config/__tests__/security.test.ts > Security Configuration > isValidNonce > should validate correct nonces 0ms 43 MB heap used
 ✓ src/config/__tests__/security.test.ts > Security Configuration > isValidNonce > should reject invalid nonces 0ms 43 MB heap used
 ✓ src/config/__tests__/security.test.ts > Security Configuration > getSecurityConfig > should return strict mode by default 0ms 43 MB heap used
 ✓ src/config/__tests__/security.test.ts > Security Configuration > getSecurityConfig > should return moderate mode when configured 0ms 43 MB heap used
 ✓ src/config/__tests__/security.test.ts > Security Configuration > getSecurityConfig > should return relaxed mode when configured 0ms 43 MB heap used
 ✓ src/config/__tests__/security.test.ts > Security Configuration > SECURITY_MODES > should have correct strict mode configuration 0ms 44 MB heap used
 ✓ src/config/__tests__/security.test.ts > Security Configuration > SECURITY_MODES > should have correct moderate mode configuration 0ms 43 MB heap used
 ✓ src/config/__tests__/security.test.ts > Security Configuration > SECURITY_MODES > should have correct relaxed mode configuration 0ms 43 MB heap used
 ✓ src/lib/__tests__/translation-validators.test.ts > TranslationValidators > performBasicValidation > should detect empty translation 3ms 40 MB heap used
 ✓ src/lib/__tests__/translation-validators.test.ts > TranslationValidators > performBasicValidation > should detect empty translation with whitespace only 1ms 41 MB heap used
 ✓ src/lib/__tests__/translation-validators.test.ts > TranslationValidators > performBasicValidation > should detect placeholder count mismatch 1ms 41 MB heap used
 ✓ src/lib/__tests__/translation-validators.test.ts > TranslationValidators > performBasicValidation > should detect missing specific placeholders 1ms 41 MB heap used
 ✓ src/lib/__tests__/translation-validators.test.ts > TranslationValidators > performBasicValidation > should detect significant length differences 1ms 41 MB heap used
 ✓ src/lib/__tests__/translation-validators.test.ts > TranslationValidators > performBasicValidation > should pass validation for good translation 0ms 41 MB heap used
 ✓ src/lib/__tests__/translation-validators.test.ts > TranslationValidators > performBasicValidation > should handle text without placeholders 0ms 41 MB heap used
 ✓ src/lib/__tests__/translation-validators.test.ts > TranslationValidators > performLanguageSpecificValidation > should detect traditional Chinese in simplified Chinese locale 0ms 41 MB heap used
 ✓ src/lib/__tests__/translation-validators.test.ts > TranslationValidators > performLanguageSpecificValidation > should pass simplified Chinese validation 0ms 42 MB heap used
 ✓ src/lib/__tests__/translation-validators.test.ts > TranslationValidators > performLanguageSpecificValidation > should detect grammar issues in English 0ms 42 MB heap used
 ✓ src/lib/__tests__/translation-validators.test.ts > TranslationValidators > performLanguageSpecificValidation > should pass good English validation 1ms 42 MB heap used
 ✓ src/lib/__tests__/translation-validators.test.ts > TranslationValidators > performLanguageSpecificValidation > should handle unsupported locales gracefully 0ms 42 MB heap used
 ✓ src/lib/__tests__/translation-validators.test.ts > TranslationValidators > compareWithHumanTranslation > should detect low similarity with human translation 1ms 42 MB heap used
 ✓ src/lib/__tests__/translation-validators.test.ts > TranslationValidators > compareWithHumanTranslation > should detect moderate similarity differences 0ms 42 MB heap used
 ✓ src/lib/__tests__/translation-validators.test.ts > TranslationValidators > compareWithHumanTranslation > should detect missing key terms 0ms 42 MB heap used
 ✓ src/lib/__tests__/translation-validators.test.ts > TranslationValidators > compareWithHumanTranslation > should pass for similar translations 0ms 42 MB heap used
 ✓ src/lib/__tests__/translation-validators.test.ts > TranslationValidators > checkContextRelevance > should detect missing error terms in error context 0ms 42 MB heap used
 ✓ src/lib/__tests__/translation-validators.test.ts > TranslationValidators > checkContextRelevance > should pass when error terms are present 0ms 43 MB heap used
 ✓ src/lib/__tests__/translation-validators.test.ts > TranslationValidators > checkContextRelevance > should pass when error terms are present in Chinese 0ms 43 MB heap used
 ✓ src/lib/__tests__/translation-validators.test.ts > TranslationValidators > checkContextRelevance > should handle non-error contexts gracefully 0ms 43 MB heap used
 ✓ src/lib/__tests__/colors-contrast-compliance.test.ts > Color Contrast and Compliance Tests > checkContrastCompliance > should pass AA compliance for high contrast colors 3ms 41 MB heap used
 ✓ src/lib/__tests__/colors-contrast-compliance.test.ts > Color Contrast and Compliance Tests > checkContrastCompliance > should pass AAA compliance for very high contrast colors 1ms 41 MB heap used
 ✓ src/lib/__tests__/colors-contrast-compliance.test.ts > Color Contrast and Compliance Tests > checkContrastCompliance > should fail AA compliance for low contrast colors 0ms 41 MB heap used
 ✓ src/lib/__tests__/colors-contrast-compliance.test.ts > Color Contrast and Compliance Tests > checkContrastCompliance > should fail AAA compliance for medium contrast colors 0ms 41 MB heap used
 ✓ src/lib/__tests__/colors-contrast-compliance.test.ts > Color Contrast and Compliance Tests > checkContrastCompliance > should handle edge case contrast ratios 0ms 41 MB heap used
 ✓ src/lib/__tests__/colors-contrast-compliance.test.ts > Color Contrast and Compliance Tests > checkContrastCompliance > should be symmetric (order independent) 0ms 41 MB heap used
 ✓ src/lib/__tests__/colors-contrast-compliance.test.ts > Color Contrast and Compliance Tests > checkContrastCompliance > should handle identical colors 0ms 41 MB heap used
 ✓ src/lib/__tests__/colors-contrast-compliance.test.ts > Color Contrast and Compliance Tests > checkContrastCompliance > should handle colors with alpha values 0ms 42 MB heap used
 ✓ src/lib/__tests__/colors-contrast-compliance.test.ts > Color Contrast and Compliance Tests > checkContrastCompliance > should handle extreme lightness values 1ms 42 MB heap used
 ✓ src/lib/__tests__/colors-contrast-compliance.test.ts > Color Contrast and Compliance Tests > checkContrastCompliance > should handle NaN and Infinity values 0ms 42 MB heap used
 ✓ src/lib/__tests__/colors-contrast-compliance.test.ts > Color Contrast and Compliance Tests > checkContrastCompliance > should handle very precise color values 0ms 42 MB heap used
 ✓ src/lib/__tests__/colors-contrast-compliance.test.ts > Color Contrast and Compliance Tests > generateCSSVariables > should generate CSS variables with correct naming 0ms 42 MB heap used
 ✓ src/lib/__tests__/colors-contrast-compliance.test.ts > Color Contrast and Compliance Tests > generateCSSVariables > should convert camelCase to kebab-case for CSS variables 0ms 42 MB heap used
 ✓ src/lib/__tests__/colors-contrast-compliance.test.ts > Color Contrast and Compliance Tests > generateCSSVariables > should generate valid OKLCH CSS values 0ms 42 MB heap used
 ✓ src/lib/__tests__/colors-contrast-compliance.test.ts > Color Contrast and Compliance Tests > generateCSSVariables > should handle empty color object 0ms 42 MB heap used
 ✓ src/lib/__tests__/colors-contrast-compliance.test.ts > Color Contrast and Compliance Tests > generateCSSVariables > should handle colors with alpha values 0ms 42 MB heap used
 ✓ src/lib/__tests__/colors-contrast-compliance.test.ts > Color Contrast and Compliance Tests > validateThemeContrast > should validate light theme contrast compliance 1ms 43 MB heap used
 ✓ src/lib/__tests__/colors-contrast-compliance.test.ts > Color Contrast and Compliance Tests > validateThemeContrast > should validate dark theme contrast compliance 0ms 43 MB heap used
 ✓ src/lib/__tests__/colors-contrast-compliance.test.ts > Color Contrast and Compliance Tests > validateThemeContrast > should identify contrast issues in problematic theme 0ms 43 MB heap used
 ✓ src/lib/__tests__/colors-contrast-compliance.test.ts > Color Contrast and Compliance Tests > validateThemeContrast > should pass validation for high contrast theme 1ms 43 MB heap used
 ✓ src/lib/__tests__/colors-contrast-compliance.test.ts > Color Contrast and Compliance Tests > validateThemeContrast > should handle theme with missing color pairs 0ms 43 MB heap used
 ✓ src/lib/__tests__/colors-contrast-compliance.test.ts > Color Contrast and Compliance Tests > validateThemeContrast > should provide detailed issue descriptions 0ms 43 MB heap used
 ✓ src/lib/__tests__/enhanced-web-vitals.test.ts > enhanced-web-vitals > PERFORMANCE_THRESHOLDS > should have correct threshold values 2ms 71 MB heap used
 ✓ src/lib/__tests__/enhanced-web-vitals.test.ts > enhanced-web-vitals > PERFORMANCE_THRESHOLDS > should have correct score weights 0ms 71 MB heap used
 ✓ src/lib/__tests__/enhanced-web-vitals.test.ts > enhanced-web-vitals > PERFORMANCE_THRESHOLDS > should have correct score multipliers 0ms 71 MB heap used
 ✓ src/lib/__tests__/enhanced-web-vitals.test.ts > enhanced-web-vitals > DetailedWebVitals interface > should have all required properties 0ms 72 MB heap used
 ✓ src/lib/__tests__/enhanced-web-vitals.test.ts > enhanced-web-vitals > EnhancedWebVitalsCollector class > should create instance with default config 1ms 71 MB heap used
 ✓ src/lib/__tests__/enhanced-web-vitals.test.ts > enhanced-web-vitals > EnhancedWebVitalsCollector class > should create instance with custom config 1ms 72 MB heap used
 ✓ src/lib/__tests__/enhanced-web-vitals.test.ts > enhanced-web-vitals > EnhancedWebVitalsCollector class > should handle browser API availability 0ms 72 MB heap used
 ✓ src/lib/__tests__/enhanced-web-vitals.test.ts > enhanced-web-vitals > EnhancedWebVitalsCollector class > should handle performance.now() not available 0ms 72 MB heap used
 ✓ src/lib/__tests__/enhanced-web-vitals.test.ts > enhanced-web-vitals > async operations > should handle async initialization 1ms 72 MB heap used
 ✓ src/lib/__tests__/enhanced-web-vitals.test.ts > enhanced-web-vitals > async operations > should handle async data collection 0ms 73 MB heap used
 ✓ src/lib/__tests__/enhanced-web-vitals.test.ts > enhanced-web-vitals > async operations > should handle timeout scenarios 0ms 73 MB heap used
 ✓ src/lib/__tests__/enhanced-web-vitals.test.ts > enhanced-web-vitals > error handling > should handle PerformanceObserver errors 1ms 73 MB heap used
 ✓ src/lib/__tests__/enhanced-web-vitals.test.ts > enhanced-web-vitals > error handling > should handle IntersectionObserver errors 0ms 73 MB heap used
 ✓ src/lib/__tests__/enhanced-web-vitals.test.ts > enhanced-web-vitals > error handling > should handle performance API errors 0ms 73 MB heap used
 ✓ src/lib/__tests__/enhanced-web-vitals.test.ts > enhanced-web-vitals > Web Vitals Integration > should call web-vitals functions when collecting metrics 0ms 74 MB heap used
 ✓ src/lib/__tests__/enhanced-web-vitals.test.ts > enhanced-web-vitals > Web Vitals Integration > should handle web vitals callbacks correctly 0ms 74 MB heap used
 ✓ src/lib/__tests__/enhanced-web-vitals.test.ts > enhanced-web-vitals > Web Vitals Integration > should log metrics when received 0ms 74 MB heap used
 ✓ src/lib/__tests__/enhanced-web-vitals.test.ts > enhanced-web-vitals > Module Exports Coverage > should export all classes correctly 0ms 74 MB heap used
 ✓ src/lib/__tests__/enhanced-web-vitals.test.ts > enhanced-web-vitals > Module Exports Coverage > should export constants correctly 0ms 74 MB heap used
 ✓ src/lib/__tests__/enhanced-web-vitals.test.ts > enhanced-web-vitals > Module Exports Coverage > should allow creating instances from exported classes 0ms 75 MB heap used
 ✓ src/lib/__tests__/enhanced-web-vitals.test.ts > enhanced-web-vitals > Convenience Functions > should test initializePerformanceMonitoring with default config 0ms 75 MB heap used
 ✓ src/lib/__tests__/enhanced-web-vitals.test.ts > enhanced-web-vitals > Convenience Functions > should test initializePerformanceMonitoring with custom config 0ms 75 MB heap used
 ✓ src/lib/__tests__/enhanced-web-vitals.test.ts > enhanced-web-vitals > Convenience Functions > should test generatePerformanceDiagnostics 0ms 75 MB heap used
 ✓ src/lib/__tests__/enhanced-web-vitals.test.ts > enhanced-web-vitals > Convenience Functions > should test performFullPerformanceMonitoring without buildInfo 0ms 75 MB heap used
 ✓ src/lib/__tests__/enhanced-web-vitals.test.ts > enhanced-web-vitals > Convenience Functions > should test performFullPerformanceMonitoring with buildInfo 0ms 76 MB heap used
 ✓ src/lib/__tests__/enhanced-web-vitals.test.ts > enhanced-web-vitals > Re-export Coverage > should test all re-exported instances 0ms 76 MB heap used
 ✓ src/lib/__tests__/enhanced-web-vitals.test.ts > enhanced-web-vitals > Re-export Coverage > should test all re-exported classes 1ms 76 MB heap used
 ✓ src/app/[locale]/__tests__/layout-metadata.test.ts > Layout Metadata Generation > generateLocaleMetadata函数 > 应该为有效的英文locale生成元数据 4ms 39 MB heap used
 ✓ src/app/[locale]/__tests__/layout-metadata.test.ts > Layout Metadata Generation > generateLocaleMetadata函数 > 应该为有效的中文locale生成元数据 1ms 39 MB heap used
 ✓ src/app/[locale]/__tests__/layout-metadata.test.ts > Layout Metadata Generation > generateLocaleMetadata函数 > 应该为无效locale返回默认元数据 1ms 39 MB heap used
 ✓ src/app/[locale]/__tests__/layout-metadata.test.ts > Layout Metadata Generation > generateLocaleMetadata函数 > 应该正确处理空字符串locale 0ms 40 MB heap used
 ✓ src/app/[locale]/__tests__/layout-metadata.test.ts > Layout Metadata Generation > generateLocaleMetadata函数 > 应该正确处理undefined locale 0ms 40 MB heap used
 ✓ src/app/[locale]/__tests__/layout-metadata.test.ts > Layout Metadata Generation > SEO配置集成 > 应该使用home页面配置 0ms 40 MB heap used
 ✓ src/app/[locale]/__tests__/layout-metadata.test.ts > Layout Metadata Generation > SEO配置集成 > 应该将SEO配置传递给本地化函数 0ms 40 MB heap used
 ✓ src/app/[locale]/__tests__/layout-metadata.test.ts > Layout Metadata Generation > 异步参数处理 > 应该正确等待params Promise解析 1ms 40 MB heap used
 ✓ src/app/[locale]/__tests__/layout-metadata.test.ts > Layout Metadata Generation > 异步参数处理 > 应该处理params Promise拒绝的情况 1ms 40 MB heap used
 ✓ src/app/[locale]/__tests__/layout-metadata.test.ts > Layout Metadata Generation > 返回值类型验证 > 应该返回符合Next.js Metadata类型的对象 1ms 41 MB heap used
 ✓ src/app/[locale]/__tests__/layout-metadata.test.ts > Layout Metadata Generation > 返回值类型验证 > 默认元数据应该包含必要的字段 0ms 41 MB heap used
 ✓ src/app/[locale]/__tests__/layout-metadata.test.ts > Layout Metadata Generation > locale验证逻辑 > 应该正确验证支持的locale 0ms 41 MB heap used
 ✓ src/app/[locale]/__tests__/layout-metadata.test.ts > Layout Metadata Generation > locale验证逻辑 > 应该拒绝不支持的locale 0ms 41 MB heap used
 ✓ src/app/[locale]/__tests__/layout-metadata.test.ts > Layout Metadata Generation > 错误处理 > 应该处理createPageSEOConfig抛出的错误 0ms 41 MB heap used
 ✓ src/app/[locale]/__tests__/layout-metadata.test.ts > Layout Metadata Generation > 错误处理 > 应该处理generateLocalizedMetadata抛出的错误 0ms 41 MB heap used
 ✓ src/lib/__tests__/i18n-performance-monitor.test.ts > I18n Performance - Monitor Tests > I18nPerformanceMonitor > should record load times 4ms 65 MB heap used
 ✓ src/lib/__tests__/i18n-performance-monitor.test.ts > I18n Performance - Monitor Tests > I18nPerformanceMonitor > should record cache hits and misses 1ms 65 MB heap used
 ✓ src/lib/__tests__/i18n-performance-monitor.test.ts > I18n Performance - Monitor Tests > I18nPerformanceMonitor > should record errors 1ms 65 MB heap used
 ✓ src/lib/__tests__/i18n-performance-monitor.test.ts > I18n Performance - Monitor Tests > I18nPerformanceMonitor > should limit load time history 1ms 65 MB heap used
 ✓ src/lib/__tests__/i18n-performance-monitor.test.ts > I18n Performance - Monitor Tests > I18nPerformanceMonitor > should reset metrics 0ms 65 MB heap used
 ✓ src/lib/__tests__/i18n-performance-monitor.test.ts > I18n Performance - Monitor Tests > I18nPerformanceMonitor > should handle zero requests gracefully 0ms 66 MB heap used
 ✓ src/lib/__tests__/i18n-performance-monitor.test.ts > I18n Performance - Monitor Tests > I18nPerformanceMonitor > should handle extreme load times 0ms 66 MB heap used
 ✓ src/lib/__tests__/i18n-performance-monitor.test.ts > I18n Performance - Monitor Tests > I18nPerformanceMonitor > should maintain accuracy with many data points 0ms 66 MB heap used
 ✓ src/lib/__tests__/i18n-performance-monitor.test.ts > I18n Performance - Monitor Tests > I18nPerformanceMonitor > should handle concurrent metric recording 0ms 67 MB heap used
 ✓ src/lib/__tests__/i18n-performance-monitor.test.ts > I18n Performance - Monitor Tests > PERFORMANCE_TARGETS > should define translation load time targets 1ms 66 MB heap used
 ✓ src/lib/__tests__/i18n-performance-monitor.test.ts > I18n Performance - Monitor Tests > PERFORMANCE_TARGETS > should define cache hit rate targets 0ms 67 MB heap used
 ✓ src/lib/__tests__/i18n-performance-monitor.test.ts > I18n Performance - Monitor Tests > PERFORMANCE_TARGETS > should have logical target thresholds 0ms 67 MB heap used
 ✓ src/lib/__tests__/i18n-performance-monitor.test.ts > I18n Performance - Monitor Tests > evaluatePerformance > should evaluate excellent performance 0ms 67 MB heap used
 ✓ src/lib/__tests__/i18n-performance-monitor.test.ts > I18n Performance - Monitor Tests > evaluatePerformance > should evaluate poor performance 0ms 67 MB heap used
 ✓ src/lib/__tests__/i18n-performance-monitor.test.ts > I18n Performance - Monitor Tests > evaluatePerformance > should evaluate mixed performance 1ms 67 MB heap used
 ✓ src/lib/__tests__/i18n-performance-monitor.test.ts > I18n Performance - Monitor Tests > evaluatePerformance > should handle edge case metrics 0ms 67 MB heap used
 ✓ src/lib/__tests__/i18n-performance-monitor.test.ts > I18n Performance - Monitor Tests > evaluatePerformance > should penalize high error rates 0ms 67 MB heap used
 ✓ src/lib/__tests__/locale-storage.test.ts > LocaleStorageManager > saveUserPreference > should save user preference to both localStorage and cookie 5ms 60 MB heap used
 ✓ src/lib/__tests__/locale-storage.test.ts > LocaleStorageManager > saveUserPreference > should handle localStorage errors gracefully 1ms 60 MB heap used
 ✓ src/lib/__tests__/locale-storage.test.ts > LocaleStorageManager > saveUserPreference > should handle cookie errors gracefully 0ms 60 MB heap used
 ✓ src/lib/__tests__/locale-storage.test.ts > LocaleStorageManager > getUserPreference > should return user preference from localStorage 0ms 60 MB heap used
 ✓ src/lib/__tests__/locale-storage.test.ts > LocaleStorageManager > getUserPreference > should fallback to cookie when localStorage fails 0ms 60 MB heap used
 ✓ src/lib/__tests__/locale-storage.test.ts > LocaleStorageManager > getUserPreference > should return null when no preference is stored 0ms 61 MB heap used
 ✓ src/lib/__tests__/locale-storage.test.ts > LocaleStorageManager > getUserPreference > should handle invalid JSON gracefully 0ms 61 MB heap used
 ✓ src/lib/__tests__/locale-storage.test.ts > LocaleStorageManager > getUserPreference > should handle cookie parsing errors gracefully 0ms 61 MB heap used
 ✓ src/lib/__tests__/locale-storage.test.ts > LocaleStorageManager > saveDetectionHistory > should save detection history to localStorage 1ms 61 MB heap used
 ✓ src/lib/__tests__/locale-storage.test.ts > LocaleStorageManager > saveDetectionHistory > should handle localStorage errors gracefully 0ms 61 MB heap used
 ✓ src/lib/__tests__/locale-storage.test.ts > LocaleStorageManager > getDetectionHistory > should return detection history from localStorage 0ms 61 MB heap used
 ✓ src/lib/__tests__/locale-storage.test.ts > LocaleStorageManager > getDetectionHistory > should return null when no history is stored 0ms 61 MB heap used
 ✓ src/lib/__tests__/locale-storage.test.ts > LocaleStorageManager > getDetectionHistory > should handle invalid JSON gracefully 0ms 62 MB heap used
 ✓ src/lib/__tests__/locale-storage.test.ts > LocaleStorageManager > addDetectionRecord > should add new detection record to existing history 0ms 61 MB heap used
 ✓ src/lib/__tests__/locale-storage.test.ts > LocaleStorageManager > addDetectionRecord > should create new history when none exists 0ms 61 MB heap used
 ✓ src/lib/__tests__/locale-storage.test.ts > LocaleStorageManager > addDetectionRecord > should limit history to maximum entries 0ms 61 MB heap used
 ✓ src/lib/__tests__/locale-storage.test.ts > LocaleStorageManager > setUserOverride > should save user override to localStorage 0ms 62 MB heap used
 ✓ src/lib/__tests__/locale-storage.test.ts > LocaleStorageManager > setUserOverride > should handle localStorage errors gracefully 0ms 62 MB heap used
 ✓ src/lib/__tests__/locale-storage.test.ts > LocaleStorageManager > getUserOverride > should return user override from localStorage 0ms 62 MB heap used
 ✓ src/lib/__tests__/locale-storage.test.ts > LocaleStorageManager > getUserOverride > should return null when no override is stored 0ms 62 MB heap used
 ✓ src/lib/__tests__/locale-storage.test.ts > LocaleStorageManager > getUserOverride > should handle invalid JSON gracefully 0ms 62 MB heap used
 ✓ src/lib/__tests__/locale-storage.test.ts > LocaleStorageManager > clearUserOverride > should remove user override from localStorage 0ms 62 MB heap used
 ✓ src/lib/__tests__/locale-storage.test.ts > LocaleStorageManager > clearUserOverride > should handle localStorage errors gracefully 0ms 62 MB heap used
 ✓ src/lib/__tests__/locale-storage.test.ts > LocaleStorageManager > clearAll > should clear all locale-related data 0ms 62 MB heap used
 ✓ src/lib/__tests__/locale-storage.test.ts > LocaleStorageManager > cookie decoding error handling > should handle cookie decoding errors in development environment 0ms 62 MB heap used
 ✓ src/lib/__tests__/locale-storage.test.ts > LocaleStorageManager > SSR compatibility > should handle server-side rendering gracefully 0ms 63 MB heap used
 ✓ src/lib/__tests__/seo-metadata.test.ts > SEO Metadata > generateLocalizedMetadata > should generate basic metadata with default values 4ms 66 MB heap used
 ✓ src/lib/__tests__/seo-metadata.test.ts > SEO Metadata > generateLocalizedMetadata > should generate metadata with custom config 1ms 67 MB heap used
 ✓ src/lib/__tests__/seo-metadata.test.ts > SEO Metadata > generateLocalizedMetadata > should handle product type correctly 1ms 67 MB heap used
 ✓ src/lib/__tests__/seo-metadata.test.ts > SEO Metadata > generateLocalizedMetadata > should handle different locales 1ms 67 MB heap used
 ✓ src/lib/__tests__/seo-metadata.test.ts > SEO Metadata > generateLocalizedMetadata > should handle missing environment variables 0ms 67 MB heap used
 ✓ src/lib/__tests__/seo-metadata.test.ts > SEO Metadata > generateLocalizedMetadata > should call URL generation functions with correct parameters 1ms 68 MB heap used
 ✓ src/lib/__tests__/seo-metadata.test.ts > SEO Metadata > generateLocalizedMetadata > should handle translation function errors gracefully 1ms 67 MB heap used
 ✓ src/lib/__tests__/seo-metadata.test.ts > SEO Metadata > createPageSEOConfig > should return home page config by default 1ms 67 MB heap used
 ✓ src/lib/__tests__/seo-metadata.test.ts > SEO Metadata > createPageSEOConfig > should return specific page config 1ms 68 MB heap used
 ✓ src/lib/__tests__/seo-metadata.test.ts > SEO Metadata > createPageSEOConfig > should merge custom config with base config 1ms 68 MB heap used
 ✓ src/lib/__tests__/seo-metadata.test.ts > SEO Metadata > createPageSEOConfig > should handle unknown page types 1ms 68 MB heap used
 ✓ src/lib/__tests__/seo-metadata.test.ts > SEO Metadata > createPageSEOConfig > should return correct config for all page types 1ms 68 MB heap used
 ✓ src/lib/__tests__/seo-metadata.test.ts > SEO Metadata > createPageSEOConfig > should handle partial custom config 0ms 68 MB heap used
 ✓ src/lib/__tests__/seo-metadata.test.ts > SEO Metadata > createPageSEOConfig > should handle empty custom config 0ms 69 MB heap used
 ✓ src/lib/__tests__/seo-metadata.test.ts > SEO Metadata > createPageSEOConfig > should preserve all custom config properties 0ms 69 MB heap used
 ✓ src/lib/__tests__/seo-metadata.test.ts > SEO Metadata > createPageSEOConfig > should handle null and undefined custom config 0ms 69 MB heap used
 ✓ src/lib/__tests__/seo-metadata.test.ts > SEO Metadata > edge cases and error handling > should handle getTranslations rejection 0ms 69 MB heap used
 ✓ src/lib/__tests__/seo-metadata.test.ts > SEO Metadata > edge cases and error handling > should handle URL generation errors 0ms 69 MB heap used
 ✓ src/lib/__tests__/seo-metadata.test.ts > SEO Metadata > edge cases and error handling > should handle complex custom config merging 0ms 69 MB heap used
 ✓ src/lib/__tests__/colors-oklch-conversion.test.ts > OKLCH Color Conversion and Calculation Tests > oklchToCSS > should convert OKLCH color to CSS string without alpha 3ms 65 MB heap used
 ✓ src/lib/__tests__/colors-oklch-conversion.test.ts > OKLCH Color Conversion and Calculation Tests > oklchToCSS > should convert OKLCH color to CSS string with alpha 0ms 65 MB heap used
 ✓ src/lib/__tests__/colors-oklch-conversion.test.ts > OKLCH Color Conversion and Calculation Tests > oklchToCSS > should handle alpha value of 1 as no alpha 0ms 65 MB heap used
 ✓ src/lib/__tests__/colors-oklch-conversion.test.ts > OKLCH Color Conversion and Calculation Tests > oklchToCSS > should handle zero values correctly 0ms 66 MB heap used
 ✓ src/lib/__tests__/colors-oklch-conversion.test.ts > OKLCH Color Conversion and Calculation Tests > oklchToCSS > should handle extreme alpha boundary values 0ms 65 MB heap used
 ✓ src/lib/__tests__/colors-oklch-conversion.test.ts > OKLCH Color Conversion and Calculation Tests > oklchToCSS > should handle negative values gracefully 0ms 65 MB heap used
 ✓ src/lib/__tests__/colors-oklch-conversion.test.ts > OKLCH Color Conversion and Calculation Tests > oklchToCSS > should handle values greater than normal ranges 0ms 66 MB heap used
 ✓ src/lib/__tests__/colors-oklch-conversion.test.ts > OKLCH Color Conversion and Calculation Tests > oklchToCSS > should handle NaN values 0ms 66 MB heap used
 ✓ src/lib/__tests__/colors-oklch-conversion.test.ts > OKLCH Color Conversion and Calculation Tests > oklchToCSS > should handle Infinity values 0ms 66 MB heap used
 ✓ src/lib/__tests__/colors-oklch-conversion.test.ts > OKLCH Color Conversion and Calculation Tests > oklchToCSS > should handle missing alpha property 0ms 66 MB heap used
 ✓ src/lib/__tests__/colors-oklch-conversion.test.ts > OKLCH Color Conversion and Calculation Tests > oklchToCSS > should handle undefined alpha property 1ms 66 MB heap used
 ✓ src/lib/__tests__/colors-oklch-conversion.test.ts > OKLCH Color Conversion and Calculation Tests > oklchToCSS > should handle very precise decimal values 0ms 66 MB heap used
 ✓ src/lib/__tests__/colors-oklch-conversion.test.ts > OKLCH Color Conversion and Calculation Tests > calculateContrast > should calculate contrast between white and black correctly 0ms 66 MB heap used
 ✓ src/lib/__tests__/colors-oklch-conversion.test.ts > OKLCH Color Conversion and Calculation Tests > calculateContrast > should calculate contrast between similar colors 0ms 66 MB heap used
 ✓ src/lib/__tests__/colors-oklch-conversion.test.ts > OKLCH Color Conversion and Calculation Tests > calculateContrast > should handle identical colors 0ms 66 MB heap used
 ✓ src/lib/__tests__/colors-oklch-conversion.test.ts > OKLCH Color Conversion and Calculation Tests > calculateContrast > should be symmetric (order independent) 0ms 67 MB heap used
 ✓ src/lib/__tests__/colors-oklch-conversion.test.ts > OKLCH Color Conversion and Calculation Tests > calculateContrast > should handle colors with different chroma values 0ms 66 MB heap used
 ✓ src/lib/__tests__/colors-oklch-conversion.test.ts > OKLCH Color Conversion and Calculation Tests > calculateContrast > should handle colors with different hue values 0ms 67 MB heap used
 ✓ src/lib/__tests__/colors-oklch-conversion.test.ts > OKLCH Color Conversion and Calculation Tests > calculateContrast > should handle edge case lightness values 0ms 67 MB heap used
 ✓ src/lib/__tests__/colors-oklch-conversion.test.ts > OKLCH Color Conversion and Calculation Tests > calculateContrast > should handle very small lightness differences 0ms 67 MB heap used
 ✓ src/lib/__tests__/colors-oklch-conversion.test.ts > OKLCH Color Conversion and Calculation Tests > calculateContrast > should handle alpha values in contrast calculation 0ms 67 MB heap used
 ✓ src/lib/__tests__/colors-oklch-conversion.test.ts > OKLCH Color Conversion and Calculation Tests > calculateContrast > should handle extreme chroma values 0ms 67 MB heap used
 ✓ src/lib/__tests__/colors-oklch-conversion.test.ts > OKLCH Color Conversion and Calculation Tests > calculateContrast > should handle extreme hue values 0ms 67 MB heap used
 ✓ src/lib/__tests__/colors-oklch-conversion.test.ts > OKLCH Color Conversion and Calculation Tests > calculateContrast > should handle negative lightness values 0ms 67 MB heap used
 ✓ src/lib/__tests__/colors-oklch-conversion.test.ts > OKLCH Color Conversion and Calculation Tests > calculateContrast > should handle lightness values greater than 1 0ms 67 MB heap used
 ✓ src/lib/__tests__/colors-oklch-conversion.test.ts > OKLCH Color Conversion and Calculation Tests > calculateContrast > should handle NaN and Infinity values gracefully 1ms 67 MB heap used
 ✓ src/lib/__tests__/colors-oklch-conversion.test.ts > OKLCH Color Conversion and Calculation Tests > calculateContrast > should handle extreme combinations 0ms 67 MB heap used
 ✓ src/lib/__tests__/content-validation-advanced.test.ts > Content Validation - Advanced Tests > validateContentMetadata - Advanced Validation > type-specific validation > should warn about missing excerpt for blog posts 5ms 42 MB heap used
 ✓ src/lib/__tests__/content-validation-advanced.test.ts > Content Validation - Advanced Tests > validateContentMetadata - Advanced Validation > type-specific validation > should not warn about missing excerpt for pages 1ms 42 MB heap used
 ✓ src/lib/__tests__/content-validation-advanced.test.ts > Content Validation - Advanced Tests > validateContentMetadata - Advanced Validation > type-specific validation > should validate different content types 1ms 42 MB heap used
 ✓ src/lib/__tests__/content-validation-advanced.test.ts > Content Validation - Advanced Tests > validateContentMetadata - Advanced Validation > type-specific validation > should handle unknown content types gracefully 0ms 42 MB heap used
 ✓ src/lib/__tests__/content-validation-advanced.test.ts > Content Validation - Advanced Tests > validateContentMetadata - Advanced Validation > type-specific validation > should validate tags for different content types 0ms 42 MB heap used
 ✓ src/lib/__tests__/content-validation-advanced.test.ts > Content Validation - Advanced Tests > validateContentMetadata - Advanced Validation > type-specific validation > should validate title length for different content types 1ms 42 MB heap used
 ✓ src/lib/__tests__/content-validation-advanced.test.ts > Content Validation - Advanced Tests > validateContentMetadata - Advanced Validation > type-specific validation > should validate excerpt length for blog posts 1ms 43 MB heap used
 ✓ src/lib/__tests__/content-validation-advanced.test.ts > Content Validation - Advanced Tests > validateContentMetadata - Advanced Validation > SEO validation > should pass validation with proper SEO fields 1ms 43 MB heap used
 ✓ src/lib/__tests__/content-validation-advanced.test.ts > Content Validation - Advanced Tests > validateContentMetadata - Advanced Validation > SEO validation > should warn about missing SEO title 1ms 43 MB heap used
 ✓ src/lib/__tests__/content-validation-advanced.test.ts > Content Validation - Advanced Tests > validateContentMetadata - Advanced Validation > SEO validation > should warn about missing SEO description 2ms 43 MB heap used
 ✓ src/lib/__tests__/content-validation-advanced.test.ts > Content Validation - Advanced Tests > validateContentMetadata - Advanced Validation > SEO validation > should warn about missing entire SEO object 0ms 44 MB heap used
 ✓ src/lib/__tests__/content-validation-advanced.test.ts > Content Validation - Advanced Tests > validateContentMetadata - Advanced Validation > SEO validation > should validate SEO title length 0ms 43 MB heap used
 ✓ src/lib/__tests__/content-validation-advanced.test.ts > Content Validation - Advanced Tests > validateContentMetadata - Advanced Validation > SEO validation > should validate SEO description length 0ms 43 MB heap used
 ✓ src/lib/__tests__/content-validation-advanced.test.ts > Content Validation - Advanced Tests > validateContentMetadata - Advanced Validation > SEO validation > should handle empty SEO fields 0ms 43 MB heap used
 ✓ src/lib/__tests__/content-validation-advanced.test.ts > Content Validation - Advanced Tests > validateContentMetadata - Advanced Validation > SEO validation > should handle null SEO object 0ms 44 MB heap used
 ✓ src/lib/__tests__/content-validation-advanced.test.ts > Content Validation - Advanced Tests > validateContentMetadata - Advanced Validation > edge cases > should handle empty metadata object 0ms 44 MB heap used
 ✓ src/lib/__tests__/content-validation-advanced.test.ts > Content Validation - Advanced Tests > validateContentMetadata - Advanced Validation > edge cases > should handle metadata with extra fields 0ms 44 MB heap used
 ✓ src/lib/__tests__/content-validation-advanced.test.ts > Content Validation - Advanced Tests > validateContentMetadata - Advanced Validation > edge cases > should handle very large tag arrays 0ms 44 MB heap used
 ✓ src/lib/__tests__/content-validation-advanced.test.ts > Content Validation - Advanced Tests > validateContentMetadata - Advanced Validation > edge cases > should handle maximum valid metadata 0ms 45 MB heap used
 ✓ src/app/api/csp-report/__tests__/route-post.test.ts > CSP Report API Route - 集成测试 > 集成测试 > 应该处理完整的CSP报告流程 9ms 62 MB heap used
 ✓ src/app/api/csp-report/__tests__/route-post.test.ts > CSP Report API Route - 集成测试 > 集成测试 > 应该处理多种违规类型的集成场景 3ms 63 MB heap used
 ✓ tests/integration/api/test-content.test.ts > API Integration Tests - /api/test-content > GET /api/test-content > should return successful response with content data 8ms 63 MB heap used
 ✓ tests/integration/api/test-content.test.ts > API Integration Tests - /api/test-content > GET /api/test-content > should handle empty content gracefully 1ms 63 MB heap used
 ✓ tests/integration/api/test-content.test.ts > API Integration Tests - /api/test-content > GET /api/test-content > should handle content with missing metadata 1ms 63 MB heap used
 ✓ tests/integration/api/test-content.test.ts > API Integration Tests - /api/test-content > GET /api/test-content > should handle errors and return 500 status 1ms 64 MB heap used
 ✓ tests/integration/api/test-content.test.ts > API Integration Tests - /api/test-content > GET /api/test-content > should handle non-Error exceptions 0ms 64 MB heap used
 ✓ tests/integration/api/test-content.test.ts > API Integration Tests - /api/test-content > GET /api/test-content > should call all required content functions 1ms 64 MB heap used
 ✓ tests/integration/api/test-content.test.ts > API Integration Tests - /api/test-content > GET /api/test-content > should return NextResponse with correct headers 1ms 64 MB heap used
 ✓ src/lib/__tests__/site-config.test.ts > Site Configuration > PROJECT_STATS > should have valid tech stack statistics 3ms 64 MB heap used
 ✓ src/lib/__tests__/site-config.test.ts > Site Configuration > PROJECT_STATS > should have valid performance metrics 1ms 64 MB heap used
 ✓ src/lib/__tests__/site-config.test.ts > Site Configuration > PROJECT_STATS > should have valid community data 0ms 65 MB heap used
 ✓ src/lib/__tests__/site-config.test.ts > Site Configuration > PROJECT_STATS > should be immutable (readonly) 0ms 65 MB heap used
 ✓ src/lib/__tests__/site-config.test.ts > Site Configuration > PROJECT_LINKS > should have valid GitHub link 0ms 65 MB heap used
 ✓ src/lib/__tests__/site-config.test.ts > Site Configuration > PROJECT_LINKS > should have valid internal links 0ms 65 MB heap used
 ✓ src/lib/__tests__/site-config.test.ts > Site Configuration > PROJECT_LINKS > should have valid discussions link 0ms 65 MB heap used
 ✓ src/lib/__tests__/site-config.test.ts > Site Configuration > TECH_ARCHITECTURE > should have frontend configuration 1ms 65 MB heap used
 ✓ src/lib/__tests__/site-config.test.ts > Site Configuration > TECH_ARCHITECTURE > should have UI system configuration 1ms 65 MB heap used
 ✓ src/lib/__tests__/site-config.test.ts > Site Configuration > TECH_ARCHITECTURE > should have development tooling configuration 1ms 65 MB heap used
 ✓ src/lib/__tests__/site-config.test.ts > Site Configuration > TECH_ARCHITECTURE > should have consistent structure across all categories 0ms 66 MB heap used
 ✓ src/lib/__tests__/site-config.test.ts > Site Configuration > RESPONSIVE_BREAKPOINTS > should have mobile configuration 0ms 66 MB heap used
 ✓ src/lib/__tests__/site-config.test.ts > Site Configuration > RESPONSIVE_BREAKPOINTS > should have tablet configuration 0ms 66 MB heap used
 ✓ src/lib/__tests__/site-config.test.ts > Site Configuration > RESPONSIVE_BREAKPOINTS > should have desktop configuration 0ms 66 MB heap used
 ✓ src/lib/__tests__/site-config.test.ts > Site Configuration > RESPONSIVE_BREAKPOINTS > should have consistent structure across all breakpoints 0ms 66 MB heap used
 ✓ src/lib/__tests__/site-config.test.ts > Site Configuration > THEME_CONFIG > should have valid color configuration 0ms 66 MB heap used
 ✓ src/lib/__tests__/site-config.test.ts > Site Configuration > THEME_CONFIG > should have valid typography configuration 1ms 67 MB heap used
 ✓ src/lib/__tests__/site-config.test.ts > Site Configuration > THEME_CONFIG > should use CSS custom properties for colors 0ms 66 MB heap used
 ✓ src/lib/__tests__/site-config.test.ts > Site Configuration > ANIMATION_CONFIG > should have valid intersection observer configuration 0ms 67 MB heap used
 ✓ src/lib/__tests__/site-config.test.ts > Site Configuration > ANIMATION_CONFIG > should have valid transition configuration 0ms 67 MB heap used
 ✓ src/lib/__tests__/site-config.test.ts > Site Configuration > ANIMATION_CONFIG > should have reasonable animation values 0ms 67 MB heap used
 ✓ src/lib/__tests__/site-config.test.ts > Site Configuration > Configuration Integrity > should export all required configurations 0ms 67 MB heap used
 ✓ src/lib/__tests__/site-config.test.ts > Site Configuration > Configuration Integrity > should have no undefined values in configurations 1ms 67 MB heap used
 ✓ src/lib/__tests__/content-validation-basic.test.ts > Content Validation - Basic Tests > validateContentMetadata - Basic Validation > required fields validation > should pass validation with all required fields 4ms 42 MB heap used
 ✓ src/lib/__tests__/content-validation-basic.test.ts > Content Validation - Basic Tests > validateContentMetadata - Basic Validation > required fields validation > should fail validation when title is missing 1ms 42 MB heap used
 ✓ src/lib/__tests__/content-validation-basic.test.ts > Content Validation - Basic Tests > validateContentMetadata - Basic Validation > required fields validation > should fail validation when publishedAt is missing 0ms 42 MB heap used
 ✓ src/lib/__tests__/content-validation-basic.test.ts > Content Validation - Basic Tests > validateContentMetadata - Basic Validation > required fields validation > should handle missing updatedAt gracefully 0ms 42 MB heap used
 ✓ src/lib/__tests__/content-validation-basic.test.ts > Content Validation - Basic Tests > validateContentMetadata - Basic Validation > required fields validation > should fail validation when title is empty string 0ms 42 MB heap used
 ✓ src/lib/__tests__/content-validation-basic.test.ts > Content Validation - Basic Tests > validateContentMetadata - Basic Validation > required fields validation > should fail validation when title is only whitespace 0ms 42 MB heap used
 ✓ src/lib/__tests__/content-validation-basic.test.ts > Content Validation - Basic Tests > validateContentMetadata - Basic Validation > required fields validation > should fail validation when multiple required fields are missing 0ms 43 MB heap used
 ✓ src/lib/__tests__/content-validation-basic.test.ts > Content Validation - Basic Tests > validateContentMetadata - Basic Validation > date validation > should pass validation with valid ISO date strings 0ms 43 MB heap used
 ✓ src/lib/__tests__/content-validation-basic.test.ts > Content Validation - Basic Tests > validateContentMetadata - Basic Validation > date validation > should fail validation with invalid publishedAt date format 0ms 43 MB heap used
 ✓ src/lib/__tests__/content-validation-basic.test.ts > Content Validation - Basic Tests > validateContentMetadata - Basic Validation > date validation > should fail validation with invalid updatedAt date format 1ms 43 MB heap used
 ✓ src/lib/__tests__/content-validation-basic.test.ts > Content Validation - Basic Tests > validateContentMetadata - Basic Validation > date validation > should fail validation when updatedAt is before publishedAt 0ms 43 MB heap used
 ✓ src/lib/__tests__/content-validation-basic.test.ts > Content Validation - Basic Tests > validateContentMetadata - Basic Validation > date validation > should pass validation when updatedAt equals publishedAt 0ms 43 MB heap used
 ✓ src/lib/__tests__/content-validation-basic.test.ts > Content Validation - Basic Tests > validateContentMetadata - Basic Validation > date validation > should handle dates with different timezone formats 0ms 43 MB heap used
 ✓ src/lib/__tests__/content-validation-basic.test.ts > Content Validation - Basic Tests > validateContentMetadata - Basic Validation > date validation > should fail validation with timestamp numbers 0ms 43 MB heap used
 ✓ src/lib/__tests__/content-validation-basic.test.ts > Content Validation - Basic Tests > validateContentMetadata - Basic Validation > basic data type validation > should fail validation when title is not a string 0ms 44 MB heap used
 ✓ src/lib/__tests__/content-validation-basic.test.ts > Content Validation - Basic Tests > validateContentMetadata - Basic Validation > basic data type validation > should fail validation when tags is not an array 0ms 44 MB heap used
 ✓ src/lib/__tests__/content-validation-basic.test.ts > Content Validation - Basic Tests > validateContentMetadata - Basic Validation > basic data type validation > should fail validation when excerpt is not a string 0ms 44 MB heap used
 ✓ src/lib/__tests__/content-validation-basic.test.ts > Content Validation - Basic Tests > validateContentMetadata - Basic Validation > basic data type validation > should validate array elements in tags 0ms 44 MB heap used
 ✓ src/lib/__tests__/content-validation-basic.test.ts > Content Validation - Basic Tests > validateContentMetadata - Basic Validation > basic data type validation > should handle empty arrays in tags 0ms 44 MB heap used
 ✓ src/lib/__tests__/i18n-cache-error-handling.test.ts > I18nCacheManager - Error Handling Index > Basic Error Handling Integration > should handle invalid locale gracefully 5ms 37 MB heap used
 ✓ src/lib/__tests__/i18n-cache-error-handling.test.ts > I18nCacheManager - Error Handling Index > Basic Error Handling Integration > should maintain cache integrity during errors 1ms 38 MB heap used
 ✓ src/lib/__tests__/i18n-cache-error-handling.test.ts > I18nCacheManager - Error Handling Index > Basic Error Handling Integration > should recover from temporary failures 1ms 38 MB heap used
 ✓ src/lib/__tests__/i18n-cache-error-handling.test.ts > I18nCacheManager - Error Handling Index > Basic Error Handling Integration > should handle boundary conditions 1ms 38 MB heap used
 ✓ src/lib/__tests__/i18n-cache-error-handling.test.ts > I18nCacheManager - Error Handling Index > Basic Error Handling Integration > should update error metrics appropriately 1ms 38 MB heap used
 ✓ src/lib/__tests__/i18n-cache-error-handling.test.ts > I18nCacheManager - Error Handling Index > Concurrent Error Handling Integration > should handle mixed success and failure scenarios 1ms 39 MB heap used
 ✓ src/lib/__tests__/i18n-cache-error-handling.test.ts > I18nCacheManager - Error Handling Index > Concurrent Error Handling Integration > should maintain functionality under error conditions 1ms 39 MB heap used
 ✓ src/lib/__tests__/i18n-cache-error-handling.test.ts > I18nCacheManager - Error Handling Index > Resource Management Integration > should handle cache operations during errors 1ms 39 MB heap used
 ✓ src/lib/__tests__/i18n-cache-error-handling.test.ts > I18nCacheManager - Error Handling Index > Resource Management Integration > should maintain consistency under stress 1ms 40 MB heap used
 ✓ src/constants/__tests__/app-constants.test.ts > app-constants > TIME_CONSTANTS > should have correct time calculations 3ms 43 MB heap used
 ✓ src/constants/__tests__/app-constants.test.ts > app-constants > TIME_CONSTANTS > should have ascending time values 1ms 43 MB heap used
 ✓ src/constants/__tests__/app-constants.test.ts > app-constants > TIME_CONSTANTS > should be readonly 1ms 43 MB heap used
 ✓ src/constants/__tests__/app-constants.test.ts > app-constants > DELAY_CONSTANTS > should have reasonable delay values 0ms 43 MB heap used
 ✓ src/constants/__tests__/app-constants.test.ts > app-constants > DELAY_CONSTANTS > should have ascending delay values where appropriate 0ms 43 MB heap used
 ✓ src/constants/__tests__/app-constants.test.ts > app-constants > DELAY_CONSTANTS > should be based on TIME_CONSTANTS where applicable 0ms 43 MB heap used
 ✓ src/constants/__tests__/app-constants.test.ts > app-constants > CONTENT_LIMITS > should have reasonable content limits 0ms 43 MB heap used
 ✓ src/constants/__tests__/app-constants.test.ts > app-constants > CONTENT_LIMITS > should have ascending limits where logical 0ms 44 MB heap used
 ✓ src/constants/__tests__/app-constants.test.ts > app-constants > PAGINATION_CONSTANTS > should have correct pagination values 0ms 44 MB heap used
 ✓ src/constants/__tests__/app-constants.test.ts > app-constants > PAGINATION_CONSTANTS > should have ascending page sizes 0ms 44 MB heap used
 ✓ src/constants/__tests__/app-constants.test.ts > app-constants > OPACITY_CONSTANTS > should have correct opacity values 0ms 44 MB heap used
 ✓ src/constants/__tests__/app-constants.test.ts > app-constants > OPACITY_CONSTANTS > should have values between 0 and 1 0ms 44 MB heap used
 ✓ src/constants/__tests__/app-constants.test.ts > app-constants > OPACITY_CONSTANTS > should have ascending opacity values 0ms 44 MB heap used
 ✓ src/constants/__tests__/app-constants.test.ts > app-constants > PERCENTAGE_CONSTANTS > should have correct percentage values 0ms 44 MB heap used
 ✓ src/constants/__tests__/app-constants.test.ts > app-constants > PERCENTAGE_CONSTANTS > should have logical relationships 0ms 45 MB heap used
 ✓ src/constants/__tests__/app-constants.test.ts > app-constants > PERFORMANCE_CONSTANTS > should have timestamp base and increments 0ms 45 MB heap used
 ✓ src/constants/__tests__/app-constants.test.ts > app-constants > PERFORMANCE_CONSTANTS > should have ascending timestamp increments 0ms 45 MB heap used
 ✓ src/constants/__tests__/app-constants.test.ts > app-constants > PERFORMANCE_CONSTANTS > should have large number constants 0ms 45 MB heap used
 ✓ src/constants/__tests__/app-constants.test.ts > app-constants > DEBUG_CONSTANTS > should have debug values 0ms 45 MB heap used
 ✓ src/constants/__tests__/app-constants.test.ts > app-constants > DEBUG_CONSTANTS > should have valid test values 0ms 45 MB heap used
 ✓ src/constants/__tests__/app-constants.test.ts > app-constants > APP_CONSTANTS > should include all constant groups 0ms 45 MB heap used
 ✓ src/constants/__tests__/app-constants.test.ts > app-constants > APP_CONSTANTS > should be readonly 1ms 45 MB heap used
 ✓ src/constants/__tests__/app-constants.test.ts > app-constants > constant relationships > should have consistent time-based calculations 0ms 45 MB heap used
 ✓ src/constants/__tests__/app-constants.test.ts > app-constants > constant relationships > should use base numbers consistently 0ms 46 MB heap used
 ✓ src/constants/__tests__/app-constants.test.ts > app-constants > constant relationships > should have logical size relationships 0ms 46 MB heap used
 ✓ src/constants/__tests__/app-constants.test.ts > app-constants > magic number compliance > should avoid magic numbers in calculations 0ms 46 MB heap used
 ✓ src/constants/__tests__/app-constants.test.ts > app-constants > magic number compliance > should use meaningful constant names 0ms 46 MB heap used
 ✓ tests/unit/i18n.test.ts > i18n 核心功能单元测试 > Locale 检测和验证 > 应该正确验证有效的 locale 4ms 63 MB heap used
 ✓ tests/unit/i18n.test.ts > i18n 核心功能单元测试 > Locale 检测和验证 > 应该识别无效的 locale 1ms 64 MB heap used
 ✓ tests/unit/i18n.test.ts > i18n 核心功能单元测试 > Locale 检测和验证 > 应该提供默认 locale 1ms 63 MB heap used
 ✓ tests/unit/i18n.test.ts > i18n 核心功能单元测试 > Locale 检测和验证 > 应该处理 locale 回退逻辑 1ms 64 MB heap used
 ✓ tests/unit/i18n.test.ts > i18n 核心功能单元测试 > 消息加载和缓存 > 应该正确加载英文消息 1ms 64 MB heap used
 ✓ tests/unit/i18n.test.ts > i18n 核心功能单元测试 > 消息加载和缓存 > 应该正确加载中文消息 0ms 64 MB heap used
 ✓ tests/unit/i18n.test.ts > i18n 核心功能单元测试 > 消息加载和缓存 > 应该处理消息加载错误 1ms 64 MB heap used
 ✓ tests/unit/i18n.test.ts > i18n 核心功能单元测试 > 消息加载和缓存 > 应该验证消息结构完整性 0ms 64 MB heap used
 ✓ tests/unit/i18n.test.ts > i18n 核心功能单元测试 > 格式化配置 > 应该为英文提供正确的格式化配置 0ms 65 MB heap used
 ✓ tests/unit/i18n.test.ts > i18n 核心功能单元测试 > 格式化配置 > 应该为中文提供正确的格式化配置 0ms 65 MB heap used
 ✓ tests/unit/i18n.test.ts > i18n 核心功能单元测试 > 时区配置 > 应该为不同 locale 提供正确的时区 0ms 65 MB heap used
 ✓ tests/unit/i18n.test.ts > i18n 核心功能单元测试 > 测试环境特殊处理 > 应该在测试环境下禁用严格类型检查 0ms 65 MB heap used
 ✓ tests/unit/i18n.test.ts > i18n 核心功能单元测试 > 测试环境特殊处理 > 应该在 Playwright 测试环境下禁用严格类型检查 0ms 65 MB heap used
 ✓ tests/unit/i18n.test.ts > i18n 核心功能单元测试 > 测试环境特殊处理 > 应该在生产环境下启用严格类型检查 0ms 65 MB heap used
 ✓ tests/unit/i18n.test.ts > i18n 核心功能单元测试 > 配置对象生成 > 应该生成完整的 i18n 配置对象 0ms 65 MB heap used
 ✓ src/app/api/monitoring/dashboard/__tests__/route.test.ts > /api/monitoring/dashboard - 集成测试 > 端到端集成测试 > 应该处理完整的监控数据流程 8ms 65 MB heap used
 ✓ src/app/api/monitoring/dashboard/__tests__/route.test.ts > /api/monitoring/dashboard - 集成测试 > 端到端集成测试 > 应该处理多种监控数据类型的集成场景 3ms 66 MB heap used
 ✓ src/shared/__tests__/utils.test.ts > shared utils > formatDate > should format date to ISO string (YYYY-MM-DD) 3ms 63 MB heap used
 ✓ src/shared/__tests__/utils.test.ts > shared utils > formatDate > should handle different dates correctly 1ms 63 MB heap used
 ✓ src/shared/__tests__/utils.test.ts > shared utils > formatDate > should handle leap year dates 0ms 63 MB heap used
 ✓ src/shared/__tests__/utils.test.ts > shared utils > formatDate > should handle single digit months and days 0ms 64 MB heap used
 ✓ src/shared/__tests__/utils.test.ts > shared utils > formatDate > should handle edge case dates 0ms 64 MB heap used
 ✓ src/shared/__tests__/utils.test.ts > shared utils > formatDate > should return string type 0ms 64 MB heap used
 ✓ src/shared/__tests__/utils.test.ts > shared utils > formatDate > should match ISO date format pattern 0ms 64 MB heap used
 ✓ src/shared/__tests__/utils.test.ts > shared utils > validateEmail > should validate correct email formats 0ms 64 MB heap used
 ✓ src/shared/__tests__/utils.test.ts > shared utils > validateEmail > should reject invalid email formats 1ms 65 MB heap used
 ✓ src/shared/__tests__/utils.test.ts > shared utils > validateEmail > should handle special characters correctly 0ms 64 MB heap used
 ✓ src/shared/__tests__/utils.test.ts > shared utils > validateEmail > should handle edge cases 0ms 64 MB heap used
 ✓ src/shared/__tests__/utils.test.ts > shared utils > validateEmail > should be case insensitive 0ms 65 MB heap used
 ✓ src/shared/__tests__/utils.test.ts > shared utils > validateEmail > should return boolean type 0ms 65 MB heap used
 ✓ src/shared/__tests__/utils.test.ts > shared utils > validateEmail > should handle whitespace correctly 0ms 65 MB heap used
 ✓ src/shared/__tests__/utils.test.ts > shared utils > validateEmail > should handle international domain names 0ms 65 MB heap used
 ✓ src/shared/__tests__/utils.test.ts > shared utils > integration tests > should work together in realistic scenarios 0ms 65 MB heap used
 ✓ src/shared/__tests__/utils.test.ts > shared utils > integration tests > should handle multiple operations 0ms 65 MB heap used
 ✓ src/types/__tests__/global.test.ts > Global Types > ApiResponse > should define correct structure for ApiResponse 4ms 38 MB heap used
 ✓ src/types/__tests__/global.test.ts > Global Types > ApiResponse > should work with generic types 1ms 38 MB heap used
 ✓ src/types/__tests__/global.test.ts > Global Types > PaginatedResponse > should define correct structure for PaginatedResponse 1ms 38 MB heap used
 ✓ src/types/__tests__/global.test.ts > Global Types > Utility Types > should work with DeepPartial 0ms 39 MB heap used
 ✓ src/types/__tests__/global.test.ts > Global Types > Utility Types > should work with RequiredKeys 0ms 39 MB heap used
 ✓ src/types/__tests__/global.test.ts > Global Types > Utility Types > should work with OptionalKeys 0ms 39 MB heap used
 ✓ src/types/__tests__/global.test.ts > Global Types > Brand Types > should create type-safe UserId 0ms 39 MB heap used
 ✓ src/types/__tests__/global.test.ts > Global Types > Brand Types > should create type-safe Email 0ms 39 MB heap used
 ✓ src/types/__tests__/global.test.ts > Global Types > Enum Types > should define Theme type correctly 1ms 40 MB heap used
 ✓ src/types/__tests__/global.test.ts > Global Types > Enum Types > should define Locale type correctly 0ms 39 MB heap used
 ✓ src/types/__tests__/global.test.ts > Global Types > Enum Types > should define Environment type correctly 0ms 40 MB heap used
 ✓ src/types/__tests__/global.test.ts > Global Types > Enum Types > should define ErrorType correctly 0ms 40 MB heap used
 ✓ src/types/__tests__/global.test.ts > Global Types > Enum Types > should define LoadingState correctly 0ms 40 MB heap used
 ✓ src/types/__tests__/global.test.ts > Global Types > FormState > should define correct structure for FormState 0ms 40 MB heap used
 ✓ src/types/__tests__/global.test.ts > Global Types > Function Types > should define EventHandler correctly 0ms 40 MB heap used
 ✓ src/types/__tests__/global.test.ts > Global Types > Function Types > should define AsyncFunction correctly 0ms 40 MB heap used
 ✓ src/types/__tests__/global.test.ts > Global Types > ConfigOptions > should define correct structure for ConfigOptions 0ms 40 MB heap used
 ✓ src/types/__tests__/global.test.ts > Global Types > ConfigOptions > should work with optional sentryDsn 0ms 40 MB heap used
 ✓ src/lib/__tests__/utils.test.ts > Utils > cn function > should merge class names correctly 7ms 63 MB heap used
 ✓ src/lib/__tests__/utils.test.ts > Utils > cn function > should handle conflicting Tailwind classes 1ms 63 MB heap used
 ✓ src/lib/__tests__/utils.test.ts > Utils > cn function > should handle conditional classes 1ms 63 MB heap used
 ✓ src/lib/__tests__/utils.test.ts > Utils > cn function > should handle false conditional classes 0ms 63 MB heap used
 ✓ src/lib/__tests__/utils.test.ts > Utils > cn function > should handle arrays of classes 1ms 63 MB heap used
 ✓ src/lib/__tests__/utils.test.ts > Utils > cn function > should handle objects with boolean values 1ms 64 MB heap used
 ✓ src/lib/__tests__/utils.test.ts > Utils > cn function > should handle empty inputs 0ms 64 MB heap used
 ✓ src/lib/__tests__/utils.test.ts > Utils > cn function > should handle null and undefined inputs 0ms 64 MB heap used
 ✓ src/lib/__tests__/utils.test.ts > Utils > cn function > should handle complex mixed inputs 1ms 64 MB heap used
 ✓ src/lib/__tests__/utils.test.ts > Utils > cn function > should resolve Tailwind conflicts correctly 0ms 64 MB heap used
 ✓ src/lib/__tests__/utils.test.ts > Utils > cn function > should handle responsive classes 0ms 64 MB heap used
 ✓ src/lib/__tests__/utils.test.ts > Utils > cn function > should handle state variants 0ms 64 MB heap used
 ✓ src/lib/__tests__/i18n-validation-advanced.test.ts > I18n Validation - Advanced Tests Index > Core Advanced Integration Tests > should handle complex nested structures 4ms 64 MB heap used
 ✓ src/lib/__tests__/i18n-validation-advanced.test.ts > I18n Validation - Advanced Tests Index > Core Advanced Integration Tests > should validate complex parameter structures 1ms 64 MB heap used
 ✓ src/lib/__tests__/i18n-validation-advanced.test.ts > I18n Validation - Advanced Tests Index > Core Advanced Integration Tests > should detect parameter mismatches 1ms 65 MB heap used
 ✓ src/lib/__tests__/i18n-validation-advanced.test.ts > I18n Validation - Advanced Tests Index > Core Advanced Integration Tests > should handle ICU message format 1ms 65 MB heap used
 ✓ src/lib/__tests__/i18n-validation-advanced.test.ts > I18n Validation - Advanced Tests Index > Core Advanced Integration Tests > should handle empty translation files 0ms 65 MB heap used
 ✓ src/lib/__tests__/i18n-validation-advanced.test.ts > I18n Validation - Advanced Tests Index > Core Advanced Integration Tests > should handle missing locale files 0ms 65 MB heap used
 ✓ src/lib/__tests__/i18n-validation-advanced.test.ts > I18n Validation - Advanced Tests Index > Core Advanced Integration Tests > should maintain performance with moderate datasets 1ms 66 MB heap used
 ✓ src/lib/__tests__/i18n-validation-advanced.test.ts > I18n Validation - Advanced Tests Index > Core Advanced Integration Tests > should handle mixed content types 1ms 67 MB heap used
 ✓ src/lib/__tests__/i18n-monitoring.test.ts > i18n-monitoring > ErrorLevel enum > should define error levels 3ms 66 MB heap used
 ✓ src/lib/__tests__/i18n-monitoring.test.ts > i18n-monitoring > MonitoringEventType enum > should define monitoring event types 1ms 67 MB heap used
 ✓ src/lib/__tests__/i18n-monitoring.test.ts > i18n-monitoring > module imports > should import from constants 1ms 67 MB heap used
 ✓ src/lib/__tests__/i18n-monitoring.test.ts > i18n-monitoring > module imports > should import from types 0ms 67 MB heap used
 ✓ src/lib/__tests__/i18n-monitoring.test.ts > i18n-monitoring > EventCollector class > should be importable and instantiable 0ms 67 MB heap used
 ✓ src/lib/__tests__/i18n-monitoring.test.ts > i18n-monitoring > monitoring configuration > should handle monitoring config structure 0ms 67 MB heap used
 ✓ src/lib/__tests__/i18n-monitoring.test.ts > i18n-monitoring > monitoring event structure > should define monitoring event interface 0ms 67 MB heap used
 ✓ src/lib/__tests__/i18n-monitoring.test.ts > i18n-monitoring > performance thresholds > should define performance threshold structure 0ms 67 MB heap used
 ✓ src/lib/__tests__/i18n-monitoring.test.ts > i18n-monitoring > quality thresholds > should define quality threshold structure 0ms 67 MB heap used
 ✓ src/lib/__tests__/i18n-monitoring.test.ts > i18n-monitoring > browser environment handling > should handle navigator availability 0ms 68 MB heap used
 ✓ src/lib/__tests__/i18n-monitoring.test.ts > i18n-monitoring > browser environment handling > should handle window availability 0ms 68 MB heap used
 ✓ src/lib/__tests__/i18n-monitoring.test.ts > i18n-monitoring > browser environment handling > should handle missing browser APIs gracefully 1ms 68 MB heap used
 ✓ src/lib/__tests__/i18n-monitoring.test.ts > i18n-monitoring > error handling > should handle fetch errors gracefully 0ms 68 MB heap used
 ✓ src/lib/__tests__/i18n-monitoring.test.ts > i18n-monitoring > module structure > should export required enums 0ms 68 MB heap used
 ✓ src/app/[locale]/__tests__/layout-fonts.test.ts > Layout Fonts Configuration > geistSans字体配置 > 应该正确配置Geist Sans字体 3ms 63 MB heap used
 ✓ src/app/[locale]/__tests__/layout-fonts.test.ts > Layout Fonts Configuration > geistSans字体配置 > 应该包含正确的字体配置选项 1ms 64 MB heap used
 ✓ src/app/[locale]/__tests__/layout-fonts.test.ts > Layout Fonts Configuration > geistSans字体配置 > 应该设置正确的CSS变量名 0ms 64 MB heap used
 ✓ src/app/[locale]/__tests__/layout-fonts.test.ts > Layout Fonts Configuration > geistMono字体配置 > 应该正确配置Geist Mono字体 0ms 64 MB heap used
 ✓ src/app/[locale]/__tests__/layout-fonts.test.ts > Layout Fonts Configuration > geistMono字体配置 > 应该包含正确的字体配置选项 0ms 64 MB heap used
 ✓ src/app/[locale]/__tests__/layout-fonts.test.ts > Layout Fonts Configuration > geistMono字体配置 > 应该设置正确的CSS变量名 0ms 64 MB heap used
 ✓ src/app/[locale]/__tests__/layout-fonts.test.ts > Layout Fonts Configuration > getFontClassNames函数 > 应该返回组合的字体类名字符串 1ms 64 MB heap used
 ✓ src/app/[locale]/__tests__/layout-fonts.test.ts > Layout Fonts Configuration > getFontClassNames函数 > 应该包含两个字体变量并用空格分隔 1ms 64 MB heap used
 ✓ src/app/[locale]/__tests__/layout-fonts.test.ts > Layout Fonts Configuration > getFontClassNames函数 > 应该返回一致的结果 0ms 65 MB heap used
 ✓ src/app/[locale]/__tests__/layout-fonts.test.ts > Layout Fonts Configuration > getFontClassNames函数 > 应该返回非空字符串 0ms 65 MB heap used
 ✓ src/app/[locale]/__tests__/layout-fonts.test.ts > Layout Fonts Configuration > 字体变量一致性 > geistSans和geistMono应该有不同的变量名 1ms 65 MB heap used
 ✓ src/app/[locale]/__tests__/layout-fonts.test.ts > Layout Fonts Configuration > 字体变量一致性 > 字体变量应该遵循CSS自定义属性命名规范 0ms 65 MB heap used
 ✓ src/app/[locale]/__tests__/layout-fonts.test.ts > Layout Fonts Configuration > 字体变量一致性 > getFontClassNames应该包含所有定义的字体变量 0ms 65 MB heap used
 ✓ src/app/[locale]/__tests__/layout-fonts.test.ts > Layout Fonts Configuration > 字体对象属性验证 > geistSans应该包含必要的Next.js字体属性 0ms 65 MB heap used
 ✓ src/app/[locale]/__tests__/layout-fonts.test.ts > Layout Fonts Configuration > 字体对象属性验证 > geistMono应该包含必要的Next.js字体属性 0ms 65 MB heap used
 ✓ src/app/[locale]/__tests__/layout-fonts.test.ts > Layout Fonts Configuration > 字体对象属性验证 > 字体样式对象应该包含fontFamily属性 0ms 65 MB heap used
 ✓ src/app/[locale]/__tests__/layout-fonts.test.ts > Layout Fonts Configuration > 边界条件测试 > 字体变量名不应该为空 0ms 65 MB heap used
 ✓ src/app/[locale]/__tests__/layout-fonts.test.ts > Layout Fonts Configuration > 边界条件测试 > 字体类名不应该为空 0ms 65 MB heap used
 ✓ src/app/[locale]/__tests__/layout-fonts.test.ts > Layout Fonts Configuration > 边界条件测试 > getFontClassNames返回值不应该包含多余的空格 0ms 65 MB heap used
 ✓ src/lib/__tests__/translation-benchmarks.test.ts > TranslationBenchmarks > initialize > should initialize with default benchmarks 3ms 38 MB heap used
 ✓ src/lib/__tests__/translation-benchmarks.test.ts > TranslationBenchmarks > initialize > should load English benchmark with correct values 1ms 38 MB heap used
 ✓ src/lib/__tests__/translation-benchmarks.test.ts > TranslationBenchmarks > initialize > should load Chinese benchmark with correct values 0ms 39 MB heap used
 ✓ src/lib/__tests__/translation-benchmarks.test.ts > TranslationBenchmarks > setBenchmark and getBenchmark > should set and get benchmark correctly 0ms 39 MB heap used
 ✓ src/lib/__tests__/translation-benchmarks.test.ts > TranslationBenchmarks > setBenchmark and getBenchmark > should return undefined for non-existent benchmark 0ms 39 MB heap used
 ✓ src/lib/__tests__/translation-benchmarks.test.ts > TranslationBenchmarks > setBenchmark and getBenchmark > should overwrite existing benchmark 0ms 39 MB heap used
 ✓ src/lib/__tests__/translation-benchmarks.test.ts > TranslationBenchmarks > compareWithBenchmark > should compare current score with benchmark and calculate improvement 0ms 39 MB heap used
 ✓ src/lib/__tests__/translation-benchmarks.test.ts > TranslationBenchmarks > compareWithBenchmark > should throw error for non-existent benchmark 1ms 39 MB heap used
 ✓ src/lib/__tests__/translation-benchmarks.test.ts > TranslationBenchmarks > compareWithBenchmark > should generate positive recommendations for high scores 1ms 39 MB heap used
 ✓ src/lib/__tests__/translation-benchmarks.test.ts > TranslationBenchmarks > compareWithBenchmark > should generate improvement recommendations for low scores 0ms 39 MB heap used
 ✓ src/lib/__tests__/translation-benchmarks.test.ts > TranslationBenchmarks > compareWithBenchmark > should generate specific category recommendations 0ms 40 MB heap used
 ✓ src/lib/__tests__/translation-benchmarks.test.ts > TranslationBenchmarks > compareWithBenchmark > should handle moderate improvement correctly 0ms 40 MB heap used
 ✓ src/lib/__tests__/i18n-validation-advanced-scenarios.test.ts > I18n Validation - Advanced Scenarios Tests > Advanced validation scenarios > should handle complex nested structures 4ms 64 MB heap used
 ✓ src/lib/__tests__/i18n-validation-advanced-scenarios.test.ts > I18n Validation - Advanced Scenarios Tests > Advanced validation scenarios > should validate complex parameter structures 1ms 64 MB heap used
 ✓ src/lib/__tests__/i18n-validation-advanced-scenarios.test.ts > I18n Validation - Advanced Scenarios Tests > Advanced validation scenarios > should detect parameter mismatches in complex structures 1ms 65 MB heap used
 ✓ src/lib/__tests__/i18n-validation-advanced-scenarios.test.ts > I18n Validation - Advanced Scenarios Tests > Advanced validation scenarios > should handle arrays and complex data structures 1ms 65 MB heap used
 ✓ src/lib/__tests__/i18n-validation-advanced-scenarios.test.ts > I18n Validation - Advanced Scenarios Tests > Advanced validation scenarios > should validate ICU message format syntax 1ms 65 MB heap used
 ✓ src/lib/__tests__/i18n-validation-advanced-scenarios.test.ts > I18n Validation - Advanced Scenarios Tests > Advanced validation scenarios > should detect ICU format syntax errors 0ms 66 MB heap used
 ✓ src/lib/__tests__/i18n-validation-advanced-scenarios.test.ts > I18n Validation - Advanced Scenarios Tests > Advanced validation scenarios > should handle mixed content types 0ms 66 MB heap used
 ✓ src/lib/__tests__/metadata.test.ts > metadata > generatePageMetadata > should generate page metadata with default config 4ms 61 MB heap used
 ✓ src/lib/__tests__/metadata.test.ts > metadata > generatePageMetadata > should generate page metadata with custom config 1ms 61 MB heap used
 ✓ src/lib/__tests__/metadata.test.ts > metadata > generatePageMetadata > should handle different page types 1ms 61 MB heap used
 ✓ src/lib/__tests__/metadata.test.ts > metadata > generatePageMetadata > should handle different locales 1ms 61 MB heap used
 ✓ src/lib/__tests__/metadata.test.ts > metadata > generatePageMetadata > should handle empty custom config 1ms 62 MB heap used
 ✓ src/lib/__tests__/metadata.test.ts > metadata > module exports > should re-export functions from seo-metadata 0ms 61 MB heap used
 ✓ src/lib/__tests__/logger.test.ts > logger > should forward logs when 处于开发或测试环境 4ms 59 MB heap used
 ✓ src/lib/__tests__/logger.test.ts > logger > should noop logs when 处于生产环境 1ms 60 MB heap used

⎯⎯⎯⎯⎯⎯ Failed Tests 62 ⎯⎯⎯⎯⎯⎯⎯

 FAIL  src/config/__tests__/paths.test.ts > paths configuration > 类型系统完整性测试 > should ensure all PageType values are covered in PATHS_CONFIG
AssertionError: expected [ 'home', 'about', 'contact', …(7) ] to include 'diagnostics'
 ❯ src/config/__tests__/paths.test.ts:599:28
    597|       // All expected types should be present
    598|       expectedTypes.forEach((type) => {
    599|         expect(configKeys).toContain(type);
       |                            ^
    600|       });
    601| 
 ❯ src/config/__tests__/paths.test.ts:598:21

⎯⎯⎯⎯⎯⎯⎯⎯⎯⎯⎯⎯⎯⎯⎯⎯⎯⎯⎯⎯⎯⎯⎯[1/62]⎯

 FAIL  src/hooks/__tests__/use-theme-toggle.test.ts > useThemeToggle > initialization > should initialize with correct default values
 FAIL  src/hooks/__tests__/use-theme-toggle.test.ts > useThemeToggle > initialization > should provide all required functions
 FAIL  src/hooks/__tests__/use-theme-toggle.test.ts > useThemeToggle > initialization > should provide ARIA attributes
 FAIL  src/hooks/__tests__/use-theme-toggle.test.ts > useThemeToggle > mounted state handling > should use system theme when not mounted
 FAIL  src/hooks/__tests__/use-theme-toggle.test.ts > useThemeToggle > mounted state handling > should use actual theme when mounted
 FAIL  src/hooks/__tests__/use-theme-toggle.test.ts > useThemeToggle > mounted state handling > should handle undefined theme when mounted
 FAIL  src/hooks/__tests__/use-theme-toggle.test.ts > useThemeToggle > theme change handling > should handle theme change without event
 FAIL  src/hooks/__tests__/use-theme-toggle.test.ts > useThemeToggle > theme change handling > should handle theme change with click event
 FAIL  src/hooks/__tests__/use-theme-toggle.test.ts > useThemeToggle > theme change handling > should close dropdown after theme change
 FAIL  src/hooks/__tests__/use-theme-toggle.test.ts > useThemeToggle > theme change handling > should announce theme change after delay (normal motion)
 FAIL  src/hooks/__tests__/use-theme-toggle.test.ts > useThemeToggle > theme change handling > should announce theme change after reduced delay (reduced motion)
 FAIL  src/hooks/__tests__/use-theme-toggle.test.ts > useThemeToggle > keyboard navigation > should handle keyboard navigation
 FAIL  src/hooks/__tests__/use-theme-toggle.test.ts > useThemeToggle > keyboard navigation > should close dropdown on keyboard navigation
 FAIL  src/hooks/__tests__/use-theme-toggle.test.ts > useThemeToggle > state management > should toggle dropdown state
 FAIL  src/hooks/__tests__/use-theme-toggle.test.ts > useThemeToggle > state management > should update ARIA attributes when dropdown state changes
 FAIL  src/hooks/__tests__/use-theme-toggle.test.ts > useThemeToggle > accessibility preferences > should reflect reduced motion preference
 FAIL  src/hooks/__tests__/use-theme-toggle.test.ts > useThemeToggle > accessibility preferences > should reflect high contrast preference
 FAIL  src/hooks/__tests__/use-theme-toggle.test.ts > useThemeToggle > View Transitions support > should reflect View Transitions support
 FAIL  src/hooks/__tests__/use-theme-toggle.test.ts > useThemeToggle > edge cases > should handle multiple rapid theme changes
 FAIL  src/hooks/__tests__/use-theme-toggle.test.ts > useThemeToggle > edge cases > should handle theme change when accessibility functions fail
 FAIL  src/hooks/__tests__/use-theme-toggle.test.ts > useThemeToggle > edge cases > should handle keyboard navigation when handler fails
Error: [vitest] No "accessibilityManager" export is defined on the "@/lib/accessibility" mock. Did you forget to return it from "vi.mock"?
If you need to partially mock a module, you can use "importOriginal" helper inside:

vi[33m.[39m[34mmock[39m([35mimport[39m([32m"@/lib/accessibility"[39m)[33m,[39m [35masync[39m (importOriginal) [33m=>[39m {
  [35mconst[39m actual [33m=[39m [35mawait[39m [34mimportOriginal[39m()
  [35mreturn[39m {
    [33m...[39mactual[33m,[39m
    [90m// your mocked methods[39m
  }
})

 ❯ src/hooks/use-theme-toggle.ts:92:5
     90|   useEffect(() => {
     91|     const language = locale === 'zh' ? 'zh' : 'en';
     92|     accessibilityManager.setLanguage(language);
       |     ^
     93|   }, [locale]);
     94| 
 ❯ Object.react_stack_bottom_frame node_modules/.pnpm/react-dom@19.1.1_react@19.1.1/node_modules/react-dom/cjs/react-dom-client.development.js:23953:20
 ❯ runWithFiberInDEV node_modules/.pnpm/react-dom@19.1.1_react@19.1.1/node_modules/react-dom/cjs/react-dom-client.development.js:1522:13
 ❯ commitHookEffectListMount node_modules/.pnpm/react-dom@19.1.1_react@19.1.1/node_modules/react-dom/cjs/react-dom-client.development.js:11905:29
 ❯ commitHookPassiveMountEffects node_modules/.pnpm/react-dom@19.1.1_react@19.1.1/node_modules/react-dom/cjs/react-dom-client.development.js:12028:11
 ❯ commitPassiveMountOnFiber node_modules/.pnpm/react-dom@19.1.1_react@19.1.1/node_modules/react-dom/cjs/react-dom-client.development.js:13841:13
 ❯ recursivelyTraversePassiveMountEffects node_modules/.pnpm/react-dom@19.1.1_react@19.1.1/node_modules/react-dom/cjs/react-dom-client.development.js:13815:11
 ❯ commitPassiveMountOnFiber node_modules/.pnpm/react-dom@19.1.1_react@19.1.1/node_modules/react-dom/cjs/react-dom-client.development.js:13853:11

⎯⎯⎯⎯⎯⎯⎯⎯⎯⎯⎯⎯⎯⎯⎯⎯⎯⎯⎯⎯⎯⎯⎯[2/62]⎯

 FAIL  src/services/__tests__/url-generator.test.ts > URLGenerator > generateAllSitemapEntries > should generate entries for all pages and languages
AssertionError: expected [ { …(5) }, { …(5) }, { …(5) }, …(17) ] to have a length of 22 but got 20

[32m- Expected[39m
[31m+ Received[39m

[32m- 22[39m
[31m+ 20[39m

 ❯ src/services/__tests__/url-generator.test.ts:149:23
    147| 
    148|       // 应该有 11个页面类型 × 2种语言 = 22个条目
    149|       expect(entries).toHaveLength(22);
       |                       ^
    150| 
    151|       // 检查是否包含主页条目

⎯⎯⎯⎯⎯⎯⎯⎯⎯⎯⎯⎯⎯⎯⎯⎯⎯⎯⎯⎯⎯⎯⎯[3/62]⎯

 FAIL  src/lib/__tests__/accessibility-manager-core.test.ts > AccessibilityManager Core Tests > announceThemeChange > should announce theme change with correct message
AssertionError: expected 'Switched to light mode' to be '已切换到明亮模式' // Object.is equality

Expected: [32m"已切换到明亮模式"[39m
Received: [31m"Switched to light mode"[39m

 ❯ src/lib/__tests__/accessibility-manager-core.test.ts:172:39
    170|       vi.advanceTimersByTime(100); // announceDelay
    171| 
    172|       expect(mockElement.textContent).toBe('已切换到明亮模式');
       |                                       ^
    173|     });
    174| 

⎯⎯⎯⎯⎯⎯⎯⎯⎯⎯⎯⎯⎯⎯⎯⎯⎯⎯⎯⎯⎯⎯⎯[4/62]⎯

 FAIL  src/lib/__tests__/accessibility-manager-core.test.ts > AccessibilityManager Core Tests > announceThemeChange > should clear message after delay
AssertionError: expected 'Switched to dark mode' to be '已切换到深色模式' // Object.is equality

Expected: [32m"已切换到深色模式"[39m
Received: [31m"Switched to dark mode"[39m

 ❯ src/lib/__tests__/accessibility-manager-core.test.ts:182:39
    180|       // 推进延迟时间以触发消息设置
    181|       vi.advanceTimersByTime(100); // announceDelay
    182|       expect(mockElement.textContent).toBe('已切换到深色模式');
       |                                       ^
    183| 
    184|       vi.advanceTimersByTime(1000); // clearDelay

⎯⎯⎯⎯⎯⎯⎯⎯⎯⎯⎯⎯⎯⎯⎯⎯⎯⎯⎯⎯⎯⎯⎯[5/62]⎯

 FAIL  src/lib/__tests__/accessibility-manager-core.test.ts > AccessibilityManager Core Tests > announceSwitching > should announce switching message
AssertionError: expected 'Switching theme...' to be '正在切换主题...' // Object.is equality

Expected: [32m"[7m正在切换主题[27m..."[39m
Received: [31m"[7mSwitching theme[27m..."[39m

 ❯ src/lib/__tests__/accessibility-manager-core.test.ts:195:39
    193|       manager.announceSwitching();
    194| 
    195|       expect(mockElement.textContent).toBe('正在切换主题...');
       |                                       ^
    196|     });
    197| 

⎯⎯⎯⎯⎯⎯⎯⎯⎯⎯⎯⎯⎯⎯⎯⎯⎯⎯⎯⎯⎯⎯⎯[6/62]⎯

 FAIL  src/lib/__tests__/accessibility-manager-core.test.ts > AccessibilityManager Core Tests > announceSwitching > should clear switching message after delay
AssertionError: expected 'Switching theme...' to be '正在切换主题...' // Object.is equality

Expected: [32m"[7m正在切换主题[27m..."[39m
Received: [31m"[7mSwitching theme[27m..."[39m

 ❯ src/lib/__tests__/accessibility-manager-core.test.ts:202:39
    200| 
    201|       manager.announceSwitching();
    202|       expect(mockElement.textContent).toBe('正在切换主题...');
       |                                       ^
    203| 
    204|       vi.advanceTimersByTime(1000); // clearDelay

⎯⎯⎯⎯⎯⎯⎯⎯⎯⎯⎯⎯⎯⎯⎯⎯⎯⎯⎯⎯⎯⎯⎯[7/62]⎯

 FAIL  src/lib/__tests__/navigation.test.ts > navigation > mainNavigation > should have all required navigation items
AssertionError: expected [ 'home', 'about', 'products', 'blog' ] to include 'diagnostics'
 ❯ src/lib/__tests__/navigation.test.ts:57:28
     55| 
     56|       expectedKeys.forEach((key) => {
     57|         expect(actualKeys).toContain(key);
       |                            ^
     58|       });
     59|     });
 ❯ src/lib/__tests__/navigation.test.ts:56:20

⎯⎯⎯⎯⎯⎯⎯⎯⎯⎯⎯⎯⎯⎯⎯⎯⎯⎯⎯⎯⎯⎯⎯[8/62]⎯

 FAIL  src/lib/__tests__/tech-stack-data.test.ts > tech-stack-data > techStackData > should have all required properties for each item
AssertionError: expected '' to be truthy

[32m- Expected:[39m 
true

[31m+ Received:[39m 
""

 ❯ src/lib/__tests__/tech-stack-data.test.ts:46:34
     44|         expect(item.version).toBeTruthy();
     45|         expect(item.category).toBeTruthy();
     46|         expect(item.description).toBeTruthy();
       |                                  ^
     47|       });
     48|     });
 ❯ src/lib/__tests__/tech-stack-data.test.ts:42:21

⎯⎯⎯⎯⎯⎯⎯⎯⎯⎯⎯⎯⎯⎯⎯⎯⎯⎯⎯⎯⎯⎯⎯[9/62]⎯

 FAIL  src/lib/__tests__/tech-stack-data.test.ts > tech-stack-data > techStackCategories > should have specific category mappings
AssertionError: expected 'core' to be '核心框架' // Object.is equality

Expected: [32m"核心框架"[39m
Received: [31m"core"[39m

 ❯ src/lib/__tests__/tech-stack-data.test.ts:220:40
    218| 
    219|     it('should have specific category mappings', () => {
    220|       expect(techStackCategories.core).toBe('核心框架');
       |                                        ^
    221|       expect(techStackCategories.ui).toBe('UI 系统');
    222|       expect(techStackCategories.i18n).toBe('国际化');

⎯⎯⎯⎯⎯⎯⎯⎯⎯⎯⎯⎯⎯⎯⎯⎯⎯⎯⎯⎯⎯⎯[10/62]⎯

 FAIL  src/i18n/__tests__/routing.test.ts > i18n Routing Configuration > 配置验证 > 应该导出路径配置验证函数
Error: [vitest] No "validatePathsConfig" export is defined on the "@/i18n/routing" mock. Did you forget to return it from "vi.mock"?
If you need to partially mock a module, you can use "importOriginal" helper inside:

vi[33m.[39m[34mmock[39m([35mimport[39m([32m"@/i18n/routing"[39m)[33m,[39m [35masync[39m (importOriginal) [33m=>[39m {
  [35mconst[39m actual [33m=[39m [35mawait[39m [34mimportOriginal[39m()
  [35mreturn[39m {
    [33m...[39mactual[33m,[39m
    [90m// your mocked methods[39m
  }
})

 ❯ src/i18n/__tests__/routing.test.ts:152:28
    150|     it('应该导出路径配置验证函数', async () => {
    151|       const routingModule = await import('../routing');
    152|       expect(routingModule.validatePathsConfig).toBeDefined();
       |                            ^
    153|       expect(typeof routingModule.validatePathsConfig).toBe('function'…
    154|     });

⎯⎯⎯⎯⎯⎯⎯⎯⎯⎯⎯⎯⎯⎯⎯⎯⎯⎯⎯⎯⎯⎯[11/62]⎯

 FAIL  src/components/i18n/__tests__/enhanced-locale-switcher.test.tsx > EnhancedLocaleSwitcher > Detection Info > shows detection info when enabled
TestingLibraryElementError: Unable to find an element with the text: Detection Info. This could be because the text is broken up by multiple elements. In this case, you can provide a function for your text matcher to make your matcher more flexible.

Ignored nodes: comments, script, style
[36m<body>[39m
  [36m<div[39m
    [33mid[39m=[32m"test-container"[39m
  [36m/>[39m
  [36m<div>[39m
    [36m<div[39m
      [33mdata-testid[39m=[32m"dropdown-menu"[39m
    [36m>[39m
      [36m<div[39m
        [33mdata-testid[39m=[32m"dropdown-trigger"[39m
      [36m>[39m
        [36m<button[39m
          [33mclass[39m=[32m"button ghost sm relative "[39m
        [36m>[39m
          [36m<div[39m
            [33mclass[39m=[32m"flex items-center space-x-2"[39m
          [36m>[39m
            [36m<div[39m
              [33mclass[39m=[32m"h-4 w-4"[39m
              [33mdata-testid[39m=[32m"languages-icon"[39m
            [36m/>[39m
            [36m<span[39m
              [33mclass[39m=[32m"hidden sm:inline"[39m
            [36m>[39m
              [0mEnglish[0m
            [36m</span>[39m
            [36m<span[39m
              [33mclass[39m=[32m"font-mono text-xs sm:hidden"[39m
            [36m>[39m
              [0mEN[0m
            [36m</span>[39m
          [36m</div>[39m
          [36m<span[39m
            [33mclass[39m=[32m"sr-only"[39m
          [36m>[39m
            [0mToggle language[0m
          [36m</span>[39m
        [36m</button>[39m
      [36m</div>[39m
      [36m<div[39m
        [33mclass[39m=[32m"w-56"[39m
        [33mdata-testid[39m=[32m"dropdown-content"[39m
      [36m>[39m
        [36m<div[39m
          [33mclass[39m=[32m"flex items-center space-x-2"[39m
          [33mdata-testid[39m=[32m"dropdown-label"[39m
        [36m>[39m
          [36m<div[39m
            [33mclass[39m=[32m"h-4 w-4"[39m
            [33mdata-testid[39m=[32m"languages-icon"[39m
          [36m/>[39m
          [36m<span>[39m
            [0mSelect Language[0m
          [36m</span>[39m
        [36m</div>[39m
        [36m<hr[39m
          [33mdata-testid[39m=[32m"dropdown-separator"[39m
        [36m/>[39m
        [36m<div[39m
          [33mdata-testid[39m=[32m"dropdown-item"[39m
        [36m>[39m
          [36m<a[39m
            [33mclass[39m=[32m"flex w-full items-center justify-between"[39m
            [33mhref[39m=[32m"/"[39m
            [33mlocale[39m=[32m"en"[39m
          [36m>[39m
            [36m<div[39m
              [33mclass[39m=[32m"flex items-center space-x-3"[39m
            [36m>[39m
              [36m<span[39m
                [33mclass[39m=[32m"text-lg"[39m
              [36m>[39m
                [0m🇺🇸[0m
              [36m</span>[39m
              [36m<div[39m
                [33mclass[39m=[32m"flex flex-col"[39m
              [36m>[39m
                [36m<div[39m
                  [33mclass[39m=[32m"flex items-center space-x-2"[39m
                [36m>[39m
                  [36m<span[39m
                    [33mclass[39m=[32m"bg-muted rounded px-1.5 py-0.5 font-mono text-xs"[39m
                  [36m>[39m
                    [0mEN[0m
                  [36m</span>[39m
                  [36m<span[39m
                    [33mclass[39m=[32m"font-medium"[39m
                  [36m>[39m
                    [0mEnglish[0m
                  [36m</span>[39m
                [36m</div>[39m
                [36m<span[39m
                  [33mclass[39m=[32m"text-muted-foreground text-xs"[39m
                [36m>[39m
                  [0mEnglish[0m
                  [0m • [0m
                  [0mGlobal[0m
                [36m</span>[39m
              [36m</div>[39m
            [36m</div>[39m
            [36m<div[39m
              [33mclass[39m=[32m"flex items-center space-x-2"[39m
            [36m>[39m
              [36m<div[39m
                [33mclass[39m=[32m"h-4 w-4 text-green-500"[39m
                [33mdata-testid[39m=[32m"check-icon"[39m
              [36m/>[39m
            [36m</div>[39m
          [36m</a>[39m
        [36m</div>[39m
        [36m<div[39m
          [33mdata-testid[39m=[32m"dropdown-item"[39m
        [36m>[39m
          [36m<a[39m
            [33mclass[39m=[32m"flex w-full items-center justify-between"[39m
            [33mhref[39m=[32m"/"[39m
            [33mlocale[39m=[32m"zh"[39m
          [36m>[39m
            [36m<div[39m
              [33mclass[39m=[32m"flex items-center space-x-3"[39m
            [36m>[39m
              [36m<span[39m
                [33mclass[39m=[32m"text-lg"[39m
              [36m>[39m
                [0m🇨🇳[0m
              [36m</span>[39m
              [36m<div[39m
                [33mclass[39m=[32m"flex flex-col"[39m
              [36m>[39m
                [36m<div[39m
                  [33mclass[39m=[32m"flex items-center space-x-2"[39m
                [36m>[39m
                  [36m<span[39m
                    [33mclass[39m=[32m"bg-muted rounded px-1.5 py-0.5 font-mono text-xs"[39m
                  [36m>[39m
                    [0mZH[0m
                  [36m</span>[39m
                  [36m<span[39m
                    [33mclass[39m=[32m"font-medium"[39m
                  [36m>[39m
                    [0m中文[0m
                  [36m</span>[39m
                [36m</div>[39m
                [36m<span[39m
                  [33mclass[39m=[32m"text-muted-foreground text-xs"[39m
                [36m>[39m
                  [0mChinese[0m
                  [0m • [0m
                  [0mChina[0m
                [36m</span>[39m
              [36m</div>[39m
            [36m</div>[39m
            [36m<div[39m
              [33mclass[39m=[32m"flex items-center space-x-2"[39m
            [36m/>[39m
          [36m</a>[39m
        [36m</div>[39m
        [36m<hr[39m
          [33mdata-testid[39m=[32m"dropdown-separator"[39m
        [36m/>[39m
        [36m<div[39m
          [33mclass[39m=[32m"text-muted-foreground text-xs"[39m
          [33mdata-testid[39m=[32m"dropdown-label"[39m
        [36m>[39m
          [0mtitle[0m
        [36m</div>[39m
        [36m<div[39m
          [33mclass[39m=[32m"px-2 py-1 text-xs"[39m
        [36m>[39m
          [36m<div[39m
            [33mclass[39m=[32m"mb-1 flex items-center justify-between"[39m
          [36m>[39m
            [36m<div[39m
              [33mclass[39m=[32m"flex items-center space-x-1"[39m
            [36m>[39m
              [36m<div[39m
                [33mclass[39m=[32m"h-3 w-3"[39m
                [33mdata-testid[39m=[32m"globe-icon"[39m
              [36m/>[39m
              [36m<span>[39m
                [0msource[0m
                [0m: [0m
                [0msources.browser[0m
              [36m</span>[39m
            [36m</div>[39m
            [36m<span[39m
              [33mclass[39m=[32m"badge outline text-xs border-green-500 text-green-700"[39m
            [36m>[39m
              [0m90[0m
              [0m%[0m
            [36m</span>[39m
          [36m</div>[39m
        [36m</div>[39m
      [36m</div>[39m
    [36m</div>[39m
  [36m</div>[39m
[36m</body>[39m
 ❯ Object.getElementError node_modules/.pnpm/@testing-library+dom@10.4.1/node_modules/@testing-library/dom/dist/config.js:37:19
 ❯ node_modules/.pnpm/@testing-library+dom@10.4.1/node_modules/@testing-library/dom/dist/query-helpers.js:76:38
 ❯ node_modules/.pnpm/@testing-library+dom@10.4.1/node_modules/@testing-library/dom/dist/query-helpers.js:52:17
 ❯ node_modules/.pnpm/@testing-library+dom@10.4.1/node_modules/@testing-library/dom/dist/query-helpers.js:95:19
 ❯ src/components/i18n/__tests__/enhanced-locale-switcher.test.tsx:308:21
    306|       render(<EnhancedLocaleSwitcher showDetectionInfo />);
    307| 
    308|       expect(screen.getByText('Detection Info')).toBeInTheDocument();
       |                     ^
    309|       expect(screen.getByText('Source: browser')).toBeInTheDocument();
    310|       expect(screen.getByText('90%')).toBeInTheDocument();

⎯⎯⎯⎯⎯⎯⎯⎯⎯⎯⎯⎯⎯⎯⎯⎯⎯⎯⎯⎯⎯⎯[12/62]⎯

 FAIL  src/components/i18n/__tests__/enhanced-locale-switcher.test.tsx > EnhancedLocaleSwitcher > Detection Info > shows user preference indicator when override exists
TestingLibraryElementError: Unable to find an element with the text: ✓ User preference saved. This could be because the text is broken up by multiple elements. In this case, you can provide a function for your text matcher to make your matcher more flexible.

Ignored nodes: comments, script, style
[36m<body>[39m
  [36m<div[39m
    [33mid[39m=[32m"test-container"[39m
  [36m/>[39m
  [36m<div>[39m
    [36m<div[39m
      [33mdata-testid[39m=[32m"dropdown-menu"[39m
    [36m>[39m
      [36m<div[39m
        [33mdata-testid[39m=[32m"dropdown-trigger"[39m
      [36m>[39m
        [36m<button[39m
          [33mclass[39m=[32m"button ghost sm relative "[39m
        [36m>[39m
          [36m<div[39m
            [33mclass[39m=[32m"flex items-center space-x-2"[39m
          [36m>[39m
            [36m<div[39m
              [33mclass[39m=[32m"h-4 w-4"[39m
              [33mdata-testid[39m=[32m"languages-icon"[39m
            [36m/>[39m
            [36m<span[39m
              [33mclass[39m=[32m"hidden sm:inline"[39m
            [36m>[39m
              [0mEnglish[0m
            [36m</span>[39m
            [36m<span[39m
              [33mclass[39m=[32m"font-mono text-xs sm:hidden"[39m
            [36m>[39m
              [0mEN[0m
            [36m</span>[39m
          [36m</div>[39m
          [36m<span[39m
            [33mclass[39m=[32m"sr-only"[39m
          [36m>[39m
            [0mToggle language[0m
          [36m</span>[39m
        [36m</button>[39m
      [36m</div>[39m
      [36m<div[39m
        [33mclass[39m=[32m"w-56"[39m
        [33mdata-testid[39m=[32m"dropdown-content"[39m
      [36m>[39m
        [36m<div[39m
          [33mclass[39m=[32m"flex items-center space-x-2"[39m
          [33mdata-testid[39m=[32m"dropdown-label"[39m
        [36m>[39m
          [36m<div[39m
            [33mclass[39m=[32m"h-4 w-4"[39m
            [33mdata-testid[39m=[32m"languages-icon"[39m
          [36m/>[39m
          [36m<span>[39m
            [0mSelect Language[0m
          [36m</span>[39m
        [36m</div>[39m
        [36m<hr[39m
          [33mdata-testid[39m=[32m"dropdown-separator"[39m
        [36m/>[39m
        [36m<div[39m
          [33mdata-testid[39m=[32m"dropdown-item"[39m
        [36m>[39m
          [36m<a[39m
            [33mclass[39m=[32m"flex w-full items-center justify-between"[39m
            [33mhref[39m=[32m"/"[39m
            [33mlocale[39m=[32m"en"[39m
          [36m>[39m
            [36m<div[39m
              [33mclass[39m=[32m"flex items-center space-x-3"[39m
            [36m>[39m
              [36m<span[39m
                [33mclass[39m=[32m"text-lg"[39m
              [36m>[39m
                [0m🇺🇸[0m
              [36m</span>[39m
              [36m<div[39m
                [33mclass[39m=[32m"flex flex-col"[39m
              [36m>[39m
                [36m<div[39m
                  [33mclass[39m=[32m"flex items-center space-x-2"[39m
                [36m>[39m
                  [36m<span[39m
                    [33mclass[39m=[32m"bg-muted rounded px-1.5 py-0.5 font-mono text-xs"[39m
                  [36m>[39m
                    [0mEN[0m
                  [36m</span>[39m
                  [36m<span[39m
                    [33mclass[39m=[32m"font-medium"[39m
                  [36m>[39m
                    [0mEnglish[0m
                  [36m</span>[39m
                [36m</div>[39m
                [36m<span[39m
                  [33mclass[39m=[32m"text-muted-foreground text-xs"[39m
                [36m>[39m
                  [0mEnglish[0m
                  [0m • [0m
                  [0mGlobal[0m
                [36m</span>[39m
              [36m</div>[39m
            [36m</div>[39m
            [36m<div[39m
              [33mclass[39m=[32m"flex items-center space-x-2"[39m
            [36m>[39m
              [36m<div[39m
                [33mclass[39m=[32m"h-4 w-4 text-green-500"[39m
                [33mdata-testid[39m=[32m"check-icon"[39m
              [36m/>[39m
            [36m</div>[39m
          [36m</a>[39m
        [36m</div>[39m
        [36m<div[39m
          [33mdata-testid[39m=[32m"dropdown-item"[39m
        [36m>[39m
          [36m<a[39m
            [33mclass[39m=[32m"flex w-full items-center justify-between"[39m
            [33mhref[39m=[32m"/"[39m
            [33mlocale[39m=[32m"zh"[39m
          [36m>[39m
            [36m<div[39m
              [33mclass[39m=[32m"flex items-center space-x-3"[39m
            [36m>[39m
              [36m<span[39m
                [33mclass[39m=[32m"text-lg"[39m
              [36m>[39m
                [0m🇨🇳[0m
              [36m</span>[39m
              [36m<div[39m
                [33mclass[39m=[32m"flex flex-col"[39m
              [36m>[39m
                [36m<div[39m
                  [33mclass[39m=[32m"flex items-center space-x-2"[39m
                [36m>[39m
                  [36m<span[39m
                    [33mclass[39m=[32m"bg-muted rounded px-1.5 py-0.5 font-mono text-xs"[39m
                  [36m>[39m
                    [0mZH[0m
                  [36m</span>[39m
                  [36m<span[39m
                    [33mclass[39m=[32m"font-medium"[39m
                  [36m>[39m
                    [0m中文[0m
                  [36m</span>[39m
                [36m</div>[39m
                [36m<span[39m
                  [33mclass[39m=[32m"text-muted-foreground text-xs"[39m
                [36m>[39m
                  [0mChinese[0m
                  [0m • [0m
                  [0mChina[0m
                [36m</span>[39m
              [36m</div>[39m
            [36m</div>[39m
            [36m<div[39m
              [33mclass[39m=[32m"flex items-center space-x-2"[39m
            [36m/>[39m
          [36m</a>[39m
        [36m</div>[39m
        [36m<hr[39m
          [33mdata-testid[39m=[32m"dropdown-separator"[39m
        [36m/>[39m
        [36m<div[39m
          [33mclass[39m=[32m"text-muted-foreground text-xs"[39m
          [33mdata-testid[39m=[32m"dropdown-label"[39m
        [36m>[39m
          [0mtitle[0m
        [36m</div>[39m
        [36m<div[39m
          [33mclass[39m=[32m"px-2 py-1 text-xs"[39m
        [36m>[39m
          [36m<div[39m
            [33mclass[39m=[32m"mb-1 flex items-center justify-between"[39m
          [36m>[39m
            [36m<div[39m
              [33mclass[39m=[32m"flex items-center space-x-1"[39m
            [36m>[39m
              [36m<div[39m
                [33mclass[39m=[32m"h-3 w-3"[39m
                [33mdata-testid[39m=[32m"monitor-icon"[39m
              [36m/>[39m
              [36m<span>[39m
                [0msource[0m
                [0m: [0m
                [0msources.user[0m
              [36m</span>[39m
            [36m</div>[39m
            [36m<span[39m
              [33mclass[39m=[32m"badge outline text-xs border-green-500 text-green-700"[39m
            [36m>[39m
              [0m90[0m
              [0m%[0m
            [36m</span>[39m
          [36m</div>[39m
          [36m<div[39m
            [33mclass[39m=[32m"text-xs text-blue-600"[39m
          [36m>[39m
            [0muserSaved[0m
          [36m</div>[39m
        [36m</div>[39m
      [36m</div>[39m
    [36m</div>[39m
  [36m</div>[39m
[36m</body>[39m
 ❯ Object.getElementError node_modules/.pnpm/@testing-library+dom@10.4.1/node_modules/@testing-library/dom/dist/config.js:37:19
 ❯ node_modules/.pnpm/@testing-library+dom@10.4.1/node_modules/@testing-library/dom/dist/query-helpers.js:76:38
 ❯ node_modules/.pnpm/@testing-library+dom@10.4.1/node_modules/@testing-library/dom/dist/query-helpers.js:52:17
 ❯ node_modules/.pnpm/@testing-library+dom@10.4.1/node_modules/@testing-library/dom/dist/query-helpers.js:95:19
 ❯ src/components/i18n/__tests__/enhanced-locale-switcher.test.tsx:363:21
    361|       render(<EnhancedLocaleSwitcher showDetectionInfo />);
    362| 
    363|       expect(screen.getByText('✓ User preference saved')).toBeInTheDoc…
       |                     ^
    364|     });
    365| 

⎯⎯⎯⎯⎯⎯⎯⎯⎯⎯⎯⎯⎯⎯⎯⎯⎯⎯⎯⎯⎯⎯[13/62]⎯

 FAIL  src/components/i18n/__tests__/enhanced-locale-switcher.test.tsx > EnhancedLocaleSwitcher > Detection Info > uses fallback icon for unknown detection source
TestingLibraryElementError: Unable to find an element with the text: Detection Info. This could be because the text is broken up by multiple elements. In this case, you can provide a function for your text matcher to make your matcher more flexible.

Ignored nodes: comments, script, style
[36m<body>[39m
  [36m<div[39m
    [33mid[39m=[32m"test-container"[39m
  [36m/>[39m
  [36m<div>[39m
    [36m<div[39m
      [33mdata-testid[39m=[32m"dropdown-menu"[39m
    [36m>[39m
      [36m<div[39m
        [33mdata-testid[39m=[32m"dropdown-trigger"[39m
      [36m>[39m
        [36m<button[39m
          [33mclass[39m=[32m"button ghost sm relative "[39m
        [36m>[39m
          [36m<div[39m
            [33mclass[39m=[32m"flex items-center space-x-2"[39m
          [36m>[39m
            [36m<div[39m
              [33mclass[39m=[32m"h-4 w-4"[39m
              [33mdata-testid[39m=[32m"languages-icon"[39m
            [36m/>[39m
            [36m<span[39m
              [33mclass[39m=[32m"hidden sm:inline"[39m
            [36m>[39m
              [0mEnglish[0m
            [36m</span>[39m
            [36m<span[39m
              [33mclass[39m=[32m"font-mono text-xs sm:hidden"[39m
            [36m>[39m
              [0mEN[0m
            [36m</span>[39m
          [36m</div>[39m
          [36m<span[39m
            [33mclass[39m=[32m"sr-only"[39m
          [36m>[39m
            [0mToggle language[0m
          [36m</span>[39m
        [36m</button>[39m
      [36m</div>[39m
      [36m<div[39m
        [33mclass[39m=[32m"w-56"[39m
        [33mdata-testid[39m=[32m"dropdown-content"[39m
      [36m>[39m
        [36m<div[39m
          [33mclass[39m=[32m"flex items-center space-x-2"[39m
          [33mdata-testid[39m=[32m"dropdown-label"[39m
        [36m>[39m
          [36m<div[39m
            [33mclass[39m=[32m"h-4 w-4"[39m
            [33mdata-testid[39m=[32m"languages-icon"[39m
          [36m/>[39m
          [36m<span>[39m
            [0mSelect Language[0m
          [36m</span>[39m
        [36m</div>[39m
        [36m<hr[39m
          [33mdata-testid[39m=[32m"dropdown-separator"[39m
        [36m/>[39m
        [36m<div[39m
          [33mdata-testid[39m=[32m"dropdown-item"[39m
        [36m>[39m
          [36m<a[39m
            [33mclass[39m=[32m"flex w-full items-center justify-between"[39m
            [33mhref[39m=[32m"/"[39m
            [33mlocale[39m=[32m"en"[39m
          [36m>[39m
            [36m<div[39m
              [33mclass[39m=[32m"flex items-center space-x-3"[39m
            [36m>[39m
              [36m<span[39m
                [33mclass[39m=[32m"text-lg"[39m
              [36m>[39m
                [0m🇺🇸[0m
              [36m</span>[39m
              [36m<div[39m
                [33mclass[39m=[32m"flex flex-col"[39m
              [36m>[39m
                [36m<div[39m
                  [33mclass[39m=[32m"flex items-center space-x-2"[39m
                [36m>[39m
                  [36m<span[39m
                    [33mclass[39m=[32m"bg-muted rounded px-1.5 py-0.5 font-mono text-xs"[39m
                  [36m>[39m
                    [0mEN[0m
                  [36m</span>[39m
                  [36m<span[39m
                    [33mclass[39m=[32m"font-medium"[39m
                  [36m>[39m
                    [0mEnglish[0m
                  [36m</span>[39m
                [36m</div>[39m
                [36m<span[39m
                  [33mclass[39m=[32m"text-muted-foreground text-xs"[39m
                [36m>[39m
                  [0mEnglish[0m
                  [0m • [0m
                  [0mGlobal[0m
                [36m</span>[39m
              [36m</div>[39m
            [36m</div>[39m
            [36m<div[39m
              [33mclass[39m=[32m"flex items-center space-x-2"[39m
            [36m>[39m
              [36m<div[39m
                [33mclass[39m=[32m"h-4 w-4 text-green-500"[39m
                [33mdata-testid[39m=[32m"check-icon"[39m
              [36m/>[39m
            [36m</div>[39m
          [36m</a>[39m
        [36m</div>[39m
        [36m<div[39m
          [33mdata-testid[39m=[32m"dropdown-item"[39m
        [36m>[39m
          [36m<a[39m
            [33mclass[39m=[32m"flex w-full items-center justify-between"[39m
            [33mhref[39m=[32m"/"[39m
            [33mlocale[39m=[32m"zh"[39m
          [36m>[39m
            [36m<div[39m
              [33mclass[39m=[32m"flex items-center space-x-3"[39m
            [36m>[39m
              [36m<span[39m
                [33mclass[39m=[32m"text-lg"[39m
              [36m>[39m
                [0m🇨🇳[0m
              [36m</span>[39m
              [36m<div[39m
                [33mclass[39m=[32m"flex flex-col"[39m
              [36m>[39m
                [36m<div[39m
                  [33mclass[39m=[32m"flex items-center space-x-2"[39m
                [36m>[39m
                  [36m<span[39m
                    [33mclass[39m=[32m"bg-muted rounded px-1.5 py-0.5 font-mono text-xs"[39m
                  [36m>[39m
                    [0mZH[0m
                  [36m</span>[39m
                  [36m<span[39m
                    [33mclass[39m=[32m"font-medium"[39m
                  [36m>[39m
                    [0m中文[0m
                  [36m</span>[39m
                [36m</div>[39m
                [36m<span[39m
                  [33mclass[39m=[32m"text-muted-foreground text-xs"[39m
                [36m>[39m
                  [0mChinese[0m
                  [0m • [0m
                  [0mChina[0m
                [36m</span>[39m
              [36m</div>[39m
            [36m</div>[39m
            [36m<div[39m
              [33mclass[39m=[32m"flex items-center space-x-2"[39m
            [36m/>[39m
          [36m</a>[39m
        [36m</div>[39m
        [36m<hr[39m
          [33mdata-testid[39m=[32m"dropdown-separator"[39m
        [36m/>[39m
        [36m<div[39m
          [33mclass[39m=[32m"text-muted-foreground text-xs"[39m
          [33mdata-testid[39m=[32m"dropdown-label"[39m
        [36m>[39m
          [0mtitle[0m
        [36m</div>[39m
        [36m<div[39m
          [33mclass[39m=[32m"px-2 py-1 text-xs"[39m
        [36m>[39m
          [36m<div[39m
            [33mclass[39m=[32m"mb-1 flex items-center justify-between"[39m
          [36m>[39m
            [36m<div[39m
              [33mclass[39m=[32m"flex items-center space-x-1"[39m
            [36m>[39m
              [36m<div[39m
                [33mclass[39m=[32m"h-3 w-3"[39m
                [33mdata-testid[39m=[32m"languages-icon"[39m
              [36m/>[39m
              [36m<span>[39m
                [0msource[0m
                [0m: [0m
                [0msources.unknown-source[0m
              [36m</span>[39m
            [36m</div>[39m
            [36m<span[39m
              [33mclass[39m=[32m"badge outline text-xs border-yellow-500 text-yellow-700"[39m
            [36m>[39m
              [0m80[0m
              [0m%[0m
            [36m</span>[39m
          [36m</div>[39m
        [36m</div>[39m
      [36m</div>[39m
    [36m</div>[39m
  [36m</div>[39m
[36m</body>[39m
 ❯ Object.getElementError node_modules/.pnpm/@testing-library+dom@10.4.1/node_modules/@testing-library/dom/dist/config.js:37:19
 ❯ node_modules/.pnpm/@testing-library+dom@10.4.1/node_modules/@testing-library/dom/dist/query-helpers.js:76:38
 ❯ node_modules/.pnpm/@testing-library+dom@10.4.1/node_modules/@testing-library/dom/dist/query-helpers.js:52:17
 ❯ node_modules/.pnpm/@testing-library+dom@10.4.1/node_modules/@testing-library/dom/dist/query-helpers.js:95:19
 ❯ src/components/i18n/__tests__/enhanced-locale-switcher.test.tsx:377:21
    375|       render(<EnhancedLocaleSwitcher showDetectionInfo />);
    376| 
    377|       expect(screen.getByText('Detection Info')).toBeInTheDocument();
       |                     ^
    378|       expect(screen.getByText('Source: unknown-source')).toBeInTheDocu…
    379|     });

⎯⎯⎯⎯⎯⎯⎯⎯⎯⎯⎯⎯⎯⎯⎯⎯⎯⎯⎯⎯⎯⎯[14/62]⎯

 FAIL  src/components/i18n/__tests__/enhanced-locale-switcher.test.tsx > EnhancedLocaleSwitcher > Component Variants > renders LocaleSwitcherWithInfo correctly
TestingLibraryElementError: Unable to find an element with the text: Detection Info. This could be because the text is broken up by multiple elements. In this case, you can provide a function for your text matcher to make your matcher more flexible.

Ignored nodes: comments, script, style
[36m<body>[39m
  [36m<div[39m
    [33mid[39m=[32m"test-container"[39m
  [36m/>[39m
  [36m<div>[39m
    [36m<div[39m
      [33mdata-testid[39m=[32m"dropdown-menu"[39m
    [36m>[39m
      [36m<div[39m
        [33mdata-testid[39m=[32m"dropdown-trigger"[39m
      [36m>[39m
        [36m<button[39m
          [33mclass[39m=[32m"button ghost sm relative "[39m
        [36m>[39m
          [36m<div[39m
            [33mclass[39m=[32m"flex items-center space-x-2"[39m
          [36m>[39m
            [36m<div[39m
              [33mclass[39m=[32m"h-4 w-4"[39m
              [33mdata-testid[39m=[32m"languages-icon"[39m
            [36m/>[39m
            [36m<span[39m
              [33mclass[39m=[32m"hidden sm:inline"[39m
            [36m>[39m
              [0mEnglish[0m
            [36m</span>[39m
            [36m<span[39m
              [33mclass[39m=[32m"font-mono text-xs sm:hidden"[39m
            [36m>[39m
              [0mEN[0m
            [36m</span>[39m
          [36m</div>[39m
          [36m<span[39m
            [33mclass[39m=[32m"sr-only"[39m
          [36m>[39m
            [0mToggle language[0m
          [36m</span>[39m
        [36m</button>[39m
      [36m</div>[39m
      [36m<div[39m
        [33mclass[39m=[32m"w-56"[39m
        [33mdata-testid[39m=[32m"dropdown-content"[39m
      [36m>[39m
        [36m<div[39m
          [33mclass[39m=[32m"flex items-center space-x-2"[39m
          [33mdata-testid[39m=[32m"dropdown-label"[39m
        [36m>[39m
          [36m<div[39m
            [33mclass[39m=[32m"h-4 w-4"[39m
            [33mdata-testid[39m=[32m"languages-icon"[39m
          [36m/>[39m
          [36m<span>[39m
            [0mSelect Language[0m
          [36m</span>[39m
        [36m</div>[39m
        [36m<hr[39m
          [33mdata-testid[39m=[32m"dropdown-separator"[39m
        [36m/>[39m
        [36m<div[39m
          [33mdata-testid[39m=[32m"dropdown-item"[39m
        [36m>[39m
          [36m<a[39m
            [33mclass[39m=[32m"flex w-full items-center justify-between"[39m
            [33mhref[39m=[32m"/"[39m
            [33mlocale[39m=[32m"en"[39m
          [36m>[39m
            [36m<div[39m
              [33mclass[39m=[32m"flex items-center space-x-3"[39m
            [36m>[39m
              [36m<span[39m
                [33mclass[39m=[32m"text-lg"[39m
              [36m>[39m
                [0m🇺🇸[0m
              [36m</span>[39m
              [36m<div[39m
                [33mclass[39m=[32m"flex flex-col"[39m
              [36m>[39m
                [36m<div[39m
                  [33mclass[39m=[32m"flex items-center space-x-2"[39m
                [36m>[39m
                  [36m<span[39m
                    [33mclass[39m=[32m"bg-muted rounded px-1.5 py-0.5 font-mono text-xs"[39m
                  [36m>[39m
                    [0mEN[0m
                  [36m</span>[39m
                  [36m<span[39m
                    [33mclass[39m=[32m"font-medium"[39m
                  [36m>[39m
                    [0mEnglish[0m
                  [36m</span>[39m
                [36m</div>[39m
                [36m<span[39m
                  [33mclass[39m=[32m"text-muted-foreground text-xs"[39m
                [36m>[39m
                  [0mEnglish[0m
                  [0m • [0m
                  [0mGlobal[0m
                [36m</span>[39m
              [36m</div>[39m
            [36m</div>[39m
            [36m<div[39m
              [33mclass[39m=[32m"flex items-center space-x-2"[39m
            [36m>[39m
              [36m<div[39m
                [33mclass[39m=[32m"h-4 w-4 text-green-500"[39m
                [33mdata-testid[39m=[32m"check-icon"[39m
              [36m/>[39m
            [36m</div>[39m
          [36m</a>[39m
        [36m</div>[39m
        [36m<div[39m
          [33mdata-testid[39m=[32m"dropdown-item"[39m
        [36m>[39m
          [36m<a[39m
            [33mclass[39m=[32m"flex w-full items-center justify-between"[39m
            [33mhref[39m=[32m"/"[39m
            [33mlocale[39m=[32m"zh"[39m
          [36m>[39m
            [36m<div[39m
              [33mclass[39m=[32m"flex items-center space-x-3"[39m
            [36m>[39m
              [36m<span[39m
                [33mclass[39m=[32m"text-lg"[39m
              [36m>[39m
                [0m🇨🇳[0m
              [36m</span>[39m
              [36m<div[39m
                [33mclass[39m=[32m"flex flex-col"[39m
              [36m>[39m
                [36m<div[39m
                  [33mclass[39m=[32m"flex items-center space-x-2"[39m
                [36m>[39m
                  [36m<span[39m
                    [33mclass[39m=[32m"bg-muted rounded px-1.5 py-0.5 font-mono text-xs"[39m
                  [36m>[39m
                    [0mZH[0m
                  [36m</span>[39m
                  [36m<span[39m
                    [33mclass[39m=[32m"font-medium"[39m
                  [36m>[39m
                    [0m中文[0m
                  [36m</span>[39m
                [36m</div>[39m
                [36m<span[39m
                  [33mclass[39m=[32m"text-muted-foreground text-xs"[39m
                [36m>[39m
                  [0mChinese[0m
                  [0m • [0m
                  [0mChina[0m
                [36m</span>[39m
              [36m</div>[39m
            [36m</div>[39m
            [36m<div[39m
              [33mclass[39m=[32m"flex items-center space-x-2"[39m
            [36m/>[39m
          [36m</a>[39m
        [36m</div>[39m
        [36m<hr[39m
          [33mdata-testid[39m=[32m"dropdown-separator"[39m
        [36m/>[39m
        [36m<div[39m
          [33mclass[39m=[32m"text-muted-foreground text-xs"[39m
          [33mdata-testid[39m=[32m"dropdown-label"[39m
        [36m>[39m
          [0mtitle[0m
        [36m</div>[39m
        [36m<div[39m
          [33mclass[39m=[32m"px-2 py-1 text-xs"[39m
        [36m>[39m
          [36m<div[39m
            [33mclass[39m=[32m"mb-1 flex items-center justify-between"[39m
          [36m>[39m
            [36m<div[39m
              [33mclass[39m=[32m"flex items-center space-x-1"[39m
            [36m>[39m
              [36m<div[39m
                [33mclass[39m=[32m"h-3 w-3"[39m
                [33mdata-testid[39m=[32m"globe-icon"[39m
              [36m/>[39m
              [36m<span>[39m
                [0msource[0m
                [0m: [0m
                [0msources.browser[0m
              [36m</span>[39m
            [36m</div>[39m
            [36m<span[39m
              [33mclass[39m=[32m"badge outline text-xs border-green-500 text-green-700"[39m
            [36m>[39m
              [0m90[0m
              [0m%[0m
            [36m</span>[39m
          [36m</div>[39m
        [36m</div>[39m
      [36m</div>[39m
    [36m</div>[39m
  [36m</div>[39m
[36m</body>[39m
 ❯ Object.getElementError node_modules/.pnpm/@testing-library+dom@10.4.1/node_modules/@testing-library/dom/dist/config.js:37:19
 ❯ node_modules/.pnpm/@testing-library+dom@10.4.1/node_modules/@testing-library/dom/dist/query-helpers.js:76:38
 ❯ node_modules/.pnpm/@testing-library+dom@10.4.1/node_modules/@testing-library/dom/dist/query-helpers.js:52:17
 ❯ node_modules/.pnpm/@testing-library+dom@10.4.1/node_modules/@testing-library/dom/dist/query-helpers.js:95:19
 ❯ src/components/i18n/__tests__/enhanced-locale-switcher.test.tsx:498:21
    496| 
    497|       expect(screen.getByTestId('dropdown-menu')).toBeInTheDocument();
    498|       expect(screen.getByText('Detection Info')).toBeInTheDocument();
       |                     ^
    499|     });
    500|   });

⎯⎯⎯⎯⎯⎯⎯⎯⎯⎯⎯⎯⎯⎯⎯⎯⎯⎯⎯⎯⎯⎯[15/62]⎯

 FAIL  src/components/layout/__tests__/header.test.tsx > Header Component > Default Header > renders all navigation components
TestingLibraryElementError: Unable to find an element by: [data-testid="language-switcher"]

Ignored nodes: comments, script, style
[36m<body>[39m
  [36m<div[39m
    [33mid[39m=[32m"test-container"[39m
  [36m/>[39m
  [36m<div>[39m
    [36m<header[39m
      [33mclass[39m=[32m"bg-background/95 supports-[backdrop-filter]:bg-background/60 w-full border-b backdrop-blur sticky top-0 z-50"[39m
    [36m>[39m
      [36m<div[39m
        [33mclass[39m=[32m"container mx-auto px-4"[39m
      [36m>[39m
        [36m<div[39m
          [33mclass[39m=[32m"flex h-16 items-center justify-between"[39m
        [36m>[39m
          [36m<div[39m
            [33mclass[39m=[32m"flex items-center gap-4"[39m
          [36m>[39m
            [36m<nav[39m
              [33mdata-testid[39m=[32m"mobile-navigation"[39m
            [36m>[39m
              [0mMobile Navigation[0m
            [36m</nav>[39m
            [36m<div[39m
              [33mdata-testid[39m=[32m"logo"[39m
            [36m>[39m
              [0mLogo[0m
            [36m</div>[39m
          [36m</div>[39m
          [36m<nav[39m
            [33mdata-testid[39m=[32m"main-navigation"[39m
          [36m>[39m
            [0mMain Navigation[0m
          [36m</nav>[39m
          [36m<div[39m
            [33mclass[39m=[32m"flex items-center gap-2"[39m
          [36m>[39m
            [36m<button[39m
              [33maria-expanded[39m=[32m"false"[39m
              [33maria-haspopup[39m=[32m"menu"[39m
              [33mclass[39m=[32m"focus-visible:border-ring focus-visible:ring-ring/50 aria-invalid:ring-destructive/20 dark:aria-invalid:ring-destructive/40 aria-invalid:border-destructive inline-flex shrink-0 items-center justify-center gap-2 rounded-md text-sm font-medium whitespace-nowrap transition-all outline-none focus-visible:ring-[3px] disabled:pointer-events-none disabled:opacity-50 [&_svg]:pointer-events-none [&_svg]:shrink-0 [&_svg:not([class*='size-'])]:size-4 bg-background hover:bg-accent hover:text-accent-foreground dark:bg-input/30 dark:border-input dark:hover:bg-input/50 border shadow-xs size-9"[39m
              [33mdata-slot[39m=[32m"dropdown-menu-trigger"[39m
              [33mdata-state[39m=[32m"closed"[39m
              [33mdata-testid[39m=[32m"language-toggle-button"[39m
              [33mid[39m=[32m"radix-«r0»"[39m
              [33mtype[39m=[32m"button"[39m
            [36m>[39m
              [36m<svg[39m
                [33mclass[39m=[32m"h-[1.2rem] w-[1.2rem]"[39m
                [33mdata-testid[39m=[32m"globe-icon"[39m
                [33mfill[39m=[32m"none"[39m
                [33mheight[39m=[32m"24"[39m
                [33mstroke[39m=[32m"currentColor"[39m
                [33mstroke-linecap[39m=[32m"round"[39m
                [33mstroke-linejoin[39m=[32m"round"[39m
                [33mstroke-width[39m=[32m"2"[39m
                [33mviewBox[39m=[32m"0 0 24 24"[39m
                [33mwidth[39m=[32m"24"[39m
              [36m/>[39m
              [36m<span[39m
                [33mclass[39m=[32m"sr-only"[39m
              [36m>[39m
                [0mtoggle[0m
              [36m</span>[39m
            [36m</button>[39m
          [36m</div>[39m
        [36m</div>[39m
      [36m</div>[39m
    [36m</header>[39m
  [36m</div>[39m
[36m</body>[39m
 ❯ Object.getElementError node_modules/.pnpm/@testing-library+dom@10.4.1/node_modules/@testing-library/dom/dist/config.js:37:19
 ❯ node_modules/.pnpm/@testing-library+dom@10.4.1/node_modules/@testing-library/dom/dist/query-helpers.js:76:38
 ❯ node_modules/.pnpm/@testing-library+dom@10.4.1/node_modules/@testing-library/dom/dist/query-helpers.js:52:17
 ❯ node_modules/.pnpm/@testing-library+dom@10.4.1/node_modules/@testing-library/dom/dist/query-helpers.js:95:19
 ❯ src/components/layout/__tests__/header.test.tsx:49:21
     47|       expect(screen.getByTestId('main-navigation')).toBeInTheDocument(…
     48|       expect(screen.getByTestId('mobile-navigation')).toBeInTheDocumen…
     49|       expect(screen.getByTestId('language-switcher')).toBeInTheDocumen…
       |                     ^
     50|       expect(screen.getByTestId('theme-toggle')).toBeInTheDocument();
     51|     });

⎯⎯⎯⎯⎯⎯⎯⎯⎯⎯⎯⎯⎯⎯⎯⎯⎯⎯⎯⎯⎯⎯[16/62]⎯

 FAIL  src/components/layout/__tests__/mobile-navigation-basic-core.test.tsx > Mobile Navigation - Basic Core Tests > 菜单切换功能 > displays navigation items when menu is open
TestingLibraryElementError: Unable to find an element with the text: Diagnostics. This could be because the text is broken up by multiple elements. In this case, you can provide a function for your text matcher to make your matcher more flexible.

Ignored nodes: comments, script, style
[36m<body[39m
  [33mdata-scroll-locked[39m=[32m"1"[39m
  [33mstyle[39m=[32m"pointer-events: none;"[39m
[36m>[39m
  [36m<span[39m
    [33maria-hidden[39m=[32m"true"[39m
    [33mdata-aria-hidden[39m=[32m"true"[39m
    [33mdata-radix-focus-guard[39m=[32m""[39m
    [33mstyle[39m=[32m"outline: none; opacity: 0; position: fixed; pointer-events: none;"[39m
    [33mtabindex[39m=[32m"0"[39m
  [36m/>[39m
  [36m<div[39m
    [33maria-hidden[39m=[32m"true"[39m
    [33mdata-aria-hidden[39m=[32m"true"[39m
    [33mid[39m=[32m"test-container"[39m
  [36m/>[39m
  [36m<div[39m
    [33maria-hidden[39m=[32m"true"[39m
    [33mdata-aria-hidden[39m=[32m"true"[39m
  [36m>[39m
    [36m<div[39m
      [33mclass[39m=[32m"md:hidden"[39m
    [36m>[39m
      [36m<button[39m
        [33maria-controls[39m=[32m"mobile-navigation"[39m
        [33maria-expanded[39m=[32m"true"[39m
        [33maria-haspopup[39m=[32m"dialog"[39m
        [33maria-label[39m=[32m"Toggle mobile menu"[39m
        [33mclass[39m=[32m"focus-visible:border-ring focus-visible:ring-ring/50 aria-invalid:ring-destructive/20 dark:aria-invalid:ring-destructive/40 aria-invalid:border-destructive inline-flex shrink-0 items-center justify-center gap-2 rounded-md text-sm font-medium whitespace-nowrap transition-all outline-none focus-visible:ring-[3px] disabled:pointer-events-none disabled:opacity-50 [&_svg]:pointer-events-none [&_svg]:shrink-0 [&_svg:not([class*='size-'])]:size-4 hover:bg-accent hover:text-accent-foreground dark:hover:bg-accent/50 size-9 relative"[39m
        [33mdata-slot[39m=[32m"sheet-trigger"[39m
        [33mdata-state[39m=[32m"open"[39m
        [33mtype[39m=[32m"button"[39m
      [36m>[39m
        [36m<span[39m
          [33mdata-testid[39m=[32m"menu-icon"[39m
        [36m>[39m
          [0m☰[0m
        [36m</span>[39m
        [36m<span[39m
          [33mclass[39m=[32m"sr-only"[39m
        [36m>[39m
          [0mClose menu[0m
        [36m</span>[39m
      [36m</button>[39m
    [36m</div>[39m
  [36m</div>[39m
  [36m<div[39m
    [33maria-hidden[39m=[32m"true"[39m
    [33mclass[39m=[32m"data-[state=open]:animate-in data-[state=closed]:animate-out data-[state=closed]:fade-out-0 data-[state=open]:fade-in-0 fixed inset-0 z-50 bg-black/50"[39m
    [33mdata-aria-hidden[39m=[32m"true"[39m
    [33mdata-slot[39m=[32m"sheet-overlay"[39m
    [33mdata-state[39m=[32m"open"[39m
    [33mstyle[39m=[32m"pointer-events: auto;"[39m
  [36m/>[39m
  [36m<div[39m
    [33maria-labelledby[39m=[32m"radix-«r1e»"[39m
    [33mclass[39m=[32m"bg-background data-[state=open]:animate-in data-[state=closed]:animate-out fixed z-50 flex flex-col gap-4 p-6 shadow-lg transition ease-in-out data-[state=closed]:duration-300 data-[state=open]:duration-500 data-[state=closed]:slide-out-to-left data-[state=open]:slide-in-from-left inset-y-0 left-0 h-full border-r sm:max-w-sm w-[300px] sm:w-[350px]"[39m
    [33mdata-side[39m=[32m"left"[39m
    [33mdata-slot[39m=[32m"sheet-content"[39m
    [33mdata-state[39m=[32m"open"[39m
    [33mid[39m=[32m"mobile-navigation"[39m
    [33mrole[39m=[32m"dialog"[39m
    [33mstyle[39m=[32m"pointer-events: auto;"[39m
    [33mtabindex[39m=[32m"-1"[39m
  [36m>[39m
    [36m<div[39m
      [33mclass[39m=[32m"flex flex-col gap-1.5 p-4 text-left"[39m
      [33mdata-slot[39m=[32m"sheet-header"[39m
    [36m>[39m
      [36m<h2[39m
        [33mclass[39m=[32m"text-foreground text-lg font-semibold"[39m
        [33mdata-slot[39m=[32m"sheet-title"[39m
        [33mid[39m=[32m"radix-«r1e»"[39m
      [36m>[39m
        [0mSite Name[0m
      [36m</h2>[39m
      [36m<p[39m
        [33mclass[39m=[32m"text-muted-foreground text-sm"[39m
        [33mdata-slot[39m=[32m"sheet-description"[39m
        [33mid[39m=[32m"radix-«r1f»"[39m
      [36m>[39m
        [0mSite Description[0m
      [36m</p>[39m
    [36m</div>[39m
    [36m<div[39m
      [33mclass[39m=[32m"bg-border shrink-0 h-[1px] w-full my-4"[39m
    [36m/>[39m
    [36m<nav[39m
      [33maria-label[39m=[32m"Mobile navigation menu"[39m
      [33mclass[39m=[32m"flex flex-col space-y-1"[39m
    [36m>[39m
      [36m<a[39m
        [33maria-current[39m=[32m"page"[39m
        [33mclass[39m=[32m"flex items-center rounded-md px-3 py-2 text-sm font-medium transition-colors duration-200 bg-accent text-accent-foreground"[39m
        [33mhref[39m=[32m"/"[39m
      [36m>[39m
        [0mHome[0m
      [36m</a>[39m
      [36m<a[39m
        [33mclass[39m=[32m"flex items-center rounded-md px-3 py-2 text-sm font-medium transition-colors duration-200 text-muted-foreground hover:text-foreground hover:bg-accent/50"[39m
        [33mhref[39m=[32m"/about"[39m
      [36m>[39m
        [0mAbout[0m
      [36m</a>[39m
      [36m<a[39m
        [33mclass[39m=[32m"flex items-center rounded-md px-3 py-2 text-sm font-medium transition-colors duration-200 text-muted-foreground hover:text-foreground hover:bg-accent/50"[39m
        [33mhref[39m=[32m"/products"[39m
      [36m>[39m
        [0mProducts[0m
      [36m</a>[39m
      [36m<a[39m
        [33mclass[39m=[32m"flex items-center rounded-md px-3 py-2 text-sm font-medium transition-colors duration-200 text-muted-foreground hover:text-foreground hover:bg-accent/50"[39m
        [33mhref[39m=[32m"/blog"[39m
      [36m>[39m
        [0mBlog[0m
      [36m</a>[39m
    [36m</nav>[39m
    [36m<button[39m
      [33mclass[39m=[32m"ring-offset-background focus:ring-ring data-[state=open]:bg-secondary absolute top-4 right-4 rounded-xs opacity-70 transition-opacity hover:opacity-100 focus:ring-2 focus:ring-offset-2 focus:outline-hidden disabled:pointer-events-none"[39m
      [33mtype[39m=[32m"button"[39m
    [36m>[39m
      [36m<span[39m
        [33mdata-testid[39m=[32m"x-icon"[39m
      [36m>[39m
        [0m✕[0m
      [36m</span>[39m
      [36m<span[39m
        [33mclass[39m=[32m"sr-only"[39m
      [36m>[39m
        [0mClose[0m
      [36m</span>[39m
    [36m</button>[39m
  [36m</div>[39m
  [36m<span[39m
    [33maria-hidden[39m=[32m"true"[39m
    [33mdata-aria-hidden[39m=[32m"true"[39m
    [33mdata-radix-focus-guard[39m=[32m""[39m
    [33mstyle[39m=[32m"outline: none; opacity: 0; position: fixed; pointer-events: none;"[39m
    [33mtabindex[39m=[32m"0"[39m
  [36m/>[39m
[36m</body>[39m
 ❯ Object.getElementError node_modules/.pnpm/@testing-library+dom@10.4.1/node_modules/@testing-library/dom/dist/config.js:37:19
 ❯ node_modules/.pnpm/@testing-library+dom@10.4.1/node_modules/@testing-library/dom/dist/query-helpers.js:76:38
 ❯ node_modules/.pnpm/@testing-library+dom@10.4.1/node_modules/@testing-library/dom/dist/query-helpers.js:52:17
 ❯ node_modules/.pnpm/@testing-library+dom@10.4.1/node_modules/@testing-library/dom/dist/query-helpers.js:95:19
 ❯ src/components/layout/__tests__/mobile-navigation-basic-core.test.tsx:261:21
    259|       expect(screen.getByText('Products')).toBeInTheDocument();
    260|       expect(screen.getByText('Blog')).toBeInTheDocument();
    261|       expect(screen.getByText('Diagnostics')).toBeInTheDocument();
       |                     ^
    262|     });
    263| 

⎯⎯⎯⎯⎯⎯⎯⎯⎯⎯⎯⎯⎯⎯⎯⎯⎯⎯⎯⎯⎯⎯[17/62]⎯

 FAIL  src/components/layout/__tests__/mobile-navigation-basic.test.tsx > Mobile Navigation - Main Tests > 核心功能验证 > displays navigation items when menu is open
TestingLibraryElementError: Unable to find an element with the text: Diagnostics. This could be because the text is broken up by multiple elements. In this case, you can provide a function for your text matcher to make your matcher more flexible.

Ignored nodes: comments, script, style
[36m<body[39m
  [33mdata-scroll-locked[39m=[32m"1"[39m
  [33mstyle[39m=[32m"pointer-events: none;"[39m
[36m>[39m
  [36m<span[39m
    [33maria-hidden[39m=[32m"true"[39m
    [33mdata-aria-hidden[39m=[32m"true"[39m
    [33mdata-radix-focus-guard[39m=[32m""[39m
    [33mstyle[39m=[32m"outline: none; opacity: 0; position: fixed; pointer-events: none;"[39m
    [33mtabindex[39m=[32m"0"[39m
  [36m/>[39m
  [36m<div[39m
    [33maria-hidden[39m=[32m"true"[39m
    [33mdata-aria-hidden[39m=[32m"true"[39m
    [33mid[39m=[32m"test-container"[39m
  [36m/>[39m
  [36m<div[39m
    [33maria-hidden[39m=[32m"true"[39m
    [33mdata-aria-hidden[39m=[32m"true"[39m
  [36m>[39m
    [36m<div[39m
      [33mclass[39m=[32m"md:hidden"[39m
    [36m>[39m
      [36m<button[39m
        [33maria-controls[39m=[32m"mobile-navigation"[39m
        [33maria-expanded[39m=[32m"true"[39m
        [33maria-haspopup[39m=[32m"dialog"[39m
        [33maria-label[39m=[32m"Toggle mobile menu"[39m
        [33mclass[39m=[32m"focus-visible:border-ring focus-visible:ring-ring/50 aria-invalid:ring-destructive/20 dark:aria-invalid:ring-destructive/40 aria-invalid:border-destructive inline-flex shrink-0 items-center justify-center gap-2 rounded-md text-sm font-medium whitespace-nowrap transition-all outline-none focus-visible:ring-[3px] disabled:pointer-events-none disabled:opacity-50 [&_svg]:pointer-events-none [&_svg]:shrink-0 [&_svg:not([class*='size-'])]:size-4 hover:bg-accent hover:text-accent-foreground dark:hover:bg-accent/50 size-9 relative"[39m
        [33mdata-slot[39m=[32m"sheet-trigger"[39m
        [33mdata-state[39m=[32m"open"[39m
        [33mtype[39m=[32m"button"[39m
      [36m>[39m
        [36m<span[39m
          [33mdata-testid[39m=[32m"menu-icon"[39m
        [36m>[39m
          [0m☰[0m
        [36m</span>[39m
        [36m<span[39m
          [33mclass[39m=[32m"sr-only"[39m
        [36m>[39m
          [0mClose menu[0m
        [36m</span>[39m
      [36m</button>[39m
    [36m</div>[39m
  [36m</div>[39m
  [36m<div[39m
    [33maria-hidden[39m=[32m"true"[39m
    [33mclass[39m=[32m"data-[state=open]:animate-in data-[state=closed]:animate-out data-[state=closed]:fade-out-0 data-[state=open]:fade-in-0 fixed inset-0 z-50 bg-black/50"[39m
    [33mdata-aria-hidden[39m=[32m"true"[39m
    [33mdata-slot[39m=[32m"sheet-overlay"[39m
    [33mdata-state[39m=[32m"open"[39m
    [33mstyle[39m=[32m"pointer-events: auto;"[39m
  [36m/>[39m
  [36m<div[39m
    [33maria-labelledby[39m=[32m"radix-«r1e»"[39m
    [33mclass[39m=[32m"bg-background data-[state=open]:animate-in data-[state=closed]:animate-out fixed z-50 flex flex-col gap-4 p-6 shadow-lg transition ease-in-out data-[state=closed]:duration-300 data-[state=open]:duration-500 data-[state=closed]:slide-out-to-left data-[state=open]:slide-in-from-left inset-y-0 left-0 h-full border-r sm:max-w-sm w-[300px] sm:w-[350px]"[39m
    [33mdata-side[39m=[32m"left"[39m
    [33mdata-slot[39m=[32m"sheet-content"[39m
    [33mdata-state[39m=[32m"open"[39m
    [33mid[39m=[32m"mobile-navigation"[39m
    [33mrole[39m=[32m"dialog"[39m
    [33mstyle[39m=[32m"pointer-events: auto;"[39m
    [33mtabindex[39m=[32m"-1"[39m
  [36m>[39m
    [36m<div[39m
      [33mclass[39m=[32m"flex flex-col gap-1.5 p-4 text-left"[39m
      [33mdata-slot[39m=[32m"sheet-header"[39m
    [36m>[39m
      [36m<h2[39m
        [33mclass[39m=[32m"text-foreground text-lg font-semibold"[39m
        [33mdata-slot[39m=[32m"sheet-title"[39m
        [33mid[39m=[32m"radix-«r1e»"[39m
      [36m>[39m
        [0mSite Name[0m
      [36m</h2>[39m
      [36m<p[39m
        [33mclass[39m=[32m"text-muted-foreground text-sm"[39m
        [33mdata-slot[39m=[32m"sheet-description"[39m
        [33mid[39m=[32m"radix-«r1f»"[39m
      [36m>[39m
        [0mSite Description[0m
      [36m</p>[39m
    [36m</div>[39m
    [36m<div[39m
      [33mclass[39m=[32m"bg-border shrink-0 h-[1px] w-full my-4"[39m
    [36m/>[39m
    [36m<nav[39m
      [33maria-label[39m=[32m"Mobile navigation menu"[39m
      [33mclass[39m=[32m"flex flex-col space-y-1"[39m
    [36m>[39m
      [36m<a[39m
        [33maria-current[39m=[32m"page"[39m
        [33mclass[39m=[32m"flex items-center rounded-md px-3 py-2 text-sm font-medium transition-colors duration-200 bg-accent text-accent-foreground"[39m
        [33mhref[39m=[32m"/"[39m
      [36m>[39m
        [0mHome[0m
      [36m</a>[39m
      [36m<a[39m
        [33mclass[39m=[32m"flex items-center rounded-md px-3 py-2 text-sm font-medium transition-colors duration-200 text-muted-foreground hover:text-foreground hover:bg-accent/50"[39m
        [33mhref[39m=[32m"/about"[39m
      [36m>[39m
        [0mAbout[0m
      [36m</a>[39m
      [36m<a[39m
        [33mclass[39m=[32m"flex items-center rounded-md px-3 py-2 text-sm font-medium transition-colors duration-200 text-muted-foreground hover:text-foreground hover:bg-accent/50"[39m
        [33mhref[39m=[32m"/products"[39m
      [36m>[39m
        [0mProducts[0m
      [36m</a>[39m
      [36m<a[39m
        [33mclass[39m=[32m"flex items-center rounded-md px-3 py-2 text-sm font-medium transition-colors duration-200 text-muted-foreground hover:text-foreground hover:bg-accent/50"[39m
        [33mhref[39m=[32m"/blog"[39m
      [36m>[39m
        [0mBlog[0m
      [36m</a>[39m
    [36m</nav>[39m
    [36m<button[39m
      [33mclass[39m=[32m"ring-offset-background focus:ring-ring data-[state=open]:bg-secondary absolute top-4 right-4 rounded-xs opacity-70 transition-opacity hover:opacity-100 focus:ring-2 focus:ring-offset-2 focus:outline-hidden disabled:pointer-events-none"[39m
      [33mtype[39m=[32m"button"[39m
    [36m>[39m
      [36m<span[39m
        [33mdata-testid[39m=[32m"x-icon"[39m
      [36m>[39m
        [0m✕[0m
      [36m</span>[39m
      [36m<span[39m
        [33mclass[39m=[32m"sr-only"[39m
      [36m>[39m
        [0mClose[0m
      [36m</span>[39m
    [36m</button>[39m
  [36m</div>[39m
  [36m<span[39m
    [33maria-hidden[39m=[32m"true"[39m
    [33mdata-aria-hidden[39m=[32m"true"[39m
    [33mdata-radix-focus-guard[39m=[32m""[39m
    [33mstyle[39m=[32m"outline: none; opacity: 0; position: fixed; pointer-events: none;"[39m
    [33mtabindex[39m=[32m"0"[39m
  [36m/>[39m
[36m</body>[39m
 ❯ Object.getElementError node_modules/.pnpm/@testing-library+dom@10.4.1/node_modules/@testing-library/dom/dist/config.js:37:19
 ❯ node_modules/.pnpm/@testing-library+dom@10.4.1/node_modules/@testing-library/dom/dist/query-helpers.js:76:38
 ❯ node_modules/.pnpm/@testing-library+dom@10.4.1/node_modules/@testing-library/dom/dist/query-helpers.js:52:17
 ❯ node_modules/.pnpm/@testing-library+dom@10.4.1/node_modules/@testing-library/dom/dist/query-helpers.js:95:19
 ❯ src/components/layout/__tests__/mobile-navigation-basic.test.tsx:251:21
    249|       expect(screen.getByText('Products')).toBeInTheDocument();
    250|       expect(screen.getByText('Blog')).toBeInTheDocument();
    251|       expect(screen.getByText('Diagnostics')).toBeInTheDocument();
       |                     ^
    252|     });
    253| 

⎯⎯⎯⎯⎯⎯⎯⎯⎯⎯⎯⎯⎯⎯⎯⎯⎯⎯⎯⎯⎯⎯[18/62]⎯

 FAIL  src/components/layout/__tests__/mobile-navigation-edge-cases-core.test.tsx > Mobile Navigation - 核心边界情况测试 > 异常状态处理 > 处理路径名钩子失败
AssertionError: expected [Function] to throw an error

[32m- Expected:[39m 
null

[31m+ Received:[39m 
undefined

 ❯ src/components/layout/__tests__/mobile-navigation-edge-cases-core.test.tsx:275:10
    273|       expect(() => {
    274|         render(<MobileNavigation />);
    275|       }).toThrow('Pathname hook failed');
       |          ^
    276|     });
    277| 

⎯⎯⎯⎯⎯⎯⎯⎯⎯⎯⎯⎯⎯⎯⎯⎯⎯⎯⎯⎯⎯⎯[19/62]⎯

 FAIL  src/components/layout/__tests__/mobile-navigation-items-accessibility-core.test.tsx > Mobile Navigation - Core Tests > Navigation Items > should render all navigation links when menu is open
TestingLibraryElementError: Unable to find an accessible element with the role "link" and name `/diagnostics/i`

Here are the accessible roles:

  dialog:

  Name "Site Name":
  [36m<div[39m
    [33maria-labelledby[39m=[32m"radix-«rj»"[39m
    [33mclass[39m=[32m"bg-background data-[state=open]:animate-in data-[state=closed]:animate-out fixed z-50 flex flex-col gap-4 p-6 shadow-lg transition ease-in-out data-[state=closed]:duration-300 data-[state=open]:duration-500 data-[state=closed]:slide-out-to-left data-[state=open]:slide-in-from-left inset-y-0 left-0 h-full border-r sm:max-w-sm w-[300px] sm:w-[350px]"[39m
    [33mdata-side[39m=[32m"left"[39m
    [33mdata-slot[39m=[32m"sheet-content"[39m
    [33mdata-state[39m=[32m"open"[39m
    [33mid[39m=[32m"mobile-navigation"[39m
    [33mrole[39m=[32m"dialog"[39m
    [33mstyle[39m=[32m"pointer-events: auto;"[39m
    [33mtabindex[39m=[32m"-1"[39m
  [36m/>[39m

  --------------------------------------------------
  heading:

  Name "Site Name":
  [36m<h2[39m
    [33mclass[39m=[32m"text-foreground text-lg font-semibold"[39m
    [33mdata-slot[39m=[32m"sheet-title"[39m
    [33mid[39m=[32m"radix-«rj»"[39m
  [36m/>[39m

  --------------------------------------------------
  paragraph:

  Name "":
  [36m<p[39m
    [33mclass[39m=[32m"text-muted-foreground text-sm"[39m
    [33mdata-slot[39m=[32m"sheet-description"[39m
    [33mid[39m=[32m"radix-«rk»"[39m
  [36m/>[39m

  --------------------------------------------------
  navigation:

  Name "Mobile navigation menu":
  [36m<nav[39m
    [33maria-label[39m=[32m"Mobile navigation menu"[39m
    [33mclass[39m=[32m"flex flex-col space-y-1"[39m
  [36m/>[39m

  --------------------------------------------------
  link:

  Name "Home":
  [36m<a[39m
    [33maria-current[39m=[32m"page"[39m
    [33mclass[39m=[32m"flex items-center rounded-md px-3 py-2 text-sm font-medium transition-colors duration-200 bg-accent text-accent-foreground"[39m
    [33mhref[39m=[32m"/"[39m
  [36m/>[39m

  Name "About":
  [36m<a[39m
    [33mclass[39m=[32m"flex items-center rounded-md px-3 py-2 text-sm font-medium transition-colors duration-200 text-muted-foreground hover:text-foreground hover:bg-accent/50"[39m
    [33mhref[39m=[32m"/about"[39m
  [36m/>[39m

  Name "Products":
  [36m<a[39m
    [33mclass[39m=[32m"flex items-center rounded-md px-3 py-2 text-sm font-medium transition-colors duration-200 text-muted-foreground hover:text-foreground hover:bg-accent/50"[39m
    [33mhref[39m=[32m"/products"[39m
  [36m/>[39m

  Name "Blog":
  [36m<a[39m
    [33mclass[39m=[32m"flex items-center rounded-md px-3 py-2 text-sm font-medium transition-colors duration-200 text-muted-foreground hover:text-foreground hover:bg-accent/50"[39m
    [33mhref[39m=[32m"/blog"[39m
  [36m/>[39m

  --------------------------------------------------
  button:

  Name "✕ Close":
  [36m<button[39m
    [33mclass[39m=[32m"ring-offset-background focus:ring-ring data-[state=open]:bg-secondary absolute top-4 right-4 rounded-xs opacity-70 transition-opacity hover:opacity-100 focus:ring-2 focus:ring-offset-2 focus:outline-hidden disabled:pointer-events-none"[39m
    [33mtype[39m=[32m"button"[39m
  [36m/>[39m

  --------------------------------------------------

Ignored nodes: comments, script, style
[36m<body[39m
  [33mdata-scroll-locked[39m=[32m"1"[39m
  [33mstyle[39m=[32m"pointer-events: none;"[39m
[36m>[39m
  [36m<span[39m
    [33maria-hidden[39m=[32m"true"[39m
    [33mdata-aria-hidden[39m=[32m"true"[39m
    [33mdata-radix-focus-guard[39m=[32m""[39m
    [33mstyle[39m=[32m"outline: none; opacity: 0; position: fixed; pointer-events: none;"[39m
    [33mtabindex[39m=[32m"0"[39m
  [36m/>[39m
  [36m<div[39m
    [33maria-hidden[39m=[32m"true"[39m
    [33mdata-aria-hidden[39m=[32m"true"[39m
    [33mid[39m=[32m"test-container"[39m
  [36m/>[39m
  [36m<div[39m
    [33maria-hidden[39m=[32m"true"[39m
    [33mdata-aria-hidden[39m=[32m"true"[39m
  [36m>[39m
    [36m<div[39m
      [33mclass[39m=[32m"md:hidden"[39m
    [36m>[39m
      [36m<button[39m
        [33maria-controls[39m=[32m"mobile-navigation"[39m
        [33maria-expanded[39m=[32m"true"[39m
        [33maria-haspopup[39m=[32m"dialog"[39m
        [33maria-label[39m=[32m"Toggle mobile menu"[39m
        [33mclass[39m=[32m"focus-visible:border-ring focus-visible:ring-ring/50 aria-invalid:ring-destructive/20 dark:aria-invalid:ring-destructive/40 aria-invalid:border-destructive inline-flex shrink-0 items-center justify-center gap-2 rounded-md text-sm font-medium whitespace-nowrap transition-all outline-none focus-visible:ring-[3px] disabled:pointer-events-none disabled:opacity-50 [&_svg]:pointer-events-none [&_svg]:shrink-0 [&_svg:not([class*='size-'])]:size-4 hover:bg-accent hover:text-accent-foreground dark:hover:bg-accent/50 size-9 relative"[39m
        [33mdata-slot[39m=[32m"sheet-trigger"[39m
        [33mdata-state[39m=[32m"open"[39m
        [33mtype[39m=[32m"button"[39m
      [36m>[39m
        [36m<span[39m
          [33mdata-testid[39m=[32m"menu-icon"[39m
        [36m>[39m
          [0m☰[0m
        [36m</span>[39m
        [36m<span[39m
          [33mclass[39m=[32m"sr-only"[39m
        [36m>[39m
          [0mClose menu[0m
        [36m</span>[39m
      [36m</button>[39m
    [36m</div>[39m
  [36m</div>[39m
  [36m<div[39m
    [33maria-hidden[39m=[32m"true"[39m
    [33mclass[39m=[32m"data-[state=open]:animate-in data-[state=closed]:animate-out data-[state=closed]:fade-out-0 data-[state=open]:fade-in-0 fixed inset-0 z-50 bg-black/50"[39m
    [33mdata-aria-hidden[39m=[32m"true"[39m
    [33mdata-slot[39m=[32m"sheet-overlay"[39m
    [33mdata-state[39m=[32m"open"[39m
    [33mstyle[39m=[32m"pointer-events: auto;"[39m
  [36m/>[39m
  [36m<div[39m
    [33maria-labelledby[39m=[32m"radix-«rj»"[39m
    [33mclass[39m=[32m"bg-background data-[state=open]:animate-in data-[state=closed]:animate-out fixed z-50 flex flex-col gap-4 p-6 shadow-lg transition ease-in-out data-[state=closed]:duration-300 data-[state=open]:duration-500 data-[state=closed]:slide-out-to-left data-[state=open]:slide-in-from-left inset-y-0 left-0 h-full border-r sm:max-w-sm w-[300px] sm:w-[350px]"[39m
    [33mdata-side[39m=[32m"left"[39m
    [33mdata-slot[39m=[32m"sheet-content"[39m
    [33mdata-state[39m=[32m"open"[39m
    [33mid[39m=[32m"mobile-navigation"[39m
    [33mrole[39m=[32m"dialog"[39m
    [33mstyle[39m=[32m"pointer-events: auto;"[39m
    [33mtabindex[39m=[32m"-1"[39m
  [36m>[39m
    [36m<div[39m
      [33mclass[39m=[32m"flex flex-col gap-1.5 p-4 text-left"[39m
      [33mdata-slot[39m=[32m"sheet-header"[39m
    [36m>[39m
      [36m<h2[39m
        [33mclass[39m=[32m"text-foreground text-lg font-semibold"[39m
        [33mdata-slot[39m=[32m"sheet-title"[39m
        [33mid[39m=[32m"radix-«rj»"[39m
      [36m>[39m
        [0mSite Name[0m
      [36m</h2>[39m
      [36m<p[39m
        [33mclass[39m=[32m"text-muted-foreground text-sm"[39m
        [33mdata-slot[39m=[32m"sheet-description"[39m
        [33mid[39m=[32m"radix-«rk»"[39m
      [36m>[39m
        [0mSite Description[0m
      [36m</p>[39m
    [36m</div>[39m
    [36m<div[39m
      [33mclass[39m=[32m"bg-border shrink-0 h-[1px] w-full my-4"[39m
    [36m/>[39m
    [36m<nav[39m
      [33maria-label[39m=[32m"Mobile navigation menu"[39m
      [33mclass[39m=[32m"flex flex-col space-y-1"[39m
    [36m>[39m
      [36m<a[39m
        [33maria-current[39m=[32m"page"[39m
        [33mclass[39m=[32m"flex items-center rounded-md px-3 py-2 text-sm font-medium transition-colors duration-200 bg-accent text-accent-foreground"[39m
        [33mhref[39m=[32m"/"[39m
      [36m>[39m
        [0mHome[0m
      [36m</a>[39m
      [36m<a[39m
        [33mclass[39m=[32m"flex items-center rounded-md px-3 py-2 text-sm font-medium transition-colors duration-200 text-muted-foreground hover:text-foreground hover:bg-accent/50"[39m
        [33mhref[39m=[32m"/about"[39m
      [36m>[39m
        [0mAbout[0m
      [36m</a>[39m
      [36m<a[39m
        [33mclass[39m=[32m"flex items-center rounded-md px-3 py-2 text-sm font-medium transition-colors duration-200 text-muted-foreground hover:text-foreground hover:bg-accent/50"[39m
        [33mhref[39m=[32m"/products"[39m
      [36m>[39m
        [0mProducts[0m
      [36m</a>[39m
      [36m<a[39m
        [33mclass[39m=[32m"flex items-center rounded-md px-3 py-2 text-sm font-medium transition-colors duration-200 text-muted-foreground hover:text-foreground hover:bg-accent/50"[39m
        [33mhref[39m=[32m"/blog"[39m
      [36m>[39m
        [0mBlog[0m
      [36m</a>[39m
    [36m</nav>[39m
    [36m<button[39m
      [33mclass[39m=[32m"ring-offset-background focus:ring-ring data-[state=open]:bg-secondary absolute top-4 right-4 rounded-xs opacity-70 transition-opacity hover:opacity-100 focus:ring-2 focus:ring-offset-2 focus:outline-hidden disabled:pointer-events-none"[39m
      [33mtype[39m=[32m"button"[39m
    [36m>[39m
      [36m<span[39m
        [33mdata-testid[39m=[32m"x-icon"[39m
      [36m>[39m
        [0m✕[0m
      [36m</span>[39m
      [36m<span[39m
        [33mclass[39m=[32m"sr-only"[39m
      [36m>[39m
        [0mClose[0m
      [36m</span>[39m
    [36m</button>[39m
  [36m</div>[39m
  [36m<span[39m
    [33maria-hidden[39m=[32m"true"[39m
    [33mdata-aria-hidden[39m=[32m"true"[39m
    [33mdata-radix-focus-guard[39m=[32m""[39m
    [33mstyle[39m=[32m"outline: none; opacity: 0; position: fixed; pointer-events: none;"[39m
    [33mtabindex[39m=[32m"0"[39m
  [36m/>[39m
[36m</body>[39m
 ❯ Object.getElementError node_modules/.pnpm/@testing-library+dom@10.4.1/node_modules/@testing-library/dom/dist/config.js:37:19
 ❯ node_modules/.pnpm/@testing-library+dom@10.4.1/node_modules/@testing-library/dom/dist/query-helpers.js:76:38
 ❯ node_modules/.pnpm/@testing-library+dom@10.4.1/node_modules/@testing-library/dom/dist/query-helpers.js:52:17
 ❯ node_modules/.pnpm/@testing-library+dom@10.4.1/node_modules/@testing-library/dom/dist/query-helpers.js:95:19
 ❯ src/components/layout/__tests__/mobile-navigation-items-accessibility-core.test.tsx:167:16
    165|       expect(screen.getByRole('link', { name: /blog/i })).toBeInTheDoc…
    166|       expect(
    167|         screen.getByRole('link', { name: /diagnostics/i }),
       |                ^
    168|       ).toBeInTheDocument();
    169|     });

⎯⎯⎯⎯⎯⎯⎯⎯⎯⎯⎯⎯⎯⎯⎯⎯⎯⎯⎯⎯⎯⎯[20/62]⎯

 FAIL  src/components/layout/__tests__/mobile-navigation-items-accessibility-core.test.tsx > Mobile Navigation - Core Tests > Navigation Items > should highlight active navigation item
Error: [2mexpect([22m[31melement[39m[2m).toHaveAttribute([22m[32m[32m"aria-current"[32m[39m[2m, [22m[32m[32m"page"[32m[39m[2m) // element.getAttribute("aria-current") === "page"[22m

Expected the element to have attribute:
[32m  aria-current="page"[39m
Received:
[31m  null[39m
 ❯ src/components/layout/__tests__/mobile-navigation-items-accessibility-core.test.tsx:181:25
    179| 
    180|       const aboutLink = screen.getByRole('link', { name: /about/i });
    181|       expect(aboutLink).toHaveAttribute('aria-current', 'page');
       |                         ^
    182|     });
    183| 

⎯⎯⎯⎯⎯⎯⎯⎯⎯⎯⎯⎯⎯⎯⎯⎯⎯⎯⎯⎯⎯⎯[21/62]⎯

 FAIL  src/components/layout/__tests__/mobile-navigation-items-accessibility-core.test.tsx > Mobile Navigation - Core Tests > Translation Integration > should use translated navigation labels
TestingLibraryElementError: Unable to find an accessible element with the role "link" and name "Diagnostics"

Here are the accessible roles:

  dialog:

  Name "Site Name":
  [36m<div[39m
    [33maria-labelledby[39m=[32m"radix-«r1e»"[39m
    [33mclass[39m=[32m"bg-background data-[state=open]:animate-in data-[state=closed]:animate-out fixed z-50 flex flex-col gap-4 p-6 shadow-lg transition ease-in-out data-[state=closed]:duration-300 data-[state=open]:duration-500 data-[state=closed]:slide-out-to-left data-[state=open]:slide-in-from-left inset-y-0 left-0 h-full border-r sm:max-w-sm w-[300px] sm:w-[350px]"[39m
    [33mdata-side[39m=[32m"left"[39m
    [33mdata-slot[39m=[32m"sheet-content"[39m
    [33mdata-state[39m=[32m"open"[39m
    [33mid[39m=[32m"mobile-navigation"[39m
    [33mrole[39m=[32m"dialog"[39m
    [33mstyle[39m=[32m"pointer-events: auto;"[39m
    [33mtabindex[39m=[32m"-1"[39m
  [36m/>[39m

  --------------------------------------------------
  heading:

  Name "Site Name":
  [36m<h2[39m
    [33mclass[39m=[32m"text-foreground text-lg font-semibold"[39m
    [33mdata-slot[39m=[32m"sheet-title"[39m
    [33mid[39m=[32m"radix-«r1e»"[39m
  [36m/>[39m

  --------------------------------------------------
  paragraph:

  Name "":
  [36m<p[39m
    [33mclass[39m=[32m"text-muted-foreground text-sm"[39m
    [33mdata-slot[39m=[32m"sheet-description"[39m
    [33mid[39m=[32m"radix-«r1f»"[39m
  [36m/>[39m

  --------------------------------------------------
  navigation:

  Name "Mobile navigation menu":
  [36m<nav[39m
    [33maria-label[39m=[32m"Mobile navigation menu"[39m
    [33mclass[39m=[32m"flex flex-col space-y-1"[39m
  [36m/>[39m

  --------------------------------------------------
  link:

  Name "Home":
  [36m<a[39m
    [33maria-current[39m=[32m"page"[39m
    [33mclass[39m=[32m"flex items-center rounded-md px-3 py-2 text-sm font-medium transition-colors duration-200 bg-accent text-accent-foreground"[39m
    [33mhref[39m=[32m"/"[39m
  [36m/>[39m

  Name "About":
  [36m<a[39m
    [33mclass[39m=[32m"flex items-center rounded-md px-3 py-2 text-sm font-medium transition-colors duration-200 text-muted-foreground hover:text-foreground hover:bg-accent/50"[39m
    [33mhref[39m=[32m"/about"[39m
  [36m/>[39m

  Name "Products":
  [36m<a[39m
    [33mclass[39m=[32m"flex items-center rounded-md px-3 py-2 text-sm font-medium transition-colors duration-200 text-muted-foreground hover:text-foreground hover:bg-accent/50"[39m
    [33mhref[39m=[32m"/products"[39m
  [36m/>[39m

  Name "Blog":
  [36m<a[39m
    [33mclass[39m=[32m"flex items-center rounded-md px-3 py-2 text-sm font-medium transition-colors duration-200 text-muted-foreground hover:text-foreground hover:bg-accent/50"[39m
    [33mhref[39m=[32m"/blog"[39m
  [36m/>[39m

  --------------------------------------------------
  button:

  Name "✕ Close":
  [36m<button[39m
    [33mclass[39m=[32m"ring-offset-background focus:ring-ring data-[state=open]:bg-secondary absolute top-4 right-4 rounded-xs opacity-70 transition-opacity hover:opacity-100 focus:ring-2 focus:ring-offset-2 focus:outline-hidden disabled:pointer-events-none"[39m
    [33mtype[39m=[32m"button"[39m
  [36m/>[39m

  --------------------------------------------------

Ignored nodes: comments, script, style
[36m<body[39m
  [33mdata-scroll-locked[39m=[32m"1"[39m
  [33mstyle[39m=[32m"pointer-events: none;"[39m
[36m>[39m
  [36m<span[39m
    [33maria-hidden[39m=[32m"true"[39m
    [33mdata-aria-hidden[39m=[32m"true"[39m
    [33mdata-radix-focus-guard[39m=[32m""[39m
    [33mstyle[39m=[32m"outline: none; opacity: 0; position: fixed; pointer-events: none;"[39m
    [33mtabindex[39m=[32m"0"[39m
  [36m/>[39m
  [36m<div[39m
    [33maria-hidden[39m=[32m"true"[39m
    [33mdata-aria-hidden[39m=[32m"true"[39m
    [33mid[39m=[32m"test-container"[39m
  [36m/>[39m
  [36m<div[39m
    [33maria-hidden[39m=[32m"true"[39m
    [33mdata-aria-hidden[39m=[32m"true"[39m
  [36m>[39m
    [36m<div[39m
      [33mclass[39m=[32m"md:hidden"[39m
    [36m>[39m
      [36m<button[39m
        [33maria-controls[39m=[32m"mobile-navigation"[39m
        [33maria-expanded[39m=[32m"true"[39m
        [33maria-haspopup[39m=[32m"dialog"[39m
        [33maria-label[39m=[32m"Toggle mobile menu"[39m
        [33mclass[39m=[32m"focus-visible:border-ring focus-visible:ring-ring/50 aria-invalid:ring-destructive/20 dark:aria-invalid:ring-destructive/40 aria-invalid:border-destructive inline-flex shrink-0 items-center justify-center gap-2 rounded-md text-sm font-medium whitespace-nowrap transition-all outline-none focus-visible:ring-[3px] disabled:pointer-events-none disabled:opacity-50 [&_svg]:pointer-events-none [&_svg]:shrink-0 [&_svg:not([class*='size-'])]:size-4 hover:bg-accent hover:text-accent-foreground dark:hover:bg-accent/50 size-9 relative"[39m
        [33mdata-slot[39m=[32m"sheet-trigger"[39m
        [33mdata-state[39m=[32m"open"[39m
        [33mtype[39m=[32m"button"[39m
      [36m>[39m
        [36m<span[39m
          [33mdata-testid[39m=[32m"menu-icon"[39m
        [36m>[39m
          [0m☰[0m
        [36m</span>[39m
        [36m<span[39m
          [33mclass[39m=[32m"sr-only"[39m
        [36m>[39m
          [0mClose menu[0m
        [36m</span>[39m
      [36m</button>[39m
    [36m</div>[39m
  [36m</div>[39m
  [36m<div[39m
    [33maria-hidden[39m=[32m"true"[39m
    [33mclass[39m=[32m"data-[state=open]:animate-in data-[state=closed]:animate-out data-[state=closed]:fade-out-0 data-[state=open]:fade-in-0 fixed inset-0 z-50 bg-black/50"[39m
    [33mdata-aria-hidden[39m=[32m"true"[39m
    [33mdata-slot[39m=[32m"sheet-overlay"[39m
    [33mdata-state[39m=[32m"open"[39m
    [33mstyle[39m=[32m"pointer-events: auto;"[39m
  [36m/>[39m
  [36m<div[39m
    [33maria-labelledby[39m=[32m"radix-«r1e»"[39m
    [33mclass[39m=[32m"bg-background data-[state=open]:animate-in data-[state=closed]:animate-out fixed z-50 flex flex-col gap-4 p-6 shadow-lg transition ease-in-out data-[state=closed]:duration-300 data-[state=open]:duration-500 data-[state=closed]:slide-out-to-left data-[state=open]:slide-in-from-left inset-y-0 left-0 h-full border-r sm:max-w-sm w-[300px] sm:w-[350px]"[39m
    [33mdata-side[39m=[32m"left"[39m
    [33mdata-slot[39m=[32m"sheet-content"[39m
    [33mdata-state[39m=[32m"open"[39m
    [33mid[39m=[32m"mobile-navigation"[39m
    [33mrole[39m=[32m"dialog"[39m
    [33mstyle[39m=[32m"pointer-events: auto;"[39m
    [33mtabindex[39m=[32m"-1"[39m
  [36m>[39m
    [36m<div[39m
      [33mclass[39m=[32m"flex flex-col gap-1.5 p-4 text-left"[39m
      [33mdata-slot[39m=[32m"sheet-header"[39m
    [36m>[39m
      [36m<h2[39m
        [33mclass[39m=[32m"text-foreground text-lg font-semibold"[39m
        [33mdata-slot[39m=[32m"sheet-title"[39m
        [33mid[39m=[32m"radix-«r1e»"[39m
      [36m>[39m
        [0mSite Name[0m
      [36m</h2>[39m
      [36m<p[39m
        [33mclass[39m=[32m"text-muted-foreground text-sm"[39m
        [33mdata-slot[39m=[32m"sheet-description"[39m
        [33mid[39m=[32m"radix-«r1f»"[39m
      [36m>[39m
        [0mSite Description[0m
      [36m</p>[39m
    [36m</div>[39m
    [36m<div[39m
      [33mclass[39m=[32m"bg-border shrink-0 h-[1px] w-full my-4"[39m
    [36m/>[39m
    [36m<nav[39m
      [33maria-label[39m=[32m"Mobile navigation menu"[39m
      [33mclass[39m=[32m"flex flex-col space-y-1"[39m
    [36m>[39m
      [36m<a[39m
        [33maria-current[39m=[32m"page"[39m
        [33mclass[39m=[32m"flex items-center rounded-md px-3 py-2 text-sm font-medium transition-colors duration-200 bg-accent text-accent-foreground"[39m
        [33mhref[39m=[32m"/"[39m
      [36m>[39m
        [0mHome[0m
      [36m</a>[39m
      [36m<a[39m
        [33mclass[39m=[32m"flex items-center rounded-md px-3 py-2 text-sm font-medium transition-colors duration-200 text-muted-foreground hover:text-foreground hover:bg-accent/50"[39m
        [33mhref[39m=[32m"/about"[39m
      [36m>[39m
        [0mAbout[0m
      [36m</a>[39m
      [36m<a[39m
        [33mclass[39m=[32m"flex items-center rounded-md px-3 py-2 text-sm font-medium transition-colors duration-200 text-muted-foreground hover:text-foreground hover:bg-accent/50"[39m
        [33mhref[39m=[32m"/products"[39m
      [36m>[39m
        [0mProducts[0m
      [36m</a>[39m
      [36m<a[39m
        [33mclass[39m=[32m"flex items-center rounded-md px-3 py-2 text-sm font-medium transition-colors duration-200 text-muted-foreground hover:text-foreground hover:bg-accent/50"[39m
        [33mhref[39m=[32m"/blog"[39m
      [36m>[39m
        [0mBlog[0m
      [36m</a>[39m
    [36m</nav>[39m
    [36m<button[39m
      [33mclass[39m=[32m"ring-offset-background focus:ring-ring data-[state=open]:bg-secondary absolute top-4 right-4 rounded-xs opacity-70 transition-opacity hover:opacity-100 focus:ring-2 focus:ring-offset-2 focus:outline-hidden disabled:pointer-events-none"[39m
      [33mtype[39m=[32m"button"[39m
    [36m>[39m
      [36m<span[39m
        [33mdata-testid[39m=[32m"x-icon"[39m
      [36m>[39m
        [0m✕[0m
      [36m</span>[39m
      [36m<span[39m
        [33mclass[39m=[32m"sr-only"[39m
      [36m>[39m
        [0mClose[0m
      [36m</span>[39m
    [36m</button>[39m
  [36m</div>[39m
  [36m<span[39m
    [33maria-hidden[39m=[32m"true"[39m
    [33mdata-aria-hidden[39m=[32m"true"[39m
    [33mdata-radix-focus-guard[39m=[32m""[39m
    [33mstyle[39m=[32m"outline: none; opacity: 0; position: fixed; pointer-events: none;"[39m
    [33mtabindex[39m=[32m"0"[39m
  [36m/>[39m
[36m</body>[39m
 ❯ Object.getElementError node_modules/.pnpm/@testing-library+dom@10.4.1/node_modules/@testing-library/dom/dist/config.js:37:19
 ❯ node_modules/.pnpm/@testing-library+dom@10.4.1/node_modules/@testing-library/dom/dist/query-helpers.js:76:38
 ❯ node_modules/.pnpm/@testing-library+dom@10.4.1/node_modules/@testing-library/dom/dist/query-helpers.js:52:17
 ❯ node_modules/.pnpm/@testing-library+dom@10.4.1/node_modules/@testing-library/dom/dist/query-helpers.js:95:19
 ❯ src/components/layout/__tests__/mobile-navigation-items-accessibility-core.test.tsx:289:16
    287|       expect(screen.getByRole('link', { name: 'Blog' })).toBeInTheDocu…
    288|       expect(
    289|         screen.getByRole('link', { name: 'Diagnostics' }),
       |                ^
    290|       ).toBeInTheDocument();
    291|     });

⎯⎯⎯⎯⎯⎯⎯⎯⎯⎯⎯⎯⎯⎯⎯⎯⎯⎯⎯⎯⎯⎯[22/62]⎯

 FAIL  src/components/layout/__tests__/mobile-navigation-items-accessibility-core.test.tsx > Mobile Navigation - Core Tests > Error Handling > should handle missing pathname gracefully
AssertionError: expected [ <a href="/" …(2)></a>, …(3) ] to have a length of 5 but got 4

[32m- Expected[39m
[31m+ Received[39m

[32m- 5[39m
[31m+ 4[39m

 ❯ src/components/layout/__tests__/mobile-navigation-items-accessibility-core.test.tsx:323:43
    321|       // Should still render navigation items
    322|       expect(screen.getByRole('navigation')).toBeInTheDocument();
    323|       expect(screen.getAllByRole('link')).toHaveLength(5);
       |                                           ^
    324|     });
    325| 

⎯⎯⎯⎯⎯⎯⎯⎯⎯⎯⎯⎯⎯⎯⎯⎯⎯⎯⎯⎯⎯⎯[23/62]⎯

 FAIL  src/components/layout/__tests__/mobile-navigation-items-accessibility.test.tsx > Mobile Navigation - Advanced Integration Tests > Navigation Interaction > renders navigation items in correct order
AssertionError: expected [ 'Home', 'About', 'Products', 'Blog' ] to deeply equal [ 'Home', 'About', 'Products', …(2) ]

[32m- Expected[39m
[31m+ Received[39m

[2m  [[22m
[2m    "Home",[22m
[2m    "About",[22m
[2m    "Products",[22m
[2m    "Blog",[22m
[32m-   "Diagnostics",[39m
[2m  ][22m

 ❯ src/components/layout/__tests__/mobile-navigation-items-accessibility.test.tsx:197:25
    195|       const linkTexts = links.map((link) => link.textContent);
    196| 
    197|       expect(linkTexts).toEqual([
       |                         ^
    198|         'Home',
    199|         'About',

⎯⎯⎯⎯⎯⎯⎯⎯⎯⎯⎯⎯⎯⎯⎯⎯⎯⎯⎯⎯⎯⎯[24/62]⎯

 FAIL  src/components/layout/__tests__/mobile-navigation-items-accessibility.test.tsx > Mobile Navigation - Advanced Integration Tests > Accessibility > handles aria-current for navigation items
Error: [2mexpect([22m[31melement[39m[2m).toHaveAttribute([22m[32m[32m"aria-current"[32m[39m[2m, [22m[32m[32m"page"[32m[39m[2m) // element.getAttribute("aria-current") === "page"[22m

Expected the element to have attribute:
[32m  aria-current="page"[39m
Received:
[31m  null[39m
 ❯ src/components/layout/__tests__/mobile-navigation-items-accessibility.test.tsx:392:28
    390| 
    391|       const productsLink = screen.getByRole('link', { name: 'Products'…
    392|       expect(productsLink).toHaveAttribute('aria-current', 'page');
       |                            ^
    393| 
    394|       const homeLink = screen.getByRole('link', { name: 'Home' });

⎯⎯⎯⎯⎯⎯⎯⎯⎯⎯⎯⎯⎯⎯⎯⎯⎯⎯⎯⎯⎯⎯[25/62]⎯

 FAIL  src/components/layout/__tests__/mobile-navigation-responsive-basic.test.tsx > Mobile Navigation Responsive - Basic Tests > 路由变化行为 > closes menu when pathname changes
Error: [2mexpect([22m[31melement[39m[2m).toHaveAttribute([22m[32m[32m"aria-expanded"[32m[39m[2m, [22m[32m[32m"false"[32m[39m[2m) // element.getAttribute("aria-expanded") === "false"[22m

Expected the element to have attribute:
[32m  aria-expanded="false"[39m
Received:
[31m  null[39m
 ❯ src/components/layout/__tests__/mobile-navigation-responsive-basic.test.tsx:230:26
    228|       // Menu should be closed after route change
    229|       const newTrigger = screen.getByRole('button');
    230|       expect(newTrigger).toHaveAttribute('aria-expanded', 'false');
       |                          ^
    231|     });
    232| 

⎯⎯⎯⎯⎯⎯⎯⎯⎯⎯⎯⎯⎯⎯⎯⎯⎯⎯⎯⎯⎯⎯[26/62]⎯

 FAIL  src/components/layout/__tests__/mobile-navigation-responsive-basic.test.tsx > Mobile Navigation Responsive - Basic Tests > 路由变化行为 > updates active navigation item on route change
TestingLibraryElementError: Unable to find an accessible element with the role "link" and name "About"

Here are the accessible roles:

  button:

  Name "Toggle mobile menu":
  [36m<button[39m
    [33maria-controls[39m=[32m"mobile-navigation"[39m
    [33maria-expanded[39m=[32m"false"[39m
    [33maria-haspopup[39m=[32m"dialog"[39m
    [33maria-label[39m=[32m"Toggle mobile menu"[39m
    [33mclass[39m=[32m"focus-visible:border-ring focus-visible:ring-ring/50 aria-invalid:ring-destructive/20 dark:aria-invalid:ring-destructive/40 aria-invalid:border-destructive inline-flex shrink-0 items-center justify-center gap-2 rounded-md text-sm font-medium whitespace-nowrap transition-all outline-none focus-visible:ring-[3px] disabled:pointer-events-none disabled:opacity-50 [&_svg]:pointer-events-none [&_svg]:shrink-0 [&_svg:not([class*='size-'])]:size-4 hover:bg-accent hover:text-accent-foreground dark:hover:bg-accent/50 size-9 relative"[39m
    [33mdata-slot[39m=[32m"sheet-trigger"[39m
    [33mdata-state[39m=[32m"closed"[39m
    [33mtype[39m=[32m"button"[39m
  [36m/>[39m

  --------------------------------------------------

Ignored nodes: comments, script, style
[36m<body[39m
  [33mstyle[39m=[32m""[39m
[36m>[39m
  [36m<div[39m
    [33mid[39m=[32m"test-container"[39m
  [36m/>[39m
  [36m<div>[39m
    [36m<div[39m
      [33mclass[39m=[32m"md:hidden"[39m
    [36m>[39m
      [36m<button[39m
        [33maria-controls[39m=[32m"mobile-navigation"[39m
        [33maria-expanded[39m=[32m"false"[39m
        [33maria-haspopup[39m=[32m"dialog"[39m
        [33maria-label[39m=[32m"Toggle mobile menu"[39m
        [33mclass[39m=[32m"focus-visible:border-ring focus-visible:ring-ring/50 aria-invalid:ring-destructive/20 dark:aria-invalid:ring-destructive/40 aria-invalid:border-destructive inline-flex shrink-0 items-center justify-center gap-2 rounded-md text-sm font-medium whitespace-nowrap transition-all outline-none focus-visible:ring-[3px] disabled:pointer-events-none disabled:opacity-50 [&_svg]:pointer-events-none [&_svg]:shrink-0 [&_svg:not([class*='size-'])]:size-4 hover:bg-accent hover:text-accent-foreground dark:hover:bg-accent/50 size-9 relative"[39m
        [33mdata-slot[39m=[32m"sheet-trigger"[39m
        [33mdata-state[39m=[32m"closed"[39m
        [33mtype[39m=[32m"button"[39m
      [36m>[39m
        [36m<span[39m
          [33mdata-testid[39m=[32m"menu-icon"[39m
        [36m>[39m
          [0m☰[0m
        [36m</span>[39m
        [36m<span[39m
          [33mclass[39m=[32m"sr-only"[39m
        [36m>[39m
          [0mOpen menu[0m
        [36m</span>[39m
      [36m</button>[39m
    [36m</div>[39m
  [36m</div>[39m
[36m</body>[39m
 ❯ Object.getElementError node_modules/.pnpm/@testing-library+dom@10.4.1/node_modules/@testing-library/dom/dist/config.js:37:19
 ❯ node_modules/.pnpm/@testing-library+dom@10.4.1/node_modules/@testing-library/dom/dist/query-helpers.js:76:38
 ❯ node_modules/.pnpm/@testing-library+dom@10.4.1/node_modules/@testing-library/dom/dist/query-helpers.js:52:17
 ❯ node_modules/.pnpm/@testing-library+dom@10.4.1/node_modules/@testing-library/dom/dist/query-helpers.js:95:19
 ❯ src/components/layout/__tests__/mobile-navigation-responsive-basic.test.tsx:246:32
    244|       await user.click(trigger);
    245| 
    246|       const aboutLink = screen.getByRole('link', { name: 'About' });
       |                                ^
    247|       expect(aboutLink).toHaveAttribute('aria-current', 'page');
    248|     });

⎯⎯⎯⎯⎯⎯⎯⎯⎯⎯⎯⎯⎯⎯⎯⎯⎯⎯⎯⎯⎯⎯[27/62]⎯

 FAIL  src/components/layout/__tests__/mobile-navigation-responsive-basic.test.tsx > Mobile Navigation Responsive - Basic Tests > 路由变化行为 > handles route changes during open state
Error: [2mexpect([22m[31melement[39m[2m).toHaveAttribute([22m[32m[32m"aria-expanded"[32m[39m[2m, [22m[32m[32m"false"[32m[39m[2m) // element.getAttribute("aria-expanded") === "false"[22m

Expected the element to have attribute:
[32m  aria-expanded="false"[39m
Received:
[31m  null[39m
 ❯ src/components/layout/__tests__/mobile-navigation-responsive-basic.test.tsx:263:26
    261| 
    262|       const newTrigger = screen.getByRole('button');
    263|       expect(newTrigger).toHaveAttribute('aria-expanded', 'false');
       |                          ^
    264|     });
    265| 

⎯⎯⎯⎯⎯⎯⎯⎯⎯⎯⎯⎯⎯⎯⎯⎯⎯⎯⎯⎯⎯⎯[28/62]⎯

 FAIL  src/components/layout/__tests__/mobile-navigation-responsive.test.tsx > Mobile Navigation Responsive - Main Tests > 基本响应式测试 > closes menu when pathname changes
Error: [2mexpect([22m[31melement[39m[2m).toHaveAttribute([22m[32m[32m"aria-expanded"[32m[39m[2m, [22m[32m[32m"false"[32m[39m[2m) // element.getAttribute("aria-expanded") === "false"[22m

Expected the element to have attribute:
[32m  aria-expanded="false"[39m
Received:
[31m  null[39m
 ❯ src/components/layout/__tests__/mobile-navigation-responsive.test.tsx:265:26
    263|       // Menu should be closed after route change
    264|       const newTrigger = screen.getByRole('button');
    265|       expect(newTrigger).toHaveAttribute('aria-expanded', 'false');
       |                          ^
    266|     });
    267| 

⎯⎯⎯⎯⎯⎯⎯⎯⎯⎯⎯⎯⎯⎯⎯⎯⎯⎯⎯⎯⎯⎯[29/62]⎯

 FAIL  src/components/layout/__tests__/mobile-navigation-responsive.test.tsx > Mobile Navigation Responsive - Main Tests > 基本响应式测试 > updates active navigation item on route change
TestingLibraryElementError: Unable to find an accessible element with the role "link" and name "About"

Here are the accessible roles:

  button:

  Name "Toggle mobile menu":
  [36m<button[39m
    [33maria-controls[39m=[32m"mobile-navigation"[39m
    [33maria-expanded[39m=[32m"false"[39m
    [33maria-haspopup[39m=[32m"dialog"[39m
    [33maria-label[39m=[32m"Toggle mobile menu"[39m
    [33mclass[39m=[32m"focus-visible:border-ring focus-visible:ring-ring/50 aria-invalid:ring-destructive/20 dark:aria-invalid:ring-destructive/40 aria-invalid:border-destructive inline-flex shrink-0 items-center justify-center gap-2 rounded-md text-sm font-medium whitespace-nowrap transition-all outline-none focus-visible:ring-[3px] disabled:pointer-events-none disabled:opacity-50 [&_svg]:pointer-events-none [&_svg]:shrink-0 [&_svg:not([class*='size-'])]:size-4 hover:bg-accent hover:text-accent-foreground dark:hover:bg-accent/50 size-9 relative"[39m
    [33mdata-slot[39m=[32m"sheet-trigger"[39m
    [33mdata-state[39m=[32m"closed"[39m
    [33mtype[39m=[32m"button"[39m
  [36m/>[39m

  --------------------------------------------------

Ignored nodes: comments, script, style
[36m<body[39m
  [33mstyle[39m=[32m""[39m
[36m>[39m
  [36m<div[39m
    [33mid[39m=[32m"test-container"[39m
  [36m/>[39m
  [36m<div>[39m
    [36m<div[39m
      [33mclass[39m=[32m"md:hidden"[39m
    [36m>[39m
      [36m<button[39m
        [33maria-controls[39m=[32m"mobile-navigation"[39m
        [33maria-expanded[39m=[32m"false"[39m
        [33maria-haspopup[39m=[32m"dialog"[39m
        [33maria-label[39m=[32m"Toggle mobile menu"[39m
        [33mclass[39m=[32m"focus-visible:border-ring focus-visible:ring-ring/50 aria-invalid:ring-destructive/20 dark:aria-invalid:ring-destructive/40 aria-invalid:border-destructive inline-flex shrink-0 items-center justify-center gap-2 rounded-md text-sm font-medium whitespace-nowrap transition-all outline-none focus-visible:ring-[3px] disabled:pointer-events-none disabled:opacity-50 [&_svg]:pointer-events-none [&_svg]:shrink-0 [&_svg:not([class*='size-'])]:size-4 hover:bg-accent hover:text-accent-foreground dark:hover:bg-accent/50 size-9 relative"[39m
        [33mdata-slot[39m=[32m"sheet-trigger"[39m
        [33mdata-state[39m=[32m"closed"[39m
        [33mtype[39m=[32m"button"[39m
      [36m>[39m
        [36m<span[39m
          [33mdata-testid[39m=[32m"menu-icon"[39m
        [36m>[39m
          [0m☰[0m
        [36m</span>[39m
        [36m<span[39m
          [33mclass[39m=[32m"sr-only"[39m
        [36m>[39m
          [0mOpen menu[0m
        [36m</span>[39m
      [36m</button>[39m
    [36m</div>[39m
  [36m</div>[39m
[36m</body>[39m
 ❯ Object.getElementError node_modules/.pnpm/@testing-library+dom@10.4.1/node_modules/@testing-library/dom/dist/config.js:37:19
 ❯ node_modules/.pnpm/@testing-library+dom@10.4.1/node_modules/@testing-library/dom/dist/query-helpers.js:76:38
 ❯ node_modules/.pnpm/@testing-library+dom@10.4.1/node_modules/@testing-library/dom/dist/query-helpers.js:52:17
 ❯ node_modules/.pnpm/@testing-library+dom@10.4.1/node_modules/@testing-library/dom/dist/query-helpers.js:95:19
 ❯ src/components/layout/__tests__/mobile-navigation-responsive.test.tsx:282:32
    280|       fireEvent.click(trigger);
    281| 
    282|       const aboutLink = screen.getByRole('link', { name: 'About' });
       |                                ^
    283|       expect(aboutLink).toHaveAttribute('aria-current', 'page');
    284|     });

⎯⎯⎯⎯⎯⎯⎯⎯⎯⎯⎯⎯⎯⎯⎯⎯⎯⎯⎯⎯⎯⎯[30/62]⎯

 FAIL  src/components/layout/__tests__/mobile-navigation-responsive.test.tsx > Mobile Navigation Responsive - Main Tests > 基本响应式测试 > handles route changes during open state
Error: [2mexpect([22m[31melement[39m[2m).toHaveAttribute([22m[32m[32m"aria-expanded"[32m[39m[2m, [22m[32m[32m"false"[32m[39m[2m) // element.getAttribute("aria-expanded") === "false"[22m

Expected the element to have attribute:
[32m  aria-expanded="false"[39m
Received:
[31m  null[39m
 ❯ src/components/layout/__tests__/mobile-navigation-responsive.test.tsx:316:26
    314| 
    315|       const newTrigger = screen.getByRole('button');
    316|       expect(newTrigger).toHaveAttribute('aria-expanded', 'false');
       |                          ^
    317|     });
    318| 

⎯⎯⎯⎯⎯⎯⎯⎯⎯⎯⎯⎯⎯⎯⎯⎯⎯⎯⎯⎯⎯⎯[31/62]⎯

 FAIL  tests/integration/components/language-toggle.test.tsx > LanguageToggle Integration Tests > Complete Language Switching Workflow > should complete full language switch from English to Chinese
 FAIL  tests/integration/components/language-toggle.test.tsx > LanguageToggle Integration Tests > Complete Language Switching Workflow > should handle language switch from Chinese to English
 FAIL  tests/integration/components/language-toggle.test.tsx > LanguageToggle Integration Tests > Internationalization Integration > should use correct translations for interface elements
 FAIL  tests/integration/components/language-toggle.test.tsx > LanguageToggle Integration Tests > Navigation Integration > should preserve current pathname during language switch
 FAIL  tests/integration/components/language-toggle.test.tsx > LanguageToggle Integration Tests > Navigation Integration > should handle complex pathnames with parameters
 FAIL  tests/integration/components/language-toggle.test.tsx > LanguageToggle Integration Tests > Accessibility Integration > should provide proper ARIA labels and roles
 FAIL  tests/integration/components/language-toggle.test.tsx > LanguageToggle Integration Tests > Accessibility Integration > should support keyboard navigation
 FAIL  tests/integration/components/language-toggle.test.tsx > LanguageToggle Integration Tests > Error Recovery Integration > should handle transition errors gracefully
Error: [vitest] No "Globe" export is defined on the "lucide-react" mock. Did you forget to return it from "vi.mock"?
If you need to partially mock a module, you can use "importOriginal" helper inside:

vi[33m.[39m[34mmock[39m([35mimport[39m([32m"lucide-react"[39m)[33m,[39m [35masync[39m (importOriginal) [33m=>[39m {
  [35mconst[39m actual [33m=[39m [35mawait[39m [34mimportOriginal[39m()
  [35mreturn[39m {
    [33m...[39mactual[33m,[39m
    [90m// your mocked methods[39m
  }
})

 ❯ LanguageToggle src/components/language-toggle.tsx:112:14
    110|             <Loader2 className='h-[1.2rem] w-[1.2rem] animate-spin' />
    111|           ) : (
    112|             <Globe
       |              ^
    113|               className='h-[1.2rem] w-[1.2rem]'
    114|               data-testid='globe-icon'
 ❯ Object.react_stack_bottom_frame node_modules/.pnpm/react-dom@19.1.1_react@19.1.1/node_modules/react-dom/cjs/react-dom-client.development.js:23863:20
 ❯ renderWithHooks node_modules/.pnpm/react-dom@19.1.1_react@19.1.1/node_modules/react-dom/cjs/react-dom-client.development.js:5529:22
 ❯ updateFunctionComponent node_modules/.pnpm/react-dom@19.1.1_react@19.1.1/node_modules/react-dom/cjs/react-dom-client.development.js:8897:19
 ❯ updateSimpleMemoComponent node_modules/.pnpm/react-dom@19.1.1_react@19.1.1/node_modules/react-dom/cjs/react-dom-client.development.js:8752:14
 ❯ updateMemoComponent node_modules/.pnpm/react-dom@19.1.1_react@19.1.1/node_modules/react-dom/cjs/react-dom-client.development.js:8685:13
 ❯ beginWork node_modules/.pnpm/react-dom@19.1.1_react@19.1.1/node_modules/react-dom/cjs/react-dom-client.development.js:10950:18
 ❯ runWithFiberInDEV node_modules/.pnpm/react-dom@19.1.1_react@19.1.1/node_modules/react-dom/cjs/react-dom-client.development.js:1522:13

⎯⎯⎯⎯⎯⎯⎯⎯⎯⎯⎯⎯⎯⎯⎯⎯⎯⎯⎯⎯⎯⎯[32/62]⎯

 FAIL  tests/integration/components/language-toggle.test.tsx > LanguageToggle Integration Tests > Internationalization Integration > should handle missing translations gracefully
AssertionError: expected [Function] to not throw an error but 'Error: [vitest] No "Globe" export is …' was thrown

[32m- Expected:[39m 
undefined

[31m+ Received:[39m 
"Error: [vitest] No \"Globe\" export is defined on the \"lucide-react\" mock. Did you forget to return it from \"vi.mock\"?
If you need to partially mock a module, you can use \"importOriginal\" helper inside:
"

 ❯ tests/integration/components/language-toggle.test.tsx:316:52
    314|       mockUseTranslations.mockImplementation((key: string) => `missing…
    315| 
    316|       expect(() => render(<LanguageToggle />)).not.toThrow();
       |                                                    ^
    317| 
    318|       const toggleButton = screen.getByTestId('language-toggle-button'…

⎯⎯⎯⎯⎯⎯⎯⎯⎯⎯⎯⎯⎯⎯⎯⎯⎯⎯⎯⎯⎯⎯[33/62]⎯

 FAIL  tests/integration/components/language-toggle.test.tsx > LanguageToggle Integration Tests > Error Recovery Integration > should handle locale detection errors gracefully
AssertionError: expected [Function] to not throw an error but 'Error: [vitest] No "Globe" export is …' was thrown

[32m- Expected:[39m 
undefined

[31m+ Received:[39m 
"Error: [vitest] No \"Globe\" export is defined on the \"lucide-react\" mock. Did you forget to return it from \"vi.mock\"?
If you need to partially mock a module, you can use \"importOriginal\" helper inside:
"

 ❯ tests/integration/components/language-toggle.test.tsx:393:52
    391|       mockUseLocale.mockReturnValue(undefined);
    392| 
    393|       expect(() => render(<LanguageToggle />)).not.toThrow();
       |                                                    ^
    394| 
    395|       const toggleButton = screen.getByTestId('language-toggle-button'…

⎯⎯⎯⎯⎯⎯⎯⎯⎯⎯⎯⎯⎯⎯⎯⎯⎯⎯⎯⎯⎯⎯[34/62]⎯

 FAIL  tests/integration/components/language-toggle.test.tsx > LanguageToggle Integration Tests > Error Recovery Integration > should handle pathname errors gracefully
AssertionError: expected [Function] to not throw an error but 'Error: [vitest] No "Globe" export is …' was thrown

[32m- Expected:[39m 
undefined

[31m+ Received:[39m 
"Error: [vitest] No \"Globe\" export is defined on the \"lucide-react\" mock. Did you forget to return it from \"vi.mock\"?
If you need to partially mock a module, you can use \"importOriginal\" helper inside:
"

 ❯ tests/integration/components/language-toggle.test.tsx:402:52
    400|       mockUsePathname.mockReturnValue('');
    401| 
    402|       expect(() => render(<LanguageToggle />)).not.toThrow();
       |                                                    ^
    403| 
    404|       const links = screen.getAllByTestId(/language-link-/);

⎯⎯⎯⎯⎯⎯⎯⎯⎯⎯⎯⎯⎯⎯⎯⎯⎯⎯⎯⎯⎯⎯[35/62]⎯


 Test Files  17 failed | 249 passed (266)
      Tests  62 failed | 4704 passed | 1 skipped (4767)
   Start at  20:25:11
   Duration  48.21s (transform 2.97s, setup 10.48s, collect 20.47s, tests 28.36s, environment 54.97s, prepare 10.63s)

JSON report written to /Users/Data/Warehouse/Focus/tucsenberg-web-frontier/reports/test-results.json
 HTML  Report is generated
       You can run npx vite preview --outDir reports to see the test results.
 ELIFECYCLE  Test failed. See above for more details.
